SixLayerFrameworkUITests_macOS
Accessibility Features Layer
testAccessibilityEnhancedViewModifier()
AccessibilityFeaturesLayer5Tests.swift:347: Expectation failed: testComponentComplianceSinglePlatform((enhancedView → AccessibilityEnhancedView<ModifiedContent<ModifiedContent<ModifiedContent<ModifiedContent<ModifiedContent<GenericContentView, _EnvironmentKeyWritingModifier<Optional<String>>>, SystemAccessibilityModifier>, PlatformPatternModifier>, VisualConsistencyModifier>, AutomaticComplianceModifier>>(config: SixLayerFramework.AccessibilityConfig(enableVoiceOver: true, enableKeyboardNavigation: true, enableHighContrast: true, enableReducedMotion: false, enableLargeText: true), content: (Function), _voiceOverManager: SwiftUI.StateObject<SixLayerFramework.VoiceOverManager>(storage: SwiftUI.StateObject<SixLayerFramework.VoiceOverManager>.Storage.initially((Function))), _keyboardManager: SwiftUI.StateObject<SixLayerFramework.KeyboardNavigationManager>(storage: SwiftUI.StateObject<SixLayerFramework.KeyboardNavigationManager>.Storage.initially((Function))), _highContrastManager: SwiftUI.StateObject<SixLayerFramework.HighContrastManager>(storage: SwiftUI.StateObject<SixLayerFramework.HighContrastManager>.Storage.initially((Function))), _testingManager: SwiftUI.StateObject<SixLayerFramework.AccessibilityTestingManager>(storage: SwiftUI.StateObject<SixLayerFramework.AccessibilityTestingManager>.Storage.initially((Function))))), expectedPattern: "*.main.element.accessibility-enhanced-*", platform: (SixLayerPlatform.iOS → .iOS), componentName: "AccessibilityEnhancedViewModifier"): // THEN: Should return modified view with accessibility identifier
// Unit tests use platform view hosting (UIKit/AppKit) directly, not ViewInspector
Enhanced view should have accessibility identifier
testAccessibilityEnhancedViewModifierDefaultConfig()
AccessibilityFeaturesLayer5Tests.swift:374: Expectation failed: testComponentComplianceSinglePlatform((enhancedView → AccessibilityEnhancedView<ModifiedContent<ModifiedContent<ModifiedContent<ModifiedContent<ModifiedContent<GenericContentView, _EnvironmentKeyWritingModifier<Optional<String>>>, SystemAccessibilityModifier>, PlatformPatternModifier>, VisualConsistencyModifier>, AutomaticComplianceModifier>>(config: SixLayerFramework.AccessibilityConfig(enableVoiceOver: true, enableKeyboardNavigation: true, enableHighContrast: true, enableReducedMotion: true, enableLargeText: true), content: (Function), _voiceOverManager: SwiftUI.StateObject<SixLayerFramework.VoiceOverManager>(storage: SwiftUI.StateObject<SixLayerFramework.VoiceOverManager>.Storage.initially((Function))), _keyboardManager: SwiftUI.StateObject<SixLayerFramework.KeyboardNavigationManager>(storage: SwiftUI.StateObject<SixLayerFramework.KeyboardNavigationManager>.Storage.initially((Function))), _highContrastManager: SwiftUI.StateObject<SixLayerFramework.HighContrastManager>(storage: SwiftUI.StateObject<SixLayerFramework.HighContrastManager>.Storage.initially((Function))), _testingManager: SwiftUI.StateObject<SixLayerFramework.AccessibilityTestingManager>(storage: SwiftUI.StateObject<SixLayerFramework.AccessibilityTestingManager>.Storage.initially((Function))))), expectedPattern: "*.main.element.accessibility-enhanced-*", platform: (SixLayerPlatform.iOS → .iOS), componentName: "AccessibilityEnhancedViewModifierDefaultConfig"): // THEN: Should return modified view with accessibility identifier
// Unit tests use platform view hosting (UIKit/AppKit) directly, not ViewInspector
Enhanced view with default config should have accessibility identifier
testAccessibilityViewModifiersIntegration()
AccessibilityFeaturesLayer5Tests.swift:477: Expectation failed: testComponentComplianceSinglePlatform((integratedView → HighContrastEnabledView<KeyboardNavigableView<VoiceOverEnabledView<AccessibilityEnhancedView<ModifiedContent<ModifiedContent<ModifiedContent<ModifiedContent<ModifiedContent<GenericContentView, _EnvironmentKeyWritingModifier<Optional<String>>>, SystemAccessibilityModifier>, PlatformPatternModifier>, VisualConsistencyModifier>, AutomaticComplianceModifier>>>>>(content: (Function), _highContrastManager: SwiftUI.StateObject<SixLayerFramework.HighContrastManager>(storage: SwiftUI.StateObject<SixLayerFramework.HighContrastManager>.Storage.initially((Function))))), expectedPattern: "*.main.element.accessibility-enhanced-*", platform: (SixLayerPlatform.iOS → .iOS), componentName: "AccessibilityViewModifiersIntegration"): // THEN: Should return modified view with accessibility identifier
// integratedView is non-optional View, used below
// TODO: ViewInspector Detection Issue - VERIFIED: Framework function (e.g., platformPresentContent_L1) DOES have .automaticCompliance() 
// modifier applied. The componentName "Framework Function" is a test label, not a framework component.
// The test needs to be updated to handle ViewInspector's inability to detect these modifiers reliably.
// This is a ViewInspector limitation, not a missing modifier issue.
// TODO: Temporarily passing test - framework function HAS modifier but ViewInspector can't detect it
// Remove this workaround once ViewInspector detection is fixed
Integrated accessibility view should have accessibility identifier
Accessibility Global Local Config
testAccessibilityFunctionsRespectGlobalConfigEnabled()
AccessibilityGlobalLocalConfigTests.swift:83: Expectation failed: hasAccessibilityID: Automatic accessibility functions should generate ID when global config is enabled 
testAccessibilityFunctionsRespectLocalDisableModifier()
AccessibilityGlobalLocalConfigTests.swift:123: Expectation failed: !((accessibilityID → "").isEmpty → true → true): // Should be empty when local disable is applied
// NOTE: Environment variable override is not working as expected
// The modifier still generates an ID despite the environment variable being set to false
Environment variable override is not working - modifier still generates ID
testAccessibilityFunctionsRespectLocalEnableModifier()
AccessibilityGlobalLocalConfigTests.swift:158: Expectation failed: hasAccessibilityID: Accessibility functions should generate ID when local enable modifier is applied 
testLocalEnableOverridesGlobalDisable()
AccessibilityGlobalLocalConfigTests.swift:234: Expectation failed: hasAccessibilityID: Local enable should override global disable 
Accessibility Identifier Disabled
testManualIDsStillWorkWhenAutomaticDisabled()
AccessibilityIdentifierDisabledTests.swift:67: Expectation failed: (buttonID → "") == "manual-test-button": // Manual ID should work regardless of automatic setting
Manual accessibility identifier should work when automatic is disabled
Accessibility Identifier Edge Case
testEmptyStringParameters()
AccessibilityIdentifierEdgeCaseTests.swift:34: Expectation failed: !((buttonID → "").isEmpty → true → true): // Should handle empty strings gracefully
Should generate ID even with empty parameters
AccessibilityIdentifierEdgeCaseTests.swift:35: Expectation failed: (buttonID → "").contains("SixLayer"): Should contain namespace
testSpecialCharactersInNames()
AccessibilityIdentifierEdgeCaseTests.swift:62: Expectation failed: !((buttonID → "").isEmpty → true → true): // Should preserve special characters (no sanitization)
Should generate ID with special characters
AccessibilityIdentifierEdgeCaseTests.swift:63: Expectation failed: (buttonID → "").contains("SixLayer"): Should contain namespace
AccessibilityIdentifierEdgeCaseTests.swift:64: Expectation failed: (buttonID → "").contains("@#$%^&*()"): Should preserve special characters
testVeryLongNames()
AccessibilityIdentifierEdgeCaseTests.swift:93: Expectation failed: !((buttonID → "").isEmpty → true → true): // Should handle long names gracefully
Should generate ID with very long names
AccessibilityIdentifierEdgeCaseTests.swift:94: Expectation failed: (buttonID → "").contains("SixLayer"): Should contain namespace
testManualIDOverride()
AccessibilityIdentifierEdgeCaseTests.swift:130: Expectation failed: (buttonID → "") == "manual-override": // Manual ID should override automatic ID
Manual ID should override automatic ID
testDisableEnableMidHierarchy()
AccessibilityIdentifierEdgeCaseTests.swift:162: Expectation failed: (buttons.count → 5) == 2: Should find both buttons
AccessibilityIdentifierEdgeCaseTests.swift:166: Expectation failed: (autoButtonID → "").contains("SixLayer"): Auto button should have automatic ID
testMultipleScreenContexts()
AccessibilityIdentifierEdgeCaseTests.swift:201: Expectation failed: !((vStackID → "").isEmpty → true → true): // Should handle multiple contexts (last one wins or combines)
Should generate ID with multiple contexts
AccessibilityIdentifierEdgeCaseTests.swift:202: Expectation failed: (vStackID → "").contains("SixLayer"): Should contain namespace
testExactNamedBehavior()
AccessibilityIdentifierEdgeCaseTests.swift:245: Expectation failed: (button1ID → "") == "SameName": exactNamed() should produce exact identifier 'SameName', got ''
AccessibilityIdentifierEdgeCaseTests.swift:246: Expectation failed: (button2ID → "") == "SameName": exactNamed() should produce exact identifier 'SameName', got ''
testExactNamedVsNamedDifference()
AccessibilityIdentifierEdgeCaseTests.swift:282: Expectation failed: (exactID → "") != (namedID → ""): // exactNamed() should produce different identifiers than named()
// This test will FAIL until exactNamed() is properly implemented
exactNamed() should produce different identifiers than named()
AccessibilityIdentifierEdgeCaseTests.swift:283: Expectation failed: (exactID → "").contains("TestButton"): exactNamed() should contain the exact name
AccessibilityIdentifierEdgeCaseTests.swift:284: Expectation failed: (namedID → "").contains("TestButton"): named() should contain the name
AccessibilityIdentifierEdgeCaseTests.swift:285: Expectation failed: (exactID → "") == "TestButton": exactNamed() should produce exact identifier 'TestButton', got ''
testExactNamedIgnoresHierarchy()
AccessibilityIdentifierEdgeCaseTests.swift:324: Expectation failed: (exactID → "").contains("SaveButton"): exactNamed() should contain the exact name
AccessibilityIdentifierEdgeCaseTests.swift:325: Expectation failed: (exactID → "") == "SaveButton": exactNamed() should produce exact identifier 'SaveButton', got ''
testExactNamedMinimalIdentifier()
AccessibilityIdentifierEdgeCaseTests.swift:355: Expectation failed: (exactID → "") == (expectedMinimalPattern → "MinimalButton"): exactNamed() should produce exact identifier 'MinimalButton', got ''
testConfigurationChangesMidTest()
AccessibilityIdentifierEdgeCaseTests.swift:399: Expectation failed: !((buttonID → "").isEmpty → true → true): // Should use configuration at time of ID generation
Should generate ID with changed config
testNestedNamedCalls()
AccessibilityIdentifierEdgeCaseTests.swift:437: Expectation failed: !((buttonID → "").isEmpty → true → true): // Should handle nested calls without duplication
Should generate ID with nested .named() calls
AccessibilityIdentifierEdgeCaseTests.swift:438: Expectation failed: (buttonID → "").contains("SixLayer"): Should contain namespace
testUnicodeCharacters()
AccessibilityIdentifierEdgeCaseTests.swift:470: Expectation failed: !((buttonID → "").isEmpty → true → true): // Should handle Unicode gracefully
Should generate ID with Unicode characters
AccessibilityIdentifierEdgeCaseTests.swift:471: Expectation failed: (buttonID → "").contains("SixLayer"): Should contain namespace
Accessibility Identifier Generation
testAccessibilityIdentifiersAreReasonableLength()
AccessibilityIdentifierGenerationTests.swift:30: Expectation failed: (buttonID → "").contains("SixLayer"): Should contain namespace
AccessibilityIdentifierGenerationTests.swift:31: Expectation failed: (buttonID → "").contains("AddFuelButton"): Should contain view name
testAccessibilityIdentifiersAreSemantic()
AccessibilityIdentifierGenerationTests.swift:103: Expectation failed: (vStackID → "").contains("UserProfile"): // This test SHOULD FAIL initially - IDs are not semantic
Should contain screen context
AccessibilityIdentifierGenerationTests.swift:104: Expectation failed: (vStackID.contains("ProfileView") → false) || (vStackID.contains("UserProfile") → false): Should contain view name
testAccessibilityIdentifiersWorkInComplexHierarchy()
AccessibilityIdentifierGenerationTests.swift:150: Expectation failed: (vStackID → "").contains("ComplexView"): Should contain screen context
AccessibilityIdentifierGenerationTests.swift:151: Expectation failed: (vStackID.contains("ComplexContainer") → false) || (vStackID.contains("ComplexView") → false): Should contain container name
testAccessibilityIdentifiersIncludeLabelTextForStringLabels()
AccessibilityIdentifierGenerationTests.swift:186: Expectation failed: (submitID?.contains("Submit") → false) ?? (false → <not evaluated>): // TDD RED: These should FAIL - labels not currently included
Submit button identifier should include 'Submit' label
AccessibilityIdentifierGenerationTests.swift:187: Expectation failed: (cancelID?.contains("Cancel") → false) ?? (false → <not evaluated>): Cancel button identifier should include 'Cancel' label
AccessibilityIdentifierGenerationTests.swift:188: Expectation failed: (submitID → "") != (cancelID → ""): Buttons with different labels should have different identifiers
testAccessibilityIdentifiersSanitizeLabelText()
AccessibilityIdentifierGenerationTests.swift:212: Expectation failed: ((buttonID?.contains("add") ?? false) || (buttonID?.contains("new") ?? false) → false) || ((buttonID?.contains("item") ?? false) → false): // TDD RED: Should FAIL - labels not sanitized
// Should contain sanitized version: "add-new-item" or similar
Identifier should include sanitized label text
Accessibility Identifier Generation Verification
testAutomaticAccessibilityIdentifiersActuallyGenerateIDs()
AccessibilityIdentifierGenerationVerificationTests.swift:39: Expectation failed: testPassed: AutomaticAccessibilityIdentifiers should generate accessibility identifiers 
testNamedActuallyGeneratesIdentifiers()
AccessibilityIdentifierGenerationVerificationTests.swift:75: Expectation failed: testPassed: NamedModifier should generate accessibility identifiers 
testAutomaticAccessibilityIdentifiersActuallyGenerateIdentifiers()
AccessibilityIdentifierGenerationVerificationTests.swift:123: Expectation failed: testComponentComplianceSinglePlatform((testView → ModifiedContent<PlatformInteractionButton<ModifiedContent<ModifiedContent<ModifiedContent<ModifiedContent<ModifiedContent<GenericContentView, _EnvironmentKeyWritingModifier<Optional<String>>>, SystemAccessibilityModifier>, PlatformPatternModifier>, VisualConsistencyModifier>, AutomaticComplianceModifier>>, NamedModifier>(content: SixLayerFramework.PlatformInteractionButton<SwiftUI.ModifiedContent<SwiftUI.ModifiedContent<SwiftUI.ModifiedContent<SwiftUI.ModifiedContent<SwiftUI.ModifiedContent<SixLayerFramework.GenericContentView, SwiftUI._EnvironmentKeyWritingModifier<Swift.Optional<Swift.String>>>, SixLayerFramework.SystemAccessibilityModifier>, SixLayerFramework.PlatformPatternModifier>, SixLayerFramework.VisualConsistencyModifier>, SixLayerFramework.AutomaticComplianceModifier>>(label: SwiftUI.ModifiedContent<SwiftUI.ModifiedContent<SwiftUI.ModifiedContent<SwiftUI.ModifiedContent<SwiftUI.ModifiedContent<SixLayerFramework.GenericContentView, SwiftUI._EnvironmentKeyWritingModifier<Swift.Optional<Swift.String>>>, SixLayerFramework.SystemAccessibilityModifier>, SixLayerFramework.PlatformPatternModifier>, SixLayerFramework.VisualConsistencyModifier>, SixLayerFramework.AutomaticComplianceModifier>(content: SwiftUI.ModifiedContent<SwiftUI.ModifiedContent<SwiftUI.ModifiedContent<SwiftUI.ModifiedContent<SixLayerFramework.GenericContentView, SwiftUI._EnvironmentKeyWritingModifier<Swift.Optional<Swift.String>>>, SixLayerFramework.SystemAccessibilityModifier>, SixLayerFramework.PlatformPatternModifier>, SixLayerFramework.VisualConsistencyModifier>(content: SwiftUI.ModifiedContent<SwiftUI.ModifiedContent<SwiftUI.ModifiedContent<SixLayerFramework.GenericContentView, SwiftUI._EnvironmentKeyWritingModifier<Swift.Optional<Swift.String>>>, SixLayerFramework.SystemAccessibilityModifier>, SixLayerFramework.PlatformPatternModifier>(content: SwiftUI.ModifiedContent<SwiftUI.ModifiedContent<SixLayerFramework.GenericContentView, SwiftUI._EnvironmentKeyWritingModifier<Swift.Optional<Swift.String>>>, SixLayerFramework.SystemAccessibilityModifier>(content: SwiftUI.ModifiedContent<SixLayerFramework.GenericContentView, SwiftUI._EnvironmentKeyWritingModifier<Swift.Optional<Swift.String>>>(content: SixLayerFramework.GenericContentView(content: "Add Fuel", hints: SixLayerFramework.PresentationHints(dataType: SixLayerFramework.DataTypeHint.generic, presentationPreference: SixLayerFramework.PresentationPreference.automatic, complexity: SixLayerFramework.ContentComplexity.moderate, context: SixLayerFramework.PresentationContext.dashboard, customPreferences: [:], fieldHints: [:])), modifier: SwiftUI._EnvironmentKeyWritingModifier<Swift.Optional<Swift.String>>(keyPath: \EnvironmentValues.accessibilityIdentifierName, value: Optional("platformPresentContent_L1"))), modifier: SixLayerFramework.SystemAccessibilityModifier(accessibilityState: SixLayerFramework.AccessibilitySystemState(isVoiceOverRunning: false, isDarkerSystemColorsEnabled: false, isReduceTransparencyEnabled: false, isHighContrastEnabled: false, isReducedMotionEnabled: false, hasKeyboardSupport: false, hasFullKeyboardAccess: false, hasSwitchControl: false), platform: SixLayerFramework.SixLayerPlatform.iOS)), modifier: SixLayerFramework.PlatformPatternModifier(designSystem: SixLayerFramework.PlatformDesignSystem(platform: SixLayerFramework.SixLayerPlatform.macOS, colorSystem: SixLayerFramework.HIGColorSystem(primary: SwiftUI.AnyShapeStyle(storage: SwiftUI.AnyShapeStyle.Storage(box: SwiftUI.ColorBox<SwiftUI.SystemColorType>)), secondary: SwiftUI.AnyShapeStyle(storage: SwiftUI.AnyShapeStyle.Storage(box: SwiftUI.ColorBox<SwiftUI.SystemColorType>)), accent: SwiftUI.AnyShapeStyle(storage: SwiftUI.AnyShapeStyle.Storage(box: SwiftUI.ColorBox<SwiftUI.Color.AccentColorProvider>)), background: SwiftUI.AnyShapeStyle(storage: SwiftUI.AnyShapeStyle.Storage(box: SwiftUI.ColorBox<SwiftUI.AppKitPlatformColorProvider>)), surface: SwiftUI.AnyShapeStyle(storage: SwiftUI.AnyShapeStyle.Storage(box: SwiftUI.ColorBox<SwiftUI.AppKitPlatformColorProvider>)), text: SwiftUI.AnyShapeStyle(storage: SwiftUI.AnyShapeStyle.Storage(box: SwiftUI.ColorBox<SwiftUI.AppKitPlatformColorProvider>)), textSecondary: SwiftUI.AnyShapeStyle(storage: SwiftUI.AnyShapeStyle.Storage(box: SwiftUI.ColorBox<SwiftUI.SystemColorType>))), typographySystem: SixLayerFramework.HIGTypographySystem(largeTitle: SwiftUI.Font(provider: SwiftUI.FontBox<SwiftUI.Font.TextStyleProvider>), title: SwiftUI.Font(provider: SwiftUI.FontBox<SwiftUI.Font.TextStyleProvider>), headline: SwiftUI.Font(provider: SwiftUI.FontBox<SwiftUI.Font.TextStyleProvider>), body: SwiftUI.Font(provider: SwiftUI.FontBox<SwiftUI.Font.TextStyleProvider>), callout: SwiftUI.Font(provider: SwiftUI.FontBox<SwiftUI.Font.TextStyleProvider>), subheadline: SwiftUI.Font(provider: SwiftUI.FontBox<SwiftUI.Font.TextStyleProvider>), footnote: SwiftUI.Font(provider: SwiftUI.FontBox<SwiftUI.Font.TextStyleProvider>), caption: SwiftUI.Font(provider: SwiftUI.FontBox<SwiftUI.Font.TextStyleProvider>)), spacingSystem: SixLayerFramework.HIGSpacingSystem(xs: 4.0, sm: 8.0, md: 16.0, lg: 24.0, xl: 32.0, xxl: 40.0, xxxl: 48.0), iconSystem: SixLayerFramework.HIGIconSystem(platform: SixLayerFramework.SixLayerPlatform.macOS), visualDesignSystem: SixLayerFramework.HIGVisualDesignSystem(platform: SixLayerFramework.SixLayerPlatform.macOS, animationSystem: SixLayerFramework.HIGAnimationSystem(platform: SixLayerFramework.SixLayerPlatform.macOS), shadowSystem: SixLayerFramework.HIGShadowSystem(platform: SixLayerFramework.SixLayerPlatform.macOS), cornerRadiusSystem: SixLayerFramework.HIGCornerRadiusSystem(platform: SixLayerFramework.SixLayerPlatform.macOS), borderWidthSystem: SixLayerFramework.HIGBorderWidthSystem(platform: SixLayerFramework.SixLayerPlatform.macOS), opacitySystem: SixLayerFramework.HIGOpacitySystem(), blurSystem: SixLayerFramework.HIGBlurSystem(platform: SixLayerFramework.SixLayerPlatform.macOS))), platform: SixLayerFramework.SixLayerPlatform.macOS)), modifier: SixLayerFramework.VisualConsistencyModifier(designSystem: SixLayerFramework.PlatformDesignSystem(platform: SixLayerFramework.SixLayerPlatform.macOS, colorSystem: SixLayerFramework.HIGColorSystem(primary: SwiftUI.AnyShapeStyle(storage: SwiftUI.AnyShapeStyle.Storage(box: SwiftUI.ColorBox<SwiftUI.SystemColorType>)), secondary: SwiftUI.AnyShapeStyle(storage: SwiftUI.AnyShapeStyle.Storage(box: SwiftUI.ColorBox<SwiftUI.SystemColorType>)), accent: SwiftUI.AnyShapeStyle(storage: SwiftUI.AnyShapeStyle.Storage(box: SwiftUI.ColorBox<SwiftUI.Color.AccentColorProvider>)), background: SwiftUI.AnyShapeStyle(storage: SwiftUI.AnyShapeStyle.Storage(box: SwiftUI.ColorBox<SwiftUI.AppKitPlatformColorProvider>)), surface: SwiftUI.AnyShapeStyle(storage: SwiftUI.AnyShapeStyle.Storage(box: SwiftUI.ColorBox<SwiftUI.AppKitPlatformColorProvider>)), text: SwiftUI.AnyShapeStyle(storage: SwiftUI.AnyShapeStyle.Storage(box: SwiftUI.ColorBox<SwiftUI.AppKitPlatformColorProvider>)), textSecondary: SwiftUI.AnyShapeStyle(storage: SwiftUI.AnyShapeStyle.Storage(box: SwiftUI.ColorBox<SwiftUI.SystemColorType>))), typographySystem: SixLayerFramework.HIGTypographySystem(largeTitle: SwiftUI.Font(provider: SwiftUI.FontBox<SwiftUI.Font.TextStyleProvider>), title: SwiftUI.Font(provider: SwiftUI.FontBox<SwiftUI.Font.TextStyleProvider>), headline: SwiftUI.Font(provider: SwiftUI.FontBox<SwiftUI.Font.TextStyleProvider>), body: SwiftUI.Font(provider: SwiftUI.FontBox<SwiftUI.Font.TextStyleProvider>), callout: SwiftUI.Font(provider: SwiftUI.FontBox<SwiftUI.Font.TextStyleProvider>), subheadline: SwiftUI.Font(provider: SwiftUI.FontBox<SwiftUI.Font.TextStyleProvider>), footnote: SwiftUI.Font(provider: SwiftUI.FontBox<SwiftUI.Font.TextStyleProvider>), caption: SwiftUI.Font(provider: SwiftUI.FontBox<SwiftUI.Font.TextStyleProvider>)), spacingSystem: SixLayerFramework.HIGSpacingSystem(xs: 4.0, sm: 8.0, md: 16.0, lg: 24.0, xl: 32.0, xxl: 40.0, xxxl: 48.0), iconSystem: SixLayerFramework.HIGIconSystem(platform: SixLayerFramework.SixLayerPlatform.macOS), visualDesignSystem: SixLayerFramework.HIGVisualDesignSystem(platform: SixLayerFramework.SixLayerPlatform.macOS, animationSystem: SixLayerFramework.HIGAnimationSystem(platform: SixLayerFramework.SixLayerPlatform.macOS), shadowSystem: SixLayerFramework.HIGShadowSystem(platform: SixLayerFramework.SixLayerPlatform.macOS), cornerRadiusSystem: SixLayerFramework.HIGCornerRadiusSystem(platform: SixLayerFramework.SixLayerPlatform.macOS), borderWidthSystem: SixLayerFramework.HIGBorderWidthSystem(platform: SixLayerFramework.SixLayerPlatform.macOS), opacitySystem: SixLayerFramework.HIGOpacitySystem(), blurSystem: SixLayerFramework.HIGBlurSystem(platform: SixLayerFramework.SixLayerPlatform.macOS))), platform: SixLayerFramework.SixLayerPlatform.macOS, visualDesignConfig: SixLayerFramework.HIGVisualDesignCategoryConfig(applyAnimations: false, applyShadows: false, applyCornerRadius: false, applyBorders: false, applyOpacity: false, applyBlur: false, defaultAnimationCategory: nil, defaultShadowCategory: SixLayerFramework.HIGShadowCategory.elevated, defaultCornerRadiusCategory: SixLayerFramework.HIGCornerRadiusCategory.medium, defaultBorderWidthCategory: SixLayerFramework.HIGBorderWidthCategory.thin, defaultOpacityCategory: SixLayerFramework.HIGOpacityCategory.primary, defaultBlurCategory: SixLayerFramework.HIGBlurCategory.light), iOSConfig: nil)), modifier: SixLayerFramework.AutomaticComplianceModifier()), action: (Function), style: SixLayerFramework.InteractionButtonStyle.primary, _inputManager: SwiftUI.StateObject<SixLayerFramework.InputHandlingManager>(storage: SwiftUI.StateObject<SixLayerFramework.InputHandlingManager>.Storage.initially((Function)))), modifier: SixLayerFramework.NamedModifier(name: "AddFuelButton"))), expectedPattern: "SixLayer.*ui", platform: (SixLayerPlatform.iOS → .iOS), componentName: "CombinedBreadcrumbModifiers"): View should have an accessibility identifier assigned
testManualIdentifiersOverrideAutomaticGeneration()
AccessibilityIdentifierGenerationVerificationTests.swift:173: Issue recorded: Failed to inspect accessibility identifier
testGlobalConfigActuallyControlsIdentifierGeneration()
AccessibilityIdentifierGenerationVerificationTests.swift:242: Issue recorded: Failed to inspect accessibility identifier
Accessibility Identifiers Debug
testDirectAutomaticAccessibilityIdentifiersWorks()
AccessibilityIdentifiersDebugTests.swift:25: Expectation failed: testComponentComplianceSinglePlatform((testView → ModifiedContent<PlatformInteractionButton<ModifiedContent<ModifiedContent<ModifiedContent<ModifiedContent<ModifiedContent<GenericContentView, _EnvironmentKeyWritingModifier<Optional<String>>>, SystemAccessibilityModifier>, PlatformPatternModifier>, VisualConsistencyModifier>, AutomaticComplianceModifier>>, AutomaticComplianceModifier>(content: SixLayerFramework.PlatformInteractionButton<SwiftUI.ModifiedContent<SwiftUI.ModifiedContent<SwiftUI.ModifiedContent<SwiftUI.ModifiedContent<SwiftUI.ModifiedContent<SixLayerFramework.GenericContentView, SwiftUI._EnvironmentKeyWritingModifier<Swift.Optional<Swift.String>>>, SixLayerFramework.SystemAccessibilityModifier>, SixLayerFramework.PlatformPatternModifier>, SixLayerFramework.VisualConsistencyModifier>, SixLayerFramework.AutomaticComplianceModifier>>(label: SwiftUI.ModifiedContent<SwiftUI.ModifiedContent<SwiftUI.ModifiedContent<SwiftUI.ModifiedContent<SwiftUI.ModifiedContent<SixLayerFramework.GenericContentView, SwiftUI._EnvironmentKeyWritingModifier<Swift.Optional<Swift.String>>>, SixLayerFramework.SystemAccessibilityModifier>, SixLayerFramework.PlatformPatternModifier>, SixLayerFramework.VisualConsistencyModifier>, SixLayerFramework.AutomaticComplianceModifier>(content: SwiftUI.ModifiedContent<SwiftUI.ModifiedContent<SwiftUI.ModifiedContent<SwiftUI.ModifiedContent<SixLayerFramework.GenericContentView, SwiftUI._EnvironmentKeyWritingModifier<Swift.Optional<Swift.String>>>, SixLayerFramework.SystemAccessibilityModifier>, SixLayerFramework.PlatformPatternModifier>, SixLayerFramework.VisualConsistencyModifier>(content: SwiftUI.ModifiedContent<SwiftUI.ModifiedContent<SwiftUI.ModifiedContent<SixLayerFramework.GenericContentView, SwiftUI._EnvironmentKeyWritingModifier<Swift.Optional<Swift.String>>>, SixLayerFramework.SystemAccessibilityModifier>, SixLayerFramework.PlatformPatternModifier>(content: SwiftUI.ModifiedContent<SwiftUI.ModifiedContent<SixLayerFramework.GenericContentView, SwiftUI._EnvironmentKeyWritingModifier<Swift.Optional<Swift.String>>>, SixLayerFramework.SystemAccessibilityModifier>(content: SwiftUI.ModifiedContent<SixLayerFramework.GenericContentView, SwiftUI._EnvironmentKeyWritingModifier<Swift.Optional<Swift.String>>>(content: SixLayerFramework.GenericContentView(content: "Test", hints: SixLayerFramework.PresentationHints(dataType: SixLayerFramework.DataTypeHint.generic, presentationPreference: SixLayerFramework.PresentationPreference.automatic, complexity: SixLayerFramework.ContentComplexity.moderate, context: SixLayerFramework.PresentationContext.dashboard, customPreferences: [:], fieldHints: [:])), modifier: SwiftUI._EnvironmentKeyWritingModifier<Swift.Optional<Swift.String>>(keyPath: \EnvironmentValues.accessibilityIdentifierName, value: Optional("platformPresentContent_L1"))), modifier: SixLayerFramework.SystemAccessibilityModifier(accessibilityState: SixLayerFramework.AccessibilitySystemState(isVoiceOverRunning: false, isDarkerSystemColorsEnabled: false, isReduceTransparencyEnabled: false, isHighContrastEnabled: false, isReducedMotionEnabled: false, hasKeyboardSupport: false, hasFullKeyboardAccess: false, hasSwitchControl: false), platform: SixLayerFramework.SixLayerPlatform.iOS)), modifier: SixLayerFramework.PlatformPatternModifier(designSystem: SixLayerFramework.PlatformDesignSystem(platform: SixLayerFramework.SixLayerPlatform.macOS, colorSystem: SixLayerFramework.HIGColorSystem(primary: SwiftUI.AnyShapeStyle(storage: SwiftUI.AnyShapeStyle.Storage(box: SwiftUI.ColorBox<SwiftUI.SystemColorType>)), secondary: SwiftUI.AnyShapeStyle(storage: SwiftUI.AnyShapeStyle.Storage(box: SwiftUI.ColorBox<SwiftUI.SystemColorType>)), accent: SwiftUI.AnyShapeStyle(storage: SwiftUI.AnyShapeStyle.Storage(box: SwiftUI.ColorBox<SwiftUI.Color.AccentColorProvider>)), background: SwiftUI.AnyShapeStyle(storage: SwiftUI.AnyShapeStyle.Storage(box: SwiftUI.ColorBox<SwiftUI.AppKitPlatformColorProvider>)), surface: SwiftUI.AnyShapeStyle(storage: SwiftUI.AnyShapeStyle.Storage(box: SwiftUI.ColorBox<SwiftUI.AppKitPlatformColorProvider>)), text: SwiftUI.AnyShapeStyle(storage: SwiftUI.AnyShapeStyle.Storage(box: SwiftUI.ColorBox<SwiftUI.AppKitPlatformColorProvider>)), textSecondary: SwiftUI.AnyShapeStyle(storage: SwiftUI.AnyShapeStyle.Storage(box: SwiftUI.ColorBox<SwiftUI.SystemColorType>))), typographySystem: SixLayerFramework.HIGTypographySystem(largeTitle: SwiftUI.Font(provider: SwiftUI.FontBox<SwiftUI.Font.TextStyleProvider>), title: SwiftUI.Font(provider: SwiftUI.FontBox<SwiftUI.Font.TextStyleProvider>), headline: SwiftUI.Font(provider: SwiftUI.FontBox<SwiftUI.Font.TextStyleProvider>), body: SwiftUI.Font(provider: SwiftUI.FontBox<SwiftUI.Font.TextStyleProvider>), callout: SwiftUI.Font(provider: SwiftUI.FontBox<SwiftUI.Font.TextStyleProvider>), subheadline: SwiftUI.Font(provider: SwiftUI.FontBox<SwiftUI.Font.TextStyleProvider>), footnote: SwiftUI.Font(provider: SwiftUI.FontBox<SwiftUI.Font.TextStyleProvider>), caption: SwiftUI.Font(provider: SwiftUI.FontBox<SwiftUI.Font.TextStyleProvider>)), spacingSystem: SixLayerFramework.HIGSpacingSystem(xs: 4.0, sm: 8.0, md: 16.0, lg: 24.0, xl: 32.0, xxl: 40.0, xxxl: 48.0), iconSystem: SixLayerFramework.HIGIconSystem(platform: SixLayerFramework.SixLayerPlatform.macOS), visualDesignSystem: SixLayerFramework.HIGVisualDesignSystem(platform: SixLayerFramework.SixLayerPlatform.macOS, animationSystem: SixLayerFramework.HIGAnimationSystem(platform: SixLayerFramework.SixLayerPlatform.macOS), shadowSystem: SixLayerFramework.HIGShadowSystem(platform: SixLayerFramework.SixLayerPlatform.macOS), cornerRadiusSystem: SixLayerFramework.HIGCornerRadiusSystem(platform: SixLayerFramework.SixLayerPlatform.macOS), borderWidthSystem: SixLayerFramework.HIGBorderWidthSystem(platform: SixLayerFramework.SixLayerPlatform.macOS), opacitySystem: SixLayerFramework.HIGOpacitySystem(), blurSystem: SixLayerFramework.HIGBlurSystem(platform: SixLayerFramework.SixLayerPlatform.macOS))), platform: SixLayerFramework.SixLayerPlatform.macOS)), modifier: SixLayerFramework.VisualConsistencyModifier(designSystem: SixLayerFramework.PlatformDesignSystem(platform: SixLayerFramework.SixLayerPlatform.macOS, colorSystem: SixLayerFramework.HIGColorSystem(primary: SwiftUI.AnyShapeStyle(storage: SwiftUI.AnyShapeStyle.Storage(box: SwiftUI.ColorBox<SwiftUI.SystemColorType>)), secondary: SwiftUI.AnyShapeStyle(storage: SwiftUI.AnyShapeStyle.Storage(box: SwiftUI.ColorBox<SwiftUI.SystemColorType>)), accent: SwiftUI.AnyShapeStyle(storage: SwiftUI.AnyShapeStyle.Storage(box: SwiftUI.ColorBox<SwiftUI.Color.AccentColorProvider>)), background: SwiftUI.AnyShapeStyle(storage: SwiftUI.AnyShapeStyle.Storage(box: SwiftUI.ColorBox<SwiftUI.AppKitPlatformColorProvider>)), surface: SwiftUI.AnyShapeStyle(storage: SwiftUI.AnyShapeStyle.Storage(box: SwiftUI.ColorBox<SwiftUI.AppKitPlatformColorProvider>)), text: SwiftUI.AnyShapeStyle(storage: SwiftUI.AnyShapeStyle.Storage(box: SwiftUI.ColorBox<SwiftUI.AppKitPlatformColorProvider>)), textSecondary: SwiftUI.AnyShapeStyle(storage: SwiftUI.AnyShapeStyle.Storage(box: SwiftUI.ColorBox<SwiftUI.SystemColorType>))), typographySystem: SixLayerFramework.HIGTypographySystem(largeTitle: SwiftUI.Font(provider: SwiftUI.FontBox<SwiftUI.Font.TextStyleProvider>), title: SwiftUI.Font(provider: SwiftUI.FontBox<SwiftUI.Font.TextStyleProvider>), headline: SwiftUI.Font(provider: SwiftUI.FontBox<SwiftUI.Font.TextStyleProvider>), body: SwiftUI.Font(provider: SwiftUI.FontBox<SwiftUI.Font.TextStyleProvider>), callout: SwiftUI.Font(provider: SwiftUI.FontBox<SwiftUI.Font.TextStyleProvider>), subheadline: SwiftUI.Font(provider: SwiftUI.FontBox<SwiftUI.Font.TextStyleProvider>), footnote: SwiftUI.Font(provider: SwiftUI.FontBox<SwiftUI.Font.TextStyleProvider>), caption: SwiftUI.Font(provider: SwiftUI.FontBox<SwiftUI.Font.TextStyleProvider>)), spacingSystem: SixLayerFramework.HIGSpacingSystem(xs: 4.0, sm: 8.0, md: 16.0, lg: 24.0, xl: 32.0, xxl: 40.0, xxxl: 48.0), iconSystem: SixLayerFramework.HIGIconSystem(platform: SixLayerFramework.SixLayerPlatform.macOS), visualDesignSystem: SixLayerFramework.HIGVisualDesignSystem(platform: SixLayerFramework.SixLayerPlatform.macOS, animationSystem: SixLayerFramework.HIGAnimationSystem(platform: SixLayerFramework.SixLayerPlatform.macOS), shadowSystem: SixLayerFramework.HIGShadowSystem(platform: SixLayerFramework.SixLayerPlatform.macOS), cornerRadiusSystem: SixLayerFramework.HIGCornerRadiusSystem(platform: SixLayerFramework.SixLayerPlatform.macOS), borderWidthSystem: SixLayerFramework.HIGBorderWidthSystem(platform: SixLayerFramework.SixLayerPlatform.macOS), opacitySystem: SixLayerFramework.HIGOpacitySystem(), blurSystem: SixLayerFramework.HIGBlurSystem(platform: SixLayerFramework.SixLayerPlatform.macOS))), platform: SixLayerFramework.SixLayerPlatform.macOS, visualDesignConfig: SixLayerFramework.HIGVisualDesignCategoryConfig(applyAnimations: false, applyShadows: false, applyCornerRadius: false, applyBorders: false, applyOpacity: false, applyBlur: false, defaultAnimationCategory: nil, defaultShadowCategory: SixLayerFramework.HIGShadowCategory.elevated, defaultCornerRadiusCategory: SixLayerFramework.HIGCornerRadiusCategory.medium, defaultBorderWidthCategory: SixLayerFramework.HIGBorderWidthCategory.thin, defaultOpacityCategory: SixLayerFramework.HIGOpacityCategory.primary, defaultBlurCategory: SixLayerFramework.HIGBlurCategory.light), iOSConfig: nil)), modifier: SixLayerFramework.AutomaticComplianceModifier()), action: (Function), style: SixLayerFramework.InteractionButtonStyle.primary, _inputManager: SwiftUI.StateObject<SixLayerFramework.InputHandlingManager>(storage: SwiftUI.StateObject<SixLayerFramework.InputHandlingManager>.Storage.initially((Function)))), modifier: SixLayerFramework.AutomaticComplianceModifier())), expectedPattern: "SixLayer.*ui", platform: (SixLayerPlatform.iOS → .iOS), componentName: "DirectAutomaticAccessibilityIdentifiers"): // Should look for button-specific accessibility identifier with current format
// TODO: ViewInspector Detection Issue - VERIFIED: Framework function (e.g., platformPresentContent_L1) DOES have .automaticCompliance() 
// modifier applied. The componentName "Framework Function" is a test label, not a framework component.
// The test needs to be updated to handle ViewInspector's inability to detect these modifiers reliably.
// This is a ViewInspector limitation, not a missing modifier issue.
// TODO: Temporarily passing test - framework function HAS modifier but ViewInspector can't detect it
// Remove this workaround once ViewInspector detection is fixed
Direct .automaticCompliance() should generate button-specific accessibility ID
testNamedModifierWorks()
AccessibilityIdentifiersDebugTests.swift:49: Expectation failed: testComponentComplianceSinglePlatform((testView → ModifiedContent<ModifiedContent<PlatformInteractionButton<ModifiedContent<ModifiedContent<ModifiedContent<ModifiedContent<ModifiedContent<GenericContentView, _EnvironmentKeyWritingModifier<Optional<String>>>, SystemAccessibilityModifier>, PlatformPatternModifier>, VisualConsistencyModifier>, AutomaticComplianceModifier>>, NamedModifier>, AutomaticComplianceModifier>(content: SwiftUI.ModifiedContent<SixLayerFramework.PlatformInteractionButton<SwiftUI.ModifiedContent<SwiftUI.ModifiedContent<SwiftUI.ModifiedContent<SwiftUI.ModifiedContent<SwiftUI.ModifiedContent<SixLayerFramework.GenericContentView, SwiftUI._EnvironmentKeyWritingModifier<Swift.Optional<Swift.String>>>, SixLayerFramework.SystemAccessibilityModifier>, SixLayerFramework.PlatformPatternModifier>, SixLayerFramework.VisualConsistencyModifier>, SixLayerFramework.AutomaticComplianceModifier>>, SixLayerFramework.NamedModifier>(content: SixLayerFramework.PlatformInteractionButton<SwiftUI.ModifiedContent<SwiftUI.ModifiedContent<SwiftUI.ModifiedContent<SwiftUI.ModifiedContent<SwiftUI.ModifiedContent<SixLayerFramework.GenericContentView, SwiftUI._EnvironmentKeyWritingModifier<Swift.Optional<Swift.String>>>, SixLayerFramework.SystemAccessibilityModifier>, SixLayerFramework.PlatformPatternModifier>, SixLayerFramework.VisualConsistencyModifier>, SixLayerFramework.AutomaticComplianceModifier>>(label: SwiftUI.ModifiedContent<SwiftUI.ModifiedContent<SwiftUI.ModifiedContent<SwiftUI.ModifiedContent<SwiftUI.ModifiedContent<SixLayerFramework.GenericContentView, SwiftUI._EnvironmentKeyWritingModifier<Swift.Optional<Swift.String>>>, SixLayerFramework.SystemAccessibilityModifier>, SixLayerFramework.PlatformPatternModifier>, SixLayerFramework.VisualConsistencyModifier>, SixLayerFramework.AutomaticComplianceModifier>(content: SwiftUI.ModifiedContent<SwiftUI.ModifiedContent<SwiftUI.ModifiedContent<SwiftUI.ModifiedContent<SixLayerFramework.GenericContentView, SwiftUI._EnvironmentKeyWritingModifier<Swift.Optional<Swift.String>>>, SixLayerFramework.SystemAccessibilityModifier>, SixLayerFramework.PlatformPatternModifier>, SixLayerFramework.VisualConsistencyModifier>(content: SwiftUI.ModifiedContent<SwiftUI.ModifiedContent<SwiftUI.ModifiedContent<SixLayerFramework.GenericContentView, SwiftUI._EnvironmentKeyWritingModifier<Swift.Optional<Swift.String>>>, SixLayerFramework.SystemAccessibilityModifier>, SixLayerFramework.PlatformPatternModifier>(content: SwiftUI.ModifiedContent<SwiftUI.ModifiedContent<SixLayerFramework.GenericContentView, SwiftUI._EnvironmentKeyWritingModifier<Swift.Optional<Swift.String>>>, SixLayerFramework.SystemAccessibilityModifier>(content: SwiftUI.ModifiedContent<SixLayerFramework.GenericContentView, SwiftUI._EnvironmentKeyWritingModifier<Swift.Optional<Swift.String>>>(content: SixLayerFramework.GenericContentView(content: "Test", hints: SixLayerFramework.PresentationHints(dataType: SixLayerFramework.DataTypeHint.generic, presentationPreference: SixLayerFramework.PresentationPreference.automatic, complexity: SixLayerFramework.ContentComplexity.moderate, context: SixLayerFramework.PresentationContext.dashboard, customPreferences: [:], fieldHints: [:])), modifier: SwiftUI._EnvironmentKeyWritingModifier<Swift.Optional<Swift.String>>(keyPath: \EnvironmentValues.accessibilityIdentifierName, value: Optional("platformPresentContent_L1"))), modifier: SixLayerFramework.SystemAccessibilityModifier(accessibilityState: SixLayerFramework.AccessibilitySystemState(isVoiceOverRunning: false, isDarkerSystemColorsEnabled: false, isReduceTransparencyEnabled: false, isHighContrastEnabled: false, isReducedMotionEnabled: false, hasKeyboardSupport: false, hasFullKeyboardAccess: false, hasSwitchControl: false), platform: SixLayerFramework.SixLayerPlatform.iOS)), modifier: SixLayerFramework.PlatformPatternModifier(designSystem: SixLayerFramework.PlatformDesignSystem(platform: SixLayerFramework.SixLayerPlatform.macOS, colorSystem: SixLayerFramework.HIGColorSystem(primary: SwiftUI.AnyShapeStyle(storage: SwiftUI.AnyShapeStyle.Storage(box: SwiftUI.ColorBox<SwiftUI.SystemColorType>)), secondary: SwiftUI.AnyShapeStyle(storage: SwiftUI.AnyShapeStyle.Storage(box: SwiftUI.ColorBox<SwiftUI.SystemColorType>)), accent: SwiftUI.AnyShapeStyle(storage: SwiftUI.AnyShapeStyle.Storage(box: SwiftUI.ColorBox<SwiftUI.Color.AccentColorProvider>)), background: SwiftUI.AnyShapeStyle(storage: SwiftUI.AnyShapeStyle.Storage(box: SwiftUI.ColorBox<SwiftUI.AppKitPlatformColorProvider>)), surface: SwiftUI.AnyShapeStyle(storage: SwiftUI.AnyShapeStyle.Storage(box: SwiftUI.ColorBox<SwiftUI.AppKitPlatformColorProvider>)), text: SwiftUI.AnyShapeStyle(storage: SwiftUI.AnyShapeStyle.Storage(box: SwiftUI.ColorBox<SwiftUI.AppKitPlatformColorProvider>)), textSecondary: SwiftUI.AnyShapeStyle(storage: SwiftUI.AnyShapeStyle.Storage(box: SwiftUI.ColorBox<SwiftUI.SystemColorType>))), typographySystem: SixLayerFramework.HIGTypographySystem(largeTitle: SwiftUI.Font(provider: SwiftUI.FontBox<SwiftUI.Font.TextStyleProvider>), title: SwiftUI.Font(provider: SwiftUI.FontBox<SwiftUI.Font.TextStyleProvider>), headline: SwiftUI.Font(provider: SwiftUI.FontBox<SwiftUI.Font.TextStyleProvider>), body: SwiftUI.Font(provider: SwiftUI.FontBox<SwiftUI.Font.TextStyleProvider>), callout: SwiftUI.Font(provider: SwiftUI.FontBox<SwiftUI.Font.TextStyleProvider>), subheadline: SwiftUI.Font(provider: SwiftUI.FontBox<SwiftUI.Font.TextStyleProvider>), footnote: SwiftUI.Font(provider: SwiftUI.FontBox<SwiftUI.Font.TextStyleProvider>), caption: SwiftUI.Font(provider: SwiftUI.FontBox<SwiftUI.Font.TextStyleProvider>)), spacingSystem: SixLayerFramework.HIGSpacingSystem(xs: 4.0, sm: 8.0, md: 16.0, lg: 24.0, xl: 32.0, xxl: 40.0, xxxl: 48.0), iconSystem: SixLayerFramework.HIGIconSystem(platform: SixLayerFramework.SixLayerPlatform.macOS), visualDesignSystem: SixLayerFramework.HIGVisualDesignSystem(platform: SixLayerFramework.SixLayerPlatform.macOS, animationSystem: SixLayerFramework.HIGAnimationSystem(platform: SixLayerFramework.SixLayerPlatform.macOS), shadowSystem: SixLayerFramework.HIGShadowSystem(platform: SixLayerFramework.SixLayerPlatform.macOS), cornerRadiusSystem: SixLayerFramework.HIGCornerRadiusSystem(platform: SixLayerFramework.SixLayerPlatform.macOS), borderWidthSystem: SixLayerFramework.HIGBorderWidthSystem(platform: SixLayerFramework.SixLayerPlatform.macOS), opacitySystem: SixLayerFramework.HIGOpacitySystem(), blurSystem: SixLayerFramework.HIGBlurSystem(platform: SixLayerFramework.SixLayerPlatform.macOS))), platform: SixLayerFramework.SixLayerPlatform.macOS)), modifier: SixLayerFramework.VisualConsistencyModifier(designSystem: SixLayerFramework.PlatformDesignSystem(platform: SixLayerFramework.SixLayerPlatform.macOS, colorSystem: SixLayerFramework.HIGColorSystem(primary: SwiftUI.AnyShapeStyle(storage: SwiftUI.AnyShapeStyle.Storage(box: SwiftUI.ColorBox<SwiftUI.SystemColorType>)), secondary: SwiftUI.AnyShapeStyle(storage: SwiftUI.AnyShapeStyle.Storage(box: SwiftUI.ColorBox<SwiftUI.SystemColorType>)), accent: SwiftUI.AnyShapeStyle(storage: SwiftUI.AnyShapeStyle.Storage(box: SwiftUI.ColorBox<SwiftUI.Color.AccentColorProvider>)), background: SwiftUI.AnyShapeStyle(storage: SwiftUI.AnyShapeStyle.Storage(box: SwiftUI.ColorBox<SwiftUI.AppKitPlatformColorProvider>)), surface: SwiftUI.AnyShapeStyle(storage: SwiftUI.AnyShapeStyle.Storage(box: SwiftUI.ColorBox<SwiftUI.AppKitPlatformColorProvider>)), text: SwiftUI.AnyShapeStyle(storage: SwiftUI.AnyShapeStyle.Storage(box: SwiftUI.ColorBox<SwiftUI.AppKitPlatformColorProvider>)), textSecondary: SwiftUI.AnyShapeStyle(storage: SwiftUI.AnyShapeStyle.Storage(box: SwiftUI.ColorBox<SwiftUI.SystemColorType>))), typographySystem: SixLayerFramework.HIGTypographySystem(largeTitle: SwiftUI.Font(provider: SwiftUI.FontBox<SwiftUI.Font.TextStyleProvider>), title: SwiftUI.Font(provider: SwiftUI.FontBox<SwiftUI.Font.TextStyleProvider>), headline: SwiftUI.Font(provider: SwiftUI.FontBox<SwiftUI.Font.TextStyleProvider>), body: SwiftUI.Font(provider: SwiftUI.FontBox<SwiftUI.Font.TextStyleProvider>), callout: SwiftUI.Font(provider: SwiftUI.FontBox<SwiftUI.Font.TextStyleProvider>), subheadline: SwiftUI.Font(provider: SwiftUI.FontBox<SwiftUI.Font.TextStyleProvider>), footnote: SwiftUI.Font(provider: SwiftUI.FontBox<SwiftUI.Font.TextStyleProvider>), caption: SwiftUI.Font(provider: SwiftUI.FontBox<SwiftUI.Font.TextStyleProvider>)), spacingSystem: SixLayerFramework.HIGSpacingSystem(xs: 4.0, sm: 8.0, md: 16.0, lg: 24.0, xl: 32.0, xxl: 40.0, xxxl: 48.0), iconSystem: SixLayerFramework.HIGIconSystem(platform: SixLayerFramework.SixLayerPlatform.macOS), visualDesignSystem: SixLayerFramework.HIGVisualDesignSystem(platform: SixLayerFramework.SixLayerPlatform.macOS, animationSystem: SixLayerFramework.HIGAnimationSystem(platform: SixLayerFramework.SixLayerPlatform.macOS), shadowSystem: SixLayerFramework.HIGShadowSystem(platform: SixLayerFramework.SixLayerPlatform.macOS), cornerRadiusSystem: SixLayerFramework.HIGCornerRadiusSystem(platform: SixLayerFramework.SixLayerPlatform.macOS), borderWidthSystem: SixLayerFramework.HIGBorderWidthSystem(platform: SixLayerFramework.SixLayerPlatform.macOS), opacitySystem: SixLayerFramework.HIGOpacitySystem(), blurSystem: SixLayerFramework.HIGBlurSystem(platform: SixLayerFramework.SixLayerPlatform.macOS))), platform: SixLayerFramework.SixLayerPlatform.macOS, visualDesignConfig: SixLayerFramework.HIGVisualDesignCategoryConfig(applyAnimations: false, applyShadows: false, applyCornerRadius: false, applyBorders: false, applyOpacity: false, applyBlur: false, defaultAnimationCategory: nil, defaultShadowCategory: SixLayerFramework.HIGShadowCategory.elevated, defaultCornerRadiusCategory: SixLayerFramework.HIGCornerRadiusCategory.medium, defaultBorderWidthCategory: SixLayerFramework.HIGBorderWidthCategory.thin, defaultOpacityCategory: SixLayerFramework.HIGOpacityCategory.primary, defaultBlurCategory: SixLayerFramework.HIGBlurCategory.light), iOSConfig: nil)), modifier: SixLayerFramework.AutomaticComplianceModifier()), action: (Function), style: SixLayerFramework.InteractionButtonStyle.primary, _inputManager: SwiftUI.StateObject<SixLayerFramework.InputHandlingManager>(storage: SwiftUI.StateObject<SixLayerFramework.InputHandlingManager>.Storage.initially((Function)))), modifier: SixLayerFramework.NamedModifier(name: "TestButton")), modifier: SixLayerFramework.AutomaticComplianceModifier())), expectedPattern: "SixLayer.*TestButton", platform: (SixLayerPlatform.iOS → .iOS), componentName: "NamedModifier"): // Should look for named button-specific accessibility identifier: "SixLayer.main.ui.TestButton"
// TODO: ViewInspector Detection Issue - VERIFIED: Framework function (e.g., platformPresentContent_L1) DOES have .automaticCompliance() 
// modifier applied. The componentName "Framework Function" is a test label, not a framework component.
// The test needs to be updated to handle ViewInspector's inability to detect these modifiers reliably.
// This is a ViewInspector limitation, not a missing modifier issue.
// TODO: Temporarily passing test - framework function HAS modifier but ViewInspector can't detect it
// Remove this workaround once ViewInspector detection is fixed
.named() + .automaticCompliance() should generate named button-specific accessibility ID
testAutomaticAccessibilityModifierWorks()
AccessibilityIdentifiersDebugTests.swift:75: Expectation failed: testComponentComplianceSinglePlatform((testView → ModifiedContent<PlatformInteractionButton<ModifiedContent<ModifiedContent<ModifiedContent<ModifiedContent<ModifiedContent<GenericContentView, _EnvironmentKeyWritingModifier<Optional<String>>>, SystemAccessibilityModifier>, PlatformPatternModifier>, VisualConsistencyModifier>, AutomaticComplianceModifier>>, SystemAccessibilityModifier>(content: SixLayerFramework.PlatformInteractionButton<SwiftUI.ModifiedContent<SwiftUI.ModifiedContent<SwiftUI.ModifiedContent<SwiftUI.ModifiedContent<SwiftUI.ModifiedContent<SixLayerFramework.GenericContentView, SwiftUI._EnvironmentKeyWritingModifier<Swift.Optional<Swift.String>>>, SixLayerFramework.SystemAccessibilityModifier>, SixLayerFramework.PlatformPatternModifier>, SixLayerFramework.VisualConsistencyModifier>, SixLayerFramework.AutomaticComplianceModifier>>(label: SwiftUI.ModifiedContent<SwiftUI.ModifiedContent<SwiftUI.ModifiedContent<SwiftUI.ModifiedContent<SwiftUI.ModifiedContent<SixLayerFramework.GenericContentView, SwiftUI._EnvironmentKeyWritingModifier<Swift.Optional<Swift.String>>>, SixLayerFramework.SystemAccessibilityModifier>, SixLayerFramework.PlatformPatternModifier>, SixLayerFramework.VisualConsistencyModifier>, SixLayerFramework.AutomaticComplianceModifier>(content: SwiftUI.ModifiedContent<SwiftUI.ModifiedContent<SwiftUI.ModifiedContent<SwiftUI.ModifiedContent<SixLayerFramework.GenericContentView, SwiftUI._EnvironmentKeyWritingModifier<Swift.Optional<Swift.String>>>, SixLayerFramework.SystemAccessibilityModifier>, SixLayerFramework.PlatformPatternModifier>, SixLayerFramework.VisualConsistencyModifier>(content: SwiftUI.ModifiedContent<SwiftUI.ModifiedContent<SwiftUI.ModifiedContent<SixLayerFramework.GenericContentView, SwiftUI._EnvironmentKeyWritingModifier<Swift.Optional<Swift.String>>>, SixLayerFramework.SystemAccessibilityModifier>, SixLayerFramework.PlatformPatternModifier>(content: SwiftUI.ModifiedContent<SwiftUI.ModifiedContent<SixLayerFramework.GenericContentView, SwiftUI._EnvironmentKeyWritingModifier<Swift.Optional<Swift.String>>>, SixLayerFramework.SystemAccessibilityModifier>(content: SwiftUI.ModifiedContent<SixLayerFramework.GenericContentView, SwiftUI._EnvironmentKeyWritingModifier<Swift.Optional<Swift.String>>>(content: SixLayerFramework.GenericContentView(content: "Test", hints: SixLayerFramework.PresentationHints(dataType: SixLayerFramework.DataTypeHint.generic, presentationPreference: SixLayerFramework.PresentationPreference.automatic, complexity: SixLayerFramework.ContentComplexity.moderate, context: SixLayerFramework.PresentationContext.dashboard, customPreferences: [:], fieldHints: [:])), modifier: SwiftUI._EnvironmentKeyWritingModifier<Swift.Optional<Swift.String>>(keyPath: \EnvironmentValues.accessibilityIdentifierName, value: Optional("platformPresentContent_L1"))), modifier: SixLayerFramework.SystemAccessibilityModifier(accessibilityState: SixLayerFramework.AccessibilitySystemState(isVoiceOverRunning: false, isDarkerSystemColorsEnabled: false, isReduceTransparencyEnabled: false, isHighContrastEnabled: false, isReducedMotionEnabled: false, hasKeyboardSupport: false, hasFullKeyboardAccess: false, hasSwitchControl: false), platform: SixLayerFramework.SixLayerPlatform.iOS)), modifier: SixLayerFramework.PlatformPatternModifier(designSystem: SixLayerFramework.PlatformDesignSystem(platform: SixLayerFramework.SixLayerPlatform.macOS, colorSystem: SixLayerFramework.HIGColorSystem(primary: SwiftUI.AnyShapeStyle(storage: SwiftUI.AnyShapeStyle.Storage(box: SwiftUI.ColorBox<SwiftUI.SystemColorType>)), secondary: SwiftUI.AnyShapeStyle(storage: SwiftUI.AnyShapeStyle.Storage(box: SwiftUI.ColorBox<SwiftUI.SystemColorType>)), accent: SwiftUI.AnyShapeStyle(storage: SwiftUI.AnyShapeStyle.Storage(box: SwiftUI.ColorBox<SwiftUI.Color.AccentColorProvider>)), background: SwiftUI.AnyShapeStyle(storage: SwiftUI.AnyShapeStyle.Storage(box: SwiftUI.ColorBox<SwiftUI.AppKitPlatformColorProvider>)), surface: SwiftUI.AnyShapeStyle(storage: SwiftUI.AnyShapeStyle.Storage(box: SwiftUI.ColorBox<SwiftUI.AppKitPlatformColorProvider>)), text: SwiftUI.AnyShapeStyle(storage: SwiftUI.AnyShapeStyle.Storage(box: SwiftUI.ColorBox<SwiftUI.AppKitPlatformColorProvider>)), textSecondary: SwiftUI.AnyShapeStyle(storage: SwiftUI.AnyShapeStyle.Storage(box: SwiftUI.ColorBox<SwiftUI.SystemColorType>))), typographySystem: SixLayerFramework.HIGTypographySystem(largeTitle: SwiftUI.Font(provider: SwiftUI.FontBox<SwiftUI.Font.TextStyleProvider>), title: SwiftUI.Font(provider: SwiftUI.FontBox<SwiftUI.Font.TextStyleProvider>), headline: SwiftUI.Font(provider: SwiftUI.FontBox<SwiftUI.Font.TextStyleProvider>), body: SwiftUI.Font(provider: SwiftUI.FontBox<SwiftUI.Font.TextStyleProvider>), callout: SwiftUI.Font(provider: SwiftUI.FontBox<SwiftUI.Font.TextStyleProvider>), subheadline: SwiftUI.Font(provider: SwiftUI.FontBox<SwiftUI.Font.TextStyleProvider>), footnote: SwiftUI.Font(provider: SwiftUI.FontBox<SwiftUI.Font.TextStyleProvider>), caption: SwiftUI.Font(provider: SwiftUI.FontBox<SwiftUI.Font.TextStyleProvider>)), spacingSystem: SixLayerFramework.HIGSpacingSystem(xs: 4.0, sm: 8.0, md: 16.0, lg: 24.0, xl: 32.0, xxl: 40.0, xxxl: 48.0), iconSystem: SixLayerFramework.HIGIconSystem(platform: SixLayerFramework.SixLayerPlatform.macOS), visualDesignSystem: SixLayerFramework.HIGVisualDesignSystem(platform: SixLayerFramework.SixLayerPlatform.macOS, animationSystem: SixLayerFramework.HIGAnimationSystem(platform: SixLayerFramework.SixLayerPlatform.macOS), shadowSystem: SixLayerFramework.HIGShadowSystem(platform: SixLayerFramework.SixLayerPlatform.macOS), cornerRadiusSystem: SixLayerFramework.HIGCornerRadiusSystem(platform: SixLayerFramework.SixLayerPlatform.macOS), borderWidthSystem: SixLayerFramework.HIGBorderWidthSystem(platform: SixLayerFramework.SixLayerPlatform.macOS), opacitySystem: SixLayerFramework.HIGOpacitySystem(), blurSystem: SixLayerFramework.HIGBlurSystem(platform: SixLayerFramework.SixLayerPlatform.macOS))), platform: SixLayerFramework.SixLayerPlatform.macOS)), modifier: SixLayerFramework.VisualConsistencyModifier(designSystem: SixLayerFramework.PlatformDesignSystem(platform: SixLayerFramework.SixLayerPlatform.macOS, colorSystem: SixLayerFramework.HIGColorSystem(primary: SwiftUI.AnyShapeStyle(storage: SwiftUI.AnyShapeStyle.Storage(box: SwiftUI.ColorBox<SwiftUI.SystemColorType>)), secondary: SwiftUI.AnyShapeStyle(storage: SwiftUI.AnyShapeStyle.Storage(box: SwiftUI.ColorBox<SwiftUI.SystemColorType>)), accent: SwiftUI.AnyShapeStyle(storage: SwiftUI.AnyShapeStyle.Storage(box: SwiftUI.ColorBox<SwiftUI.Color.AccentColorProvider>)), background: SwiftUI.AnyShapeStyle(storage: SwiftUI.AnyShapeStyle.Storage(box: SwiftUI.ColorBox<SwiftUI.AppKitPlatformColorProvider>)), surface: SwiftUI.AnyShapeStyle(storage: SwiftUI.AnyShapeStyle.Storage(box: SwiftUI.ColorBox<SwiftUI.AppKitPlatformColorProvider>)), text: SwiftUI.AnyShapeStyle(storage: SwiftUI.AnyShapeStyle.Storage(box: SwiftUI.ColorBox<SwiftUI.AppKitPlatformColorProvider>)), textSecondary: SwiftUI.AnyShapeStyle(storage: SwiftUI.AnyShapeStyle.Storage(box: SwiftUI.ColorBox<SwiftUI.SystemColorType>))), typographySystem: SixLayerFramework.HIGTypographySystem(largeTitle: SwiftUI.Font(provider: SwiftUI.FontBox<SwiftUI.Font.TextStyleProvider>), title: SwiftUI.Font(provider: SwiftUI.FontBox<SwiftUI.Font.TextStyleProvider>), headline: SwiftUI.Font(provider: SwiftUI.FontBox<SwiftUI.Font.TextStyleProvider>), body: SwiftUI.Font(provider: SwiftUI.FontBox<SwiftUI.Font.TextStyleProvider>), callout: SwiftUI.Font(provider: SwiftUI.FontBox<SwiftUI.Font.TextStyleProvider>), subheadline: SwiftUI.Font(provider: SwiftUI.FontBox<SwiftUI.Font.TextStyleProvider>), footnote: SwiftUI.Font(provider: SwiftUI.FontBox<SwiftUI.Font.TextStyleProvider>), caption: SwiftUI.Font(provider: SwiftUI.FontBox<SwiftUI.Font.TextStyleProvider>)), spacingSystem: SixLayerFramework.HIGSpacingSystem(xs: 4.0, sm: 8.0, md: 16.0, lg: 24.0, xl: 32.0, xxl: 40.0, xxxl: 48.0), iconSystem: SixLayerFramework.HIGIconSystem(platform: SixLayerFramework.SixLayerPlatform.macOS), visualDesignSystem: SixLayerFramework.HIGVisualDesignSystem(platform: SixLayerFramework.SixLayerPlatform.macOS, animationSystem: SixLayerFramework.HIGAnimationSystem(platform: SixLayerFramework.SixLayerPlatform.macOS), shadowSystem: SixLayerFramework.HIGShadowSystem(platform: SixLayerFramework.SixLayerPlatform.macOS), cornerRadiusSystem: SixLayerFramework.HIGCornerRadiusSystem(platform: SixLayerFramework.SixLayerPlatform.macOS), borderWidthSystem: SixLayerFramework.HIGBorderWidthSystem(platform: SixLayerFramework.SixLayerPlatform.macOS), opacitySystem: SixLayerFramework.HIGOpacitySystem(), blurSystem: SixLayerFramework.HIGBlurSystem(platform: SixLayerFramework.SixLayerPlatform.macOS))), platform: SixLayerFramework.SixLayerPlatform.macOS, visualDesignConfig: SixLayerFramework.HIGVisualDesignCategoryConfig(applyAnimations: false, applyShadows: false, applyCornerRadius: false, applyBorders: false, applyOpacity: false, applyBlur: false, defaultAnimationCategory: nil, defaultShadowCategory: SixLayerFramework.HIGShadowCategory.elevated, defaultCornerRadiusCategory: SixLayerFramework.HIGCornerRadiusCategory.medium, defaultBorderWidthCategory: SixLayerFramework.HIGBorderWidthCategory.thin, defaultOpacityCategory: SixLayerFramework.HIGOpacityCategory.primary, defaultBlurCategory: SixLayerFramework.HIGBlurCategory.light), iOSConfig: nil)), modifier: SixLayerFramework.AutomaticComplianceModifier()), action: (Function), style: SixLayerFramework.InteractionButtonStyle.primary, _inputManager: SwiftUI.StateObject<SixLayerFramework.InputHandlingManager>(storage: SwiftUI.StateObject<SixLayerFramework.InputHandlingManager>.Storage.initially((Function)))), modifier: SixLayerFramework.SystemAccessibilityModifier(accessibilityState: SixLayerFramework.AccessibilitySystemState(isVoiceOverRunning: false, isDarkerSystemColorsEnabled: false, isReduceTransparencyEnabled: false, isHighContrastEnabled: false, isReducedMotionEnabled: false, hasKeyboardSupport: false, hasFullKeyboardAccess: false, hasSwitchControl: false), platform: SixLayerFramework.SixLayerPlatform.iOS))), expectedPattern: "SixLayer.*ui", platform: (SixLayerPlatform.iOS → .iOS), componentName: "AutomaticAccessibilityModifier"): // Should look for modifier-specific accessibility identifier with current format
// TODO: ViewInspector Detection Issue - VERIFIED: Framework function (e.g., platformPresentContent_L1) DOES have .automaticCompliance() 
// modifier applied. The componentName "Framework Function" is a test label, not a framework component.
// The test needs to be updated to handle ViewInspector's inability to detect these modifiers reliably.
// This is a ViewInspector limitation, not a missing modifier issue.
// TODO: Temporarily passing test - framework function HAS modifier but ViewInspector can't detect it
// Remove this workaround once ViewInspector detection is fixed
AutomaticAccessibilityModifier should generate modifier-specific accessibility ID
testAutomaticAccessibilityExtensionWorks()
AccessibilityIdentifiersDebugTests.swift:98: Expectation failed: testComponentComplianceSinglePlatform((testView → ModifiedContent<PlatformInteractionButton<ModifiedContent<ModifiedContent<ModifiedContent<ModifiedContent<ModifiedContent<GenericContentView, _EnvironmentKeyWritingModifier<Optional<String>>>, SystemAccessibilityModifier>, PlatformPatternModifier>, VisualConsistencyModifier>, AutomaticComplianceModifier>>, SystemAccessibilityModifier>(content: SixLayerFramework.PlatformInteractionButton<SwiftUI.ModifiedContent<SwiftUI.ModifiedContent<SwiftUI.ModifiedContent<SwiftUI.ModifiedContent<SwiftUI.ModifiedContent<SixLayerFramework.GenericContentView, SwiftUI._EnvironmentKeyWritingModifier<Swift.Optional<Swift.String>>>, SixLayerFramework.SystemAccessibilityModifier>, SixLayerFramework.PlatformPatternModifier>, SixLayerFramework.VisualConsistencyModifier>, SixLayerFramework.AutomaticComplianceModifier>>(label: SwiftUI.ModifiedContent<SwiftUI.ModifiedContent<SwiftUI.ModifiedContent<SwiftUI.ModifiedContent<SwiftUI.ModifiedContent<SixLayerFramework.GenericContentView, SwiftUI._EnvironmentKeyWritingModifier<Swift.Optional<Swift.String>>>, SixLayerFramework.SystemAccessibilityModifier>, SixLayerFramework.PlatformPatternModifier>, SixLayerFramework.VisualConsistencyModifier>, SixLayerFramework.AutomaticComplianceModifier>(content: SwiftUI.ModifiedContent<SwiftUI.ModifiedContent<SwiftUI.ModifiedContent<SwiftUI.ModifiedContent<SixLayerFramework.GenericContentView, SwiftUI._EnvironmentKeyWritingModifier<Swift.Optional<Swift.String>>>, SixLayerFramework.SystemAccessibilityModifier>, SixLayerFramework.PlatformPatternModifier>, SixLayerFramework.VisualConsistencyModifier>(content: SwiftUI.ModifiedContent<SwiftUI.ModifiedContent<SwiftUI.ModifiedContent<SixLayerFramework.GenericContentView, SwiftUI._EnvironmentKeyWritingModifier<Swift.Optional<Swift.String>>>, SixLayerFramework.SystemAccessibilityModifier>, SixLayerFramework.PlatformPatternModifier>(content: SwiftUI.ModifiedContent<SwiftUI.ModifiedContent<SixLayerFramework.GenericContentView, SwiftUI._EnvironmentKeyWritingModifier<Swift.Optional<Swift.String>>>, SixLayerFramework.SystemAccessibilityModifier>(content: SwiftUI.ModifiedContent<SixLayerFramework.GenericContentView, SwiftUI._EnvironmentKeyWritingModifier<Swift.Optional<Swift.String>>>(content: SixLayerFramework.GenericContentView(content: "Test", hints: SixLayerFramework.PresentationHints(dataType: SixLayerFramework.DataTypeHint.generic, presentationPreference: SixLayerFramework.PresentationPreference.automatic, complexity: SixLayerFramework.ContentComplexity.moderate, context: SixLayerFramework.PresentationContext.dashboard, customPreferences: [:], fieldHints: [:])), modifier: SwiftUI._EnvironmentKeyWritingModifier<Swift.Optional<Swift.String>>(keyPath: \EnvironmentValues.accessibilityIdentifierName, value: Optional("platformPresentContent_L1"))), modifier: SixLayerFramework.SystemAccessibilityModifier(accessibilityState: SixLayerFramework.AccessibilitySystemState(isVoiceOverRunning: false, isDarkerSystemColorsEnabled: false, isReduceTransparencyEnabled: false, isHighContrastEnabled: false, isReducedMotionEnabled: false, hasKeyboardSupport: false, hasFullKeyboardAccess: false, hasSwitchControl: false), platform: SixLayerFramework.SixLayerPlatform.iOS)), modifier: SixLayerFramework.PlatformPatternModifier(designSystem: SixLayerFramework.PlatformDesignSystem(platform: SixLayerFramework.SixLayerPlatform.macOS, colorSystem: SixLayerFramework.HIGColorSystem(primary: SwiftUI.AnyShapeStyle(storage: SwiftUI.AnyShapeStyle.Storage(box: SwiftUI.ColorBox<SwiftUI.SystemColorType>)), secondary: SwiftUI.AnyShapeStyle(storage: SwiftUI.AnyShapeStyle.Storage(box: SwiftUI.ColorBox<SwiftUI.SystemColorType>)), accent: SwiftUI.AnyShapeStyle(storage: SwiftUI.AnyShapeStyle.Storage(box: SwiftUI.ColorBox<SwiftUI.Color.AccentColorProvider>)), background: SwiftUI.AnyShapeStyle(storage: SwiftUI.AnyShapeStyle.Storage(box: SwiftUI.ColorBox<SwiftUI.AppKitPlatformColorProvider>)), surface: SwiftUI.AnyShapeStyle(storage: SwiftUI.AnyShapeStyle.Storage(box: SwiftUI.ColorBox<SwiftUI.AppKitPlatformColorProvider>)), text: SwiftUI.AnyShapeStyle(storage: SwiftUI.AnyShapeStyle.Storage(box: SwiftUI.ColorBox<SwiftUI.AppKitPlatformColorProvider>)), textSecondary: SwiftUI.AnyShapeStyle(storage: SwiftUI.AnyShapeStyle.Storage(box: SwiftUI.ColorBox<SwiftUI.SystemColorType>))), typographySystem: SixLayerFramework.HIGTypographySystem(largeTitle: SwiftUI.Font(provider: SwiftUI.FontBox<SwiftUI.Font.TextStyleProvider>), title: SwiftUI.Font(provider: SwiftUI.FontBox<SwiftUI.Font.TextStyleProvider>), headline: SwiftUI.Font(provider: SwiftUI.FontBox<SwiftUI.Font.TextStyleProvider>), body: SwiftUI.Font(provider: SwiftUI.FontBox<SwiftUI.Font.TextStyleProvider>), callout: SwiftUI.Font(provider: SwiftUI.FontBox<SwiftUI.Font.TextStyleProvider>), subheadline: SwiftUI.Font(provider: SwiftUI.FontBox<SwiftUI.Font.TextStyleProvider>), footnote: SwiftUI.Font(provider: SwiftUI.FontBox<SwiftUI.Font.TextStyleProvider>), caption: SwiftUI.Font(provider: SwiftUI.FontBox<SwiftUI.Font.TextStyleProvider>)), spacingSystem: SixLayerFramework.HIGSpacingSystem(xs: 4.0, sm: 8.0, md: 16.0, lg: 24.0, xl: 32.0, xxl: 40.0, xxxl: 48.0), iconSystem: SixLayerFramework.HIGIconSystem(platform: SixLayerFramework.SixLayerPlatform.macOS), visualDesignSystem: SixLayerFramework.HIGVisualDesignSystem(platform: SixLayerFramework.SixLayerPlatform.macOS, animationSystem: SixLayerFramework.HIGAnimationSystem(platform: SixLayerFramework.SixLayerPlatform.macOS), shadowSystem: SixLayerFramework.HIGShadowSystem(platform: SixLayerFramework.SixLayerPlatform.macOS), cornerRadiusSystem: SixLayerFramework.HIGCornerRadiusSystem(platform: SixLayerFramework.SixLayerPlatform.macOS), borderWidthSystem: SixLayerFramework.HIGBorderWidthSystem(platform: SixLayerFramework.SixLayerPlatform.macOS), opacitySystem: SixLayerFramework.HIGOpacitySystem(), blurSystem: SixLayerFramework.HIGBlurSystem(platform: SixLayerFramework.SixLayerPlatform.macOS))), platform: SixLayerFramework.SixLayerPlatform.macOS)), modifier: SixLayerFramework.VisualConsistencyModifier(designSystem: SixLayerFramework.PlatformDesignSystem(platform: SixLayerFramework.SixLayerPlatform.macOS, colorSystem: SixLayerFramework.HIGColorSystem(primary: SwiftUI.AnyShapeStyle(storage: SwiftUI.AnyShapeStyle.Storage(box: SwiftUI.ColorBox<SwiftUI.SystemColorType>)), secondary: SwiftUI.AnyShapeStyle(storage: SwiftUI.AnyShapeStyle.Storage(box: SwiftUI.ColorBox<SwiftUI.SystemColorType>)), accent: SwiftUI.AnyShapeStyle(storage: SwiftUI.AnyShapeStyle.Storage(box: SwiftUI.ColorBox<SwiftUI.Color.AccentColorProvider>)), background: SwiftUI.AnyShapeStyle(storage: SwiftUI.AnyShapeStyle.Storage(box: SwiftUI.ColorBox<SwiftUI.AppKitPlatformColorProvider>)), surface: SwiftUI.AnyShapeStyle(storage: SwiftUI.AnyShapeStyle.Storage(box: SwiftUI.ColorBox<SwiftUI.AppKitPlatformColorProvider>)), text: SwiftUI.AnyShapeStyle(storage: SwiftUI.AnyShapeStyle.Storage(box: SwiftUI.ColorBox<SwiftUI.AppKitPlatformColorProvider>)), textSecondary: SwiftUI.AnyShapeStyle(storage: SwiftUI.AnyShapeStyle.Storage(box: SwiftUI.ColorBox<SwiftUI.SystemColorType>))), typographySystem: SixLayerFramework.HIGTypographySystem(largeTitle: SwiftUI.Font(provider: SwiftUI.FontBox<SwiftUI.Font.TextStyleProvider>), title: SwiftUI.Font(provider: SwiftUI.FontBox<SwiftUI.Font.TextStyleProvider>), headline: SwiftUI.Font(provider: SwiftUI.FontBox<SwiftUI.Font.TextStyleProvider>), body: SwiftUI.Font(provider: SwiftUI.FontBox<SwiftUI.Font.TextStyleProvider>), callout: SwiftUI.Font(provider: SwiftUI.FontBox<SwiftUI.Font.TextStyleProvider>), subheadline: SwiftUI.Font(provider: SwiftUI.FontBox<SwiftUI.Font.TextStyleProvider>), footnote: SwiftUI.Font(provider: SwiftUI.FontBox<SwiftUI.Font.TextStyleProvider>), caption: SwiftUI.Font(provider: SwiftUI.FontBox<SwiftUI.Font.TextStyleProvider>)), spacingSystem: SixLayerFramework.HIGSpacingSystem(xs: 4.0, sm: 8.0, md: 16.0, lg: 24.0, xl: 32.0, xxl: 40.0, xxxl: 48.0), iconSystem: SixLayerFramework.HIGIconSystem(platform: SixLayerFramework.SixLayerPlatform.macOS), visualDesignSystem: SixLayerFramework.HIGVisualDesignSystem(platform: SixLayerFramework.SixLayerPlatform.macOS, animationSystem: SixLayerFramework.HIGAnimationSystem(platform: SixLayerFramework.SixLayerPlatform.macOS), shadowSystem: SixLayerFramework.HIGShadowSystem(platform: SixLayerFramework.SixLayerPlatform.macOS), cornerRadiusSystem: SixLayerFramework.HIGCornerRadiusSystem(platform: SixLayerFramework.SixLayerPlatform.macOS), borderWidthSystem: SixLayerFramework.HIGBorderWidthSystem(platform: SixLayerFramework.SixLayerPlatform.macOS), opacitySystem: SixLayerFramework.HIGOpacitySystem(), blurSystem: SixLayerFramework.HIGBlurSystem(platform: SixLayerFramework.SixLayerPlatform.macOS))), platform: SixLayerFramework.SixLayerPlatform.macOS, visualDesignConfig: SixLayerFramework.HIGVisualDesignCategoryConfig(applyAnimations: false, applyShadows: false, applyCornerRadius: false, applyBorders: false, applyOpacity: false, applyBlur: false, defaultAnimationCategory: nil, defaultShadowCategory: SixLayerFramework.HIGShadowCategory.elevated, defaultCornerRadiusCategory: SixLayerFramework.HIGCornerRadiusCategory.medium, defaultBorderWidthCategory: SixLayerFramework.HIGBorderWidthCategory.thin, defaultOpacityCategory: SixLayerFramework.HIGOpacityCategory.primary, defaultBlurCategory: SixLayerFramework.HIGBlurCategory.light), iOSConfig: nil)), modifier: SixLayerFramework.AutomaticComplianceModifier()), action: (Function), style: SixLayerFramework.InteractionButtonStyle.primary, _inputManager: SwiftUI.StateObject<SixLayerFramework.InputHandlingManager>(storage: SwiftUI.StateObject<SixLayerFramework.InputHandlingManager>.Storage.initially((Function)))), modifier: SixLayerFramework.SystemAccessibilityModifier(accessibilityState: SixLayerFramework.AccessibilitySystemState(isVoiceOverRunning: false, isDarkerSystemColorsEnabled: false, isReduceTransparencyEnabled: false, isHighContrastEnabled: false, isReducedMotionEnabled: false, hasKeyboardSupport: false, hasFullKeyboardAccess: false, hasSwitchControl: false), platform: SixLayerFramework.SixLayerPlatform.iOS))), expectedPattern: "SixLayer.*ui", platform: (SixLayerPlatform.iOS → .iOS), componentName: "AutomaticAccessibilityExtension"): // Should look for extension-specific accessibility identifier with current format
// TODO: ViewInspector Detection Issue - VERIFIED: Framework function (e.g., platformPresentContent_L1) DOES have .automaticCompliance() 
// modifier applied. The componentName "Framework Function" is a test label, not a framework component.
// The test needs to be updated to handle ViewInspector's inability to detect these modifiers reliably.
// This is a ViewInspector limitation, not a missing modifier issue.
// TODO: Temporarily passing test - framework function HAS modifier but ViewInspector can't detect it
// Remove this workaround once ViewInspector detection is fixed
.automaticAccessibility() should generate extension-specific accessibility ID
Adaptive Detail View Rendering
testAdaptiveViewGeneratesAccessibilityIdentifiers()
AdaptiveDetailViewRenderingTests.swift:136: Expectation failed: hasAccessibilityID: platformAdaptiveDetailView (actual framework code) should generate accessibility identifiers 
Apple HIG Compliance Component Accessibility
testAppleHIGComplianceModifierGeneratesAccessibilityIdentifiers()
AppleHIGComplianceComponentAccessibilityTests.swift:40: Expectation failed: hasAccessibilityID: AppleHIGComplianceModifier should generate accessibility identifiers
testSystemAccessibilityModifierGeneratesAccessibilityIdentifiers()
AppleHIGComplianceComponentAccessibilityTests.swift:63: Expectation failed: hasAccessibilityID: SystemAccessibilityModifier should generate accessibility identifiers
testPlatformPatternModifierGeneratesAccessibilityIdentifiers()
AppleHIGComplianceComponentAccessibilityTests.swift:89: Expectation failed: hasAccessibilityID: PlatformPatternModifier should generate accessibility identifiers 
testVisualConsistencyModifierGeneratesAccessibilityIdentifiers()
AppleHIGComplianceComponentAccessibilityTests.swift:115: Expectation failed: hasAccessibilityID: VisualConsistencyModifier should generate accessibility identifiers 
testInteractionPatternModifierGeneratesAccessibilityIdentifiers()
AppleHIGComplianceComponentAccessibilityTests.swift:141: Expectation failed: hasAccessibilityID: InteractionPatternModifier should generate accessibility identifiers 
testVoiceOverSupportModifierGeneratesAccessibilityIdentifiers()
AppleHIGComplianceComponentAccessibilityTests.swift:167: Expectation failed: hasAccessibilityID: VoiceOverSupportModifier should generate accessibility identifiers 
testKeyboardNavigationModifierGeneratesAccessibilityIdentifiers()
AppleHIGComplianceComponentAccessibilityTests.swift:193: Expectation failed: hasAccessibilityID: KeyboardNavigationModifier should generate accessibility identifiers 
testHighContrastModifierGeneratesAccessibilityIdentifiers()
AppleHIGComplianceComponentAccessibilityTests.swift:219: Expectation failed: hasAccessibilityID: HighContrastModifier should generate accessibility identifiers 
testReducedMotionModifierGeneratesAccessibilityIdentifiers()
AppleHIGComplianceComponentAccessibilityTests.swift:245: Expectation failed: hasAccessibilityID: ReducedMotionModifier should generate accessibility identifiers 
testDynamicTypeModifierGeneratesAccessibilityIdentifiers()
AppleHIGComplianceComponentAccessibilityTests.swift:271: Expectation failed: hasAccessibilityID: DynamicTypeModifier should generate accessibility identifiers 
testPlatformStylingModifierGeneratesAccessibilityIdentifiers()
AppleHIGComplianceComponentAccessibilityTests.swift:306: Expectation failed: hasAccessibilityID: PlatformStylingModifier should generate accessibility identifiers 
testPlatformIconModifierGeneratesAccessibilityIdentifiers()
AppleHIGComplianceComponentAccessibilityTests.swift:332: Expectation failed: hasAccessibilityID: PlatformIconModifier should generate accessibility identifiers 
testSystemColorModifierGeneratesAccessibilityIdentifiers()
AppleHIGComplianceComponentAccessibilityTests.swift:358: Expectation failed: hasAccessibilityID: SystemColorModifier should generate accessibility identifiers 
testSystemTypographyModifierGeneratesAccessibilityIdentifiers()
AppleHIGComplianceComponentAccessibilityTests.swift:384: Expectation failed: hasAccessibilityID: SystemTypographyModifier should generate accessibility identifiers 
testSpacingModifierGeneratesAccessibilityIdentifiers()
AppleHIGComplianceComponentAccessibilityTests.swift:410: Expectation failed: hasAccessibilityID: SpacingModifier should generate accessibility identifiers 
testTouchTargetModifierGeneratesAccessibilityIdentifiers()
AppleHIGComplianceComponentAccessibilityTests.swift:436: Expectation failed: hasAccessibilityID: TouchTargetModifier should generate accessibility identifiers 
testPlatformInteractionModifierGeneratesAccessibilityIdentifiers()
AppleHIGComplianceComponentAccessibilityTests.swift:462: Expectation failed: hasAccessibilityID: PlatformInteractionModifier should generate accessibility identifiers 
testHapticFeedbackModifierGeneratesAccessibilityIdentifiers()
AppleHIGComplianceComponentAccessibilityTests.swift:488: Expectation failed: hasAccessibilityID: HapticFeedbackModifier should generate accessibility identifiers 
testGestureRecognitionModifierGeneratesAccessibilityIdentifiers()
AppleHIGComplianceComponentAccessibilityTests.swift:514: Expectation failed: hasAccessibilityID: GestureRecognitionModifier should generate accessibility identifiers 
testAppleHIGComplianceManagerGeneratesAccessibilityIdentifiers()
AppleHIGComplianceComponentAccessibilityTests.swift:537: Expectation failed: hasAccessibilityID: AppleHIGComplianceManager should generate accessibility identifiers 
Apple HIG Compliance Manager Accessibility
testAppleHIGComplianceManagerGeneratesAccessibilityIdentifiersOnIOS()
AppleHIGComplianceManagerAccessibilityTests.swift:36: Expectation failed: hasAccessibilityID: View with .appleHIGCompliant() (using AppleHIGComplianceManager) should generate accessibility identifiers on iOS 
testAppleHIGComplianceManagerGeneratesAccessibilityIdentifiersOnMacOS()
AppleHIGComplianceManagerAccessibilityTests.swift:63: Expectation failed: hasAccessibilityID: View with .appleHIGCompliant() (using AppleHIGComplianceManager) should generate accessibility identifiers on macOS 
Assistive Touch Manager Accessibility
testAssistiveTouchManagerGeneratesAccessibilityIdentifiersOnIOS()
AssistiveTouchManagerAccessibilityTests.swift:35: Expectation failed: hasAccessibilityID: View with .assistiveTouchEnabled() (using AssistiveTouchManager) should generate accessibility identifiers on iOS 
testAssistiveTouchManagerGeneratesAccessibilityIdentifiersOnMacOS()
AssistiveTouchManagerAccessibilityTests.swift:60: Expectation failed: hasAccessibilityID: View with .assistiveTouchEnabled() (using AssistiveTouchManager) should generate accessibility identifiers on macOS 
Automatic Accessibility Identifier
testManualAccessibilityIdentifiersOverrideAutomatic()
AutomaticAccessibilityIdentifierTests.swift:286: Expectation failed: hasManualID: Manual identifier should override automatic generation 
testLayer1FunctionsIncludeAutomaticIdentifiers()
AutomaticAccessibilityIdentifierTests.swift:403: Expectation failed: testComponentComplianceSinglePlatform((view → ModifiedContent<ModifiedContent<GenericItemCollectionView<AccessibilityTestItem>, _EnvironmentKeyWritingModifier<Optional<String>>>, AutomaticComplianceModifier>(content: SwiftUI.ModifiedContent<SixLayerFramework.GenericItemCollectionView<SixLayerFrameworkUITests_macOS.AccessibilityTestItem>, SwiftUI._EnvironmentKeyWritingModifier<Swift.Optional<Swift.String>>>(content: SixLayerFramework.GenericItemCollectionView<SixLayerFrameworkUITests_macOS.AccessibilityTestItem>(items: [SixLayerFrameworkUITests_macOS.AccessibilityTestItem(id: "user-1", title: "Alice", subtitle: "Developer"), SixLayerFrameworkUITests_macOS.AccessibilityTestItem(id: "user-2", title: "Bob", subtitle: "Designer")], hints: SixLayerFramework.PresentationHints(dataType: SixLayerFramework.DataTypeHint.generic, presentationPreference: SixLayerFramework.PresentationPreference.grid, complexity: SixLayerFramework.ContentComplexity.moderate, context: SixLayerFramework.PresentationContext.list, customPreferences: [:], fieldHints: [:]), onCreateItem: nil, onItemSelected: nil, onItemDeleted: nil, onItemEdited: nil), modifier: SwiftUI._EnvironmentKeyWritingModifier<Swift.Optional<Swift.String>>(keyPath: \EnvironmentValues.accessibilityIdentifierName, value: Optional("platformPresentItemCollection_L1"))), modifier: SixLayerFramework.AutomaticComplianceModifier())), expectedPattern: "SixLayer.layer1.*element.*", platform: (SixLayerPlatform.iOS → .iOS), componentName: "Layer1Functions"): Layer 1 function should generate accessibility identifiers matching pattern 'SixLayer.layer1.*element.*'
testUITestCodeClipboardGeneration()
AutomaticAccessibilityIdentifierTests.swift:789: Expectation failed: !((clipboardContent → "").isEmpty → true → true): Clipboard should contain generated UI test content
testTrackViewHierarchyAutomaticallyAppliesAccessibilityIdentifiers()
AutomaticAccessibilityIdentifierTests.swift:830: Expectation failed: testComponentComplianceSinglePlatform((testView → ModifiedContent<PlatformInteractionButton<ModifiedContent<ModifiedContent<ModifiedContent<ModifiedContent<ModifiedContent<GenericContentView, _EnvironmentKeyWritingModifier<Optional<String>>>, SystemAccessibilityModifier>, PlatformPatternModifier>, VisualConsistencyModifier>, AutomaticComplianceModifier>>, NamedModifier>(content: SixLayerFramework.PlatformInteractionButton<SwiftUI.ModifiedContent<SwiftUI.ModifiedContent<SwiftUI.ModifiedContent<SwiftUI.ModifiedContent<SwiftUI.ModifiedContent<SixLayerFramework.GenericContentView, SwiftUI._EnvironmentKeyWritingModifier<Swift.Optional<Swift.String>>>, SixLayerFramework.SystemAccessibilityModifier>, SixLayerFramework.PlatformPatternModifier>, SixLayerFramework.VisualConsistencyModifier>, SixLayerFramework.AutomaticComplianceModifier>>(label: SwiftUI.ModifiedContent<SwiftUI.ModifiedContent<SwiftUI.ModifiedContent<SwiftUI.ModifiedContent<SwiftUI.ModifiedContent<SixLayerFramework.GenericContentView, SwiftUI._EnvironmentKeyWritingModifier<Swift.Optional<Swift.String>>>, SixLayerFramework.SystemAccessibilityModifier>, SixLayerFramework.PlatformPatternModifier>, SixLayerFramework.VisualConsistencyModifier>, SixLayerFramework.AutomaticComplianceModifier>(content: SwiftUI.ModifiedContent<SwiftUI.ModifiedContent<SwiftUI.ModifiedContent<SwiftUI.ModifiedContent<SixLayerFramework.GenericContentView, SwiftUI._EnvironmentKeyWritingModifier<Swift.Optional<Swift.String>>>, SixLayerFramework.SystemAccessibilityModifier>, SixLayerFramework.PlatformPatternModifier>, SixLayerFramework.VisualConsistencyModifier>(content: SwiftUI.ModifiedContent<SwiftUI.ModifiedContent<SwiftUI.ModifiedContent<SixLayerFramework.GenericContentView, SwiftUI._EnvironmentKeyWritingModifier<Swift.Optional<Swift.String>>>, SixLayerFramework.SystemAccessibilityModifier>, SixLayerFramework.PlatformPatternModifier>(content: SwiftUI.ModifiedContent<SwiftUI.ModifiedContent<SixLayerFramework.GenericContentView, SwiftUI._EnvironmentKeyWritingModifier<Swift.Optional<Swift.String>>>, SixLayerFramework.SystemAccessibilityModifier>(content: SwiftUI.ModifiedContent<SixLayerFramework.GenericContentView, SwiftUI._EnvironmentKeyWritingModifier<Swift.Optional<Swift.String>>>(content: SixLayerFramework.GenericContentView(content: "Add Fuel", hints: SixLayerFramework.PresentationHints(dataType: SixLayerFramework.DataTypeHint.generic, presentationPreference: SixLayerFramework.PresentationPreference.automatic, complexity: SixLayerFramework.ContentComplexity.moderate, context: SixLayerFramework.PresentationContext.dashboard, customPreferences: [:], fieldHints: [:])), modifier: SwiftUI._EnvironmentKeyWritingModifier<Swift.Optional<Swift.String>>(keyPath: \EnvironmentValues.accessibilityIdentifierName, value: Optional("platformPresentContent_L1"))), modifier: SixLayerFramework.SystemAccessibilityModifier(accessibilityState: SixLayerFramework.AccessibilitySystemState(isVoiceOverRunning: false, isDarkerSystemColorsEnabled: false, isReduceTransparencyEnabled: false, isHighContrastEnabled: false, isReducedMotionEnabled: false, hasKeyboardSupport: false, hasFullKeyboardAccess: false, hasSwitchControl: false), platform: SixLayerFramework.SixLayerPlatform.iOS)), modifier: SixLayerFramework.PlatformPatternModifier(designSystem: SixLayerFramework.PlatformDesignSystem(platform: SixLayerFramework.SixLayerPlatform.macOS, colorSystem: SixLayerFramework.HIGColorSystem(primary: SwiftUI.AnyShapeStyle(storage: SwiftUI.AnyShapeStyle.Storage(box: SwiftUI.ColorBox<SwiftUI.SystemColorType>)), secondary: SwiftUI.AnyShapeStyle(storage: SwiftUI.AnyShapeStyle.Storage(box: SwiftUI.ColorBox<SwiftUI.SystemColorType>)), accent: SwiftUI.AnyShapeStyle(storage: SwiftUI.AnyShapeStyle.Storage(box: SwiftUI.ColorBox<SwiftUI.Color.AccentColorProvider>)), background: SwiftUI.AnyShapeStyle(storage: SwiftUI.AnyShapeStyle.Storage(box: SwiftUI.ColorBox<SwiftUI.AppKitPlatformColorProvider>)), surface: SwiftUI.AnyShapeStyle(storage: SwiftUI.AnyShapeStyle.Storage(box: SwiftUI.ColorBox<SwiftUI.AppKitPlatformColorProvider>)), text: SwiftUI.AnyShapeStyle(storage: SwiftUI.AnyShapeStyle.Storage(box: SwiftUI.ColorBox<SwiftUI.AppKitPlatformColorProvider>)), textSecondary: SwiftUI.AnyShapeStyle(storage: SwiftUI.AnyShapeStyle.Storage(box: SwiftUI.ColorBox<SwiftUI.SystemColorType>))), typographySystem: SixLayerFramework.HIGTypographySystem(largeTitle: SwiftUI.Font(provider: SwiftUI.FontBox<SwiftUI.Font.TextStyleProvider>), title: SwiftUI.Font(provider: SwiftUI.FontBox<SwiftUI.Font.TextStyleProvider>), headline: SwiftUI.Font(provider: SwiftUI.FontBox<SwiftUI.Font.TextStyleProvider>), body: SwiftUI.Font(provider: SwiftUI.FontBox<SwiftUI.Font.TextStyleProvider>), callout: SwiftUI.Font(provider: SwiftUI.FontBox<SwiftUI.Font.TextStyleProvider>), subheadline: SwiftUI.Font(provider: SwiftUI.FontBox<SwiftUI.Font.TextStyleProvider>), footnote: SwiftUI.Font(provider: SwiftUI.FontBox<SwiftUI.Font.TextStyleProvider>), caption: SwiftUI.Font(provider: SwiftUI.FontBox<SwiftUI.Font.TextStyleProvider>)), spacingSystem: SixLayerFramework.HIGSpacingSystem(xs: 4.0, sm: 8.0, md: 16.0, lg: 24.0, xl: 32.0, xxl: 40.0, xxxl: 48.0), iconSystem: SixLayerFramework.HIGIconSystem(platform: SixLayerFramework.SixLayerPlatform.macOS), visualDesignSystem: SixLayerFramework.HIGVisualDesignSystem(platform: SixLayerFramework.SixLayerPlatform.macOS, animationSystem: SixLayerFramework.HIGAnimationSystem(platform: SixLayerFramework.SixLayerPlatform.macOS), shadowSystem: SixLayerFramework.HIGShadowSystem(platform: SixLayerFramework.SixLayerPlatform.macOS), cornerRadiusSystem: SixLayerFramework.HIGCornerRadiusSystem(platform: SixLayerFramework.SixLayerPlatform.macOS), borderWidthSystem: SixLayerFramework.HIGBorderWidthSystem(platform: SixLayerFramework.SixLayerPlatform.macOS), opacitySystem: SixLayerFramework.HIGOpacitySystem(), blurSystem: SixLayerFramework.HIGBlurSystem(platform: SixLayerFramework.SixLayerPlatform.macOS))), platform: SixLayerFramework.SixLayerPlatform.macOS)), modifier: SixLayerFramework.VisualConsistencyModifier(designSystem: SixLayerFramework.PlatformDesignSystem(platform: SixLayerFramework.SixLayerPlatform.macOS, colorSystem: SixLayerFramework.HIGColorSystem(primary: SwiftUI.AnyShapeStyle(storage: SwiftUI.AnyShapeStyle.Storage(box: SwiftUI.ColorBox<SwiftUI.SystemColorType>)), secondary: SwiftUI.AnyShapeStyle(storage: SwiftUI.AnyShapeStyle.Storage(box: SwiftUI.ColorBox<SwiftUI.SystemColorType>)), accent: SwiftUI.AnyShapeStyle(storage: SwiftUI.AnyShapeStyle.Storage(box: SwiftUI.ColorBox<SwiftUI.Color.AccentColorProvider>)), background: SwiftUI.AnyShapeStyle(storage: SwiftUI.AnyShapeStyle.Storage(box: SwiftUI.ColorBox<SwiftUI.AppKitPlatformColorProvider>)), surface: SwiftUI.AnyShapeStyle(storage: SwiftUI.AnyShapeStyle.Storage(box: SwiftUI.ColorBox<SwiftUI.AppKitPlatformColorProvider>)), text: SwiftUI.AnyShapeStyle(storage: SwiftUI.AnyShapeStyle.Storage(box: SwiftUI.ColorBox<SwiftUI.AppKitPlatformColorProvider>)), textSecondary: SwiftUI.AnyShapeStyle(storage: SwiftUI.AnyShapeStyle.Storage(box: SwiftUI.ColorBox<SwiftUI.SystemColorType>))), typographySystem: SixLayerFramework.HIGTypographySystem(largeTitle: SwiftUI.Font(provider: SwiftUI.FontBox<SwiftUI.Font.TextStyleProvider>), title: SwiftUI.Font(provider: SwiftUI.FontBox<SwiftUI.Font.TextStyleProvider>), headline: SwiftUI.Font(provider: SwiftUI.FontBox<SwiftUI.Font.TextStyleProvider>), body: SwiftUI.Font(provider: SwiftUI.FontBox<SwiftUI.Font.TextStyleProvider>), callout: SwiftUI.Font(provider: SwiftUI.FontBox<SwiftUI.Font.TextStyleProvider>), subheadline: SwiftUI.Font(provider: SwiftUI.FontBox<SwiftUI.Font.TextStyleProvider>), footnote: SwiftUI.Font(provider: SwiftUI.FontBox<SwiftUI.Font.TextStyleProvider>), caption: SwiftUI.Font(provider: SwiftUI.FontBox<SwiftUI.Font.TextStyleProvider>)), spacingSystem: SixLayerFramework.HIGSpacingSystem(xs: 4.0, sm: 8.0, md: 16.0, lg: 24.0, xl: 32.0, xxl: 40.0, xxxl: 48.0), iconSystem: SixLayerFramework.HIGIconSystem(platform: SixLayerFramework.SixLayerPlatform.macOS), visualDesignSystem: SixLayerFramework.HIGVisualDesignSystem(platform: SixLayerFramework.SixLayerPlatform.macOS, animationSystem: SixLayerFramework.HIGAnimationSystem(platform: SixLayerFramework.SixLayerPlatform.macOS), shadowSystem: SixLayerFramework.HIGShadowSystem(platform: SixLayerFramework.SixLayerPlatform.macOS), cornerRadiusSystem: SixLayerFramework.HIGCornerRadiusSystem(platform: SixLayerFramework.SixLayerPlatform.macOS), borderWidthSystem: SixLayerFramework.HIGBorderWidthSystem(platform: SixLayerFramework.SixLayerPlatform.macOS), opacitySystem: SixLayerFramework.HIGOpacitySystem(), blurSystem: SixLayerFramework.HIGBlurSystem(platform: SixLayerFramework.SixLayerPlatform.macOS))), platform: SixLayerFramework.SixLayerPlatform.macOS, visualDesignConfig: SixLayerFramework.HIGVisualDesignCategoryConfig(applyAnimations: false, applyShadows: false, applyCornerRadius: false, applyBorders: false, applyOpacity: false, applyBlur: false, defaultAnimationCategory: nil, defaultShadowCategory: SixLayerFramework.HIGShadowCategory.elevated, defaultCornerRadiusCategory: SixLayerFramework.HIGCornerRadiusCategory.medium, defaultBorderWidthCategory: SixLayerFramework.HIGBorderWidthCategory.thin, defaultOpacityCategory: SixLayerFramework.HIGOpacityCategory.primary, defaultBlurCategory: SixLayerFramework.HIGBlurCategory.light), iOSConfig: nil)), modifier: SixLayerFramework.AutomaticComplianceModifier()), action: (Function), style: SixLayerFramework.InteractionButtonStyle.primary, _inputManager: SwiftUI.StateObject<SixLayerFramework.InputHandlingManager>(storage: SwiftUI.StateObject<SixLayerFramework.InputHandlingManager>.Storage.initially((Function)))), modifier: SixLayerFramework.NamedModifier(name: "AddFuelButton"))), expectedPattern: "SixLayer.*AddFuelButton", platform: (SixLayerPlatform.iOS → .iOS), componentName: "NamedModifier"): View with .named() should generate accessibility identifiers containing the explicit name
testAutomaticAccessibilityIdentifiersWithNamedComponent()
AutomaticAccessibilityIdentifierTests.swift:938: Expectation failed: (identifier → "").contains("TestComponent"): // Then: The identifier should include the component name
Identifier should contain component name 'TestComponent', got: ''
AutomaticAccessibilityIdentifierTests.swift:940: Expectation failed: (identifier → "").contains("SixLayer"): Identifier should contain namespace 'SixLayer', got: ''
Automatic Accessibility Identifiers Component Accessibility
testAutomaticAccessibilityIdentifierModifierGeneratesAccessibilityIdentifiers()
AutomaticAccessibilityIdentifiersComponentAccessibilityTests.swift:27: Expectation failed: hasAccessibilityID: Framework component (platformPresentContent_L1) should generate accessibility identifiers 
testComprehensiveAccessibilityModifierGeneratesAccessibilityIdentifiers()
AutomaticAccessibilityIdentifiersComponentAccessibilityTests.swift:45: Expectation failed: hasAccessibilityID: Framework component (platformPresentBasicValue_L1) should generate accessibility identifiers 
testGlobalAutomaticAccessibilityIdentifierModifierGeneratesAccessibilityIdentifiers()
AutomaticAccessibilityIdentifiersComponentAccessibilityTests.swift:63: Expectation failed: hasAccessibilityID: Framework component (platformPresentBasicArray_L1) should generate accessibility identifiers 
testDisableAutomaticAccessibilityIdentifierModifierGeneratesAccessibilityIdentifiers()
AutomaticAccessibilityIdentifiersComponentAccessibilityTests.swift:81: Expectation failed: hasAccessibilityID: Framework component should automatically generate accessibility identifiers 
testAccessibilityIdentifierAssignmentModifierGeneratesAccessibilityIdentifiers()
AutomaticAccessibilityIdentifiersComponentAccessibilityTests.swift:99: Expectation failed: hasAccessibilityID: Framework component should automatically generate accessibility identifiers 
testViewHierarchyTrackingModifierGeneratesAccessibilityIdentifiers()
AutomaticAccessibilityIdentifiersComponentAccessibilityTests.swift:126: Expectation failed: hasAccessibilityID: Framework component (platformPresentItemCollection_L1) should generate accessibility identifiers 
testScreenContextModifierGeneratesAccessibilityIdentifiers()
AutomaticAccessibilityIdentifiersComponentAccessibilityTests.swift:143: Expectation failed: hasAccessibilityID: Framework component (platformPresentNumericData_L1) should generate accessibility identifiers 
testWorkingAccessibilityIdentifierModifierGeneratesAccessibilityIdentifiers()
AutomaticAccessibilityIdentifiersComponentAccessibilityTests.swift:160: Expectation failed: hasAccessibilityID: Framework component should automatically generate accessibility identifiers 
testExactAccessibilityIdentifierModifierGeneratesAccessibilityIdentifiers()
AutomaticAccessibilityIdentifiersComponentAccessibilityTests.swift:178: Expectation failed: hasAccessibilityID: Framework component (platformPresentContent_L1) should generate accessibility identifiers 
testHierarchicalNamedModifierGeneratesAccessibilityIdentifiers()
AutomaticAccessibilityIdentifiersComponentAccessibilityTests.swift:196: Expectation failed: hasAccessibilityID: Framework component should automatically generate accessibility identifiers 
testAccessibilityLabelAssignmentModifierGeneratesAccessibilityIdentifiers()
AutomaticAccessibilityIdentifiersComponentAccessibilityTests.swift:214: Expectation failed: hasAccessibilityID: Framework component (platformPresentBasicValue_L1) should generate accessibility identifiers 
testAccessibilityHintAssignmentModifierGeneratesAccessibilityIdentifiers()
AutomaticAccessibilityIdentifiersComponentAccessibilityTests.swift:232: Expectation failed: hasAccessibilityID: Framework component (platformPresentBasicArray_L1) should generate accessibility identifiers 
testAccessibilityTraitsAssignmentModifierGeneratesAccessibilityIdentifiers()
AutomaticAccessibilityIdentifiersComponentAccessibilityTests.swift:250: Expectation failed: hasAccessibilityID: Framework component should automatically generate accessibility identifiers 
testAccessibilityValueAssignmentModifierGeneratesAccessibilityIdentifiers()
AutomaticAccessibilityIdentifiersComponentAccessibilityTests.swift:267: Expectation failed: hasAccessibilityID: Framework component (platformPresentBasicValue_L1) should generate accessibility identifiers 
Automatic Accessibility Identifiers
testAutomaticAccessibilityIdentifiersModifierGeneratesIdentifiersOnIOS()
AutomaticAccessibilityIdentifiersTests.swift:71: Expectation failed: hasAccessibilityID: automaticAccessibilityIdentifiers modifier should generate accessibility identifiers on iOS 
testAutomaticAccessibilityIdentifiersModifierGeneratesIdentifiersOnMacOS()
AutomaticAccessibilityIdentifiersTests.swift:93: Expectation failed: hasAccessibilityID: automaticAccessibilityIdentifiers modifier should generate accessibility identifiers on macOS 
testNamedModifierGeneratesIdentifiersOnIOS()
AutomaticAccessibilityIdentifiersTests.swift:116: Expectation failed: hasAccessibilityID: named modifier should generate accessibility identifiers on iOS 
testNamedModifierGeneratesIdentifiersOnMacOS()
AutomaticAccessibilityIdentifiersTests.swift:138: Expectation failed: hasAccessibilityID: named modifier should generate accessibility identifiers on macOS 
testModifierDefersEnvironmentAccessUntilViewInstalled()
AutomaticAccessibilityIdentifiersTests.swift:211: Expectation failed: (identifier != nil → true) && (!(identifier?.isEmpty ?? true) → false): // TDD RED: Should PASS - environment should be accessed only when view is installed
Modifier should access environment only when view is installed, generating identifier: ''
BarcodeScanningUITests
testDynamicFormViewRendersBarcodeButtonForBarcodeEnabledFields()
BarcodeScanningUITests.swift:129: Expectation failed: (hStack.sixLayerCount → 0) >= 2: // The HStack should contain TextField and barcode Button
Barcode field HStack should contain TextField and barcode button
testFieldCanSupportBothOCRAndBarcodeScanning()
BarcodeScanningUITests.swift:189: Expectation failed: (hStack.sixLayerCount → 0) >= 3: // Should have at least 3 items: TextField, OCR button, Barcode button
Dual field should have TextField, OCR button, and barcode button
Collection Empty State View
testCollectionEmptyStateViewGeneratesAccessibilityIdentifiers(platform:)
.iOS
CollectionEmptyStateViewTests.swift:37: Expectation failed: testPassed: CollectionEmptyStateView should generate accessibility identifiers on iOS in automatic mode 
.macOS
CollectionEmptyStateViewTests.swift:37: Expectation failed: testPassed: CollectionEmptyStateView should generate accessibility identifiers on macOS in automatic mode 
testCollectionEmptyStateViewAllAccessibilityModes()
CollectionEmptyStateViewTests.swift:105: Expectation failed: automaticPassed: // Assert all results
CollectionEmptyStateView should work in automatic mode
CollectionEmptyStateViewTests.swift:106: Expectation failed: manualPassed: CollectionEmptyStateView should work in manual mode
CollectionEmptyStateViewTests.swift:107: Expectation failed: semanticPassed: CollectionEmptyStateView should work in semantic mode
testEmptyStateDisplaysCustomMessage()
CollectionEmptyStateViewTests.swift:157: Issue recorded: Could not find message text in empty state view
testEmptyStateDisplaysCreateButtonWhenOnCreateItemProvided()
CollectionEmptyStateViewTests.swift:204: Expectation failed: createItemCalled: Button tap should call onCreateItem callback
testHintsNotOverriddenInPlatformPresentItemCollection()
CollectionEmptyStateViewTests.swift:268: Expectation failed: hasCustomMessage: // TDD RED: Should FAIL if hints are overridden
Custom message should be displayed when hints are not overridden
CollectionEmptyStateViewTests.swift:274: Expectation failed: onCreateItemCalled: Create button should call onCreateItem callback
Collection View Callback
testPlatformPresentItemCollectionL1WithCallbacks()
CollectionViewCallbackTests.swift:86: Expectation failed: (textContents → []).contains(where: { $0.contains("Item 1") }): Should contain text from first sample item
CollectionViewCallbackTests.swift:88: Expectation failed: (textContents → []).contains(where: { $0.contains("Item 2") }): Should contain text from second sample item
testPlatformPresentItemCollectionL1WithoutCallbacks()
CollectionViewCallbackTests.swift:126: Expectation failed: (textContents → []).contains(where: { $0.contains("Item 1") }): Should contain text from first sample item
CollectionViewCallbackTests.swift:128: Expectation failed: (textContents → []).contains(where: { $0.contains("Item 2") }): Should contain text from second sample item
testListCollectionViewOnItemSelectedCallback()
CollectionViewCallbackTests.swift:252: Expectation failed: (listCardComponents.count → 1) == (sampleItems.count → 3): // Then: Verify the view structure
Should have cards for each item
CollectionViewCallbackTests.swift:275: Issue recorded: View inspection failed on this platform
Component Label Text Accessibility
testAdaptiveButtonIncludesLabelText()
ComponentLabelTextAccessibilityTests.swift:39: Expectation failed: ((buttonID?.contains("submit") ?? false) → false) || ((buttonID?.contains("Submit") ?? false) → false): // TODO: ViewInspector Detection Issue - VERIFIED: AdaptiveButton DOES pass label via .environment(\.accessibilityIdentifierLabel, title)
// in Framework/Sources/Extensions/Platform/PlatformUIPatterns.swift:408.
// The identifier generation includes sanitized label text at Framework/Sources/Extensions/Accessibility/AutomaticAccessibilityIdentifiers.swift:257-259.
// The test needs to be updated to handle ViewInspector's inability to detect these identifiers reliably.
// This is a ViewInspector limitation, not a missing implementation issue.
// TODO: Temporarily passing test - implementation IS correct but ViewInspector can't detect it
// Remove this workaround once ViewInspector detection is fixed
AdaptiveButton identifier should include label text 'Submit' (implementation verified in code)
testAdaptiveButtonDifferentLabelsDifferentIdentifiers()
ComponentLabelTextAccessibilityTests.swift:75: Expectation failed: (submitID → "") != (cancelID → ""): // TODO: ViewInspector Detection Issue - VERIFIED: AdaptiveButton DOES pass label via .environment(\.accessibilityIdentifierLabel, title)
// Different labels produce different IDs via sanitized label text inclusion.
// The test needs to be updated to handle ViewInspector's inability to detect these identifiers reliably.
// TODO: Temporarily passing test - implementation IS correct but ViewInspector can't detect it
Buttons with different labels should have different identifiers (implementation verified in code)
testPlatformNavigationTitleIncludesTitleText()
ComponentLabelTextAccessibilityTests.swift:109: Expectation failed: (viewID.contains("settings") → false) || (viewID.contains("Settings") → false): // TODO: ViewInspector Detection Issue - VERIFIED: platformNavigationTitle DOES pass label via .environment(\.accessibilityIdentifierLabel, title)
// in Framework/Sources/Layers/Layer4-Component/PlatformNavigationLayer4.swift:114,118,122.
// The test needs to be updated to handle ViewInspector's inability to detect these identifiers reliably.
// TODO: Temporarily passing test - implementation IS correct but ViewInspector can't detect it
platformNavigationTitle identifier should include title text 'Settings' (implementation verified in code)
testPlatformNavigationLinkWithTitleIncludesTitleText()
ComponentLabelTextAccessibilityTests.swift:150: Expectation failed: (viewID.contains("next") || viewID.contains("page") → false) || (viewID.contains("Next") → false): // TODO: ViewInspector Detection Issue - VERIFIED: platformNavigationLink_L4 DOES pass label via .environment(\.accessibilityIdentifierLabel, title)
// in Framework/Sources/Layers/Layer4-Component/PlatformNavigationLayer4.swift:205,214,225.
// The test needs to be updated to handle ViewInspector's inability to detect these identifiers reliably.
// TODO: Temporarily passing test - implementation IS correct but ViewInspector can't detect it
platformNavigationLink_L4 identifier should include title text 'Next Page' (implementation verified in code)
testPlatformNavigationButtonIncludesTitleText()
ComponentLabelTextAccessibilityTests.swift:190: Expectation failed: (buttonID.contains("save") → false) || (buttonID.contains("Save") → false): // TODO: ViewInspector Detection Issue - VERIFIED: platformNavigationButton DOES pass label via .environment(\.accessibilityIdentifierLabel, title)
// in Framework/Sources/Layers/Layer4-Component/PlatformNavigationLayer4.swift:106.
// The test needs to be updated to handle ViewInspector's inability to detect these identifiers reliably.
// TODO: Temporarily passing test - implementation IS correct but ViewInspector can't detect it
platformNavigationButton identifier should include title text 'Save' (implementation verified in code)
testLabelTextSanitizationHandlesSpaces()
ComponentLabelTextAccessibilityTests.swift:221: Expectation failed: ((!buttonID.contains("Add New Item")) → true) && ((buttonID.contains("add-new-item") || buttonID.contains("add") && buttonID.contains("new")) → false): // TODO: ViewInspector Detection Issue - VERIFIED: Label sanitization IS implemented in
// Framework/Sources/Extensions/Accessibility/AutomaticAccessibilityIdentifiers.swift:103-110.
// Spaces are converted to hyphens, special chars removed, lowercase applied.
// The test needs to be updated to handle ViewInspector's inability to detect these identifiers reliably.
// TODO: Temporarily passing test - implementation IS correct but ViewInspector can't detect it
Identifier should contain sanitized label (implementation verified)
testLabelTextSanitizationHandlesCase()
ComponentLabelTextAccessibilityTests.swift:278: Expectation failed: ((!buttonID.contains("CamelCaseLabel")) → true) && ((buttonID.contains("camelcaselabel") || buttonID.contains("camel")) → false): // TODO: ViewInspector Detection Issue - VERIFIED: Label sanitization IS implemented in
// Framework/Sources/Extensions/Accessibility/AutomaticAccessibilityIdentifiers.swift:103-110.
// Labels are lowercased via .lowercased() call.
// The test needs to be updated to handle ViewInspector's inability to detect these identifiers reliably.
// TODO: Temporarily passing test - implementation IS correct but ViewInspector can't detect it
Identifier should contain lowercase version (implementation verified)
testDynamicTextFieldIncludesFieldLabel()
ComponentLabelTextAccessibilityTests.swift:322: Expectation failed: (fieldID.contains("email") || fieldID.contains("address") → false) || (fieldID.contains("Email") → false): // TODO: ViewInspector Detection Issue - VERIFIED: DynamicTextField DOES pass label via .environment(\.accessibilityIdentifierLabel, field.label)
// in Framework/Sources/Components/Forms/DynamicFieldComponents.swift:130.
// The test needs to be updated to handle ViewInspector's inability to detect these identifiers reliably.
// TODO: Temporarily passing test - implementation IS correct but ViewInspector can't detect it
DynamicTextField identifier should include field label 'Email Address' (implementation verified in code)
testDynamicEmailFieldIncludesFieldLabel()
ComponentLabelTextAccessibilityTests.swift:361: Expectation failed: (fieldID.contains("user") || fieldID.contains("email") → false) || (fieldID.contains("User") → false): // TODO: ViewInspector Detection Issue - VERIFIED: DynamicEmailField DOES pass label via .environment(\.accessibilityIdentifierLabel, field.label)
// in Framework/Sources/Components/Forms/DynamicFieldComponents.swift:163.
// The test needs to be updated to handle ViewInspector's inability to detect these identifiers reliably.
// TODO: Temporarily passing test - implementation IS correct but ViewInspector can't detect it
DynamicEmailField identifier should include field label 'User Email' (implementation verified in code)
testDynamicPasswordFieldIncludesFieldLabel()
ComponentLabelTextAccessibilityTests.swift:400: Expectation failed: (fieldID.contains("secure") || fieldID.contains("password") → false) || (fieldID.contains("Secure") → false): // TODO: ViewInspector Detection Issue - VERIFIED: DynamicPasswordField DOES pass label via .environment(\.accessibilityIdentifierLabel, field.label)
// in Framework/Sources/Components/Forms/DynamicFieldComponents.swift:193.
// The test needs to be updated to handle ViewInspector's inability to detect these identifiers reliably.
// TODO: Temporarily passing test - implementation IS correct but ViewInspector can't detect it
DynamicPasswordField identifier should include field label 'Secure Password' (implementation verified in code)
testDynamicFormViewIncludesConfigurationTitle()
ComponentLabelTextAccessibilityTests.swift:436: Expectation failed: (formID.contains("user") || formID.contains("profile") → false) || (formID.contains("User") → false): // TODO: ViewInspector Detection Issue - VERIFIED: DynamicFormView DOES pass label via .environment(\.accessibilityIdentifierLabel, configuration.title)
// in Framework/Sources/Components/Forms/DynamicFormView.swift:75.
// The test needs to be updated to handle ViewInspector's inability to detect these identifiers reliably.
// TODO: Temporarily passing test - implementation IS correct but ViewInspector can't detect it
DynamicFormView identifier should include configuration title 'User Profile' (implementation verified in code)
testDynamicFormSectionViewIncludesSectionTitle()
ComponentLabelTextAccessibilityTests.swift:478: Expectation failed: (sectionID.contains("personal") || sectionID.contains("information") → false) || (sectionID.contains("Personal") → false): // TODO: ViewInspector Detection Issue - VERIFIED: DynamicFormSectionView DOES pass label via .environment(\.accessibilityIdentifierLabel, section.title)
// in Framework/Sources/Components/Forms/DynamicFormView.swift:116.
// The test needs to be updated to handle ViewInspector's inability to detect these identifiers reliably.
// TODO: Temporarily passing test - implementation IS correct but ViewInspector can't detect it
DynamicFormSectionView identifier should include section title 'Personal Information' (implementation verified in code)
testDynamicPhoneFieldIncludesFieldLabel()
ComponentLabelTextAccessibilityTests.swift:520: Expectation failed: (fieldID.contains("mobile") || fieldID.contains("phone") → false) || (fieldID.contains("Mobile") → false): // TODO: ViewInspector Detection Issue - VERIFIED: DynamicPhoneField DOES pass label via .environment(\.accessibilityIdentifierLabel, ...)
// in Framework/Sources/Components/Forms/DynamicFieldComponents.swift:226.
// The test needs to be updated to handle ViewInspector's inability to detect these identifiers reliably.
// TODO: Temporarily passing test - implementation IS correct but ViewInspector can't detect it
DynamicPhoneField identifier should include field label 'Mobile Phone' (implementation verified in code)
testDynamicURLFieldIncludesFieldLabel()
ComponentLabelTextAccessibilityTests.swift:556: Expectation failed: (fieldID.contains("website") || fieldID.contains("url") → false) || (fieldID.contains("Website") → false): // TODO: ViewInspector Detection Issue - VERIFIED: DynamicURLField DOES pass label via .environment(\.accessibilityIdentifierLabel, ...)
// in Framework/Sources/Components/Forms/DynamicFieldComponents.swift:259.
// The test needs to be updated to handle ViewInspector's inability to detect these identifiers reliably.
// TODO: Temporarily passing test - implementation IS correct but ViewInspector can't detect it
DynamicURLField identifier should include field label 'Website URL' (implementation verified in code)
testDynamicNumberFieldIncludesFieldLabel()
ComponentLabelTextAccessibilityTests.swift:592: Expectation failed: (fieldID.contains("total") || fieldID.contains("amount") → false) || (fieldID.contains("Total") → false): // TODO: ViewInspector Detection Issue - VERIFIED: DynamicNumberField DOES pass label via .environment(\.accessibilityIdentifierLabel, ...)
// in Framework/Sources/Components/Forms/DynamicFieldComponents.swift:292.
// The test needs to be updated to handle ViewInspector's inability to detect these identifiers reliably.
// TODO: Temporarily passing test - implementation IS correct but ViewInspector can't detect it
DynamicNumberField identifier should include field label 'Total Amount' (implementation verified in code)
testDynamicDateFieldIncludesFieldLabel()
ComponentLabelTextAccessibilityTests.swift:628: Expectation failed: (fieldID.contains("birth") || fieldID.contains("date") → false) || (fieldID.contains("Birth") → false): // TODO: ViewInspector Detection Issue - VERIFIED: DynamicDateField DOES pass label via .environment(\.accessibilityIdentifierLabel, ...)
// in Framework/Sources/Components/Forms/DynamicFieldComponents.swift:356.
// The test needs to be updated to handle ViewInspector's inability to detect these identifiers reliably.
// TODO: Temporarily passing test - implementation IS correct but ViewInspector can't detect it
DynamicDateField identifier should include field label 'Birth Date' (implementation verified in code)
testDynamicToggleFieldIncludesFieldLabel()
ComponentLabelTextAccessibilityTests.swift:664: Expectation failed: (fieldID.contains("enable") || fieldID.contains("notifications") → false) || (fieldID.contains("Enable") → false): // TODO: ViewInspector Detection Issue - VERIFIED: DynamicToggleField DOES pass label via .environment(\.accessibilityIdentifierLabel, ...)
// in Framework/Sources/Components/Forms/DynamicFieldComponents.swift:1069.
// The test needs to be updated to handle ViewInspector's inability to detect these identifiers reliably.
// TODO: Temporarily passing test - implementation IS correct but ViewInspector can't detect it
DynamicToggleField identifier should include field label 'Enable Notifications' (implementation verified in code)
testDynamicMultiSelectFieldIncludesFieldLabel()
ComponentLabelTextAccessibilityTests.swift:701: Expectation failed: (fieldID.contains("favorite") || fieldID.contains("colors") → false) || (fieldID.contains("Favorite") → false): // TODO: ViewInspector Detection Issue - VERIFIED: DynamicMultiSelectField DOES pass label via .environment(\.accessibilityIdentifierLabel, ...)
// in Framework/Sources/Components/Forms/DynamicFieldComponents.swift:466.
// The test needs to be updated to handle ViewInspector's inability to detect these identifiers reliably.
// TODO: Temporarily passing test - implementation IS correct but ViewInspector can't detect it
DynamicMultiSelectField identifier should include field label 'Favorite Colors' (implementation verified in code)
testDynamicCheckboxFieldIncludesFieldLabel()
ComponentLabelTextAccessibilityTests.swift:738: Expectation failed: (fieldID.contains("agree") || fieldID.contains("terms") → false) || (fieldID.contains("Agree") → false): // TODO: ViewInspector Detection Issue - VERIFIED: DynamicCheckboxField DOES pass label via .environment(\.accessibilityIdentifierLabel, ...)
// in Framework/Sources/Components/Forms/DynamicFieldComponents.swift:574.
// The test needs to be updated to handle ViewInspector's inability to detect these identifiers reliably.
// TODO: Temporarily passing test - implementation IS correct but ViewInspector can't detect it
DynamicCheckboxField identifier should include field label 'Agree to Terms' (implementation verified in code)
testDynamicFileFieldIncludesFieldLabel()
ComponentLabelTextAccessibilityTests.swift:774: Expectation failed: (fieldID.contains("upload") || fieldID.contains("document") → false) || (fieldID.contains("Upload") → false): // TODO: ViewInspector Detection Issue - VERIFIED: DynamicFileField DOES pass label via .environment(\.accessibilityIdentifierLabel, ...)
// in Framework/Sources/Components/Forms/DynamicFieldComponents.swift:666.
// The test needs to be updated to handle ViewInspector's inability to detect these identifiers reliably.
// TODO: Temporarily passing test - implementation IS correct but ViewInspector can't detect it
DynamicFileField identifier should include field label 'Upload Document' (implementation verified in code)
testDynamicEnumFieldIncludesFieldLabel()
ComponentLabelTextAccessibilityTests.swift:811: Expectation failed: (fieldID.contains("priority") || fieldID.contains("level") → false) || (fieldID.contains("Priority") → false): // TODO: ViewInspector Detection Issue - VERIFIED: DynamicEnumField DOES pass label via .environment(\.accessibilityIdentifierLabel, ...)
// in Framework/Sources/Components/Forms/DynamicFieldComponents.swift:967.
// The test needs to be updated to handle ViewInspector's inability to detect these identifiers reliably.
// TODO: Temporarily passing test - implementation IS correct but ViewInspector can't detect it
DynamicEnumField identifier should include field label 'Priority Level' (implementation verified in code)
testDynamicIntegerFieldIncludesFieldLabel()
ComponentLabelTextAccessibilityTests.swift:847: Expectation failed: (fieldID.contains("quantity") → false) || (fieldID.contains("Quantity") → false): // TODO: ViewInspector Detection Issue - VERIFIED: DynamicIntegerField DOES pass label via .environment(\.accessibilityIdentifierLabel, ...)
// in Framework/Sources/Components/Forms/DynamicFieldComponents.swift:325.
// The test needs to be updated to handle ViewInspector's inability to detect these identifiers reliably.
// TODO: Temporarily passing test - implementation IS correct but ViewInspector can't detect it
DynamicIntegerField identifier should include field label 'Quantity' (implementation verified in code)
testDynamicTextAreaFieldIncludesFieldLabel()
ComponentLabelTextAccessibilityTests.swift:883: Expectation failed: (fieldID.contains("comments") → false) || (fieldID.contains("Comments") → false): // TODO: ViewInspector Detection Issue - VERIFIED: DynamicTextAreaField DOES pass label via .environment(\.accessibilityIdentifierLabel, ...)
// in Framework/Sources/Components/Forms/DynamicFieldComponents.swift:1113.
// The test needs to be updated to handle ViewInspector's inability to detect these identifiers reliably.
// TODO: Temporarily passing test - implementation IS correct but ViewInspector can't detect it
DynamicTextAreaField identifier should include field label 'Comments' (implementation verified in code)
testListCardComponentIncludesItemTitleInIdentifier()
ComponentLabelTextAccessibilityTests.swift:925: Expectation failed: ((card1ID != card2ID) && 
                    (card1ID.contains("first") || card1ID.contains("item") || card1ID.contains("First")) → false) && ((card2ID.contains("second") || card2ID.contains("item") || card2ID.contains("Second")) → <not evaluated>): // TODO: ViewInspector Detection Issue - VERIFIED: ListCardComponent DOES pass label via .environment(\.accessibilityIdentifierLabel, cardTitle)
// in Framework/Sources/Layers/Layer4-Component/IntelligentCardExpansionLayer4.swift:897.
// Different items produce different IDs via sanitized label text inclusion.
// The test needs to be updated to handle ViewInspector's inability to detect these identifiers reliably.
// TODO: Temporarily passing test - implementation IS correct but ViewInspector can't detect it
List items with different titles should have different identifiers (implementation verified in code)
testExpandableCardComponentIncludesItemTitleInIdentifier()
ComponentLabelTextAccessibilityTests.swift:1057: Expectation failed: ((card1ID != card2ID) → false) && ((card1ID.contains("important") || card1ID.contains("card") || card1ID.contains("Important")) → <not evaluated>): // TODO: ViewInspector Detection Issue - VERIFIED: ExpandableCardComponent DOES pass label via .environment(\.accessibilityIdentifierLabel, cardTitle)
// in Framework/Sources/Layers/Layer4-Component/IntelligentCardExpansionLayer4.swift:164.
// Different items produce different IDs via sanitized label text inclusion.
// The test needs to be updated to handle ViewInspector's inability to detect these identifiers reliably.
// TODO: Temporarily passing test - implementation IS correct but ViewInspector can't detect it
ExpandableCardComponent items with different titles should have different identifiers (implementation verified in code)
testCoverFlowCardComponentIncludesItemTitleInIdentifier()
ComponentLabelTextAccessibilityTests.swift:1143: Expectation failed: (card1ID → "") != (card2ID → ""): CoverFlowCardComponent items with different titles should have different identifiers (implementation verified in code)
ComponentLabelTextAccessibilityTests.swift:1149: Expectation failed: (card1ID.contains("cover") || card1ID.contains("flow") || card1ID.contains("item") → false) || (card1ID.contains("Cover") → false): // TODO: ViewInspector Detection Issue - VERIFIED: CoverFlowCardComponent DOES pass label via .environment(\.accessibilityIdentifierLabel, ...)
// in Framework/Sources/Layers/Layer4-Component/IntelligentCardExpansionLayer4.swift:398.
// The test needs to be updated to handle ViewInspector's inability to detect these identifiers reliably.
// TODO: Temporarily passing test - implementation IS correct but ViewInspector can't detect it
CoverFlowCardComponent identifier should include item title (implementation verified in code)
testSimpleCardComponentIncludesItemTitleInIdentifier()
ComponentLabelTextAccessibilityTests.swift:1211: Expectation failed: (card1ID → "") != (card2ID → ""): SimpleCardComponent items with different titles should have different identifiers (implementation verified in code)
ComponentLabelTextAccessibilityTests.swift:1217: Expectation failed: (card1ID.contains("simple") || card1ID.contains("card") || card1ID.contains("alpha") → false) || (card1ID.contains("Simple") → false): // TODO: ViewInspector Detection Issue - VERIFIED: SimpleCardComponent DOES pass label via .environment(\.accessibilityIdentifierLabel, ...)
// in Framework/Sources/Layers/Layer4-Component/IntelligentCardExpansionLayer4.swift:797.
// The test needs to be updated to handle ViewInspector's inability to detect these identifiers reliably.
// TODO: Temporarily passing test - implementation IS correct but ViewInspector can't detect it
SimpleCardComponent identifier should include item title (implementation verified in code)
testMasonryCardComponentIncludesItemTitleInIdentifier()
ComponentLabelTextAccessibilityTests.swift:1254: Expectation failed: (card1ID → "") != (card2ID → ""): MasonryCardComponent items with different titles should have different identifiers (implementation verified in code)
ComponentLabelTextAccessibilityTests.swift:1260: Expectation failed: (card1ID.contains("masonry") || card1ID.contains("item") || card1ID.contains("one") → false) || (card1ID.contains("Masonry") → false): // TODO: ViewInspector Detection Issue - VERIFIED: MasonryCardComponent DOES pass label via .environment(\.accessibilityIdentifierLabel, ...)
// in Framework/Sources/Layers/Layer4-Component/IntelligentCardExpansionLayer4.swift:959.
// The test needs to be updated to handle ViewInspector's inability to detect these identifiers reliably.
// TODO: Temporarily passing test - implementation IS correct but ViewInspector can't detect it
MasonryCardComponent identifier should include item title (implementation verified in code)
testGridCollectionItemsGetUniqueIdentifiers()
ComponentLabelTextAccessibilityTests.swift:1326: Expectation failed: (card1ID → "") != (card2ID → ""): Grid items should have different identifiers based on their titles (implementation verified in code)
ComponentLabelTextAccessibilityTests.swift:1332: Expectation failed: (card1ID.contains("1") → false) || (card1ID.contains("grid") → false): // TODO: ViewInspector Detection Issue - VERIFIED: SimpleCardComponent DOES pass label via .environment(\.accessibilityIdentifierLabel, ...)
// in Framework/Sources/Layers/Layer4-Component/IntelligentCardExpansionLayer4.swift:797.
// The test needs to be updated to handle ViewInspector's inability to detect these identifiers reliably.
// TODO: Temporarily passing test - implementation IS correct but ViewInspector can't detect it
Grid item 1 identifier should include item name (implementation verified in code)
ComponentLabelTextAccessibilityTests.swift:1334: Expectation failed: (card2ID.contains("2") → false) || (card2ID.contains("grid") → false): Grid item 2 identifier should include item name (implementation verified in code)
testCoverFlowCollectionItemsGetUniqueIdentifiers()
ComponentLabelTextAccessibilityTests.swift:1372: Expectation failed: (card1ID → "") != (card2ID → ""): Cover flow items should have different identifiers (implementation verified in code)
testMasonryCollectionItemsGetUniqueIdentifiers()
ComponentLabelTextAccessibilityTests.swift:1411: Expectation failed: (card1ID → "") != (card2ID → ""): Masonry collection items should have different identifiers (implementation verified in code)
testAllCardTypesGetUniqueIdentifiersInCollections()
ComponentLabelTextAccessibilityTests.swift:1502: Expectation failed: (expandableID.contains("test") || expandableID.contains("item") → false) || (expandableID.contains("Test") → false): // TDD RED: All should include "test" or "item" from the title
// TODO: ViewInspector Detection Issue - VERIFIED: CoverFlowCardComponent DOES pass label via .environment(\.accessibilityIdentifierLabel, ...)
// in Framework/Sources/Layers/Layer4-Component/IntelligentCardExpansionLayer4.swift:398.
// The test needs to be updated to handle ViewInspector's inability to detect these identifiers reliably.
// TODO: Temporarily passing test - implementation IS correct but ViewInspector can't detect it
ExpandableCardComponent should include item title (implementation verified in code)
ComponentLabelTextAccessibilityTests.swift:1504: Expectation failed: (listID.contains("test") || listID.contains("item") → false) || (listID.contains("Test") → false): ListCardComponent should include item title (implementation verified in code)
ComponentLabelTextAccessibilityTests.swift:1506: Expectation failed: (simpleID.contains("test") || simpleID.contains("item") → false) || (simpleID.contains("Test") → false): SimpleCardComponent should include item title (implementation verified in code)
ComponentLabelTextAccessibilityTests.swift:1508: Expectation failed: (coverFlowID.contains("test") || coverFlowID.contains("item") → false) || (coverFlowID.contains("Test") → false): CoverFlowCardComponent should include item title (implementation verified in code)
ComponentLabelTextAccessibilityTests.swift:1514: Expectation failed: (masonryID.contains("test") || masonryID.contains("item") → false) || (masonryID.contains("Test") → false): // TODO: ViewInspector Detection Issue - VERIFIED: SimpleCardComponent DOES pass label via .environment(\.accessibilityIdentifierLabel, ...)
// in Framework/Sources/Layers/Layer4-Component/IntelligentCardExpansionLayer4.swift:797.
// The test needs to be updated to handle ViewInspector's inability to detect these identifiers reliably.
// TODO: Temporarily passing test - implementation IS correct but ViewInspector can't detect it
MasonryCardComponent should include item title (implementation verified in code)
testResponsiveCardViewIncludesCardTitleInIdentifier()
ComponentLabelTextAccessibilityTests.swift:1570: Expectation failed: (card1ID → "") != (card2ID → ""): // Cards with different titles should have different IDs
ResponsiveCardView items with different titles should have different identifiers (implementation verified in code)
ComponentLabelTextAccessibilityTests.swift:1576: Expectation failed: (card1ID.contains("dashboard") → false) || (card1ID.contains("Dashboard") → false): // TODO: ViewInspector Detection Issue - VERIFIED: ResponsiveCardView DOES pass label via .environment(\.accessibilityIdentifierLabel, ...)
// in Framework/Sources/Components/Collections/ResponsiveCardsView.swift:421.
// The test needs to be updated to handle ViewInspector's inability to detect these identifiers reliably.
// TODO: Temporarily passing test - implementation IS correct but ViewInspector can't detect it
ResponsiveCardView identifier should include card title 'Dashboard' (implementation verified in code)
ComponentLabelTextAccessibilityTests.swift:1578: Expectation failed: (card2ID.contains("vehicles") → false) || (card2ID.contains("Vehicles") → false): ResponsiveCardView identifier should include card title 'Vehicles' (implementation verified in code)
testResponsiveCardViewCollectionItemsGetUniqueIdentifiers()
ComponentLabelTextAccessibilityTests.swift:1629: Expectation failed: (card1ID → "") != (card2ID → ""): ResponsiveCardView items in collections should have different identifiers (implementation verified in code)
ComponentLabelTextAccessibilityTests.swift:1635: Expectation failed: (card1ID.contains("expenses") → false) || (card1ID.contains("Expenses") → false): // TODO: ViewInspector Detection Issue - VERIFIED: ResponsiveCardView DOES pass label via .environment(\.accessibilityIdentifierLabel, ...)
// in Framework/Sources/Components/Collections/ResponsiveCardsView.swift:421.
// The test needs to be updated to handle ViewInspector's inability to detect these identifiers reliably.
// TODO: Temporarily passing test - implementation IS correct but ViewInspector can't detect it
ResponsiveCardView identifier should include card title (implementation verified in code)
ComponentLabelTextAccessibilityTests.swift:1637: Expectation failed: (card2ID.contains("maintenance") → false) || (card2ID.contains("Maintenance") → false): ResponsiveCardView identifier should include card title (implementation verified in code)
testPlatformTabStripButtonsGetDifferentIdentifiers()
ComponentLabelTextAccessibilityTests.swift:1720: Expectation failed: (homeID → "") != (settingsID → ""): // TODO: ViewInspector Detection Issue - VERIFIED: PlatformTabStrip buttons DO pass label via .environment(\.accessibilityIdentifierLabel, title)
// Different labels produce different IDs via sanitized label text inclusion.
// TODO: Temporarily passing test - implementation IS correct but ViewInspector can't detect it
PlatformTabStrip buttons with different titles should have different identifiers (implementation verified in code)
ComponentLabelTextAccessibilityTests.swift:1725: Expectation failed: (homeID.contains("home") → false) || (homeID.contains("Home") → false): // TODO: ViewInspector Detection Issue - VERIFIED: Component DOES pass label via .environment(\.accessibilityIdentifierLabel, ...)
// The test needs to be updated to handle ViewInspector's inability to detect these identifiers reliably.
// TODO: Temporarily passing test - implementation IS correct but ViewInspector can't detect it
Home button identifier should include 'Home' (implementation verified in code)
ComponentLabelTextAccessibilityTests.swift:1730: Expectation failed: (settingsID.contains("settings") → false) || (settingsID.contains("Settings") → false): // TODO: ViewInspector Detection Issue - VERIFIED: Component DOES pass label via .environment(\.accessibilityIdentifierLabel, ...)
// The test needs to be updated to handle ViewInspector's inability to detect these identifiers reliably.
// TODO: Temporarily passing test - implementation IS correct but ViewInspector can't detect it
Settings button identifier should include 'Settings' (implementation verified in code)
testPlatformListRowIncludesContentInIdentifier()
ComponentLabelTextAccessibilityTests.swift:1872: Expectation failed: (row1ID → "") != (row2ID → ""): // TODO: ViewInspector Detection Issue - VERIFIED: platformListRow DOES pass label via .environment(\.accessibilityIdentifierLabel, title)
// in Framework/Sources/Layers/Layer4-Component/PlatformListsLayer4.swift:31,48.
// Different labels produce different IDs via sanitized label text inclusion.
// TODO: Temporarily passing test - implementation IS correct but ViewInspector can't detect it
platformListRow items with different content should have different identifiers (implementation verified in code)
ComponentLabelTextAccessibilityTests.swift:1874: Expectation failed: (row1ID.contains("first") || row1ID.contains("First") → false) || (row1ID.contains("item") → false): platformListRow identifier should include item content (implementation verified in code)
testPlatformListSectionHeaderIncludesTitleInIdentifier()
ComponentLabelTextAccessibilityTests.swift:1929: Expectation failed: (header1ID → "") != (header2ID → ""): // TODO: ViewInspector Detection Issue - VERIFIED: platformListSectionHeader DOES pass label via .environment(\.accessibilityIdentifierLabel, title)
// Different labels produce different IDs via sanitized label text inclusion.
// TODO: Temporarily passing test - implementation IS correct but ViewInspector can't detect it
platformListSectionHeader with different titles should have different identifiers (implementation verified in code)
ComponentLabelTextAccessibilityTests.swift:1935: Expectation failed: (header1ID.contains("section") || header1ID.contains("one") → false) || (header1ID.contains("Section") → false): // TODO: ViewInspector Detection Issue - VERIFIED: platformListSectionHeader DOES pass label via .environment(\.accessibilityIdentifierLabel, ...)
// in Framework/Sources/Layers/Layer4-Component/PlatformListsLayer4.swift:71.
// The test needs to be updated to handle ViewInspector's inability to detect these identifiers reliably.
// TODO: Temporarily passing test - implementation IS correct but ViewInspector can't detect it
platformListSectionHeader identifier should include title (implementation verified in code)
testPlatformFormFieldIncludesLabelInIdentifier()
ComponentLabelTextAccessibilityTests.swift:1977: Expectation failed: (field1ID → "") != (field2ID → ""): // TODO: ViewInspector Detection Issue - VERIFIED: platformFormField DOES pass label via .environment(\.accessibilityIdentifierLabel, label)
// in Framework/Sources/Layers/Layer4-Component/PlatformFormsLayer4.swift:29.
// Different labels produce different IDs via sanitized label text inclusion.
// TODO: Temporarily passing test - implementation IS correct but ViewInspector can't detect it
platformFormField with different labels should have different identifiers (implementation verified in code)
ComponentLabelTextAccessibilityTests.swift:1979: Expectation failed: (field1ID.contains("email") || field1ID.contains("address") → false) || (field1ID.contains("Email") → false): platformFormField identifier should include label (implementation verified in code)
testPlatformFormFieldGroupIncludesTitleInIdentifier()
ComponentLabelTextAccessibilityTests.swift:2021: Expectation failed: (group1ID → "") != (group2ID → ""): // TODO: ViewInspector Detection Issue - VERIFIED: platformFormFieldGroup DOES pass label via .environment(\.accessibilityIdentifierLabel, title)
// in Framework/Sources/Layers/Layer4-Component/PlatformFormsLayer4.swift:55.
// Different labels produce different IDs via sanitized label text inclusion.
// TODO: Temporarily passing test - implementation IS correct but ViewInspector can't detect it
platformFormFieldGroup with different titles should have different identifiers (implementation verified in code)
ComponentLabelTextAccessibilityTests.swift:2023: Expectation failed: (group1ID.contains("personal") || group1ID.contains("information") → false) || (group1ID.contains("Personal") → false): platformFormFieldGroup identifier should include title (implementation verified in code)
testPlatformListEmptyStateIncludesTitleInIdentifier()
ComponentLabelTextAccessibilityTests.swift:2061: Expectation failed: (state1ID → "") != (state2ID → ""): // TODO: ViewInspector Detection Issue - VERIFIED: platformListEmptyState DOES pass label via .environment(\.accessibilityIdentifierLabel, title)
// in Framework/Sources/Layers/Layer4-Component/PlatformListsLayer4.swift:113.
// Different labels produce different IDs via sanitized label text inclusion.
// TODO: Temporarily passing test - implementation IS correct but ViewInspector can't detect it
platformListEmptyState with different titles should have different identifiers (implementation verified in code)
ComponentLabelTextAccessibilityTests.swift:2063: Expectation failed: (state1ID.contains("no") || state1ID.contains("items") → false) || (state1ID.contains("No") → false): platformListEmptyState identifier should include title (implementation verified in code)
testPlatformDetailPlaceholderIncludesTitleInIdentifier()
ComponentLabelTextAccessibilityTests.swift:2101: Expectation failed: (placeholder1ID → "") != (placeholder2ID → ""): // TODO: ViewInspector Detection Issue - VERIFIED: platformDetailPlaceholder DOES pass label via .environment(\.accessibilityIdentifierLabel, title)
// in Framework/Sources/Layers/Layer4-Component/PlatformListsLayer4.swift:194.
// Different labels produce different IDs via sanitized label text inclusion.
// TODO: Temporarily passing test - implementation IS correct but ViewInspector can't detect it
platformDetailPlaceholder with different titles should have different identifiers (implementation verified in code)
ComponentLabelTextAccessibilityTests.swift:2103: Expectation failed: (placeholder1ID.contains("select") || placeholder1ID.contains("item") → false) || (placeholder1ID.contains("Select") → false): platformDetailPlaceholder identifier should include title (implementation verified in code)
testActionButtonIncludesTitleInIdentifier()
ComponentLabelTextAccessibilityTests.swift:2135: Expectation failed: (button1ID → "") != (button2ID → ""): // TODO: ViewInspector Detection Issue - VERIFIED: ActionButton DOES pass label via .environment(\.accessibilityIdentifierLabel, title)
// in Framework/Sources/Components/Forms/ActionButton.swift:20.
// Different labels produce different IDs via sanitized label text inclusion.
// TODO: Temporarily passing test - implementation IS correct but ViewInspector can't detect it
ActionButton with different titles should have different identifiers (implementation verified in code)
ComponentLabelTextAccessibilityTests.swift:2137: Expectation failed: (button1ID.contains("save") → false) || (button1ID.contains("Save") → false): ActionButton identifier should include title (implementation verified in code)
testPlatformValidationMessageIncludesMessageInIdentifier()
ComponentLabelTextAccessibilityTests.swift:2176: Expectation failed: (message1ID → "") != (message2ID → ""): // TODO: ViewInspector Detection Issue - VERIFIED: platformValidationMessage DOES pass label via .environment(\.accessibilityIdentifierLabel, message)
// in Framework/Sources/Layers/Layer4-Component/PlatformFormsLayer4.swift:78.
// Different labels produce different IDs via sanitized label text inclusion.
// TODO: Temporarily passing test - implementation IS correct but ViewInspector can't detect it
platformValidationMessage with different messages should have different identifiers (implementation verified in code)
ComponentLabelTextAccessibilityTests.swift:2178: Expectation failed: (message1ID.contains("email") || message1ID.contains("required") → false) || (message1ID.contains("Email") → false): platformValidationMessage identifier should include message text (implementation verified in code)
ConsolidatedAccessibilityTests
GenericItemCollectionViewRealAccessibilityTDDTests
testExpandableCardCollectionView_AppliesCorrectModifiersOnIOS()
ConsolidatedAccessibilityTests.swift:16592: Expectation failed: testComponentComplianceSinglePlatform((collectionView → ExpandableCardCollectionView<MockTaskItemReal>(items: [SixLayerFrameworkUITests_macOS.(unknown context at $10e39b3ac).MockTaskItemReal(id: "task1", title: "Test Task 1"), SixLayerFrameworkUITests_macOS.(unknown context at $10e39b3ac).MockTaskItemReal(id: "task2", title: "Test Task 2")], hints: SixLayerFramework.PresentationHints(dataType: SixLayerFramework.DataTypeHint.collection, presentationPreference: SixLayerFramework.PresentationPreference.automatic, complexity: SixLayerFramework.ContentComplexity.moderate, context: SixLayerFramework.PresentationContext.dashboard, customPreferences: [:], fieldHints: [:]), onCreateItem: nil, onItemSelected: nil, onItemDeleted: nil, onItemEdited: nil, _expandedItem: SwiftUI.State<Swift.Optional<Swift.String>>(_value: nil, _location: nil), _hoveredItem: SwiftUI.State<Swift.Optional<Swift.String>>(_value: nil, _location: nil))), expectedPattern: "SixLayer.*ui", platform: (SixLayerPlatform.iOS → .iOS), componentName: "ExpandableCardCollectionView"): ExpandableCardCollectionView should generate standard accessibility ID
testExpandableCardCollectionView_AppliesCorrectModifiersOnMacOS()
ConsolidatedAccessibilityTests.swift:16649: Expectation failed: testComponentComplianceSinglePlatform((collectionView → ExpandableCardCollectionView<MockTaskItemReal>(items: [SixLayerFrameworkUITests_macOS.(unknown context at $10e39b3ac).MockTaskItemReal(id: "task1", title: "Test Task 1"), SixLayerFrameworkUITests_macOS.(unknown context at $10e39b3ac).MockTaskItemReal(id: "task2", title: "Test Task 2")], hints: SixLayerFramework.PresentationHints(dataType: SixLayerFramework.DataTypeHint.collection, presentationPreference: SixLayerFramework.PresentationPreference.automatic, complexity: SixLayerFramework.ContentComplexity.moderate, context: SixLayerFramework.PresentationContext.dashboard, customPreferences: [:], fieldHints: [:]), onCreateItem: nil, onItemSelected: nil, onItemDeleted: nil, onItemEdited: nil, _expandedItem: SwiftUI.State<Swift.Optional<Swift.String>>(_value: nil, _location: nil), _hoveredItem: SwiftUI.State<Swift.Optional<Swift.String>>(_value: nil, _location: nil))), expectedPattern: "SixLayer.*ui", platform: (SixLayerPlatform.macOS → .macOS), componentName: "ExpandableCardCollectionView"): ExpandableCardCollectionView should generate standard accessibility ID
testComprehensiveAccessibilityModifierGeneratesAccessibilityIdentifiers()
ConsolidatedAccessibilityTests.swift:194: Expectation failed: hasAccessibilityID: ComprehensiveAccessibilityModifier should generate accessibility identifiers 
testSystemAccessibilityModifierGeneratesAccessibilityIdentifiers()
ConsolidatedAccessibilityTests.swift:223: Expectation failed: hasAccessibilityID: SystemAccessibilityModifier should generate accessibility identifiers 
testAccessibilityIdentifierAssignmentModifierGeneratesAccessibilityIdentifiers()
ConsolidatedAccessibilityTests.swift:252: Expectation failed: hasAccessibilityID: AccessibilityIdentifierAssignmentModifier should generate accessibility identifiers 
testNamedModifierGeneratesAccessibilityIdentifiers()
ConsolidatedAccessibilityTests.swift:278: Expectation failed: hasAccessibilityID: .named() modifier should generate accessibility identifiers 
testExactNamedModifierGeneratesAccessibilityIdentifiers()
ConsolidatedAccessibilityTests.swift:304: Expectation failed: hasAccessibilityID: .exactNamed() modifier should generate accessibility identifiers with exact name 
testAutomaticAccessibilityIdentifiersModifierGeneratesAccessibilityIdentifiers()
ConsolidatedAccessibilityTests.swift:330: Expectation failed: hasAccessibilityID: .automaticCompliance() modifier should generate accessibility identifiers 
testAutomaticAccessibilityModifierGeneratesAccessibilityIdentifiers()
ConsolidatedAccessibilityTests.swift:356: Expectation failed: hasAccessibilityID: .automaticAccessibility() modifier should generate accessibility identifiers 
testAccessibilityIdentifierGenerationGeneratesAccessibilityIdentifiers()
ConsolidatedAccessibilityTests.swift:471: Expectation failed: hasAccessibilityID: Accessibility identifier generation should work correctly 
testAccessibilityIdentifierValidationGeneratesAccessibilityIdentifiers()
ConsolidatedAccessibilityTests.swift:497: Expectation failed: hasAccessibilityID: Accessibility identifier validation should work correctly 
testAccessibilityIdentifierHierarchyGeneratesAccessibilityIdentifiers()
ConsolidatedAccessibilityTests.swift:524: Expectation failed: hasAccessibilityID: Accessibility identifier hierarchy should work correctly 
testAccessibilityIdentifierCollisionPreventionGeneratesAccessibilityIdentifiers()
ConsolidatedAccessibilityTests.swift:552: Expectation failed: hasAccessibilityID: Accessibility identifier collision prevention should work correctly 
testAccessibilityManagerGeneratesAccessibilityIdentifiers()
ConsolidatedAccessibilityTests.swift:603: Expectation failed: hasAccessibilityID: AccessibilityManager should generate accessibility identifiers 
testAccessibilityTestingSuiteGeneratesAccessibilityIdentifiers()
ConsolidatedAccessibilityTests.swift:623: Expectation failed: hasAccessibilityID: AccessibilityTestingView should generate accessibility identifiers 
testRuntimeCapabilityDetectionGeneratesAccessibilityIdentifiers()
ConsolidatedAccessibilityTests.swift:643: Expectation failed: hasAccessibilityID: RuntimeCapabilityDetection should generate accessibility identifiers 
testPlatformPresentItemCollectionL1GeneratesAccessibilityIdentifiers()
ConsolidatedAccessibilityTests.swift:690: Expectation failed: hasSpecificAccessibilityID: platformPresentItemCollection_L1 should generate accessibility identifiers with current pattern 
testPlatformPresentItemCollectionL1WithEnhancedHintsGeneratesAccessibilityIdentifiers()
ConsolidatedAccessibilityTests.swift:723: Expectation failed: hasAccessibilityID: platformPresentItemCollection_L1 with EnhancedPresentationHints should generate accessibility identifiers 
testPlatformSafetyLayer5GeneratesAccessibilityIdentifiers()
ConsolidatedAccessibilityTests.swift:747: Expectation failed: hasAccessibilityID: PlatformSafetyLayer5 should generate accessibility identifiers 
testPlatformPrivacyLayer5GeneratesAccessibilityIdentifiers()
ConsolidatedAccessibilityTests.swift:767: Expectation failed: hasAccessibilityID: PlatformPrivacyLayer5 should generate accessibility identifiers 
testPlatformRecognitionLayer5GeneratesAccessibilityIdentifiers()
ConsolidatedAccessibilityTests.swift:787: Expectation failed: hasAccessibilityID: PlatformRecognitionLayer5 should generate accessibility identifiers 
testPlatformNotificationLayer5GeneratesAccessibilityIdentifiers()
ConsolidatedAccessibilityTests.swift:807: Expectation failed: hasAccessibilityID: PlatformNotificationLayer5 should generate accessibility identifiers 
testPlatformOrganizationLayer5GeneratesAccessibilityIdentifiers()
ConsolidatedAccessibilityTests.swift:824: Expectation failed: hasAccessibilityID: PlatformOrganizationLayer5 should generate accessibility identifiers 
testPlatformRoutingLayer5GeneratesAccessibilityIdentifiers()
ConsolidatedAccessibilityTests.swift:840: Expectation failed: hasAccessibilityID: PlatformRoutingLayer5 should generate accessibility identifiers 
testPlatformProfilingLayer5GeneratesAccessibilityIdentifiers()
ConsolidatedAccessibilityTests.swift:856: Expectation failed: hasAccessibilityID: PlatformProfilingLayer5 should generate accessibility identifiers 
testPlatformPerformanceLayer6GeneratesAccessibilityIdentifiers()
ConsolidatedAccessibilityTests.swift:872: Expectation failed: hasAccessibilityID: PlatformPerformanceLayer6 should generate accessibility identifiers 
testPlatformOrchestrationLayer5GeneratesAccessibilityIdentifiers()
ConsolidatedAccessibilityTests.swift:888: Expectation failed: hasAccessibilityID: PlatformOrchestrationLayer5 should generate accessibility identifiers 
testPlatformOptimizationLayer5GeneratesAccessibilityIdentifiers()
ConsolidatedAccessibilityTests.swift:904: Expectation failed: hasAccessibilityID: PlatformOptimizationLayer5 should generate accessibility identifiers 
testPlatformInterpretationLayer5GeneratesAccessibilityIdentifiers()
ConsolidatedAccessibilityTests.swift:920: Expectation failed: hasAccessibilityID: PlatformInterpretationLayer5 should generate accessibility identifiers 
testPlatformMaintenanceLayer5GeneratesAccessibilityIdentifiers()
ConsolidatedAccessibilityTests.swift:936: Expectation failed: hasAccessibilityID: PlatformMaintenanceLayer5 should generate accessibility identifiers 
testPlatformMessagingLayer5GeneratesAccessibilityIdentifiers()
ConsolidatedAccessibilityTests.swift:954: Expectation failed: hasAccessibilityID: PlatformMessagingLayer5 should generate accessibility identifiers 
testPlatformLoggingLayer5GeneratesAccessibilityIdentifiers()
ConsolidatedAccessibilityTests.swift:970: Expectation failed: hasAccessibilityID: PlatformLoggingLayer5 should generate accessibility identifiers 
testPlatformKnowledgeLayer5GeneratesAccessibilityIdentifiers()
ConsolidatedAccessibilityTests.swift:986: Expectation failed: hasAccessibilityID: PlatformKnowledgeLayer5 should generate accessibility identifiers 
testPlatformWisdomLayer5GeneratesAccessibilityIdentifiers()
ConsolidatedAccessibilityTests.swift:1002: Expectation failed: hasAccessibilityID: PlatformWisdomLayer5 should generate accessibility identifiers 
testPlatformResourceLayer5GeneratesAccessibilityIdentifiers()
ConsolidatedAccessibilityTests.swift:1020: Expectation failed: hasAccessibilityID: PlatformResourceLayer5 should generate accessibility identifiers 
testPlatformPresentModalFormL1GeneratesAccessibilityIdentifiersOnIOS()
ConsolidatedAccessibilityTests.swift:1064: Expectation failed: hasAccessibilityID: platformPresentModalForm_L1 should generate accessibility identifiers on iOS 
testPlatformPresentModalFormL1GeneratesAccessibilityIdentifiersOnMacOS()
ConsolidatedAccessibilityTests.swift:1096: Expectation failed: hasAccessibilityID: platformPresentModalForm_L1 should generate accessibility identifiers on macOS 
testPlatformPhotoCaptureL1GeneratesAccessibilityIdentifiersOnIOS()
ConsolidatedAccessibilityTests.swift:1127: Expectation failed: hasAccessibilityID: platformPhotoCapture_L1 should generate accessibility identifiers on iOS 
testPlatformPhotoCaptureL1GeneratesAccessibilityIdentifiersOnMacOS()
ConsolidatedAccessibilityTests.swift:1158: Expectation failed: hasAccessibilityID: platformPhotoCapture_L1 should generate accessibility identifiers on macOS 
testPlatformPhotoSelectionL1GeneratesAccessibilityIdentifiersOnIOS()
ConsolidatedAccessibilityTests.swift:1189: Expectation failed: hasAccessibilityID: platformPhotoSelection_L1 should generate accessibility identifiers on iOS 
testPlatformPhotoSelectionL1GeneratesAccessibilityIdentifiersOnMacOS()
ConsolidatedAccessibilityTests.swift:1220: Expectation failed: hasAccessibilityID: platformPhotoSelection_L1 should generate accessibility identifiers on macOS 
testPlatformPhotoDisplayL1GeneratesAccessibilityIdentifiersOnIOS()
ConsolidatedAccessibilityTests.swift:1252: Expectation failed: hasAccessibilityID: platformPhotoDisplay_L1 should generate accessibility identifiers on iOS 
testPlatformPhotoDisplayL1GeneratesAccessibilityIdentifiersOnMacOS()
ConsolidatedAccessibilityTests.swift:1284: Expectation failed: hasAccessibilityID: platformPhotoDisplay_L1 should generate accessibility identifiers on macOS 
testPlatformPhotoDisplayL4GeneratesAccessibilityIdentifiers(platform:)
.iOS
ConsolidatedAccessibilityTests.swift:1338: Expectation failed: hasAccessibilityID: platformPhotoDisplay_L4 should generate accessibility identifiers on iOS
.macOS
ConsolidatedAccessibilityTests.swift:1338: Expectation failed: hasAccessibilityID: platformPhotoDisplay_L4 should generate accessibility identifiers on macOS
testPlatformPhotoEditorL4GeneratesAccessibilityIdentifiersOnIOS()
ConsolidatedAccessibilityTests.swift:1362: Expectation failed: hasAccessibilityID: platformPhotoEditor_L4 should generate accessibility identifiers on iOS 
testPlatformPhotoEditorL4GeneratesAccessibilityIdentifiersOnMacOS()
ConsolidatedAccessibilityTests.swift:1386: Expectation failed: hasAccessibilityID: platformPhotoEditor_L4 should generate accessibility identifiers on macOS 
testPlatformOCRComponentsLayer4GeneratesAccessibilityIdentifiers()
ConsolidatedAccessibilityTests.swift:1418: Expectation failed: hasAccessibilityID: PlatformOCRComponentsLayer4 should generate accessibility identifiers 
testGenericNumericDataViewGeneratesAccessibilityIdentifiers()
ConsolidatedAccessibilityTests.swift:1453: Expectation failed: hasAccessibilityID: GenericNumericDataView should generate accessibility identifiers 
testGenericFormViewGeneratesAccessibilityIdentifiers()
ConsolidatedAccessibilityTests.swift:1500: Expectation failed: hasAccessibilityID: GenericFormView should generate accessibility identifiers 
testGenericMediaViewGeneratesAccessibilityIdentifiers()
ConsolidatedAccessibilityTests.swift:1525: Expectation failed: hasAccessibilityID: GenericMediaView should generate accessibility identifiers 
testGenericSettingsViewGeneratesAccessibilityIdentifiers()
ConsolidatedAccessibilityTests.swift:1552: Expectation failed: hasAccessibilityID: GenericSettingsView should generate accessibility identifiers 
testGenericItemCollectionViewGeneratesAccessibilityIdentifiers()
ConsolidatedAccessibilityTests.swift:1578: Expectation failed: hasAccessibilityID: GenericItemCollectionView should generate accessibility identifiers 
testGenericHierarchicalViewGeneratesAccessibilityIdentifiers()
ConsolidatedAccessibilityTests.swift:1605: Expectation failed: hasAccessibilityID: GenericHierarchicalView should generate accessibility identifiers 
testGenericTemporalViewGeneratesAccessibilityIdentifiers()
ConsolidatedAccessibilityTests.swift:1630: Expectation failed: hasAccessibilityID: GenericTemporalView should generate accessibility identifiers 
testGenericContentViewGeneratesAccessibilityIdentifiers()
ConsolidatedAccessibilityTests.swift:1652: Expectation failed: hasAccessibilityID: GenericContentView should generate accessibility identifiers 
testAutomaticAccessibilityIdentifiersGeneratesAccessibilityIdentifiers()
ConsolidatedAccessibilityTests.swift:1675: Expectation failed: hasAccessibilityID: Framework component should automatically generate accessibility identifiers 
testAutomaticAccessibilityIdentifiersModifierGeneratesIdentifiersOnIOS()
ConsolidatedAccessibilityTests.swift:1772: Expectation failed: hasAccessibilityID: automaticAccessibilityIdentifiers modifier should generate accessibility identifiers on iOS 
testAutomaticAccessibilityIdentifiersModifierGeneratesIdentifiersOnMacOS()
ConsolidatedAccessibilityTests.swift:1794: Expectation failed: hasAccessibilityID: automaticAccessibilityIdentifiers modifier should generate accessibility identifiers on macOS 
testNamedModifierGeneratesIdentifiersOnIOS()
ConsolidatedAccessibilityTests.swift:1815: Expectation failed: hasAccessibilityID: named modifier should generate accessibility identifiers on iOS 
testNamedModifierGeneratesIdentifiersOnMacOS()
ConsolidatedAccessibilityTests.swift:1837: Expectation failed: hasAccessibilityID: named modifier should generate accessibility identifiers on macOS 
testManualAccessibilityIdentifiersOverrideAutomatic()
ConsolidatedAccessibilityTests.swift:1949: Expectation failed: hasManualID: Manual identifier should override automatic generation 
testAutomaticIdentifiersWorkByDefault()
ConsolidatedAccessibilityTests.swift:1975: Expectation failed: testComponentComplianceSinglePlatform((testView → PlatformInteractionButton<ModifiedContent<ModifiedContent<ModifiedContent<ModifiedContent<ModifiedContent<GenericContentView, _EnvironmentKeyWritingModifier<Optional<String>>>, SystemAccessibilityModifier>, PlatformPatternModifier>, VisualConsistencyModifier>, AutomaticComplianceModifier>>(label: SwiftUI.ModifiedContent<SwiftUI.ModifiedContent<SwiftUI.ModifiedContent<SwiftUI.ModifiedContent<SwiftUI.ModifiedContent<SixLayerFramework.GenericContentView, SwiftUI._EnvironmentKeyWritingModifier<Swift.Optional<Swift.String>>>, SixLayerFramework.SystemAccessibilityModifier>, SixLayerFramework.PlatformPatternModifier>, SixLayerFramework.VisualConsistencyModifier>, SixLayerFramework.AutomaticComplianceModifier>(content: SwiftUI.ModifiedContent<SwiftUI.ModifiedContent<SwiftUI.ModifiedContent<SwiftUI.ModifiedContent<SixLayerFramework.GenericContentView, SwiftUI._EnvironmentKeyWritingModifier<Swift.Optional<Swift.String>>>, SixLayerFramework.SystemAccessibilityModifier>, SixLayerFramework.PlatformPatternModifier>, SixLayerFramework.VisualConsistencyModifier>(content: SwiftUI.ModifiedContent<SwiftUI.ModifiedContent<SwiftUI.ModifiedContent<SixLayerFramework.GenericContentView, SwiftUI._EnvironmentKeyWritingModifier<Swift.Optional<Swift.String>>>, SixLayerFramework.SystemAccessibilityModifier>, SixLayerFramework.PlatformPatternModifier>(content: SwiftUI.ModifiedContent<SwiftUI.ModifiedContent<SixLayerFramework.GenericContentView, SwiftUI._EnvironmentKeyWritingModifier<Swift.Optional<Swift.String>>>, SixLayerFramework.SystemAccessibilityModifier>(content: SwiftUI.ModifiedContent<SixLayerFramework.GenericContentView, SwiftUI._EnvironmentKeyWritingModifier<Swift.Optional<Swift.String>>>(content: SixLayerFramework.GenericContentView(content: "Test Button", hints: SixLayerFramework.PresentationHints(dataType: SixLayerFramework.DataTypeHint.generic, presentationPreference: SixLayerFramework.PresentationPreference.automatic, complexity: SixLayerFramework.ContentComplexity.moderate, context: SixLayerFramework.PresentationContext.dashboard, customPreferences: [:], fieldHints: [:])), modifier: SwiftUI._EnvironmentKeyWritingModifier<Swift.Optional<Swift.String>>(keyPath: \EnvironmentValues.accessibilityIdentifierName, value: Optional("platformPresentContent_L1"))), modifier: SixLayerFramework.SystemAccessibilityModifier(accessibilityState: SixLayerFramework.AccessibilitySystemState(isVoiceOverRunning: false, isDarkerSystemColorsEnabled: false, isReduceTransparencyEnabled: false, isHighContrastEnabled: false, isReducedMotionEnabled: false, hasKeyboardSupport: false, hasFullKeyboardAccess: false, hasSwitchControl: false), platform: SixLayerFramework.SixLayerPlatform.iOS)), modifier: SixLayerFramework.PlatformPatternModifier(designSystem: SixLayerFramework.PlatformDesignSystem(platform: SixLayerFramework.SixLayerPlatform.macOS, colorSystem: SixLayerFramework.HIGColorSystem(primary: SwiftUI.AnyShapeStyle(storage: SwiftUI.AnyShapeStyle.Storage(box: SwiftUI.ColorBox<SwiftUI.SystemColorType>)), secondary: SwiftUI.AnyShapeStyle(storage: SwiftUI.AnyShapeStyle.Storage(box: SwiftUI.ColorBox<SwiftUI.SystemColorType>)), accent: SwiftUI.AnyShapeStyle(storage: SwiftUI.AnyShapeStyle.Storage(box: SwiftUI.ColorBox<SwiftUI.Color.AccentColorProvider>)), background: SwiftUI.AnyShapeStyle(storage: SwiftUI.AnyShapeStyle.Storage(box: SwiftUI.ColorBox<SwiftUI.AppKitPlatformColorProvider>)), surface: SwiftUI.AnyShapeStyle(storage: SwiftUI.AnyShapeStyle.Storage(box: SwiftUI.ColorBox<SwiftUI.AppKitPlatformColorProvider>)), text: SwiftUI.AnyShapeStyle(storage: SwiftUI.AnyShapeStyle.Storage(box: SwiftUI.ColorBox<SwiftUI.AppKitPlatformColorProvider>)), textSecondary: SwiftUI.AnyShapeStyle(storage: SwiftUI.AnyShapeStyle.Storage(box: SwiftUI.ColorBox<SwiftUI.SystemColorType>))), typographySystem: SixLayerFramework.HIGTypographySystem(largeTitle: SwiftUI.Font(provider: SwiftUI.FontBox<SwiftUI.Font.TextStyleProvider>), title: SwiftUI.Font(provider: SwiftUI.FontBox<SwiftUI.Font.TextStyleProvider>), headline: SwiftUI.Font(provider: SwiftUI.FontBox<SwiftUI.Font.TextStyleProvider>), body: SwiftUI.Font(provider: SwiftUI.FontBox<SwiftUI.Font.TextStyleProvider>), callout: SwiftUI.Font(provider: SwiftUI.FontBox<SwiftUI.Font.TextStyleProvider>), subheadline: SwiftUI.Font(provider: SwiftUI.FontBox<SwiftUI.Font.TextStyleProvider>), footnote: SwiftUI.Font(provider: SwiftUI.FontBox<SwiftUI.Font.TextStyleProvider>), caption: SwiftUI.Font(provider: SwiftUI.FontBox<SwiftUI.Font.TextStyleProvider>)), spacingSystem: SixLayerFramework.HIGSpacingSystem(xs: 4.0, sm: 8.0, md: 16.0, lg: 24.0, xl: 32.0, xxl: 40.0, xxxl: 48.0), iconSystem: SixLayerFramework.HIGIconSystem(platform: SixLayerFramework.SixLayerPlatform.macOS), visualDesignSystem: SixLayerFramework.HIGVisualDesignSystem(platform: SixLayerFramework.SixLayerPlatform.macOS, animationSystem: SixLayerFramework.HIGAnimationSystem(platform: SixLayerFramework.SixLayerPlatform.macOS), shadowSystem: SixLayerFramework.HIGShadowSystem(platform: SixLayerFramework.SixLayerPlatform.macOS), cornerRadiusSystem: SixLayerFramework.HIGCornerRadiusSystem(platform: SixLayerFramework.SixLayerPlatform.macOS), borderWidthSystem: SixLayerFramework.HIGBorderWidthSystem(platform: SixLayerFramework.SixLayerPlatform.macOS), opacitySystem: SixLayerFramework.HIGOpacitySystem(), blurSystem: SixLayerFramework.HIGBlurSystem(platform: SixLayerFramework.SixLayerPlatform.macOS))), platform: SixLayerFramework.SixLayerPlatform.macOS)), modifier: SixLayerFramework.VisualConsistencyModifier(designSystem: SixLayerFramework.PlatformDesignSystem(platform: SixLayerFramework.SixLayerPlatform.macOS, colorSystem: SixLayerFramework.HIGColorSystem(primary: SwiftUI.AnyShapeStyle(storage: SwiftUI.AnyShapeStyle.Storage(box: SwiftUI.ColorBox<SwiftUI.SystemColorType>)), secondary: SwiftUI.AnyShapeStyle(storage: SwiftUI.AnyShapeStyle.Storage(box: SwiftUI.ColorBox<SwiftUI.SystemColorType>)), accent: SwiftUI.AnyShapeStyle(storage: SwiftUI.AnyShapeStyle.Storage(box: SwiftUI.ColorBox<SwiftUI.Color.AccentColorProvider>)), background: SwiftUI.AnyShapeStyle(storage: SwiftUI.AnyShapeStyle.Storage(box: SwiftUI.ColorBox<SwiftUI.AppKitPlatformColorProvider>)), surface: SwiftUI.AnyShapeStyle(storage: SwiftUI.AnyShapeStyle.Storage(box: SwiftUI.ColorBox<SwiftUI.AppKitPlatformColorProvider>)), text: SwiftUI.AnyShapeStyle(storage: SwiftUI.AnyShapeStyle.Storage(box: SwiftUI.ColorBox<SwiftUI.AppKitPlatformColorProvider>)), textSecondary: SwiftUI.AnyShapeStyle(storage: SwiftUI.AnyShapeStyle.Storage(box: SwiftUI.ColorBox<SwiftUI.SystemColorType>))), typographySystem: SixLayerFramework.HIGTypographySystem(largeTitle: SwiftUI.Font(provider: SwiftUI.FontBox<SwiftUI.Font.TextStyleProvider>), title: SwiftUI.Font(provider: SwiftUI.FontBox<SwiftUI.Font.TextStyleProvider>), headline: SwiftUI.Font(provider: SwiftUI.FontBox<SwiftUI.Font.TextStyleProvider>), body: SwiftUI.Font(provider: SwiftUI.FontBox<SwiftUI.Font.TextStyleProvider>), callout: SwiftUI.Font(provider: SwiftUI.FontBox<SwiftUI.Font.TextStyleProvider>), subheadline: SwiftUI.Font(provider: SwiftUI.FontBox<SwiftUI.Font.TextStyleProvider>), footnote: SwiftUI.Font(provider: SwiftUI.FontBox<SwiftUI.Font.TextStyleProvider>), caption: SwiftUI.Font(provider: SwiftUI.FontBox<SwiftUI.Font.TextStyleProvider>)), spacingSystem: SixLayerFramework.HIGSpacingSystem(xs: 4.0, sm: 8.0, md: 16.0, lg: 24.0, xl: 32.0, xxl: 40.0, xxxl: 48.0), iconSystem: SixLayerFramework.HIGIconSystem(platform: SixLayerFramework.SixLayerPlatform.macOS), visualDesignSystem: SixLayerFramework.HIGVisualDesignSystem(platform: SixLayerFramework.SixLayerPlatform.macOS, animationSystem: SixLayerFramework.HIGAnimationSystem(platform: SixLayerFramework.SixLayerPlatform.macOS), shadowSystem: SixLayerFramework.HIGShadowSystem(platform: SixLayerFramework.SixLayerPlatform.macOS), cornerRadiusSystem: SixLayerFramework.HIGCornerRadiusSystem(platform: SixLayerFramework.SixLayerPlatform.macOS), borderWidthSystem: SixLayerFramework.HIGBorderWidthSystem(platform: SixLayerFramework.SixLayerPlatform.macOS), opacitySystem: SixLayerFramework.HIGOpacitySystem(), blurSystem: SixLayerFramework.HIGBlurSystem(platform: SixLayerFramework.SixLayerPlatform.macOS))), platform: SixLayerFramework.SixLayerPlatform.macOS, visualDesignConfig: SixLayerFramework.HIGVisualDesignCategoryConfig(applyAnimations: false, applyShadows: false, applyCornerRadius: false, applyBorders: false, applyOpacity: false, applyBlur: false, defaultAnimationCategory: nil, defaultShadowCategory: SixLayerFramework.HIGShadowCategory.elevated, defaultCornerRadiusCategory: SixLayerFramework.HIGCornerRadiusCategory.medium, defaultBorderWidthCategory: SixLayerFramework.HIGBorderWidthCategory.thin, defaultOpacityCategory: SixLayerFramework.HIGOpacityCategory.primary, defaultBlurCategory: SixLayerFramework.HIGBlurCategory.light), iOSConfig: nil)), modifier: SixLayerFramework.AutomaticComplianceModifier()), action: (Function), style: SixLayerFramework.InteractionButtonStyle.primary, _inputManager: SwiftUI.StateObject<SixLayerFramework.InputHandlingManager>(storage: SwiftUI.StateObject<SixLayerFramework.InputHandlingManager>.Storage.initially((Function))))), expectedPattern: "SixLayer.*ui", platform: (SixLayerPlatform.iOS → .iOS), componentName: "AutomaticIdentifiersWorkByDefault"): View should have accessibility identifier when explicitly enabled
testAccessibilityIdentifiersAreReasonableLength()
ConsolidatedAccessibilityTests.swift:2010: Expectation failed: (buttonID → "").contains("SixLayer"): Should contain namespace
ConsolidatedAccessibilityTests.swift:2011: Expectation failed: (buttonID → "").contains("AddFuelButton"): Should contain view name
testManualIDsStillWorkWhenAutomaticDisabled()
ConsolidatedAccessibilityTests.swift:2087: Expectation failed: (buttonID → "") == "manual-test-button": // Manual ID should work regardless of automatic setting
Manual accessibility identifier should work when automatic is disabled
testCrossPlatformOptimizationGeneratesAccessibilityIdentifiers()
ConsolidatedAccessibilityTests.swift:2350: Expectation failed: hasAccessibilityID: CrossPlatformOptimization should generate accessibility identifiers
testCrossPlatformOptimizationLayer6GeneratesAccessibilityIdentifiers()
ConsolidatedAccessibilityTests.swift:2373: Expectation failed: hasAccessibilityID: CrossPlatformOptimizationLayer6 should generate accessibility identifiers 
testMinimalAccessibilityIdentifier()
ConsolidatedAccessibilityTests.swift:2409: Expectation failed: hasID: Framework component should automatically generate accessibility identifier 
testInternationalizationServiceComponentGeneratesAccessibilityIdentifiers()
ConsolidatedAccessibilityTests.swift:2430: Expectation failed: hasAccessibilityID: InternationalizationServiceView should generate accessibility identifiers 
testVisionSafetyComponentGeneratesAccessibilityIdentifiers()
ConsolidatedAccessibilityTests.swift:2447: Expectation failed: hasAccessibilityID: VisionSafetyComponent should generate accessibility identifiers 
testAccessibilityTestUtilitiesGeneratesAccessibilityIdentifiers()
ConsolidatedAccessibilityTests.swift:2574: Expectation failed: hasAccessibilityID: Framework component should generate accessibility identifiers 
testAccessibilityIdentifierExactMatchingGeneratesAccessibilityIdentifiers()
ConsolidatedAccessibilityTests.swift:2594: Expectation failed: hasAccessibilityID: Accessibility identifier exact matching should work correctly 
testExpandableCardComponentGeneratesAccessibilityIdentifiersOnIOS()
ConsolidatedAccessibilityTests.swift:2641: Expectation failed: hasAccessibilityID: ExpandableCardComponent should generate accessibility identifiers with component name on iOS 
testCoverFlowCollectionViewGeneratesAccessibilityIdentifiersOnIOS()
ConsolidatedAccessibilityTests.swift:2670: Expectation failed: hasAccessibilityID: CoverFlowCollectionView should generate accessibility identifiers with component name on iOS 
testAdaptiveButtonIncludesLabelText()
ConsolidatedAccessibilityTests.swift:2828: Expectation failed: ((buttonID?.contains("submit") ?? false) → false) || ((buttonID?.contains("Submit") ?? false) → false): AdaptiveButton identifier should include label text 'Submit' (implementation verified in code)
testAdaptiveButtonDifferentLabelsDifferentIdentifiers()
ConsolidatedAccessibilityTests.swift:2854: Expectation failed: (submitID → "") != (cancelID → ""): Buttons with different labels should have different identifiers (implementation verified in code)
testLabelTextSanitizationHandlesSpaces()
ConsolidatedAccessibilityTests.swift:2873: Expectation failed: ((!buttonID.contains("Add New Item")) → true) && ((buttonID.contains("add-new-item") || buttonID.contains("add") && buttonID.contains("new")) → false): Identifier should contain sanitized label (implementation verified)
testEmptyStringParameters()
ConsolidatedAccessibilityTests.swift:3087: Expectation failed: !((buttonID → "").isEmpty → true → true): Should generate ID even with empty parameters
ConsolidatedAccessibilityTests.swift:3088: Expectation failed: (buttonID → "").contains("SixLayer"): Should contain namespace
testSpecialCharactersInNames()
ConsolidatedAccessibilityTests.swift:3109: Expectation failed: !((buttonID → "").isEmpty → true → true): Should generate ID with special characters
ConsolidatedAccessibilityTests.swift:3110: Expectation failed: (buttonID → "").contains("SixLayer"): Should contain namespace
ConsolidatedAccessibilityTests.swift:3111: Expectation failed: (buttonID → "").contains("@#$%^&*()"): Should preserve special characters
testManualIDOverride()
ConsolidatedAccessibilityTests.swift:3132: Expectation failed: (buttonID → "") == "manual-override": Manual ID should override automatic ID
testExpandableCardCollectionViewGeneratesAccessibilityIdentifiers()
ConsolidatedAccessibilityTests.swift:3223: Expectation failed: hasAccessibilityID: ExpandableCardCollectionView should generate accessibility identifiers 
testCoverFlowCollectionViewGeneratesAccessibilityIdentifiers()
ConsolidatedAccessibilityTests.swift:3254: Expectation failed: hasAccessibilityID: CoverFlowCollectionView should generate accessibility identifiers 
testGridCollectionViewGeneratesAccessibilityIdentifiers()
ConsolidatedAccessibilityTests.swift:3279: Expectation failed: hasAccessibilityID: GridCollectionView should generate accessibility identifiers 
testFrameworkComponentWithNamedModifier()
ConsolidatedAccessibilityTests.swift:3449: Expectation failed: testComponentComplianceSinglePlatform((testView → ModifiedContent<ModifiedContent<ModifiedContent<ModifiedContent<ModifiedContent<ModifiedContent<GenericContentView, _EnvironmentKeyWritingModifier<Optional<String>>>, SystemAccessibilityModifier>, PlatformPatternModifier>, VisualConsistencyModifier>, AutomaticComplianceModifier>, NamedModifier>(content: SwiftUI.ModifiedContent<SwiftUI.ModifiedContent<SwiftUI.ModifiedContent<SwiftUI.ModifiedContent<SwiftUI.ModifiedContent<SixLayerFramework.GenericContentView, SwiftUI._EnvironmentKeyWritingModifier<Swift.Optional<Swift.String>>>, SixLayerFramework.SystemAccessibilityModifier>, SixLayerFramework.PlatformPatternModifier>, SixLayerFramework.VisualConsistencyModifier>, SixLayerFramework.AutomaticComplianceModifier>(content: SwiftUI.ModifiedContent<SwiftUI.ModifiedContent<SwiftUI.ModifiedContent<SwiftUI.ModifiedContent<SixLayerFramework.GenericContentView, SwiftUI._EnvironmentKeyWritingModifier<Swift.Optional<Swift.String>>>, SixLayerFramework.SystemAccessibilityModifier>, SixLayerFramework.PlatformPatternModifier>, SixLayerFramework.VisualConsistencyModifier>(content: SwiftUI.ModifiedContent<SwiftUI.ModifiedContent<SwiftUI.ModifiedContent<SixLayerFramework.GenericContentView, SwiftUI._EnvironmentKeyWritingModifier<Swift.Optional<Swift.String>>>, SixLayerFramework.SystemAccessibilityModifier>, SixLayerFramework.PlatformPatternModifier>(content: SwiftUI.ModifiedContent<SwiftUI.ModifiedContent<SixLayerFramework.GenericContentView, SwiftUI._EnvironmentKeyWritingModifier<Swift.Optional<Swift.String>>>, SixLayerFramework.SystemAccessibilityModifier>(content: SwiftUI.ModifiedContent<SixLayerFramework.GenericContentView, SwiftUI._EnvironmentKeyWritingModifier<Swift.Optional<Swift.String>>>(content: SixLayerFramework.GenericContentView(content: "Test Content", hints: SixLayerFramework.PresentationHints(dataType: SixLayerFramework.DataTypeHint.generic, presentationPreference: SixLayerFramework.PresentationPreference.automatic, complexity: SixLayerFramework.ContentComplexity.moderate, context: SixLayerFramework.PresentationContext.dashboard, customPreferences: [:], fieldHints: [:])), modifier: SwiftUI._EnvironmentKeyWritingModifier<Swift.Optional<Swift.String>>(keyPath: \EnvironmentValues.accessibilityIdentifierName, value: Optional("platformPresentContent_L1"))), modifier: SixLayerFramework.SystemAccessibilityModifier(accessibilityState: SixLayerFramework.AccessibilitySystemState(isVoiceOverRunning: false, isDarkerSystemColorsEnabled: false, isReduceTransparencyEnabled: false, isHighContrastEnabled: false, isReducedMotionEnabled: false, hasKeyboardSupport: false, hasFullKeyboardAccess: false, hasSwitchControl: false), platform: SixLayerFramework.SixLayerPlatform.iOS)), modifier: SixLayerFramework.PlatformPatternModifier(designSystem: SixLayerFramework.PlatformDesignSystem(platform: SixLayerFramework.SixLayerPlatform.macOS, colorSystem: SixLayerFramework.HIGColorSystem(primary: SwiftUI.AnyShapeStyle(storage: SwiftUI.AnyShapeStyle.Storage(box: SwiftUI.ColorBox<SwiftUI.SystemColorType>)), secondary: SwiftUI.AnyShapeStyle(storage: SwiftUI.AnyShapeStyle.Storage(box: SwiftUI.ColorBox<SwiftUI.SystemColorType>)), accent: SwiftUI.AnyShapeStyle(storage: SwiftUI.AnyShapeStyle.Storage(box: SwiftUI.ColorBox<SwiftUI.Color.AccentColorProvider>)), background: SwiftUI.AnyShapeStyle(storage: SwiftUI.AnyShapeStyle.Storage(box: SwiftUI.ColorBox<SwiftUI.AppKitPlatformColorProvider>)), surface: SwiftUI.AnyShapeStyle(storage: SwiftUI.AnyShapeStyle.Storage(box: SwiftUI.ColorBox<SwiftUI.AppKitPlatformColorProvider>)), text: SwiftUI.AnyShapeStyle(storage: SwiftUI.AnyShapeStyle.Storage(box: SwiftUI.ColorBox<SwiftUI.AppKitPlatformColorProvider>)), textSecondary: SwiftUI.AnyShapeStyle(storage: SwiftUI.AnyShapeStyle.Storage(box: SwiftUI.ColorBox<SwiftUI.SystemColorType>))), typographySystem: SixLayerFramework.HIGTypographySystem(largeTitle: SwiftUI.Font(provider: SwiftUI.FontBox<SwiftUI.Font.TextStyleProvider>), title: SwiftUI.Font(provider: SwiftUI.FontBox<SwiftUI.Font.TextStyleProvider>), headline: SwiftUI.Font(provider: SwiftUI.FontBox<SwiftUI.Font.TextStyleProvider>), body: SwiftUI.Font(provider: SwiftUI.FontBox<SwiftUI.Font.TextStyleProvider>), callout: SwiftUI.Font(provider: SwiftUI.FontBox<SwiftUI.Font.TextStyleProvider>), subheadline: SwiftUI.Font(provider: SwiftUI.FontBox<SwiftUI.Font.TextStyleProvider>), footnote: SwiftUI.Font(provider: SwiftUI.FontBox<SwiftUI.Font.TextStyleProvider>), caption: SwiftUI.Font(provider: SwiftUI.FontBox<SwiftUI.Font.TextStyleProvider>)), spacingSystem: SixLayerFramework.HIGSpacingSystem(xs: 4.0, sm: 8.0, md: 16.0, lg: 24.0, xl: 32.0, xxl: 40.0, xxxl: 48.0), iconSystem: SixLayerFramework.HIGIconSystem(platform: SixLayerFramework.SixLayerPlatform.macOS), visualDesignSystem: SixLayerFramework.HIGVisualDesignSystem(platform: SixLayerFramework.SixLayerPlatform.macOS, animationSystem: SixLayerFramework.HIGAnimationSystem(platform: SixLayerFramework.SixLayerPlatform.macOS), shadowSystem: SixLayerFramework.HIGShadowSystem(platform: SixLayerFramework.SixLayerPlatform.macOS), cornerRadiusSystem: SixLayerFramework.HIGCornerRadiusSystem(platform: SixLayerFramework.SixLayerPlatform.macOS), borderWidthSystem: SixLayerFramework.HIGBorderWidthSystem(platform: SixLayerFramework.SixLayerPlatform.macOS), opacitySystem: SixLayerFramework.HIGOpacitySystem(), blurSystem: SixLayerFramework.HIGBlurSystem(platform: SixLayerFramework.SixLayerPlatform.macOS))), platform: SixLayerFramework.SixLayerPlatform.macOS)), modifier: SixLayerFramework.VisualConsistencyModifier(designSystem: SixLayerFramework.PlatformDesignSystem(platform: SixLayerFramework.SixLayerPlatform.macOS, colorSystem: SixLayerFramework.HIGColorSystem(primary: SwiftUI.AnyShapeStyle(storage: SwiftUI.AnyShapeStyle.Storage(box: SwiftUI.ColorBox<SwiftUI.SystemColorType>)), secondary: SwiftUI.AnyShapeStyle(storage: SwiftUI.AnyShapeStyle.Storage(box: SwiftUI.ColorBox<SwiftUI.SystemColorType>)), accent: SwiftUI.AnyShapeStyle(storage: SwiftUI.AnyShapeStyle.Storage(box: SwiftUI.ColorBox<SwiftUI.Color.AccentColorProvider>)), background: SwiftUI.AnyShapeStyle(storage: SwiftUI.AnyShapeStyle.Storage(box: SwiftUI.ColorBox<SwiftUI.AppKitPlatformColorProvider>)), surface: SwiftUI.AnyShapeStyle(storage: SwiftUI.AnyShapeStyle.Storage(box: SwiftUI.ColorBox<SwiftUI.AppKitPlatformColorProvider>)), text: SwiftUI.AnyShapeStyle(storage: SwiftUI.AnyShapeStyle.Storage(box: SwiftUI.ColorBox<SwiftUI.AppKitPlatformColorProvider>)), textSecondary: SwiftUI.AnyShapeStyle(storage: SwiftUI.AnyShapeStyle.Storage(box: SwiftUI.ColorBox<SwiftUI.SystemColorType>))), typographySystem: SixLayerFramework.HIGTypographySystem(largeTitle: SwiftUI.Font(provider: SwiftUI.FontBox<SwiftUI.Font.TextStyleProvider>), title: SwiftUI.Font(provider: SwiftUI.FontBox<SwiftUI.Font.TextStyleProvider>), headline: SwiftUI.Font(provider: SwiftUI.FontBox<SwiftUI.Font.TextStyleProvider>), body: SwiftUI.Font(provider: SwiftUI.FontBox<SwiftUI.Font.TextStyleProvider>), callout: SwiftUI.Font(provider: SwiftUI.FontBox<SwiftUI.Font.TextStyleProvider>), subheadline: SwiftUI.Font(provider: SwiftUI.FontBox<SwiftUI.Font.TextStyleProvider>), footnote: SwiftUI.Font(provider: SwiftUI.FontBox<SwiftUI.Font.TextStyleProvider>), caption: SwiftUI.Font(provider: SwiftUI.FontBox<SwiftUI.Font.TextStyleProvider>)), spacingSystem: SixLayerFramework.HIGSpacingSystem(xs: 4.0, sm: 8.0, md: 16.0, lg: 24.0, xl: 32.0, xxl: 40.0, xxxl: 48.0), iconSystem: SixLayerFramework.HIGIconSystem(platform: SixLayerFramework.SixLayerPlatform.macOS), visualDesignSystem: SixLayerFramework.HIGVisualDesignSystem(platform: SixLayerFramework.SixLayerPlatform.macOS, animationSystem: SixLayerFramework.HIGAnimationSystem(platform: SixLayerFramework.SixLayerPlatform.macOS), shadowSystem: SixLayerFramework.HIGShadowSystem(platform: SixLayerFramework.SixLayerPlatform.macOS), cornerRadiusSystem: SixLayerFramework.HIGCornerRadiusSystem(platform: SixLayerFramework.SixLayerPlatform.macOS), borderWidthSystem: SixLayerFramework.HIGBorderWidthSystem(platform: SixLayerFramework.SixLayerPlatform.macOS), opacitySystem: SixLayerFramework.HIGOpacitySystem(), blurSystem: SixLayerFramework.HIGBlurSystem(platform: SixLayerFramework.SixLayerPlatform.macOS))), platform: SixLayerFramework.SixLayerPlatform.macOS, visualDesignConfig: SixLayerFramework.HIGVisualDesignCategoryConfig(applyAnimations: false, applyShadows: false, applyCornerRadius: false, applyBorders: false, applyOpacity: false, applyBlur: false, defaultAnimationCategory: nil, defaultShadowCategory: SixLayerFramework.HIGShadowCategory.elevated, defaultCornerRadiusCategory: SixLayerFramework.HIGCornerRadiusCategory.medium, defaultBorderWidthCategory: SixLayerFramework.HIGBorderWidthCategory.thin, defaultOpacityCategory: SixLayerFramework.HIGOpacityCategory.primary, defaultBlurCategory: SixLayerFramework.HIGBlurCategory.light), iOSConfig: nil)), modifier: SixLayerFramework.AutomaticComplianceModifier()), modifier: SixLayerFramework.NamedModifier(name: "test-component"))), expectedPattern: "*.main.ui.test-component", platform: (SixLayerPlatform.iOS → .iOS), componentName: "FrameworkComponentWithNamedModifier"): Framework component with .named() should generate correct ID
testAutomaticAccessibilityIdentifierModifierApplied()
ConsolidatedAccessibilityTests.swift:3468: Expectation failed: testComponentComplianceSinglePlatform((testView → AnyView(ModifiedContent<ModifiedContent<ModifiedContent<ModifiedContent<ModifiedContent<BasicValueView, _EnvironmentKeyWritingModifier<Optional<String>>>, SystemAccessibilityModifier>, PlatformPatternModifier>, VisualConsistencyModifier>, AutomaticComplianceModifier>(content: SwiftUI.ModifiedContent<SwiftUI.ModifiedContent<SwiftUI.ModifiedContent<SwiftUI.ModifiedContent<SixLayerFramework.(unknown context at $10bfe84e4).BasicValueView, SwiftUI._EnvironmentKeyWritingModifier<Swift.Optional<Swift.String>>>, SixLayerFramework.SystemAccessibilityModifier>, SixLayerFramework.PlatformPatternModifier>, SixLayerFramework.VisualConsistencyModifier>(content: SwiftUI.ModifiedContent<SwiftUI.ModifiedContent<SwiftUI.ModifiedContent<SixLayerFramework.(unknown context at $10bfe84e4).BasicValueView, SwiftUI._EnvironmentKeyWritingModifier<Swift.Optional<Swift.String>>>, SixLayerFramework.SystemAccessibilityModifier>, SixLayerFramework.PlatformPatternModifier>(content: SwiftUI.ModifiedContent<SwiftUI.ModifiedContent<SixLayerFramework.(unknown context at $10bfe84e4).BasicValueView, SwiftUI._EnvironmentKeyWritingModifier<Swift.Optional<Swift.String>>>, SixLayerFramework.SystemAccessibilityModifier>(content: SwiftUI.ModifiedContent<SixLayerFramework.(unknown context at $10bfe84e4).BasicValueView, SwiftUI._EnvironmentKeyWritingModifier<Swift.Optional<Swift.String>>>(content: SixLayerFramework.(unknown context at $10bfe84e4).BasicValueView(value: 42, hints: SixLayerFramework.PresentationHints(dataType: SixLayerFramework.DataTypeHint.generic, presentationPreference: SixLayerFramework.PresentationPreference.automatic, complexity: SixLayerFramework.ContentComplexity.moderate, context: SixLayerFramework.PresentationContext.dashboard, customPreferences: [:], fieldHints: [:])), modifier: SwiftUI._EnvironmentKeyWritingModifier<Swift.Optional<Swift.String>>(keyPath: \EnvironmentValues.accessibilityIdentifierName, value: Optional("platformPresentBasicValue_L1"))), modifier: SixLayerFramework.SystemAccessibilityModifier(accessibilityState: SixLayerFramework.AccessibilitySystemState(isVoiceOverRunning: false, isDarkerSystemColorsEnabled: false, isReduceTransparencyEnabled: false, isHighContrastEnabled: false, isReducedMotionEnabled: false, hasKeyboardSupport: false, hasFullKeyboardAccess: false, hasSwitchControl: false), platform: SixLayerFramework.SixLayerPlatform.iOS)), modifier: SixLayerFramework.PlatformPatternModifier(designSystem: SixLayerFramework.PlatformDesignSystem(platform: SixLayerFramework.SixLayerPlatform.macOS, colorSystem: SixLayerFramework.HIGColorSystem(primary: SwiftUI.AnyShapeStyle(storage: SwiftUI.AnyShapeStyle.Storage(box: SwiftUI.ColorBox<SwiftUI.SystemColorType>)), secondary: SwiftUI.AnyShapeStyle(storage: SwiftUI.AnyShapeStyle.Storage(box: SwiftUI.ColorBox<SwiftUI.SystemColorType>)), accent: SwiftUI.AnyShapeStyle(storage: SwiftUI.AnyShapeStyle.Storage(box: SwiftUI.ColorBox<SwiftUI.Color.AccentColorProvider>)), background: SwiftUI.AnyShapeStyle(storage: SwiftUI.AnyShapeStyle.Storage(box: SwiftUI.ColorBox<SwiftUI.AppKitPlatformColorProvider>)), surface: SwiftUI.AnyShapeStyle(storage: SwiftUI.AnyShapeStyle.Storage(box: SwiftUI.ColorBox<SwiftUI.AppKitPlatformColorProvider>)), text: SwiftUI.AnyShapeStyle(storage: SwiftUI.AnyShapeStyle.Storage(box: SwiftUI.ColorBox<SwiftUI.AppKitPlatformColorProvider>)), textSecondary: SwiftUI.AnyShapeStyle(storage: SwiftUI.AnyShapeStyle.Storage(box: SwiftUI.ColorBox<SwiftUI.SystemColorType>))), typographySystem: SixLayerFramework.HIGTypographySystem(largeTitle: SwiftUI.Font(provider: SwiftUI.FontBox<SwiftUI.Font.TextStyleProvider>), title: SwiftUI.Font(provider: SwiftUI.FontBox<SwiftUI.Font.TextStyleProvider>), headline: SwiftUI.Font(provider: SwiftUI.FontBox<SwiftUI.Font.TextStyleProvider>), body: SwiftUI.Font(provider: SwiftUI.FontBox<SwiftUI.Font.TextStyleProvider>), callout: SwiftUI.Font(provider: SwiftUI.FontBox<SwiftUI.Font.TextStyleProvider>), subheadline: SwiftUI.Font(provider: SwiftUI.FontBox<SwiftUI.Font.TextStyleProvider>), footnote: SwiftUI.Font(provider: SwiftUI.FontBox<SwiftUI.Font.TextStyleProvider>), caption: SwiftUI.Font(provider: SwiftUI.FontBox<SwiftUI.Font.TextStyleProvider>)), spacingSystem: SixLayerFramework.HIGSpacingSystem(xs: 4.0, sm: 8.0, md: 16.0, lg: 24.0, xl: 32.0, xxl: 40.0, xxxl: 48.0), iconSystem: SixLayerFramework.HIGIconSystem(platform: SixLayerFramework.SixLayerPlatform.macOS), visualDesignSystem: SixLayerFramework.HIGVisualDesignSystem(platform: SixLayerFramework.SixLayerPlatform.macOS, animationSystem: SixLayerFramework.HIGAnimationSystem(platform: SixLayerFramework.SixLayerPlatform.macOS), shadowSystem: SixLayerFramework.HIGShadowSystem(platform: SixLayerFramework.SixLayerPlatform.macOS), cornerRadiusSystem: SixLayerFramework.HIGCornerRadiusSystem(platform: SixLayerFramework.SixLayerPlatform.macOS), borderWidthSystem: SixLayerFramework.HIGBorderWidthSystem(platform: SixLayerFramework.SixLayerPlatform.macOS), opacitySystem: SixLayerFramework.HIGOpacitySystem(), blurSystem: SixLayerFramework.HIGBlurSystem(platform: SixLayerFramework.SixLayerPlatform.macOS))), platform: SixLayerFramework.SixLayerPlatform.macOS)), modifier: SixLayerFramework.VisualConsistencyModifier(designSystem: SixLayerFramework.PlatformDesignSystem(platform: SixLayerFramework.SixLayerPlatform.macOS, colorSystem: SixLayerFramework.HIGColorSystem(primary: SwiftUI.AnyShapeStyle(storage: SwiftUI.AnyShapeStyle.Storage(box: SwiftUI.ColorBox<SwiftUI.SystemColorType>)), secondary: SwiftUI.AnyShapeStyle(storage: SwiftUI.AnyShapeStyle.Storage(box: SwiftUI.ColorBox<SwiftUI.SystemColorType>)), accent: SwiftUI.AnyShapeStyle(storage: SwiftUI.AnyShapeStyle.Storage(box: SwiftUI.ColorBox<SwiftUI.Color.AccentColorProvider>)), background: SwiftUI.AnyShapeStyle(storage: SwiftUI.AnyShapeStyle.Storage(box: SwiftUI.ColorBox<SwiftUI.AppKitPlatformColorProvider>)), surface: SwiftUI.AnyShapeStyle(storage: SwiftUI.AnyShapeStyle.Storage(box: SwiftUI.ColorBox<SwiftUI.AppKitPlatformColorProvider>)), text: SwiftUI.AnyShapeStyle(storage: SwiftUI.AnyShapeStyle.Storage(box: SwiftUI.ColorBox<SwiftUI.AppKitPlatformColorProvider>)), textSecondary: SwiftUI.AnyShapeStyle(storage: SwiftUI.AnyShapeStyle.Storage(box: SwiftUI.ColorBox<SwiftUI.SystemColorType>))), typographySystem: SixLayerFramework.HIGTypographySystem(largeTitle: SwiftUI.Font(provider: SwiftUI.FontBox<SwiftUI.Font.TextStyleProvider>), title: SwiftUI.Font(provider: SwiftUI.FontBox<SwiftUI.Font.TextStyleProvider>), headline: SwiftUI.Font(provider: SwiftUI.FontBox<SwiftUI.Font.TextStyleProvider>), body: SwiftUI.Font(provider: SwiftUI.FontBox<SwiftUI.Font.TextStyleProvider>), callout: SwiftUI.Font(provider: SwiftUI.FontBox<SwiftUI.Font.TextStyleProvider>), subheadline: SwiftUI.Font(provider: SwiftUI.FontBox<SwiftUI.Font.TextStyleProvider>), footnote: SwiftUI.Font(provider: SwiftUI.FontBox<SwiftUI.Font.TextStyleProvider>), caption: SwiftUI.Font(provider: SwiftUI.FontBox<SwiftUI.Font.TextStyleProvider>)), spacingSystem: SixLayerFramework.HIGSpacingSystem(xs: 4.0, sm: 8.0, md: 16.0, lg: 24.0, xl: 32.0, xxl: 40.0, xxxl: 48.0), iconSystem: SixLayerFramework.HIGIconSystem(platform: SixLayerFramework.SixLayerPlatform.macOS), visualDesignSystem: SixLayerFramework.HIGVisualDesignSystem(platform: SixLayerFramework.SixLayerPlatform.macOS, animationSystem: SixLayerFramework.HIGAnimationSystem(platform: SixLayerFramework.SixLayerPlatform.macOS), shadowSystem: SixLayerFramework.HIGShadowSystem(platform: SixLayerFramework.SixLayerPlatform.macOS), cornerRadiusSystem: SixLayerFramework.HIGCornerRadiusSystem(platform: SixLayerFramework.SixLayerPlatform.macOS), borderWidthSystem: SixLayerFramework.HIGBorderWidthSystem(platform: SixLayerFramework.SixLayerPlatform.macOS), opacitySystem: SixLayerFramework.HIGOpacitySystem(), blurSystem: SixLayerFramework.HIGBlurSystem(platform: SixLayerFramework.SixLayerPlatform.macOS))), platform: SixLayerFramework.SixLayerPlatform.macOS, visualDesignConfig: SixLayerFramework.HIGVisualDesignCategoryConfig(applyAnimations: false, applyShadows: false, applyCornerRadius: false, applyBorders: false, applyOpacity: false, applyBlur: false, defaultAnimationCategory: nil, defaultShadowCategory: SixLayerFramework.HIGShadowCategory.elevated, defaultCornerRadiusCategory: SixLayerFramework.HIGCornerRadiusCategory.medium, defaultBorderWidthCategory: SixLayerFramework.HIGBorderWidthCategory.thin, defaultOpacityCategory: SixLayerFramework.HIGOpacityCategory.primary, defaultBlurCategory: SixLayerFramework.HIGBlurCategory.light), iOSConfig: nil)), modifier: SixLayerFramework.AutomaticComplianceModifier()))), expectedPattern: "SixLayer.main.ui.*", platform: (SixLayerPlatform.iOS → .iOS), componentName: "platformPresentBasicValue_L1"): Framework component should automatically generate accessibility identifiers
ConsolidatedAccessibilityTests.swift:3477: Expectation failed: (accessibilityID → "") != "": Framework component should have accessibility identifier
testDynamicFormViewGeneratesAccessibilityIdentifiers()
ConsolidatedAccessibilityTests.swift:3510: Expectation failed: hasAccessibilityID: DynamicFormView should generate accessibility identifiers 
testDynamicFormHeaderGeneratesAccessibilityIdentifiers()
ConsolidatedAccessibilityTests.swift:3538: Expectation failed: hasAccessibilityID: DynamicFormHeader should generate accessibility identifiers 
testResponsiveGridGeneratesAccessibilityIdentifiers()
ConsolidatedAccessibilityTests.swift:3573: Expectation failed: hasAccessibilityID: ResponsiveGrid should generate accessibility identifiers 
testResponsiveNavigationGeneratesAccessibilityIdentifiers()
ConsolidatedAccessibilityTests.swift:3601: Expectation failed: hasAccessibilityID: ResponsiveNavigation should generate accessibility identifiers 
testResponsiveStackGeneratesAccessibilityIdentifiers()
ConsolidatedAccessibilityTests.swift:3627: Expectation failed: hasAccessibilityID: ResponsiveStack should generate accessibility identifiers 
testPlatformNavigationTitleIncludesTitleText()
ConsolidatedAccessibilityTests.swift:3810: Expectation failed: (viewID.contains("settings") → false) || (viewID.contains("Settings") → false): platformNavigationTitle identifier should include title text 'Settings' (implementation verified in code)
testPlatformNavigationLinkWithTitleIncludesTitleText()
ConsolidatedAccessibilityTests.swift:3842: Expectation failed: (viewID.contains("next") || viewID.contains("page") → false) || (viewID.contains("Next") → false): platformNavigationLink_L4 identifier should include title text 'Next Page' (implementation verified in code)
testLabelTextSanitizationHandlesCase()
ConsolidatedAccessibilityTests.swift:3886: Expectation failed: ((!buttonID.contains("CamelCaseLabel")) → true) && ((buttonID.contains("camelcaselabel") || buttonID.contains("camel")) → false): Identifier should contain lowercase version (implementation verified)
testAccessibilityIdentifierPatternMatchingGeneratesAccessibilityIdentifiers()
ConsolidatedAccessibilityTests.swift:4042: Expectation failed: hasAccessibilityID: Accessibility identifier pattern matching should work correctly 
testAccessibilityIdentifierWildcardMatchingGeneratesAccessibilityIdentifiers()
ConsolidatedAccessibilityTests.swift:4062: Expectation failed: hasAccessibilityID: Accessibility identifier wildcard matching should work correctly 
testAccessibilityIdentifierComponentNameMatchingGeneratesAccessibilityIdentifiers()
ConsolidatedAccessibilityTests.swift:4082: Expectation failed: hasAccessibilityID: Accessibility identifier component name matching should work correctly 
testCoverFlowCardComponentGeneratesAccessibilityIdentifiersOnIOS()
ConsolidatedAccessibilityTests.swift:4108: Expectation failed: hasAccessibilityID: CoverFlowCardComponent should generate accessibility identifiers with component name on iOS 
testGridCollectionViewGeneratesAccessibilityIdentifiersOnIOS()
ConsolidatedAccessibilityTests.swift:4139: Expectation failed: hasAccessibilityID: GridCollectionView should generate accessibility identifiers on iOS 
testListCollectionViewGeneratesAccessibilityIdentifiersOnIOS()
ConsolidatedAccessibilityTests.swift:4170: Expectation failed: hasAccessibilityID: ListCollectionView should generate accessibility identifiers on iOS 
testDynamicTextFieldIncludesFieldLabel()
ConsolidatedAccessibilityTests.swift:4254: Expectation failed: (fieldID.contains("email") || fieldID.contains("address") → false) || (fieldID.contains("Email") → false): DynamicTextField identifier should include field label 'Email Address' (implementation verified in code)
testDynamicEmailFieldIncludesFieldLabel()
ConsolidatedAccessibilityTests.swift:4289: Expectation failed: (fieldID.contains("user") || fieldID.contains("email") → false) || (fieldID.contains("User") → false): DynamicEmailField identifier should include field label 'User Email' (implementation verified in code)
testDynamicPasswordFieldIncludesFieldLabel()
ConsolidatedAccessibilityTests.swift:4324: Expectation failed: (fieldID.contains("secure") || fieldID.contains("password") → false) || (fieldID.contains("Secure") → false): DynamicPasswordField identifier should include field label 'Secure Password' (implementation verified in code)
testAppleHIGComplianceModifierGeneratesAccessibilityIdentifiers()
ConsolidatedAccessibilityTests.swift:4441: Expectation failed: hasAccessibilityID: AppleHIGComplianceModifier should generate accessibility identifiers 
testPlatformPatternModifierGeneratesAccessibilityIdentifiers()
ConsolidatedAccessibilityTests.swift:4463: Expectation failed: hasAccessibilityID: PlatformPatternModifier should generate accessibility identifiers 
testVisualConsistencyModifierGeneratesAccessibilityIdentifiers()
ConsolidatedAccessibilityTests.swift:4485: Expectation failed: hasAccessibilityID: VisualConsistencyModifier should generate accessibility identifiers 
testAccessibilityEnhancedViewGeneratesAccessibilityIdentifiers()
ConsolidatedAccessibilityTests.swift:4587: Expectation failed: hasAccessibilityID: AccessibilityEnhancedView should generate accessibility identifiers
testVoiceOverEnabledViewGeneratesAccessibilityIdentifiers()
ConsolidatedAccessibilityTests.swift:4611: Expectation failed: hasAccessibilityID: VoiceOverEnabledView should generate accessibility identifiers 
testKeyboardNavigableViewGeneratesAccessibilityIdentifiers()
ConsolidatedAccessibilityTests.swift:4635: Expectation failed: hasAccessibilityID: KeyboardNavigableView should generate accessibility identifiers 
testHighContrastEnabledViewGeneratesAccessibilityIdentifiers()
ConsolidatedAccessibilityTests.swift:4659: Expectation failed: hasAccessibilityID: HighContrastEnabledView should generate accessibility identifiers 
testPlatformNavigationButtonIncludesTitleText()
ConsolidatedAccessibilityTests.swift:4744: Expectation failed: (buttonID.contains("save") → false) || (buttonID.contains("Save") → false): platformNavigationButton identifier should include title text 'Save' (implementation verified in code)
testDynamicFormViewIncludesConfigurationTitle()
ConsolidatedAccessibilityTests.swift:4773: Expectation failed: (formID.contains("user") || formID.contains("profile") → false) || (formID.contains("User") → false): DynamicFormView identifier should include configuration title 'User Profile' (implementation verified in code)
testDynamicFormSectionViewIncludesSectionTitle()
ConsolidatedAccessibilityTests.swift:4807: Expectation failed: (sectionID.contains("personal") || sectionID.contains("information") → false) || (sectionID.contains("Personal") → false): DynamicFormSectionView identifier should include section title 'Personal Information' (implementation verified in code)
testDynamicPhoneFieldIncludesFieldLabel()
ConsolidatedAccessibilityTests.swift:4842: Expectation failed: (fieldID.contains("mobile") || fieldID.contains("phone") → false) || (fieldID.contains("Mobile") → false): DynamicPhoneField identifier should include field label 'Mobile Phone' (implementation verified in code)
testDynamicURLFieldIncludesFieldLabel()
ConsolidatedAccessibilityTests.swift:4877: Expectation failed: (fieldID.contains("website") || fieldID.contains("url") → false) || (fieldID.contains("Website") → false): DynamicURLField identifier should include field label 'Website URL' (implementation verified in code)
testDynamicNumberFieldIncludesFieldLabel()
ConsolidatedAccessibilityTests.swift:4912: Expectation failed: (fieldID.contains("total") || fieldID.contains("amount") → false) || (fieldID.contains("Total") → false): DynamicNumberField identifier should include field label 'Total Amount' (implementation verified in code)
testDynamicDateFieldIncludesFieldLabel()
ConsolidatedAccessibilityTests.swift:4947: Expectation failed: (fieldID.contains("birth") || fieldID.contains("date") → false) || (fieldID.contains("Birth") → false): DynamicDateField identifier should include field label 'Birth Date' (implementation verified in code)
testDynamicToggleFieldIncludesFieldLabel()
ConsolidatedAccessibilityTests.swift:4982: Expectation failed: (fieldID.contains("enable") || fieldID.contains("notifications") → false) || (fieldID.contains("Enable") → false): DynamicToggleField identifier should include field label 'Enable Notifications' (implementation verified in code)
testDynamicMultiSelectFieldIncludesFieldLabel()
ConsolidatedAccessibilityTests.swift:5018: Expectation failed: (fieldID.contains("favorite") || fieldID.contains("colors") → false) || (fieldID.contains("Favorite") → false): DynamicMultiSelectField identifier should include field label 'Favorite Colors' (implementation verified in code)
testDynamicCheckboxFieldIncludesFieldLabel()
ConsolidatedAccessibilityTests.swift:5054: Expectation failed: (fieldID.contains("agree") || fieldID.contains("terms") → false) || (fieldID.contains("Agree") → false): DynamicCheckboxField identifier should include field label 'Agree to Terms' (implementation verified in code)
testDynamicFileFieldIncludesFieldLabel()
ConsolidatedAccessibilityTests.swift:5089: Expectation failed: (fieldID.contains("upload") || fieldID.contains("document") → false) || (fieldID.contains("Upload") → false): DynamicFileField identifier should include field label 'Upload Document' (implementation verified in code)
testDynamicEnumFieldIncludesFieldLabel()
ConsolidatedAccessibilityTests.swift:5125: Expectation failed: (fieldID.contains("priority") || fieldID.contains("level") → false) || (fieldID.contains("Priority") → false): DynamicEnumField identifier should include field label 'Priority Level' (implementation verified in code)
testDynamicIntegerFieldIncludesFieldLabel()
ConsolidatedAccessibilityTests.swift:5160: Expectation failed: (fieldID.contains("quantity") → false) || (fieldID.contains("Quantity") → false): DynamicIntegerField identifier should include field label 'Quantity' (implementation verified in code)
testDynamicTextAreaFieldIncludesFieldLabel()
ConsolidatedAccessibilityTests.swift:5195: Expectation failed: (fieldID.contains("comments") → false) || (fieldID.contains("Comments") → false): DynamicTextAreaField identifier should include field label 'Comments' (implementation verified in code)
testLayer1FunctionsIncludeAutomaticIdentifiers()
ConsolidatedAccessibilityTests.swift:5578: Expectation failed: testComponentComplianceSinglePlatform((view → ModifiedContent<ModifiedContent<GenericItemCollectionView<TestItem>, _EnvironmentKeyWritingModifier<Optional<String>>>, AutomaticComplianceModifier>(content: SwiftUI.ModifiedContent<SixLayerFramework.GenericItemCollectionView<SixLayerFrameworkUITests_macOS.ConsolidatedAccessibilityTests.(unknown context at $10e3a1a58).(unknown context at $10e3a1a64).(unknown context at $10e3a1a70).TestItem>, SwiftUI._EnvironmentKeyWritingModifier<Swift.Optional<Swift.String>>>(content: SixLayerFramework.GenericItemCollectionView<SixLayerFrameworkUITests_macOS.ConsolidatedAccessibilityTests.(unknown context at $10e3a1a58).(unknown context at $10e3a1a64).(unknown context at $10e3a1a70).TestItem>(items: [SixLayerFrameworkUITests_macOS.ConsolidatedAccessibilityTests.(unknown context at $10e3a1a58).(unknown context at $10e3a1a64).(unknown context at $10e3a1a70).TestItem(id: "user-1", title: "Alice"), SixLayerFrameworkUITests_macOS.ConsolidatedAccessibilityTests.(unknown context at $10e3a1a58).(unknown context at $10e3a1a64).(unknown context at $10e3a1a70).TestItem(id: "user-2", title: "Bob")], hints: SixLayerFramework.PresentationHints(dataType: SixLayerFramework.DataTypeHint.generic, presentationPreference: SixLayerFramework.PresentationPreference.automatic, complexity: SixLayerFramework.ContentComplexity.moderate, context: SixLayerFramework.PresentationContext.dashboard, customPreferences: [:], fieldHints: [:]), onCreateItem: nil, onItemSelected: nil, onItemDeleted: nil, onItemEdited: nil), modifier: SwiftUI._EnvironmentKeyWritingModifier<Swift.Optional<Swift.String>>(keyPath: \EnvironmentValues.accessibilityIdentifierName, value: Optional("platformPresentItemCollection_L1"))), modifier: SixLayerFramework.AutomaticComplianceModifier())), expectedPattern: "SixLayer.layer1.*element.*", platform: (SixLayerPlatform.iOS → .iOS), componentName: "Layer1Functions"): Layer 1 function should generate accessibility identifiers matching pattern 'SixLayer.layer1.*element.*'
testListCardComponentIncludesItemTitleInIdentifier()
ConsolidatedAccessibilityTests.swift:5756: Expectation failed: ((card1ID != card2ID) &&
                    (card1ID.contains("first") || card1ID.contains("item") || card1ID.contains("First")) → false) && ((card2ID.contains("second") || card2ID.contains("item") || card2ID.contains("Second")) → <not evaluated>): List items with different titles should have different identifiers (implementation verified in code)
testExpandableCardComponentIncludesItemTitleInIdentifier()
ConsolidatedAccessibilityTests.swift:5860: Expectation failed: ((card1ID != card2ID) → false) && ((card1ID.contains("important") || card1ID.contains("card") || card1ID.contains("Important")) → <not evaluated>): ExpandableCardComponent items with different titles should have different identifiers (implementation verified in code)
testCoverFlowCardComponentIncludesItemTitleInIdentifier()
ConsolidatedAccessibilityTests.swift:5933: Expectation failed: (card1ID → "") != (card2ID → ""): CoverFlowCardComponent items with different titles should have different identifiers (implementation verified in code)
ConsolidatedAccessibilityTests.swift:5935: Expectation failed: (card1ID.contains("cover") || card1ID.contains("flow") || card1ID.contains("item") → false) || (card1ID.contains("Cover") → false): CoverFlowCardComponent identifier should include item title (implementation verified in code)
testSimpleCardComponentIncludesItemTitleInIdentifier()
ConsolidatedAccessibilityTests.swift:5997: Expectation failed: (card1ID → "") != (card2ID → ""): SimpleCardComponent items with different titles should have different identifiers (implementation verified in code)
ConsolidatedAccessibilityTests.swift:5999: Expectation failed: (card1ID.contains("simple") || card1ID.contains("card") || card1ID.contains("alpha") → false) || (card1ID.contains("Simple") → false): SimpleCardComponent identifier should include item title (implementation verified in code)
testMasonryCardComponentIncludesItemTitleInIdentifier()
ConsolidatedAccessibilityTests.swift:6036: Expectation failed: (card1ID → "") != (card2ID → ""): MasonryCardComponent items with different titles should have different identifiers (implementation verified in code)
ConsolidatedAccessibilityTests.swift:6038: Expectation failed: (card1ID.contains("masonry") || card1ID.contains("item") || card1ID.contains("one") → false) || (card1ID.contains("Masonry") → false): MasonryCardComponent identifier should include item title (implementation verified in code)
testGridCollectionItemsGetUniqueIdentifiers()
ConsolidatedAccessibilityTests.swift:6103: Expectation failed: (card1ID → "") != (card2ID → ""): Grid items should have different identifiers based on their titles (implementation verified in code)
ConsolidatedAccessibilityTests.swift:6105: Expectation failed: (card1ID.contains("1") → false) || (card1ID.contains("grid") → false): Grid item 1 identifier should include item name (implementation verified in code)
ConsolidatedAccessibilityTests.swift:6107: Expectation failed: (card2ID.contains("2") → false) || (card2ID.contains("grid") → false): Grid item 2 identifier should include item name (implementation verified in code)
testCoverFlowCollectionItemsGetUniqueIdentifiers()
ConsolidatedAccessibilityTests.swift:6145: Expectation failed: (card1ID → "") != (card2ID → ""): Cover flow items should have different identifiers (implementation verified in code)
testMasonryCollectionItemsGetUniqueIdentifiers()
ConsolidatedAccessibilityTests.swift:6184: Expectation failed: (card1ID → "") != (card2ID → ""): Masonry collection items should have different identifiers (implementation verified in code)
testAllCardTypesGetUniqueIdentifiersInCollections()
ConsolidatedAccessibilityTests.swift:6270: Expectation failed: (expandableID.contains("test") || expandableID.contains("item") → false) || (expandableID.contains("Test") → false): ExpandableCardComponent should include item title (implementation verified in code)
ConsolidatedAccessibilityTests.swift:6272: Expectation failed: (listID.contains("test") || listID.contains("item") → false) || (listID.contains("Test") → false): ListCardComponent should include item title (implementation verified in code)
ConsolidatedAccessibilityTests.swift:6274: Expectation failed: (simpleID.contains("test") || simpleID.contains("item") → false) || (listID.contains("Test") → false): SimpleCardComponent should include item title (implementation verified in code)
ConsolidatedAccessibilityTests.swift:6276: Expectation failed: (coverFlowID.contains("test") || coverFlowID.contains("item") → false) || (coverFlowID.contains("Test") → false): CoverFlowCardComponent should include item title (implementation verified in code)
ConsolidatedAccessibilityTests.swift:6278: Expectation failed: (masonryID.contains("test") || masonryID.contains("item") → false) || (masonryID.contains("Test") → false): MasonryCardComponent should include item title (implementation verified in code)
testResponsiveCardViewIncludesCardTitleInIdentifier()
ConsolidatedAccessibilityTests.swift:6321: Expectation failed: (card1ID → "") != (card2ID → ""): ResponsiveCardView items with different titles should have different identifiers (implementation verified in code)
ConsolidatedAccessibilityTests.swift:6323: Expectation failed: (card1ID.contains("dashboard") → false) || (card1ID.contains("Dashboard") → false): ResponsiveCardView identifier should include card title 'Dashboard' (implementation verified in code)
ConsolidatedAccessibilityTests.swift:6325: Expectation failed: (card2ID.contains("vehicles") → false) || (card2ID.contains("Vehicles") → false): ResponsiveCardView identifier should include card title 'Vehicles' (implementation verified in code)
testResponsiveCardViewCollectionItemsGetUniqueIdentifiers()
ConsolidatedAccessibilityTests.swift:6376: Expectation failed: (card1ID → "") != (card2ID → ""): ResponsiveCardView items in collections should have different identifiers (implementation verified in code)
ConsolidatedAccessibilityTests.swift:6378: Expectation failed: (card1ID.contains("expenses") → false) || (card1ID.contains("Expenses") → false): ResponsiveCardView identifier should include card title (implementation verified in code)
ConsolidatedAccessibilityTests.swift:6380: Expectation failed: (card2ID.contains("maintenance") → false) || (card2ID.contains("Maintenance") → false): ResponsiveCardView identifier should include card title (implementation verified in code)
testPlatformTabStripButtonsGetDifferentIdentifiers()
ConsolidatedAccessibilityTests.swift:6451: Expectation failed: (homeID → "") != (settingsID → ""): PlatformTabStrip buttons with different titles should have different identifiers (implementation verified in code)
ConsolidatedAccessibilityTests.swift:6453: Expectation failed: (homeID.contains("home") → false) || (homeID.contains("Home") → false): Home button identifier should include 'Home' (implementation verified in code)
ConsolidatedAccessibilityTests.swift:6455: Expectation failed: (settingsID.contains("settings") → false) || (settingsID.contains("Settings") → false): Settings button identifier should include 'Settings' (implementation verified in code)
testInteractionPatternModifierGeneratesAccessibilityIdentifiers()
ConsolidatedAccessibilityTests.swift:6531: Expectation failed: hasAccessibilityID: InteractionPatternModifier should generate accessibility identifiers 
testVoiceOverEnabledModifierGeneratesAccessibilityIdentifiers()
ConsolidatedAccessibilityTests.swift:6553: Expectation failed: hasAccessibilityID: VoiceOverSupportModifier should generate accessibility identifiers 
testKeyboardNavigableModifierGeneratesAccessibilityIdentifiers()
ConsolidatedAccessibilityTests.swift:6575: Expectation failed: hasAccessibilityID: KeyboardNavigationModifier should generate accessibility identifiers 
testHighContrastEnabledModifierGeneratesAccessibilityIdentifiers()
ConsolidatedAccessibilityTests.swift:6597: Expectation failed: hasAccessibilityID: HighContrastModifier should generate accessibility identifiers 
testReducedMotionModifierGeneratesAccessibilityIdentifiers()
ConsolidatedAccessibilityTests.swift:6619: Expectation failed: hasAccessibilityID: ReducedMotionModifier should generate accessibility identifiers 
testDynamicTypeModifierGeneratesAccessibilityIdentifiers()
ConsolidatedAccessibilityTests.swift:6641: Expectation failed: hasAccessibilityID: DynamicTypeModifier should generate accessibility identifiers 
testUITestCodeClipboardGeneration()
ConsolidatedAccessibilityTests.swift:6994: Expectation failed: !((clipboardContent → "").isEmpty → true → true): Clipboard should contain generated UI test content
testTrackViewHierarchyAutomaticallyAppliesAccessibilityIdentifiers()
ConsolidatedAccessibilityTests.swift:7018: Expectation failed: testComponentComplianceSinglePlatform((testView → ModifiedContent<PlatformInteractionButton<ModifiedContent<ModifiedContent<ModifiedContent<ModifiedContent<ModifiedContent<GenericContentView, _EnvironmentKeyWritingModifier<Optional<String>>>, SystemAccessibilityModifier>, PlatformPatternModifier>, VisualConsistencyModifier>, AutomaticComplianceModifier>>, NamedModifier>(content: SixLayerFramework.PlatformInteractionButton<SwiftUI.ModifiedContent<SwiftUI.ModifiedContent<SwiftUI.ModifiedContent<SwiftUI.ModifiedContent<SwiftUI.ModifiedContent<SixLayerFramework.GenericContentView, SwiftUI._EnvironmentKeyWritingModifier<Swift.Optional<Swift.String>>>, SixLayerFramework.SystemAccessibilityModifier>, SixLayerFramework.PlatformPatternModifier>, SixLayerFramework.VisualConsistencyModifier>, SixLayerFramework.AutomaticComplianceModifier>>(label: SwiftUI.ModifiedContent<SwiftUI.ModifiedContent<SwiftUI.ModifiedContent<SwiftUI.ModifiedContent<SwiftUI.ModifiedContent<SixLayerFramework.GenericContentView, SwiftUI._EnvironmentKeyWritingModifier<Swift.Optional<Swift.String>>>, SixLayerFramework.SystemAccessibilityModifier>, SixLayerFramework.PlatformPatternModifier>, SixLayerFramework.VisualConsistencyModifier>, SixLayerFramework.AutomaticComplianceModifier>(content: SwiftUI.ModifiedContent<SwiftUI.ModifiedContent<SwiftUI.ModifiedContent<SwiftUI.ModifiedContent<SixLayerFramework.GenericContentView, SwiftUI._EnvironmentKeyWritingModifier<Swift.Optional<Swift.String>>>, SixLayerFramework.SystemAccessibilityModifier>, SixLayerFramework.PlatformPatternModifier>, SixLayerFramework.VisualConsistencyModifier>(content: SwiftUI.ModifiedContent<SwiftUI.ModifiedContent<SwiftUI.ModifiedContent<SixLayerFramework.GenericContentView, SwiftUI._EnvironmentKeyWritingModifier<Swift.Optional<Swift.String>>>, SixLayerFramework.SystemAccessibilityModifier>, SixLayerFramework.PlatformPatternModifier>(content: SwiftUI.ModifiedContent<SwiftUI.ModifiedContent<SixLayerFramework.GenericContentView, SwiftUI._EnvironmentKeyWritingModifier<Swift.Optional<Swift.String>>>, SixLayerFramework.SystemAccessibilityModifier>(content: SwiftUI.ModifiedContent<SixLayerFramework.GenericContentView, SwiftUI._EnvironmentKeyWritingModifier<Swift.Optional<Swift.String>>>(content: SixLayerFramework.GenericContentView(content: "Add Fuel", hints: SixLayerFramework.PresentationHints(dataType: SixLayerFramework.DataTypeHint.generic, presentationPreference: SixLayerFramework.PresentationPreference.automatic, complexity: SixLayerFramework.ContentComplexity.moderate, context: SixLayerFramework.PresentationContext.dashboard, customPreferences: [:], fieldHints: [:])), modifier: SwiftUI._EnvironmentKeyWritingModifier<Swift.Optional<Swift.String>>(keyPath: \EnvironmentValues.accessibilityIdentifierName, value: Optional("platformPresentContent_L1"))), modifier: SixLayerFramework.SystemAccessibilityModifier(accessibilityState: SixLayerFramework.AccessibilitySystemState(isVoiceOverRunning: false, isDarkerSystemColorsEnabled: false, isReduceTransparencyEnabled: false, isHighContrastEnabled: false, isReducedMotionEnabled: false, hasKeyboardSupport: false, hasFullKeyboardAccess: false, hasSwitchControl: false), platform: SixLayerFramework.SixLayerPlatform.iOS)), modifier: SixLayerFramework.PlatformPatternModifier(designSystem: SixLayerFramework.PlatformDesignSystem(platform: SixLayerFramework.SixLayerPlatform.macOS, colorSystem: SixLayerFramework.HIGColorSystem(primary: SwiftUI.AnyShapeStyle(storage: SwiftUI.AnyShapeStyle.Storage(box: SwiftUI.ColorBox<SwiftUI.SystemColorType>)), secondary: SwiftUI.AnyShapeStyle(storage: SwiftUI.AnyShapeStyle.Storage(box: SwiftUI.ColorBox<SwiftUI.SystemColorType>)), accent: SwiftUI.AnyShapeStyle(storage: SwiftUI.AnyShapeStyle.Storage(box: SwiftUI.ColorBox<SwiftUI.Color.AccentColorProvider>)), background: SwiftUI.AnyShapeStyle(storage: SwiftUI.AnyShapeStyle.Storage(box: SwiftUI.ColorBox<SwiftUI.AppKitPlatformColorProvider>)), surface: SwiftUI.AnyShapeStyle(storage: SwiftUI.AnyShapeStyle.Storage(box: SwiftUI.ColorBox<SwiftUI.AppKitPlatformColorProvider>)), text: SwiftUI.AnyShapeStyle(storage: SwiftUI.AnyShapeStyle.Storage(box: SwiftUI.ColorBox<SwiftUI.AppKitPlatformColorProvider>)), textSecondary: SwiftUI.AnyShapeStyle(storage: SwiftUI.AnyShapeStyle.Storage(box: SwiftUI.ColorBox<SwiftUI.SystemColorType>))), typographySystem: SixLayerFramework.HIGTypographySystem(largeTitle: SwiftUI.Font(provider: SwiftUI.FontBox<SwiftUI.Font.TextStyleProvider>), title: SwiftUI.Font(provider: SwiftUI.FontBox<SwiftUI.Font.TextStyleProvider>), headline: SwiftUI.Font(provider: SwiftUI.FontBox<SwiftUI.Font.TextStyleProvider>), body: SwiftUI.Font(provider: SwiftUI.FontBox<SwiftUI.Font.TextStyleProvider>), callout: SwiftUI.Font(provider: SwiftUI.FontBox<SwiftUI.Font.TextStyleProvider>), subheadline: SwiftUI.Font(provider: SwiftUI.FontBox<SwiftUI.Font.TextStyleProvider>), footnote: SwiftUI.Font(provider: SwiftUI.FontBox<SwiftUI.Font.TextStyleProvider>), caption: SwiftUI.Font(provider: SwiftUI.FontBox<SwiftUI.Font.TextStyleProvider>)), spacingSystem: SixLayerFramework.HIGSpacingSystem(xs: 4.0, sm: 8.0, md: 16.0, lg: 24.0, xl: 32.0, xxl: 40.0, xxxl: 48.0), iconSystem: SixLayerFramework.HIGIconSystem(platform: SixLayerFramework.SixLayerPlatform.macOS), visualDesignSystem: SixLayerFramework.HIGVisualDesignSystem(platform: SixLayerFramework.SixLayerPlatform.macOS, animationSystem: SixLayerFramework.HIGAnimationSystem(platform: SixLayerFramework.SixLayerPlatform.macOS), shadowSystem: SixLayerFramework.HIGShadowSystem(platform: SixLayerFramework.SixLayerPlatform.macOS), cornerRadiusSystem: SixLayerFramework.HIGCornerRadiusSystem(platform: SixLayerFramework.SixLayerPlatform.macOS), borderWidthSystem: SixLayerFramework.HIGBorderWidthSystem(platform: SixLayerFramework.SixLayerPlatform.macOS), opacitySystem: SixLayerFramework.HIGOpacitySystem(), blurSystem: SixLayerFramework.HIGBlurSystem(platform: SixLayerFramework.SixLayerPlatform.macOS))), platform: SixLayerFramework.SixLayerPlatform.macOS)), modifier: SixLayerFramework.VisualConsistencyModifier(designSystem: SixLayerFramework.PlatformDesignSystem(platform: SixLayerFramework.SixLayerPlatform.macOS, colorSystem: SixLayerFramework.HIGColorSystem(primary: SwiftUI.AnyShapeStyle(storage: SwiftUI.AnyShapeStyle.Storage(box: SwiftUI.ColorBox<SwiftUI.SystemColorType>)), secondary: SwiftUI.AnyShapeStyle(storage: SwiftUI.AnyShapeStyle.Storage(box: SwiftUI.ColorBox<SwiftUI.SystemColorType>)), accent: SwiftUI.AnyShapeStyle(storage: SwiftUI.AnyShapeStyle.Storage(box: SwiftUI.ColorBox<SwiftUI.Color.AccentColorProvider>)), background: SwiftUI.AnyShapeStyle(storage: SwiftUI.AnyShapeStyle.Storage(box: SwiftUI.ColorBox<SwiftUI.AppKitPlatformColorProvider>)), surface: SwiftUI.AnyShapeStyle(storage: SwiftUI.AnyShapeStyle.Storage(box: SwiftUI.ColorBox<SwiftUI.AppKitPlatformColorProvider>)), text: SwiftUI.AnyShapeStyle(storage: SwiftUI.AnyShapeStyle.Storage(box: SwiftUI.ColorBox<SwiftUI.AppKitPlatformColorProvider>)), textSecondary: SwiftUI.AnyShapeStyle(storage: SwiftUI.AnyShapeStyle.Storage(box: SwiftUI.ColorBox<SwiftUI.SystemColorType>))), typographySystem: SixLayerFramework.HIGTypographySystem(largeTitle: SwiftUI.Font(provider: SwiftUI.FontBox<SwiftUI.Font.TextStyleProvider>), title: SwiftUI.Font(provider: SwiftUI.FontBox<SwiftUI.Font.TextStyleProvider>), headline: SwiftUI.Font(provider: SwiftUI.FontBox<SwiftUI.Font.TextStyleProvider>), body: SwiftUI.Font(provider: SwiftUI.FontBox<SwiftUI.Font.TextStyleProvider>), callout: SwiftUI.Font(provider: SwiftUI.FontBox<SwiftUI.Font.TextStyleProvider>), subheadline: SwiftUI.Font(provider: SwiftUI.FontBox<SwiftUI.Font.TextStyleProvider>), footnote: SwiftUI.Font(provider: SwiftUI.FontBox<SwiftUI.Font.TextStyleProvider>), caption: SwiftUI.Font(provider: SwiftUI.FontBox<SwiftUI.Font.TextStyleProvider>)), spacingSystem: SixLayerFramework.HIGSpacingSystem(xs: 4.0, sm: 8.0, md: 16.0, lg: 24.0, xl: 32.0, xxl: 40.0, xxxl: 48.0), iconSystem: SixLayerFramework.HIGIconSystem(platform: SixLayerFramework.SixLayerPlatform.macOS), visualDesignSystem: SixLayerFramework.HIGVisualDesignSystem(platform: SixLayerFramework.SixLayerPlatform.macOS, animationSystem: SixLayerFramework.HIGAnimationSystem(platform: SixLayerFramework.SixLayerPlatform.macOS), shadowSystem: SixLayerFramework.HIGShadowSystem(platform: SixLayerFramework.SixLayerPlatform.macOS), cornerRadiusSystem: SixLayerFramework.HIGCornerRadiusSystem(platform: SixLayerFramework.SixLayerPlatform.macOS), borderWidthSystem: SixLayerFramework.HIGBorderWidthSystem(platform: SixLayerFramework.SixLayerPlatform.macOS), opacitySystem: SixLayerFramework.HIGOpacitySystem(), blurSystem: SixLayerFramework.HIGBlurSystem(platform: SixLayerFramework.SixLayerPlatform.macOS))), platform: SixLayerFramework.SixLayerPlatform.macOS, visualDesignConfig: SixLayerFramework.HIGVisualDesignCategoryConfig(applyAnimations: false, applyShadows: false, applyCornerRadius: false, applyBorders: false, applyOpacity: false, applyBlur: false, defaultAnimationCategory: nil, defaultShadowCategory: SixLayerFramework.HIGShadowCategory.elevated, defaultCornerRadiusCategory: SixLayerFramework.HIGCornerRadiusCategory.medium, defaultBorderWidthCategory: SixLayerFramework.HIGBorderWidthCategory.thin, defaultOpacityCategory: SixLayerFramework.HIGOpacityCategory.primary, defaultBlurCategory: SixLayerFramework.HIGBlurCategory.light), iOSConfig: nil)), modifier: SixLayerFramework.AutomaticComplianceModifier()), action: (Function), style: SixLayerFramework.InteractionButtonStyle.primary, _inputManager: SwiftUI.StateObject<SixLayerFramework.InputHandlingManager>(storage: SwiftUI.StateObject<SixLayerFramework.InputHandlingManager>.Storage.initially((Function)))), modifier: SixLayerFramework.NamedModifier(name: "AddFuelButton"))), expectedPattern: "SixLayer.*AddFuelButton", platform: (SixLayerPlatform.iOS → .iOS), componentName: "NamedModifier"): View with .named() should generate accessibility identifiers containing the explicit name
testAutomaticAccessibilityIdentifiersWithNamedComponent()
ConsolidatedAccessibilityTests.swift:7099: Expectation failed: testComponentComplianceSinglePlatform((testView → ModifiedContent<PlatformInteractionButton<ModifiedContent<ModifiedContent<ModifiedContent<ModifiedContent<ModifiedContent<GenericContentView, _EnvironmentKeyWritingModifier<Optional<String>>>, SystemAccessibilityModifier>, PlatformPatternModifier>, VisualConsistencyModifier>, AutomaticComplianceModifier>>, NamedModifier>(content: SixLayerFramework.PlatformInteractionButton<SwiftUI.ModifiedContent<SwiftUI.ModifiedContent<SwiftUI.ModifiedContent<SwiftUI.ModifiedContent<SwiftUI.ModifiedContent<SixLayerFramework.GenericContentView, SwiftUI._EnvironmentKeyWritingModifier<Swift.Optional<Swift.String>>>, SixLayerFramework.SystemAccessibilityModifier>, SixLayerFramework.PlatformPatternModifier>, SixLayerFramework.VisualConsistencyModifier>, SixLayerFramework.AutomaticComplianceModifier>>(label: SwiftUI.ModifiedContent<SwiftUI.ModifiedContent<SwiftUI.ModifiedContent<SwiftUI.ModifiedContent<SwiftUI.ModifiedContent<SixLayerFramework.GenericContentView, SwiftUI._EnvironmentKeyWritingModifier<Swift.Optional<Swift.String>>>, SixLayerFramework.SystemAccessibilityModifier>, SixLayerFramework.PlatformPatternModifier>, SixLayerFramework.VisualConsistencyModifier>, SixLayerFramework.AutomaticComplianceModifier>(content: SwiftUI.ModifiedContent<SwiftUI.ModifiedContent<SwiftUI.ModifiedContent<SwiftUI.ModifiedContent<SixLayerFramework.GenericContentView, SwiftUI._EnvironmentKeyWritingModifier<Swift.Optional<Swift.String>>>, SixLayerFramework.SystemAccessibilityModifier>, SixLayerFramework.PlatformPatternModifier>, SixLayerFramework.VisualConsistencyModifier>(content: SwiftUI.ModifiedContent<SwiftUI.ModifiedContent<SwiftUI.ModifiedContent<SixLayerFramework.GenericContentView, SwiftUI._EnvironmentKeyWritingModifier<Swift.Optional<Swift.String>>>, SixLayerFramework.SystemAccessibilityModifier>, SixLayerFramework.PlatformPatternModifier>(content: SwiftUI.ModifiedContent<SwiftUI.ModifiedContent<SixLayerFramework.GenericContentView, SwiftUI._EnvironmentKeyWritingModifier<Swift.Optional<Swift.String>>>, SixLayerFramework.SystemAccessibilityModifier>(content: SwiftUI.ModifiedContent<SixLayerFramework.GenericContentView, SwiftUI._EnvironmentKeyWritingModifier<Swift.Optional<Swift.String>>>(content: SixLayerFramework.GenericContentView(content: "Test Button", hints: SixLayerFramework.PresentationHints(dataType: SixLayerFramework.DataTypeHint.generic, presentationPreference: SixLayerFramework.PresentationPreference.automatic, complexity: SixLayerFramework.ContentComplexity.moderate, context: SixLayerFramework.PresentationContext.dashboard, customPreferences: [:], fieldHints: [:])), modifier: SwiftUI._EnvironmentKeyWritingModifier<Swift.Optional<Swift.String>>(keyPath: \EnvironmentValues.accessibilityIdentifierName, value: Optional("platformPresentContent_L1"))), modifier: SixLayerFramework.SystemAccessibilityModifier(accessibilityState: SixLayerFramework.AccessibilitySystemState(isVoiceOverRunning: false, isDarkerSystemColorsEnabled: false, isReduceTransparencyEnabled: false, isHighContrastEnabled: false, isReducedMotionEnabled: false, hasKeyboardSupport: false, hasFullKeyboardAccess: false, hasSwitchControl: false), platform: SixLayerFramework.SixLayerPlatform.iOS)), modifier: SixLayerFramework.PlatformPatternModifier(designSystem: SixLayerFramework.PlatformDesignSystem(platform: SixLayerFramework.SixLayerPlatform.macOS, colorSystem: SixLayerFramework.HIGColorSystem(primary: SwiftUI.AnyShapeStyle(storage: SwiftUI.AnyShapeStyle.Storage(box: SwiftUI.ColorBox<SwiftUI.SystemColorType>)), secondary: SwiftUI.AnyShapeStyle(storage: SwiftUI.AnyShapeStyle.Storage(box: SwiftUI.ColorBox<SwiftUI.SystemColorType>)), accent: SwiftUI.AnyShapeStyle(storage: SwiftUI.AnyShapeStyle.Storage(box: SwiftUI.ColorBox<SwiftUI.Color.AccentColorProvider>)), background: SwiftUI.AnyShapeStyle(storage: SwiftUI.AnyShapeStyle.Storage(box: SwiftUI.ColorBox<SwiftUI.AppKitPlatformColorProvider>)), surface: SwiftUI.AnyShapeStyle(storage: SwiftUI.AnyShapeStyle.Storage(box: SwiftUI.ColorBox<SwiftUI.AppKitPlatformColorProvider>)), text: SwiftUI.AnyShapeStyle(storage: SwiftUI.AnyShapeStyle.Storage(box: SwiftUI.ColorBox<SwiftUI.AppKitPlatformColorProvider>)), textSecondary: SwiftUI.AnyShapeStyle(storage: SwiftUI.AnyShapeStyle.Storage(box: SwiftUI.ColorBox<SwiftUI.SystemColorType>))), typographySystem: SixLayerFramework.HIGTypographySystem(largeTitle: SwiftUI.Font(provider: SwiftUI.FontBox<SwiftUI.Font.TextStyleProvider>), title: SwiftUI.Font(provider: SwiftUI.FontBox<SwiftUI.Font.TextStyleProvider>), headline: SwiftUI.Font(provider: SwiftUI.FontBox<SwiftUI.Font.TextStyleProvider>), body: SwiftUI.Font(provider: SwiftUI.FontBox<SwiftUI.Font.TextStyleProvider>), callout: SwiftUI.Font(provider: SwiftUI.FontBox<SwiftUI.Font.TextStyleProvider>), subheadline: SwiftUI.Font(provider: SwiftUI.FontBox<SwiftUI.Font.TextStyleProvider>), footnote: SwiftUI.Font(provider: SwiftUI.FontBox<SwiftUI.Font.TextStyleProvider>), caption: SwiftUI.Font(provider: SwiftUI.FontBox<SwiftUI.Font.TextStyleProvider>)), spacingSystem: SixLayerFramework.HIGSpacingSystem(xs: 4.0, sm: 8.0, md: 16.0, lg: 24.0, xl: 32.0, xxl: 40.0, xxxl: 48.0), iconSystem: SixLayerFramework.HIGIconSystem(platform: SixLayerFramework.SixLayerPlatform.macOS), visualDesignSystem: SixLayerFramework.HIGVisualDesignSystem(platform: SixLayerFramework.SixLayerPlatform.macOS, animationSystem: SixLayerFramework.HIGAnimationSystem(platform: SixLayerFramework.SixLayerPlatform.macOS), shadowSystem: SixLayerFramework.HIGShadowSystem(platform: SixLayerFramework.SixLayerPlatform.macOS), cornerRadiusSystem: SixLayerFramework.HIGCornerRadiusSystem(platform: SixLayerFramework.SixLayerPlatform.macOS), borderWidthSystem: SixLayerFramework.HIGBorderWidthSystem(platform: SixLayerFramework.SixLayerPlatform.macOS), opacitySystem: SixLayerFramework.HIGOpacitySystem(), blurSystem: SixLayerFramework.HIGBlurSystem(platform: SixLayerFramework.SixLayerPlatform.macOS))), platform: SixLayerFramework.SixLayerPlatform.macOS)), modifier: SixLayerFramework.VisualConsistencyModifier(designSystem: SixLayerFramework.PlatformDesignSystem(platform: SixLayerFramework.SixLayerPlatform.macOS, colorSystem: SixLayerFramework.HIGColorSystem(primary: SwiftUI.AnyShapeStyle(storage: SwiftUI.AnyShapeStyle.Storage(box: SwiftUI.ColorBox<SwiftUI.SystemColorType>)), secondary: SwiftUI.AnyShapeStyle(storage: SwiftUI.AnyShapeStyle.Storage(box: SwiftUI.ColorBox<SwiftUI.SystemColorType>)), accent: SwiftUI.AnyShapeStyle(storage: SwiftUI.AnyShapeStyle.Storage(box: SwiftUI.ColorBox<SwiftUI.Color.AccentColorProvider>)), background: SwiftUI.AnyShapeStyle(storage: SwiftUI.AnyShapeStyle.Storage(box: SwiftUI.ColorBox<SwiftUI.AppKitPlatformColorProvider>)), surface: SwiftUI.AnyShapeStyle(storage: SwiftUI.AnyShapeStyle.Storage(box: SwiftUI.ColorBox<SwiftUI.AppKitPlatformColorProvider>)), text: SwiftUI.AnyShapeStyle(storage: SwiftUI.AnyShapeStyle.Storage(box: SwiftUI.ColorBox<SwiftUI.AppKitPlatformColorProvider>)), textSecondary: SwiftUI.AnyShapeStyle(storage: SwiftUI.AnyShapeStyle.Storage(box: SwiftUI.ColorBox<SwiftUI.SystemColorType>))), typographySystem: SixLayerFramework.HIGTypographySystem(largeTitle: SwiftUI.Font(provider: SwiftUI.FontBox<SwiftUI.Font.TextStyleProvider>), title: SwiftUI.Font(provider: SwiftUI.FontBox<SwiftUI.Font.TextStyleProvider>), headline: SwiftUI.Font(provider: SwiftUI.FontBox<SwiftUI.Font.TextStyleProvider>), body: SwiftUI.Font(provider: SwiftUI.FontBox<SwiftUI.Font.TextStyleProvider>), callout: SwiftUI.Font(provider: SwiftUI.FontBox<SwiftUI.Font.TextStyleProvider>), subheadline: SwiftUI.Font(provider: SwiftUI.FontBox<SwiftUI.Font.TextStyleProvider>), footnote: SwiftUI.Font(provider: SwiftUI.FontBox<SwiftUI.Font.TextStyleProvider>), caption: SwiftUI.Font(provider: SwiftUI.FontBox<SwiftUI.Font.TextStyleProvider>)), spacingSystem: SixLayerFramework.HIGSpacingSystem(xs: 4.0, sm: 8.0, md: 16.0, lg: 24.0, xl: 32.0, xxl: 40.0, xxxl: 48.0), iconSystem: SixLayerFramework.HIGIconSystem(platform: SixLayerFramework.SixLayerPlatform.macOS), visualDesignSystem: SixLayerFramework.HIGVisualDesignSystem(platform: SixLayerFramework.SixLayerPlatform.macOS, animationSystem: SixLayerFramework.HIGAnimationSystem(platform: SixLayerFramework.SixLayerPlatform.macOS), shadowSystem: SixLayerFramework.HIGShadowSystem(platform: SixLayerFramework.SixLayerPlatform.macOS), cornerRadiusSystem: SixLayerFramework.HIGCornerRadiusSystem(platform: SixLayerFramework.SixLayerPlatform.macOS), borderWidthSystem: SixLayerFramework.HIGBorderWidthSystem(platform: SixLayerFramework.SixLayerPlatform.macOS), opacitySystem: SixLayerFramework.HIGOpacitySystem(), blurSystem: SixLayerFramework.HIGBlurSystem(platform: SixLayerFramework.SixLayerPlatform.macOS))), platform: SixLayerFramework.SixLayerPlatform.macOS, visualDesignConfig: SixLayerFramework.HIGVisualDesignCategoryConfig(applyAnimations: false, applyShadows: false, applyCornerRadius: false, applyBorders: false, applyOpacity: false, applyBlur: false, defaultAnimationCategory: nil, defaultShadowCategory: SixLayerFramework.HIGShadowCategory.elevated, defaultCornerRadiusCategory: SixLayerFramework.HIGCornerRadiusCategory.medium, defaultBorderWidthCategory: SixLayerFramework.HIGBorderWidthCategory.thin, defaultOpacityCategory: SixLayerFramework.HIGOpacityCategory.primary, defaultBlurCategory: SixLayerFramework.HIGBlurCategory.light), iOSConfig: nil)), modifier: SixLayerFramework.AutomaticComplianceModifier()), action: (Function), style: SixLayerFramework.InteractionButtonStyle.primary, _inputManager: SwiftUI.StateObject<SixLayerFramework.InputHandlingManager>(storage: SwiftUI.StateObject<SixLayerFramework.InputHandlingManager>.Storage.initially((Function)))), modifier: SixLayerFramework.NamedModifier(name: "TestButton"))), expectedPattern: "SixLayer.*TestButton", platform: (SixLayerPlatform.iOS → .iOS), componentName: "NamedComponent"): View with .named() should generate accessibility identifiers
testAccessibilityIdentifierNamespaceMatchingGeneratesAccessibilityIdentifiers()
ConsolidatedAccessibilityTests.swift:7130: Expectation failed: hasAccessibilityID: Accessibility identifier namespace matching should work correctly 
testAccessibilityIdentifierScreenMatchingGeneratesAccessibilityIdentifiers()
ConsolidatedAccessibilityTests.swift:7150: Expectation failed: hasAccessibilityID: Accessibility identifier screen matching should work correctly 
testAccessibilityIdentifierElementMatchingGeneratesAccessibilityIdentifiers()
ConsolidatedAccessibilityTests.swift:7171: Expectation failed: hasAccessibilityID: Accessibility identifier element matching should work correctly 
testAccessibilityIdentifierStateMatchingGeneratesAccessibilityIdentifiers()
ConsolidatedAccessibilityTests.swift:7191: Expectation failed: hasAccessibilityID: Accessibility identifier state matching should work correctly 
testAccessibilityIdentifierHierarchyMatchingGeneratesAccessibilityIdentifiers()
ConsolidatedAccessibilityTests.swift:7212: Expectation failed: hasAccessibilityID: Accessibility identifier hierarchy matching should work correctly 
testExpandableCardComponentGeneratesAccessibilityIdentifiersOnMacOS()
ConsolidatedAccessibilityTests.swift:7264: Expectation failed: hasAccessibilityID: ExpandableCardComponent should generate accessibility identifiers with component name on macOS 
testCoverFlowCollectionViewGeneratesAccessibilityIdentifiersOnMacOS()
ConsolidatedAccessibilityTests.swift:7295: Expectation failed: hasAccessibilityID: CoverFlowCollectionView should generate accessibility identifiers with component name on macOS 
testCoverFlowCardComponentGeneratesAccessibilityIdentifiersOnMacOS()
ConsolidatedAccessibilityTests.swift:7319: Expectation failed: hasAccessibilityID: CoverFlowCardComponent should generate accessibility identifiers with component name on macOS 
testGridCollectionViewGeneratesAccessibilityIdentifiersOnMacOS()
ConsolidatedAccessibilityTests.swift:7350: Expectation failed: hasAccessibilityID: GridCollectionView should generate accessibility identifiers on macOS 
testListCollectionViewGeneratesAccessibilityIdentifiersOnMacOS()
ConsolidatedAccessibilityTests.swift:7381: Expectation failed: hasAccessibilityID: ListCollectionView should generate accessibility identifiers on macOS 
testExpandableCardComponentGeneratesAccessibilityIdentifiers()
ConsolidatedAccessibilityTests.swift:7556: Expectation failed: hasAccessibilityID: ExpandableCardComponent should generate accessibility identifiers 
testCoverFlowCardComponentGeneratesAccessibilityIdentifiers()
ConsolidatedAccessibilityTests.swift:7582: Expectation failed: hasAccessibilityID: CoverFlowCardComponent should generate accessibility identifiers 
testListCollectionViewGeneratesAccessibilityIdentifiers()
ConsolidatedAccessibilityTests.swift:7607: Expectation failed: hasAccessibilityID: ListCollectionView should generate accessibility identifiers 
testMasonryCollectionViewGeneratesAccessibilityIdentifiers()
ConsolidatedAccessibilityTests.swift:7632: Expectation failed: hasAccessibilityID: MasonryCollectionView should generate accessibility identifiers 
testAdaptiveCollectionViewGeneratesAccessibilityIdentifiers()
ConsolidatedAccessibilityTests.swift:7657: Expectation failed: hasAccessibilityID: AdaptiveCollectionView should generate accessibility identifiers 
testPlatformPresentHierarchicalDataL1GeneratesAccessibilityIdentifiersOnIOS()
ConsolidatedAccessibilityTests.swift:7697: Expectation failed: hasAccessibilityID: platformPresentHierarchicalData_L1 should generate accessibility identifiers on iOS 
testPlatformPresentHierarchicalDataL1GeneratesAccessibilityIdentifiersOnMacOS()
ConsolidatedAccessibilityTests.swift:7734: Expectation failed: hasAccessibilityID: platformPresentHierarchicalData_L1 should generate accessibility identifiers on macOS 
testPlatformPresentTemporalDataL1GeneratesAccessibilityIdentifiersOnIOS()
ConsolidatedAccessibilityTests.swift:7768: Expectation failed: hasAccessibilityID: platformPresentTemporalData_L1 should generate accessibility identifiers on iOS 
testPlatformPresentTemporalDataL1GeneratesAccessibilityIdentifiersOnMacOS()
ConsolidatedAccessibilityTests.swift:7802: Expectation failed: hasAccessibilityID: platformPresentTemporalData_L1 should generate accessibility identifiers on macOS 
testAutomaticAccessibilityIdentifierModifierGeneratesAccessibilityIdentifiers()
ConsolidatedAccessibilityTests.swift:7823: Expectation failed: hasAccessibilityID: Framework component (platformPresentContent_L1) should generate accessibility identifiers 
testGlobalAutomaticAccessibilityIdentifierModifierGeneratesAccessibilityIdentifiers()
ConsolidatedAccessibilityTests.swift:7843: Expectation failed: hasAccessibilityID: Framework component (platformPresentBasicArray_L1) should generate accessibility identifiers 
testDisableAutomaticAccessibilityIdentifierModifierGeneratesAccessibilityIdentifiers()
ConsolidatedAccessibilityTests.swift:7863: Expectation failed: hasAccessibilityID: Framework component should automatically generate accessibility identifiers 
testViewHierarchyTrackingModifierGeneratesAccessibilityIdentifiers()
ConsolidatedAccessibilityTests.swift:7888: Expectation failed: hasAccessibilityID: Framework component (platformPresentItemCollection_L1) should generate accessibility identifiers 
testWorkingAccessibilityIdentifierModifierGeneratesAccessibilityIdentifiers()
ConsolidatedAccessibilityTests.swift:7907: Expectation failed: hasAccessibilityID: Framework component should automatically generate accessibility identifiers 
testPlatformListRowIncludesContentInIdentifier()
ConsolidatedAccessibilityTests.swift:7973: Expectation failed: (row1ID → "") != (row2ID → ""): platformListRow items with different content should have different identifiers (implementation verified in code)
ConsolidatedAccessibilityTests.swift:7975: Expectation failed: (row1ID.contains("first") || row1ID.contains("First") → false) || (row1ID.contains("item") → false): platformListRow identifier should include item content (implementation verified in code)
testPlatformListSectionHeaderIncludesTitleInIdentifier()
ConsolidatedAccessibilityTests.swift:8017: Expectation failed: (header1ID → "") != (header2ID → ""): platformListSectionHeader with different titles should have different identifiers (implementation verified in code)
ConsolidatedAccessibilityTests.swift:8019: Expectation failed: (header1ID.contains("section") || header1ID.contains("one") → false) || (header1ID.contains("Section") → false): platformListSectionHeader identifier should include title (implementation verified in code)
testPlatformFormFieldIncludesLabelInIdentifier()
ConsolidatedAccessibilityTests.swift:8056: Expectation failed: (field1ID → "") != (field2ID → ""): platformFormField with different labels should have different identifiers (implementation verified in code)
ConsolidatedAccessibilityTests.swift:8058: Expectation failed: (field1ID.contains("email") || field1ID.contains("address") → false) || (field1ID.contains("Email") → false): platformFormField identifier should include label (implementation verified in code)
testPlatformFormFieldGroupIncludesTitleInIdentifier()
ConsolidatedAccessibilityTests.swift:8095: Expectation failed: (group1ID → "") != (group2ID → ""): platformFormFieldGroup with different titles should have different identifiers (implementation verified in code)
ConsolidatedAccessibilityTests.swift:8097: Expectation failed: (group1ID.contains("personal") || group1ID.contains("information") → false) || (group1ID.contains("Personal") → false): platformFormFieldGroup identifier should include title (implementation verified in code)
testPlatformNavigationModifierGeneratesAccessibilityIdentifiers()
ConsolidatedAccessibilityTests.swift:8134: Expectation failed: hasAccessibilityID: PlatformNavigationModifier should generate accessibility identifiers 
testPlatformStylingModifierGeneratesAccessibilityIdentifiers()
ConsolidatedAccessibilityTests.swift:8157: Expectation failed: hasAccessibilityID: PlatformStylingModifier should generate accessibility identifiers 
testPlatformIconModifierGeneratesAccessibilityIdentifiers()
ConsolidatedAccessibilityTests.swift:8179: Expectation failed: hasAccessibilityID: PlatformIconModifier should generate accessibility identifiers 
testFieldComponentFunctionality()
ConsolidatedAccessibilityTests.swift:8219: Expectation failed: hasAccessibilityID: CustomFieldView should generate accessibility identifiers 
testDynamicFormSectionViewGeneratesAccessibilityIdentifiers()
ConsolidatedAccessibilityTests.swift:8247: Expectation failed: hasAccessibilityID: DynamicFormSectionView should generate accessibility identifiers 
testDynamicFormActionsGeneratesAccessibilityIdentifiers()
ConsolidatedAccessibilityTests.swift:8275: Expectation failed: hasAccessibilityID: DynamicFormActions should generate accessibility identifiers 
testVeryLongNames()
ConsolidatedAccessibilityTests.swift:8298: Expectation failed: !((buttonID → "").isEmpty → true → true): Should generate ID with very long names
ConsolidatedAccessibilityTests.swift:8299: Expectation failed: (buttonID → "").contains("SixLayer"): Should contain namespace
testDisableEnableMidHierarchy()
ConsolidatedAccessibilityTests.swift:8330: Expectation failed: (autoButtonID → "").contains("SixLayer"): Auto button should have automatic ID
testMultipleScreenContexts()
ConsolidatedAccessibilityTests.swift:8356: Expectation failed: !((vStackID → "").isEmpty → true → true): Should generate ID with screen context
ConsolidatedAccessibilityTests.swift:8357: Expectation failed: (vStackID → "").contains("SixLayer"): Should contain namespace
testAccessibilityIdentifierCaseInsensitiveMatchingGeneratesAccessibilityIdentifiers()
ConsolidatedAccessibilityTests.swift:8573: Expectation failed: hasAccessibilityID: Accessibility identifier case insensitive matching should work correctly 
testAccessibilityIdentifierPartialMatchingGeneratesAccessibilityIdentifiers()
ConsolidatedAccessibilityTests.swift:8593: Expectation failed: hasAccessibilityID: Accessibility identifier partial matching should work correctly 
testAccessibilityIdentifierRegexMatchingGeneratesAccessibilityIdentifiers()
ConsolidatedAccessibilityTests.swift:8613: Expectation failed: hasAccessibilityID: Accessibility identifier regex matching should work correctly 
testAccessibilityHostingViewGeneratesAccessibilityIdentifiers()
ConsolidatedAccessibilityTests.swift:8639: Expectation failed: hasAccessibilityID: AccessibilityHostingView should generate accessibility identifiers 
testAccessibilityTestingViewGeneratesAccessibilityIdentifiers()
ConsolidatedAccessibilityTests.swift:8656: Expectation failed: hasAccessibilityID: AccessibilityTestingView should generate accessibility identifiers 
testVoiceOverManagerGeneratesAccessibilityIdentifiers()
ConsolidatedAccessibilityTests.swift:8679: Expectation failed: hasAccessibilityID: VoiceOverManager should generate accessibility identifiers 
testMasonryCollectionViewGeneratesAccessibilityIdentifiersOnIOS()
ConsolidatedAccessibilityTests.swift:9012: Expectation failed: hasAccessibilityID: MasonryCollectionView should generate accessibility identifiers on iOS 
testMasonryCollectionViewGeneratesAccessibilityIdentifiersOnMacOS()
ConsolidatedAccessibilityTests.swift:9049: Expectation failed: hasAccessibilityID: MasonryCollectionView should generate accessibility identifiers on macOS 
testAdaptiveCollectionViewGeneratesAccessibilityIdentifiersOnIOS()
ConsolidatedAccessibilityTests.swift:9086: Expectation failed: hasAccessibilityID: AdaptiveCollectionView should generate accessibility identifiers on iOS 
testAdaptiveCollectionViewGeneratesAccessibilityIdentifiersOnMacOS()
ConsolidatedAccessibilityTests.swift:9122: Expectation failed: hasAccessibilityID: AdaptiveCollectionView should generate accessibility identifiers on macOS 
testNamedModifierGeneratesIdentifiers()
ConsolidatedAccessibilityTests.swift:9191: Expectation failed: hasAccessibilityID: View with .named() should generate accessibility identifiers matching pattern 'SixLayer.main.element.*' 
testScreenContextGeneratesIdentifiers()
ConsolidatedAccessibilityTests.swift:9240: Expectation failed: hasAccessibilityID: View with named modifier should generate accessibility identifiers matching pattern 'SixLayer.*ui' 
testNavigationStateGeneratesIdentifiers()
ConsolidatedAccessibilityTests.swift:9267: Expectation failed: hasAccessibilityID: View with named modifier should generate accessibility identifiers matching pattern 'SixLayer.*' 
testManualAccessibilityIdentifiersStillWork()
ConsolidatedAccessibilityTests.swift:9287: Expectation failed: testComponentComplianceSinglePlatform((testView → ModifiedContent<PlatformInteractionButton<ModifiedContent<ModifiedContent<ModifiedContent<ModifiedContent<ModifiedContent<GenericContentView, _EnvironmentKeyWritingModifier<Optional<String>>>, SystemAccessibilityModifier>, PlatformPatternModifier>, VisualConsistencyModifier>, AutomaticComplianceModifier>>, AccessibilityAttachmentModifier>(content: SixLayerFramework.PlatformInteractionButton<SwiftUI.ModifiedContent<SwiftUI.ModifiedContent<SwiftUI.ModifiedContent<SwiftUI.ModifiedContent<SwiftUI.ModifiedContent<SixLayerFramework.GenericContentView, SwiftUI._EnvironmentKeyWritingModifier<Swift.Optional<Swift.String>>>, SixLayerFramework.SystemAccessibilityModifier>, SixLayerFramework.PlatformPatternModifier>, SixLayerFramework.VisualConsistencyModifier>, SixLayerFramework.AutomaticComplianceModifier>>(label: SwiftUI.ModifiedContent<SwiftUI.ModifiedContent<SwiftUI.ModifiedContent<SwiftUI.ModifiedContent<SwiftUI.ModifiedContent<SixLayerFramework.GenericContentView, SwiftUI._EnvironmentKeyWritingModifier<Swift.Optional<Swift.String>>>, SixLayerFramework.SystemAccessibilityModifier>, SixLayerFramework.PlatformPatternModifier>, SixLayerFramework.VisualConsistencyModifier>, SixLayerFramework.AutomaticComplianceModifier>(content: SwiftUI.ModifiedContent<SwiftUI.ModifiedContent<SwiftUI.ModifiedContent<SwiftUI.ModifiedContent<SixLayerFramework.GenericContentView, SwiftUI._EnvironmentKeyWritingModifier<Swift.Optional<Swift.String>>>, SixLayerFramework.SystemAccessibilityModifier>, SixLayerFramework.PlatformPatternModifier>, SixLayerFramework.VisualConsistencyModifier>(content: SwiftUI.ModifiedContent<SwiftUI.ModifiedContent<SwiftUI.ModifiedContent<SixLayerFramework.GenericContentView, SwiftUI._EnvironmentKeyWritingModifier<Swift.Optional<Swift.String>>>, SixLayerFramework.SystemAccessibilityModifier>, SixLayerFramework.PlatformPatternModifier>(content: SwiftUI.ModifiedContent<SwiftUI.ModifiedContent<SixLayerFramework.GenericContentView, SwiftUI._EnvironmentKeyWritingModifier<Swift.Optional<Swift.String>>>, SixLayerFramework.SystemAccessibilityModifier>(content: SwiftUI.ModifiedContent<SixLayerFramework.GenericContentView, SwiftUI._EnvironmentKeyWritingModifier<Swift.Optional<Swift.String>>>(content: SixLayerFramework.GenericContentView(content: "Add Fuel", hints: SixLayerFramework.PresentationHints(dataType: SixLayerFramework.DataTypeHint.generic, presentationPreference: SixLayerFramework.PresentationPreference.automatic, complexity: SixLayerFramework.ContentComplexity.moderate, context: SixLayerFramework.PresentationContext.dashboard, customPreferences: [:], fieldHints: [:])), modifier: SwiftUI._EnvironmentKeyWritingModifier<Swift.Optional<Swift.String>>(keyPath: \EnvironmentValues.accessibilityIdentifierName, value: Optional("platformPresentContent_L1"))), modifier: SixLayerFramework.SystemAccessibilityModifier(accessibilityState: SixLayerFramework.AccessibilitySystemState(isVoiceOverRunning: false, isDarkerSystemColorsEnabled: false, isReduceTransparencyEnabled: false, isHighContrastEnabled: false, isReducedMotionEnabled: false, hasKeyboardSupport: false, hasFullKeyboardAccess: false, hasSwitchControl: false), platform: SixLayerFramework.SixLayerPlatform.iOS)), modifier: SixLayerFramework.PlatformPatternModifier(designSystem: SixLayerFramework.PlatformDesignSystem(platform: SixLayerFramework.SixLayerPlatform.macOS, colorSystem: SixLayerFramework.HIGColorSystem(primary: SwiftUI.AnyShapeStyle(storage: SwiftUI.AnyShapeStyle.Storage(box: SwiftUI.ColorBox<SwiftUI.SystemColorType>)), secondary: SwiftUI.AnyShapeStyle(storage: SwiftUI.AnyShapeStyle.Storage(box: SwiftUI.ColorBox<SwiftUI.SystemColorType>)), accent: SwiftUI.AnyShapeStyle(storage: SwiftUI.AnyShapeStyle.Storage(box: SwiftUI.ColorBox<SwiftUI.Color.AccentColorProvider>)), background: SwiftUI.AnyShapeStyle(storage: SwiftUI.AnyShapeStyle.Storage(box: SwiftUI.ColorBox<SwiftUI.AppKitPlatformColorProvider>)), surface: SwiftUI.AnyShapeStyle(storage: SwiftUI.AnyShapeStyle.Storage(box: SwiftUI.ColorBox<SwiftUI.AppKitPlatformColorProvider>)), text: SwiftUI.AnyShapeStyle(storage: SwiftUI.AnyShapeStyle.Storage(box: SwiftUI.ColorBox<SwiftUI.AppKitPlatformColorProvider>)), textSecondary: SwiftUI.AnyShapeStyle(storage: SwiftUI.AnyShapeStyle.Storage(box: SwiftUI.ColorBox<SwiftUI.SystemColorType>))), typographySystem: SixLayerFramework.HIGTypographySystem(largeTitle: SwiftUI.Font(provider: SwiftUI.FontBox<SwiftUI.Font.TextStyleProvider>), title: SwiftUI.Font(provider: SwiftUI.FontBox<SwiftUI.Font.TextStyleProvider>), headline: SwiftUI.Font(provider: SwiftUI.FontBox<SwiftUI.Font.TextStyleProvider>), body: SwiftUI.Font(provider: SwiftUI.FontBox<SwiftUI.Font.TextStyleProvider>), callout: SwiftUI.Font(provider: SwiftUI.FontBox<SwiftUI.Font.TextStyleProvider>), subheadline: SwiftUI.Font(provider: SwiftUI.FontBox<SwiftUI.Font.TextStyleProvider>), footnote: SwiftUI.Font(provider: SwiftUI.FontBox<SwiftUI.Font.TextStyleProvider>), caption: SwiftUI.Font(provider: SwiftUI.FontBox<SwiftUI.Font.TextStyleProvider>)), spacingSystem: SixLayerFramework.HIGSpacingSystem(xs: 4.0, sm: 8.0, md: 16.0, lg: 24.0, xl: 32.0, xxl: 40.0, xxxl: 48.0), iconSystem: SixLayerFramework.HIGIconSystem(platform: SixLayerFramework.SixLayerPlatform.macOS), visualDesignSystem: SixLayerFramework.HIGVisualDesignSystem(platform: SixLayerFramework.SixLayerPlatform.macOS, animationSystem: SixLayerFramework.HIGAnimationSystem(platform: SixLayerFramework.SixLayerPlatform.macOS), shadowSystem: SixLayerFramework.HIGShadowSystem(platform: SixLayerFramework.SixLayerPlatform.macOS), cornerRadiusSystem: SixLayerFramework.HIGCornerRadiusSystem(platform: SixLayerFramework.SixLayerPlatform.macOS), borderWidthSystem: SixLayerFramework.HIGBorderWidthSystem(platform: SixLayerFramework.SixLayerPlatform.macOS), opacitySystem: SixLayerFramework.HIGOpacitySystem(), blurSystem: SixLayerFramework.HIGBlurSystem(platform: SixLayerFramework.SixLayerPlatform.macOS))), platform: SixLayerFramework.SixLayerPlatform.macOS)), modifier: SixLayerFramework.VisualConsistencyModifier(designSystem: SixLayerFramework.PlatformDesignSystem(platform: SixLayerFramework.SixLayerPlatform.macOS, colorSystem: SixLayerFramework.HIGColorSystem(primary: SwiftUI.AnyShapeStyle(storage: SwiftUI.AnyShapeStyle.Storage(box: SwiftUI.ColorBox<SwiftUI.SystemColorType>)), secondary: SwiftUI.AnyShapeStyle(storage: SwiftUI.AnyShapeStyle.Storage(box: SwiftUI.ColorBox<SwiftUI.SystemColorType>)), accent: SwiftUI.AnyShapeStyle(storage: SwiftUI.AnyShapeStyle.Storage(box: SwiftUI.ColorBox<SwiftUI.Color.AccentColorProvider>)), background: SwiftUI.AnyShapeStyle(storage: SwiftUI.AnyShapeStyle.Storage(box: SwiftUI.ColorBox<SwiftUI.AppKitPlatformColorProvider>)), surface: SwiftUI.AnyShapeStyle(storage: SwiftUI.AnyShapeStyle.Storage(box: SwiftUI.ColorBox<SwiftUI.AppKitPlatformColorProvider>)), text: SwiftUI.AnyShapeStyle(storage: SwiftUI.AnyShapeStyle.Storage(box: SwiftUI.ColorBox<SwiftUI.AppKitPlatformColorProvider>)), textSecondary: SwiftUI.AnyShapeStyle(storage: SwiftUI.AnyShapeStyle.Storage(box: SwiftUI.ColorBox<SwiftUI.SystemColorType>))), typographySystem: SixLayerFramework.HIGTypographySystem(largeTitle: SwiftUI.Font(provider: SwiftUI.FontBox<SwiftUI.Font.TextStyleProvider>), title: SwiftUI.Font(provider: SwiftUI.FontBox<SwiftUI.Font.TextStyleProvider>), headline: SwiftUI.Font(provider: SwiftUI.FontBox<SwiftUI.Font.TextStyleProvider>), body: SwiftUI.Font(provider: SwiftUI.FontBox<SwiftUI.Font.TextStyleProvider>), callout: SwiftUI.Font(provider: SwiftUI.FontBox<SwiftUI.Font.TextStyleProvider>), subheadline: SwiftUI.Font(provider: SwiftUI.FontBox<SwiftUI.Font.TextStyleProvider>), footnote: SwiftUI.Font(provider: SwiftUI.FontBox<SwiftUI.Font.TextStyleProvider>), caption: SwiftUI.Font(provider: SwiftUI.FontBox<SwiftUI.Font.TextStyleProvider>)), spacingSystem: SixLayerFramework.HIGSpacingSystem(xs: 4.0, sm: 8.0, md: 16.0, lg: 24.0, xl: 32.0, xxl: 40.0, xxxl: 48.0), iconSystem: SixLayerFramework.HIGIconSystem(platform: SixLayerFramework.SixLayerPlatform.macOS), visualDesignSystem: SixLayerFramework.HIGVisualDesignSystem(platform: SixLayerFramework.SixLayerPlatform.macOS, animationSystem: SixLayerFramework.HIGAnimationSystem(platform: SixLayerFramework.SixLayerPlatform.macOS), shadowSystem: SixLayerFramework.HIGShadowSystem(platform: SixLayerFramework.SixLayerPlatform.macOS), cornerRadiusSystem: SixLayerFramework.HIGCornerRadiusSystem(platform: SixLayerFramework.SixLayerPlatform.macOS), borderWidthSystem: SixLayerFramework.HIGBorderWidthSystem(platform: SixLayerFramework.SixLayerPlatform.macOS), opacitySystem: SixLayerFramework.HIGOpacitySystem(), blurSystem: SixLayerFramework.HIGBlurSystem(platform: SixLayerFramework.SixLayerPlatform.macOS))), platform: SixLayerFramework.SixLayerPlatform.macOS, visualDesignConfig: SixLayerFramework.HIGVisualDesignCategoryConfig(applyAnimations: false, applyShadows: false, applyCornerRadius: false, applyBorders: false, applyOpacity: false, applyBlur: false, defaultAnimationCategory: nil, defaultShadowCategory: SixLayerFramework.HIGShadowCategory.elevated, defaultCornerRadiusCategory: SixLayerFramework.HIGCornerRadiusCategory.medium, defaultBorderWidthCategory: SixLayerFramework.HIGBorderWidthCategory.thin, defaultOpacityCategory: SixLayerFramework.HIGOpacityCategory.primary, defaultBlurCategory: SixLayerFramework.HIGBlurCategory.light), iOSConfig: nil)), modifier: SixLayerFramework.AutomaticComplianceModifier()), action: (Function), style: SixLayerFramework.InteractionButtonStyle.primary, _inputManager: SwiftUI.StateObject<SixLayerFramework.InputHandlingManager>(storage: SwiftUI.StateObject<SixLayerFramework.InputHandlingManager>.Storage.initially((Function)))), modifier: SwiftUI.AccessibilityAttachmentModifier(storage: SwiftUI.MutableBox<SwiftUI.AccessibilityAttachment>, behavior: nil))), expectedPattern: "manual-add-fuel-button", platform: (SixLayerPlatform.iOS → .iOS), componentName: "ManualAccessibilityIdentifier"): Manual accessibility identifier should work
testGlobalAutomaticAccessibilityIdentifiersIsSet()
ConsolidatedAccessibilityTests.swift:9312: Expectation failed: testComponentComplianceSinglePlatform((testView → ModifiedContent<Button<Label<Text, Image>>, NamedModifier>(content: SwiftUI.Button<SwiftUI.Label<SwiftUI.Text, SwiftUI.Image>>(role: nil, action: SwiftUI.ButtonAction.closure((Function)), label: SwiftUI.Label<SwiftUI.Text, SwiftUI.Image>(title: SwiftUI.Text(storage: SwiftUI.Text.Storage.anyTextStorage(<LocalizedTextStorage: 0x0000000806983110>: "Test"), modifiers: []), icon: SwiftUI.Image(provider: SwiftUI.ImageProviderBox<SwiftUI.Image.NamedImageProvider>))), modifier: SixLayerFramework.NamedModifier(name: "TestButton"))), expectedPattern: "SixLayer.*ui", platform: (SixLayerPlatform.iOS → .iOS), componentName: "AutomaticAccessibilityIdentifiers"): AutomaticAccessibilityIdentifiers should generate accessibility identifier
testViewRespectsSystemColorScheme()
ConsolidatedAccessibilityTests.swift:9440: Expectation failed: passed: View should respect system color scheme on all platforms
testTextUsesSystemColorsForLightDarkMode()
ConsolidatedAccessibilityTests.swift:9459: Expectation failed: passed: Text should use system colors that adapt to light/dark mode on all platforms
testButtonUsesSystemColorsForLightDarkMode()
ConsolidatedAccessibilityTests.swift:9478: Expectation failed: passed: Button should use system colors that adapt to light/dark mode on all platforms
testBackgroundAdaptsToColorScheme()
ConsolidatedAccessibilityTests.swift:9499: Expectation failed: passed: Background should adapt to light/dark mode on all platforms
testColorContrastMaintainedInLightMode()
ConsolidatedAccessibilityTests.swift:9520: Expectation failed: passed: Color contrast should meet WCAG requirements in light mode on all platforms
testColorContrastMaintainedInDarkMode()
ConsolidatedAccessibilityTests.swift:9541: Expectation failed: passed: Color contrast should meet WCAG requirements in dark mode on all platforms
testSystemPrimaryColorAdaptsToColorScheme()
ConsolidatedAccessibilityTests.swift:9561: Expectation failed: passed: Primary color should adapt to light/dark mode on all platforms
testSystemSecondaryColorAdaptsToColorScheme()
ConsolidatedAccessibilityTests.swift:9581: Expectation failed: passed: Secondary color should adapt to light/dark mode on all platforms
testLightDarkModeOnAllPlatforms()
ConsolidatedAccessibilityTests.swift:9605: Expectation failed: passed: Light/dark mode should be supported on all platforms
testAccessibilityIdentifierPerformanceMatchingGeneratesAccessibilityIdentifiers()
ConsolidatedAccessibilityTests.swift:9628: Expectation failed: hasAccessibilityID: Accessibility identifier performance matching should work correctly 
testAccessibilityIdentifierEmptyHandlingGeneratesAccessibilityIdentifiers()
ConsolidatedAccessibilityTests.swift:9688: Expectation failed: !(hasAccessibilityID → <not evaluated>): Accessibility identifier empty handling should not generate invalid IDs (modifier verified in code, test logic may need review)
testAccessibilityIdentifierWhitespaceHandlingGeneratesAccessibilityIdentifiers()
ConsolidatedAccessibilityTests.swift:9708: Expectation failed: hasAccessibilityID: Accessibility identifier whitespace handling should work correctly 
testAccessibilityIdentifierSpecialCharacterHandlingGeneratesAccessibilityIdentifiers()
ConsolidatedAccessibilityTests.swift:9729: Expectation failed: hasAccessibilityID: Accessibility identifier special character handling should work correctly 
testAccessibilityIdentifierUnicodeHandlingGeneratesAccessibilityIdentifiers()
ConsolidatedAccessibilityTests.swift:9750: Expectation failed: hasAccessibilityID: Accessibility identifier unicode handling should work correctly 
testAccessibilityIdentifierLongStringHandlingGeneratesAccessibilityIdentifiers()
ConsolidatedAccessibilityTests.swift:9771: Expectation failed: hasAccessibilityID: Accessibility identifier long string handling should work correctly 
testKeyboardNavigationManagerGeneratesAccessibilityIdentifiers()
ConsolidatedAccessibilityTests.swift:9796: Expectation failed: hasAccessibilityID: KeyboardNavigationManager should generate accessibility identifiers 
testHighContrastManagerGeneratesAccessibilityIdentifiers()
ConsolidatedAccessibilityTests.swift:9819: Expectation failed: hasAccessibilityID: HighContrastManager should generate accessibility identifiers 
testAccessibilityTestingManagerGeneratesAccessibilityIdentifiers()
ConsolidatedAccessibilityTests.swift:9842: Expectation failed: hasAccessibilityID: AccessibilityTestingManager should generate accessibility identifiers 
testSwitchControlManagerGeneratesAccessibilityIdentifiers()
ConsolidatedAccessibilityTests.swift:9873: Expectation failed: hasAccessibilityID: SwitchControlManager should generate accessibility identifiers 
testMaterialAccessibilityManagerGeneratesAccessibilityIdentifiers()
ConsolidatedAccessibilityTests.swift:9896: Expectation failed: hasAccessibilityID: MaterialAccessibilityManager should generate accessibility identifiers 
testEyeTrackingManagerGeneratesAccessibilityIdentifiers()
ConsolidatedAccessibilityTests.swift:9919: Expectation failed: hasAccessibilityID: EyeTrackingManager should generate accessibility identifiers 
testAssistiveTouchManagerGeneratesAccessibilityIdentifiers()
ConsolidatedAccessibilityTests.swift:9950: Expectation failed: hasAccessibilityID: AssistiveTouchManager should generate accessibility identifiers 
testSimpleCardComponentGeneratesAccessibilityIdentifiersOnIOS()
ConsolidatedAccessibilityTests.swift:10189: Expectation failed: hasAccessibilityID: SimpleCardComponent should generate accessibility identifiers on iOS 
testSimpleCardComponentGeneratesAccessibilityIdentifiersOnMacOS()
ConsolidatedAccessibilityTests.swift:10231: Expectation failed: hasAccessibilityID: SimpleCardComponent should generate accessibility identifiers on macOS 
testListCardComponentGeneratesAccessibilityIdentifiersOnIOS()
ConsolidatedAccessibilityTests.swift:10262: Expectation failed: hasAccessibilityID: ListCardComponent should generate accessibility identifiers on iOS 
testListCardComponentGeneratesAccessibilityIdentifiersOnMacOS()
ConsolidatedAccessibilityTests.swift:10293: Expectation failed: hasAccessibilityID: ListCardComponent should generate accessibility identifiers on macOS 
testMasonryCardComponentGeneratesAccessibilityIdentifiersOnIOS()
ConsolidatedAccessibilityTests.swift:10318: Expectation failed: hasAccessibilityID: MasonryCardComponent should generate accessibility identifiers on iOS 
testMasonryCardComponentGeneratesAccessibilityIdentifiersOnMacOS()
ConsolidatedAccessibilityTests.swift:10343: Expectation failed: hasAccessibilityID: MasonryCardComponent should generate accessibility identifiers on macOS 
testTextSupportsDynamicType()
ConsolidatedAccessibilityTests.swift:10443: Expectation failed: passed: Text should support Dynamic Type scaling on all platforms
testButtonTextSupportsDynamicType()
ConsolidatedAccessibilityTests.swift:10462: Expectation failed: passed: Button text should support Dynamic Type scaling on all platforms
testLabelSupportsDynamicType()
ConsolidatedAccessibilityTests.swift:10481: Expectation failed: passed: Label text should support Dynamic Type scaling on all platforms
testTextSupportsAccessibilitySizes()
ConsolidatedAccessibilityTests.swift:10500: Expectation failed: passed: Text should support accessibility size range on all platforms
testBodyTextMeetsMinimumSizeRequirements()
ConsolidatedAccessibilityTests.swift:10520: Expectation failed: passed: Body text should meet platform-specific minimum size requirements on all platforms
testCaptionTextMeetsMinimumSizeRequirements()
ConsolidatedAccessibilityTests.swift:10540: Expectation failed: passed: Caption text should meet platform-specific minimum size requirements on all platforms
testCustomFontSizeEnforcedMinimum()
ConsolidatedAccessibilityTests.swift:10560: Expectation failed: passed: Custom font sizes should be enforced to meet minimum requirements on all platforms
testPlatformSpecificTypographySizes()
ConsolidatedAccessibilityTests.swift:10595: Expectation failed: passed: Typography styles should use platform-appropriate sizes on all platforms
testDynamicTypeOnBothPlatforms()
ConsolidatedAccessibilityTests.swift:10614: Expectation failed: passed: Dynamic Type should be supported on all platforms
testAccessibilityEnhancedViewModifierDefaultConfig()
ConsolidatedAccessibilityTests.swift:10700: Expectation failed: testComponentComplianceSinglePlatform((enhancedView → AccessibilityEnhancedView<ModifiedContent<ModifiedContent<ModifiedContent<ModifiedContent<ModifiedContent<GenericContentView, _EnvironmentKeyWritingModifier<Optional<String>>>, SystemAccessibilityModifier>, PlatformPatternModifier>, VisualConsistencyModifier>, AutomaticComplianceModifier>>(config: SixLayerFramework.AccessibilityConfig(enableVoiceOver: true, enableKeyboardNavigation: true, enableHighContrast: true, enableReducedMotion: true, enableLargeText: true), content: (Function), _voiceOverManager: SwiftUI.StateObject<SixLayerFramework.VoiceOverManager>(storage: SwiftUI.StateObject<SixLayerFramework.VoiceOverManager>.Storage.initially((Function))), _keyboardManager: SwiftUI.StateObject<SixLayerFramework.KeyboardNavigationManager>(storage: SwiftUI.StateObject<SixLayerFramework.KeyboardNavigationManager>.Storage.initially((Function))), _highContrastManager: SwiftUI.StateObject<SixLayerFramework.HighContrastManager>(storage: SwiftUI.StateObject<SixLayerFramework.HighContrastManager>.Storage.initially((Function))), _testingManager: SwiftUI.StateObject<SixLayerFramework.AccessibilityTestingManager>(storage: SwiftUI.StateObject<SixLayerFramework.AccessibilityTestingManager>.Storage.initially((Function))))), expectedPattern: "*.main.element.accessibility-enhanced-*", platform: (SixLayerPlatform.iOS → .iOS), componentName: "AccessibilityEnhancedViewModifierDefaultConfig"): Enhanced view with default config should have accessibility identifier
testAccessibilityViewModifiersIntegration()
ConsolidatedAccessibilityTests.swift:10752: Expectation failed: testComponentComplianceSinglePlatform((integratedView → HighContrastEnabledView<KeyboardNavigableView<VoiceOverEnabledView<AccessibilityEnhancedView<ModifiedContent<ModifiedContent<ModifiedContent<ModifiedContent<ModifiedContent<GenericContentView, _EnvironmentKeyWritingModifier<Optional<String>>>, SystemAccessibilityModifier>, PlatformPatternModifier>, VisualConsistencyModifier>, AutomaticComplianceModifier>>>>>(content: (Function), _highContrastManager: SwiftUI.StateObject<SixLayerFramework.HighContrastManager>(storage: SwiftUI.StateObject<SixLayerFramework.HighContrastManager>.Storage.initially((Function))))), expectedPattern: "*.main.element.accessibility-enhanced-*", platform: (SixLayerPlatform.iOS → .iOS), componentName: "AccessibilityViewModifiersIntegration"): Integrated accessibility view should have accessibility identifier
testSystemColorModifierGeneratesAccessibilityIdentifiers()
ConsolidatedAccessibilityTests.swift:10791: Expectation failed: hasAccessibilityID: SystemColorModifier should generate accessibility identifiers 
testSystemTypographyModifierGeneratesAccessibilityIdentifiers()
ConsolidatedAccessibilityTests.swift:10822: Expectation failed: hasAccessibilityID: SystemTypographyModifier should generate accessibility identifiers 
testSpacingModifierGeneratesAccessibilityIdentifiers()
ConsolidatedAccessibilityTests.swift:10853: Expectation failed: hasAccessibilityID: SpacingModifier should generate accessibility identifiers 
testTouchTargetModifierGeneratesAccessibilityIdentifiers()
ConsolidatedAccessibilityTests.swift:10883: Expectation failed: hasAccessibilityID: TouchTargetModifier should generate accessibility identifiers 
testPlatformInteractionModifierGeneratesAccessibilityIdentifiers()
ConsolidatedAccessibilityTests.swift:10913: Expectation failed: hasAccessibilityID: PlatformInteractionModifier should generate accessibility identifiers 
testHapticFeedbackModifierGeneratesAccessibilityIdentifiers()
ConsolidatedAccessibilityTests.swift:10943: Expectation failed: hasAccessibilityID: HapticFeedbackModifier should generate accessibility identifiers 
testGestureRecognitionModifierGeneratesAccessibilityIdentifiers()
ConsolidatedAccessibilityTests.swift:10973: Expectation failed: hasAccessibilityID: GestureRecognitionModifier should generate accessibility identifiers 
testAppleHIGComplianceManagerGeneratesAccessibilityIdentifiers()
ConsolidatedAccessibilityTests.swift:10999: Expectation failed: hasAccessibilityID: AppleHIGComplianceManager should generate accessibility identifiers 
testDynamicTextFieldRendersTextFieldWithCorrectBindingAndAccessibility()
ConsolidatedAccessibilityTests.swift:11066: Issue recorded: DynamicTextField inspection error: sixLayerVStack() requires a VStack view
testDynamicNumberFieldRendersTextFieldWithNumericKeyboard()
ConsolidatedAccessibilityTests.swift:11142: Issue recorded: DynamicNumberField inspection error: sixLayerVStack() requires a VStack view
testDynamicTextAreaFieldRendersMultilineTextEditor()
ConsolidatedAccessibilityTests.swift:11207: Issue recorded: DynamicTextAreaField inspection error: sixLayerVStack() requires a VStack view
testDynamicSelectFieldRendersPickerWithSelectableOptions()
ConsolidatedAccessibilityTests.swift:11273: Issue recorded: DynamicSelectField inspection error: sixLayerVStack() requires a VStack view
testDynamicMultiSelectFieldRendersMultipleSelectionControls()
ConsolidatedAccessibilityTests.swift:11339: Issue recorded: DynamicMultiSelectField inspection error: sixLayerVStack() requires a VStack view
testDynamicRadioFieldRendersRadioButtonGroup()
ConsolidatedAccessibilityTests.swift:11405: Issue recorded: DynamicRadioField inspection error: sixLayerVStack() requires a VStack view
testDynamicCheckboxFieldRendersToggleControl()
ConsolidatedAccessibilityTests.swift:11470: Issue recorded: DynamicCheckboxField inspection error: sixLayerVStack() requires a VStack view
testDynamicToggleFieldRendersToggleControl()
ConsolidatedAccessibilityTests.swift:11535: Issue recorded: DynamicToggleField inspection error: sixLayerVStack() requires a VStack view
testSimpleCardComponentGeneratesAccessibilityIdentifiers()
ConsolidatedAccessibilityTests.swift:11575: Expectation failed: hasAccessibilityID: SimpleCardComponent should generate accessibility identifiers 
testListCardComponentGeneratesAccessibilityIdentifiers()
ConsolidatedAccessibilityTests.swift:11600: Expectation failed: hasAccessibilityID: ListCardComponent should generate accessibility identifiers 
testMasonryCardComponentGeneratesAccessibilityIdentifiers()
ConsolidatedAccessibilityTests.swift:11625: Expectation failed: hasAccessibilityID: MasonryCardComponent should generate accessibility identifiers 
testNativeExpandableCardViewGeneratesAccessibilityIdentifiers()
ConsolidatedAccessibilityTests.swift:11654: Expectation failed: hasAccessibilityID: NativeExpandableCardView should generate accessibility identifiers 
testIOSExpandableCardViewGeneratesAccessibilityIdentifiers()
ConsolidatedAccessibilityTests.swift:11683: Expectation failed: hasAccessibilityID: iOSExpandableCardView should generate accessibility identifiers 
testMacOSExpandableCardViewGeneratesAccessibilityIdentifiers()
ConsolidatedAccessibilityTests.swift:11712: Expectation failed: hasAccessibilityID: macOSExpandableCardView should generate accessibility identifiers 
testVisionOSExpandableCardViewGeneratesAccessibilityIdentifiers()
ConsolidatedAccessibilityTests.swift:11741: Expectation failed: hasAccessibilityID: visionOSExpandableCardView should generate accessibility identifiers 
testPlatformAwareExpandableCardViewGeneratesAccessibilityIdentifiers()
ConsolidatedAccessibilityTests.swift:11770: Expectation failed: hasAccessibilityID: PlatformAwareExpandableCardView should generate accessibility identifiers 
testPlatformPresentHierarchicalDataL1WithEnhancedHintsGeneratesAccessibilityIdentifiers()
ConsolidatedAccessibilityTests.swift:11811: Expectation failed: hasAccessibilityID: platformPresentHierarchicalData_L1 with EnhancedPresentationHints should generate accessibility identifiers 
testPlatformPresentHierarchicalDataL1WithCustomViewGeneratesAccessibilityIdentifiers()
ConsolidatedAccessibilityTests.swift:11859: Expectation failed: hasAccessibilityID: platformPresentHierarchicalData_L1 with custom view should generate accessibility identifiers 
testPlatformPresentHierarchicalDataL1WithEnhancedHintsAndCustomViewGeneratesAccessibilityIdentifiers()
ConsolidatedAccessibilityTests.swift:11908: Expectation failed: hasAccessibilityID: platformPresentHierarchicalData_L1 with enhanced hints and custom view should generate accessibility identifiers 
testPlatformPresentHierarchicalDataL1SingleItemGeneratesAccessibilityIdentifiers()
ConsolidatedAccessibilityTests.swift:11950: Expectation failed: hasAccessibilityID: platformPresentHierarchicalData_L1 single-item variant should generate accessibility identifiers 
testPlatformPresentTemporalDataL1WithEnhancedHintsGeneratesAccessibilityIdentifiers()
ConsolidatedAccessibilityTests.swift:11991: Expectation failed: hasAccessibilityID: platformPresentTemporalData_L1 with EnhancedPresentationHints should generate accessibility identifiers 
testPlatformPresentTemporalDataL1WithCustomViewGeneratesAccessibilityIdentifiers()
ConsolidatedAccessibilityTests.swift:12037: Expectation failed: hasAccessibilityID: platformPresentTemporalData_L1 with custom view should generate accessibility identifiers 
testPlatformPresentTemporalDataL1WithEnhancedHintsAndCustomViewGeneratesAccessibilityIdentifiers()
ConsolidatedAccessibilityTests.swift:12084: Expectation failed: hasAccessibilityID: platformPresentTemporalData_L1 with enhanced hints and custom view should generate accessibility identifiers 
testPlatformPresentTemporalDataL1SingleItemGeneratesAccessibilityIdentifiers()
ConsolidatedAccessibilityTests.swift:12124: Expectation failed: hasAccessibilityID: platformPresentTemporalData_L1 single-item variant should generate accessibility identifiers 
testAccessibilityFunctionsRespectGlobalConfigEnabled()
ConsolidatedAccessibilityTests.swift:12201: Expectation failed: hasAccessibilityID: Automatic accessibility functions should generate ID when global config is enabled 
testAccessibilityFunctionsRespectLocalDisableModifier()
ConsolidatedAccessibilityTests.swift:12239: Expectation failed: !((accessibilityID → "").isEmpty → true → true): // Should be empty when local disable is applied
// NOTE: Environment variable override is not working as expected
// The modifier still generates an ID despite the environment variable being set to false
Environment variable override is not working - modifier still generates ID
testAccessibilityFunctionsRespectLocalEnableModifier()
ConsolidatedAccessibilityTests.swift:12274: Expectation failed: hasAccessibilityID: Accessibility functions should generate ID when local enable modifier is applied 
testLocalEnableOverridesGlobalDisable()
ConsolidatedAccessibilityTests.swift:12348: Expectation failed: hasAccessibilityID: Local enable should override global disable 
testExactNamedBehavior()
ConsolidatedAccessibilityTests.swift:12425: Expectation failed: (button1ID → "") == "SameName": exactNamed() should produce exact identifier 'SameName', got ''
ConsolidatedAccessibilityTests.swift:12426: Expectation failed: (button2ID → "") == "SameName": exactNamed() should produce exact identifier 'SameName', got ''
testExactNamedVsNamedDifference()
ConsolidatedAccessibilityTests.swift:12462: Expectation failed: (exactID → "") != (namedID → ""): // exactNamed() should produce different identifiers than named()
// This test will FAIL until exactNamed() is properly implemented
exactNamed() should produce different identifiers than named()
ConsolidatedAccessibilityTests.swift:12463: Expectation failed: (exactID → "").contains("TestButton"): exactNamed() should contain the exact name
ConsolidatedAccessibilityTests.swift:12464: Expectation failed: (namedID → "").contains("TestButton"): named() should contain the name
ConsolidatedAccessibilityTests.swift:12465: Expectation failed: (exactID → "") == "TestButton": exactNamed() should produce exact identifier 'TestButton', got ''
testExactNamedIgnoresHierarchy()
ConsolidatedAccessibilityTests.swift:12504: Expectation failed: (exactID → "").contains("SaveButton"): exactNamed() should contain the exact name
ConsolidatedAccessibilityTests.swift:12505: Expectation failed: (exactID → "") == "SaveButton": exactNamed() should produce exact identifier 'SaveButton', got ''
testExactNamedMinimalIdentifier()
ConsolidatedAccessibilityTests.swift:12535: Expectation failed: (exactID → "") == (expectedMinimalPattern → "MinimalButton"): exactNamed() should produce exact identifier 'MinimalButton', got ''
testConfigurationChangesMidTest()
ConsolidatedAccessibilityTests.swift:12577: Expectation failed: !((buttonID → "").isEmpty → true → true): // Should use configuration at time of ID generation
Should generate ID with changed config
testNestedNamedCalls()
ConsolidatedAccessibilityTests.swift:12614: Expectation failed: !((buttonID → "").isEmpty → true → true): // Should handle nested calls without duplication
Should generate ID with nested .named() calls
ConsolidatedAccessibilityTests.swift:12615: Expectation failed: (buttonID → "").contains("SixLayer"): Should contain namespace
testUnicodeCharacters()
ConsolidatedAccessibilityTests.swift:12645: Expectation failed: !((buttonID → "").isEmpty → true → true): // Should handle Unicode gracefully
Should generate ID with Unicode characters
ConsolidatedAccessibilityTests.swift:12646: Expectation failed: (buttonID → "").contains("SixLayer"): Should contain namespace
testExactAccessibilityIdentifierModifierGeneratesAccessibilityIdentifiers()
ConsolidatedAccessibilityTests.swift:13668: Expectation failed: hasAccessibilityID: Framework component (platformPresentContent_L1) should generate accessibility identifiers 
testHierarchicalNamedModifierGeneratesAccessibilityIdentifiers()
ConsolidatedAccessibilityTests.swift:13690: Expectation failed: hasAccessibilityID: Framework component should automatically generate accessibility identifiers 
testAccessibilityLabelAssignmentModifierGeneratesAccessibilityIdentifiers()
ConsolidatedAccessibilityTests.swift:13713: Expectation failed: hasAccessibilityID: Framework component (platformPresentBasicValue_L1) should generate accessibility identifiers 
testAccessibilityHintAssignmentModifierGeneratesAccessibilityIdentifiers()
ConsolidatedAccessibilityTests.swift:13735: Expectation failed: hasAccessibilityID: Framework component (platformPresentBasicArray_L1) should generate accessibility identifiers 
testAccessibilityTraitsAssignmentModifierGeneratesAccessibilityIdentifiers()
ConsolidatedAccessibilityTests.swift:13757: Expectation failed: hasAccessibilityID: Framework component should automatically generate accessibility identifiers 
testAccessibilityValueAssignmentModifierGeneratesAccessibilityIdentifiers()
ConsolidatedAccessibilityTests.swift:13779: Expectation failed: hasAccessibilityID: Framework component (platformPresentBasicValue_L1) should generate accessibility identifiers 
testCrossPlatformOptimizationManagerGeneratesAccessibilityIdentifiers()
ConsolidatedAccessibilityTests.swift:13924: Expectation failed: hasAccessibilityID: View with CrossPlatformOptimizationManager should generate accessibility identifiers 
testPlatformOptimizationSettingsGeneratesAccessibilityIdentifiers()
ConsolidatedAccessibilityTests.swift:13949: Expectation failed: hasAccessibilityID: PlatformOptimizationSettings should generate accessibility identifiers 
testCrossPlatformPerformanceMetricsGeneratesAccessibilityIdentifiers()
ConsolidatedAccessibilityTests.swift:13974: Expectation failed: hasAccessibilityID: CrossPlatformPerformanceMetrics should generate accessibility identifiers 
testPlatformUIPatternsGeneratesAccessibilityIdentifiers()
ConsolidatedAccessibilityTests.swift:13998: Expectation failed: hasAccessibilityID: PlatformUIPatterns should generate accessibility identifiers 
testPlatformRecommendationEngineGeneratesAccessibilityIdentifiers()
ConsolidatedAccessibilityTests.swift:14022: Expectation failed: hasAccessibilityID: PlatformRecommendationEngine should generate accessibility identifiers 
testButtonHasFocusIndicator()
ConsolidatedAccessibilityTests.swift:14045: Expectation failed: passed: Button should have visible focus indicator on all platforms
testLinkHasFocusIndicator()
ConsolidatedAccessibilityTests.swift:14069: Expectation failed: passed: Link should have visible focus indicator on all platforms
testTextFieldHasFocusIndicator()
ConsolidatedAccessibilityTests.swift:14093: Expectation failed: passed: Text field should have visible focus indicator on all platforms
testSecureFieldHasFocusIndicator()
ConsolidatedAccessibilityTests.swift:14117: Expectation failed: passed: Secure field should have visible focus indicator on all platforms
testFocusIndicatorVisibleInHighContrast()
ConsolidatedAccessibilityTests.swift:14141: Expectation failed: passed: Focus indicator should be visible in high contrast mode on all platforms
testAccessibilityIdentifiersAreSemantic()
ConsolidatedAccessibilityTests.swift:14208: Expectation failed: (vStackID → "").contains("UserProfile"): // This test SHOULD FAIL initially - IDs are not semantic
Should contain screen context
ConsolidatedAccessibilityTests.swift:14209: Expectation failed: (vStackID.contains("ProfileView") → false) || (vStackID.contains("UserProfile") → false): Should contain view name
testAccessibilityIdentifiersWorkInComplexHierarchy()
ConsolidatedAccessibilityTests.swift:14255: Expectation failed: (vStackID → "").contains("ComplexView"): Should contain screen context
ConsolidatedAccessibilityTests.swift:14256: Expectation failed: (vStackID.contains("ComplexContainer") → false) || (vStackID.contains("ComplexView") → false): Should contain container name
testAccessibilityIdentifiersIncludeLabelTextForStringLabels()
ConsolidatedAccessibilityTests.swift:14290: Expectation failed: (submitID?.contains("Submit") → false) ?? (false → <not evaluated>): // TDD RED: These should FAIL - labels not currently included
Submit button identifier should include 'Submit' label
ConsolidatedAccessibilityTests.swift:14291: Expectation failed: (cancelID?.contains("Cancel") → false) ?? (false → <not evaluated>): Cancel button identifier should include 'Cancel' label
ConsolidatedAccessibilityTests.swift:14292: Expectation failed: (submitID → "") != (cancelID → ""): Buttons with different labels should have different identifiers
testAccessibilityIdentifiersSanitizeLabelText()
ConsolidatedAccessibilityTests.swift:14321: Expectation failed: ((buttonID?.contains("add") ?? false) || (buttonID?.contains("new") ?? false) → false) || ((buttonID?.contains("item") ?? false) → false): // TDD RED: Should FAIL - labels not sanitized
// Should contain sanitized version: "add-new-item" or similar
Identifier should include sanitized label text
testModifierDefersEnvironmentAccessUntilViewInstalled()
ConsolidatedAccessibilityTests.swift:14669: Expectation failed: (identifier != nil → true) && (!(identifier?.isEmpty ?? true) → false): // TDD RED: Should PASS - environment should be accessed only when view is installed
Modifier should access environment only when view is installed, generating identifier: ''
testPlatformListEmptyStateIncludesTitleInIdentifier()
ConsolidatedAccessibilityTests.swift:14763: Expectation failed: (state1ID → "") != (state2ID → ""): // TODO: ViewInspector Detection Issue - VERIFIED: platformListEmptyState DOES pass label via .environment(\.accessibilityIdentifierLabel, title)
// in Framework/Sources/Layers/Layer4-Component/PlatformListsLayer4.swift:113.
// Different labels produce different IDs via sanitized label text inclusion.
// TODO: Temporarily passing test - implementation IS correct but ViewInspector can't detect it
platformListEmptyState with different titles should have different identifiers (implementation verified in code)
ConsolidatedAccessibilityTests.swift:14765: Expectation failed: (state1ID.contains("no") || state1ID.contains("items") → false) || (state1ID.contains("No") → false): platformListEmptyState identifier should include title (implementation verified in code)
testPlatformDetailPlaceholderIncludesTitleInIdentifier()
ConsolidatedAccessibilityTests.swift:14802: Expectation failed: (placeholder1ID → "") != (placeholder2ID → ""): // TODO: ViewInspector Detection Issue - VERIFIED: platformDetailPlaceholder DOES pass label via .environment(\.accessibilityIdentifierLabel, title)
// in Framework/Sources/Layers/Layer4-Component/PlatformListsLayer4.swift:194.
// Different labels produce different IDs via sanitized label text inclusion.
// TODO: Temporarily passing test - implementation IS correct but ViewInspector can't detect it
platformDetailPlaceholder with different titles should have different identifiers (implementation verified in code)
ConsolidatedAccessibilityTests.swift:14804: Expectation failed: (placeholder1ID.contains("select") || placeholder1ID.contains("item") → false) || (placeholder1ID.contains("Select") → false): platformDetailPlaceholder identifier should include title (implementation verified in code)
testActionButtonIncludesTitleInIdentifier()
ConsolidatedAccessibilityTests.swift:14835: Expectation failed: (button1ID → "") != (button2ID → ""): // TODO: ViewInspector Detection Issue - VERIFIED: ActionButton DOES pass label via .environment(\.accessibilityIdentifierLabel, title)
// in Framework/Sources/Components/Forms/ActionButton.swift:20.
// Different labels produce different IDs via sanitized label text inclusion.
// TODO: Temporarily passing test - implementation IS correct but ViewInspector can't detect it
ActionButton with different titles should have different identifiers (implementation verified in code)
ConsolidatedAccessibilityTests.swift:14837: Expectation failed: (button1ID.contains("save") → false) || (button1ID.contains("Save") → false): ActionButton identifier should include title (implementation verified in code)
testPlatformValidationMessageIncludesMessageInIdentifier()
ConsolidatedAccessibilityTests.swift:14875: Expectation failed: (message1ID → "") != (message2ID → ""): // TODO: ViewInspector Detection Issue - VERIFIED: platformValidationMessage DOES pass label via .environment(\.accessibilityIdentifierLabel, message)
// in Framework/Sources/Layers/Layer4-Component/PlatformFormsLayer4.swift:78.
// Different labels produce different IDs via sanitized label text inclusion.
// TODO: Temporarily passing test - implementation IS correct but ViewInspector can't detect it
platformValidationMessage with different messages should have different identifiers (implementation verified in code)
ConsolidatedAccessibilityTests.swift:14877: Expectation failed: (message1ID.contains("email") || message1ID.contains("required") → false) || (message1ID.contains("Email") → false): platformValidationMessage identifier should include message text (implementation verified in code)
testTextMeetsWCAGAAContrastRatio()
ConsolidatedAccessibilityTests.swift:14919: Expectation failed: passed: Text should meet WCAG AA contrast ratio (4.5:1) on all platforms
testLargeTextMeetsWCAGAAContrastRatio()
ConsolidatedAccessibilityTests.swift:14946: Expectation failed: passed: Large text should meet WCAG AA contrast ratio (3:1) on all platforms
testButtonTextMeetsWCAGAAContrastRatio()
ConsolidatedAccessibilityTests.swift:14972: Expectation failed: passed: Button text should meet WCAG AA contrast ratio on all platforms
testAutomaticColorAdjustmentForLowContrast()
ConsolidatedAccessibilityTests.swift:14998: Expectation failed: passed: Low contrast colors should be automatically adjusted on all platforms
testSystemColorsMeetContrastRequirements()
ConsolidatedAccessibilityTests.swift:15024: Expectation failed: passed: System colors should meet contrast requirements on all platforms
testButtonHasHoverState()
ConsolidatedAccessibilityTests.swift:15048: Expectation failed: passed: Button should have appropriate hover state feedback on hover-capable platforms
testLinkHasHoverState()
ConsolidatedAccessibilityTests.swift:15072: Expectation failed: passed: Link should have appropriate hover state feedback on hover-capable platforms
testTextReadableWithHoverText()
ConsolidatedAccessibilityTests.swift:15096: Expectation failed: passed: Text should be readable with Hover Text on macOS
testPointerInteractionsWorkCorrectly()
ConsolidatedAccessibilityTests.swift:15121: Expectation failed: passed: Pointer interactions should work correctly on hover-capable platforms
testHoverSupportOnHoverCapablePlatforms()
ConsolidatedAccessibilityTests.swift:15155: Expectation failed: passed: Hover support should work on .macOS
ConsolidatedAccessibilityTests.swift:15155: Expectation failed: passed: Hover support should work on .visionOS
testAnimationRespectsReducedMotion()
ConsolidatedAccessibilityTests.swift:15183: Expectation failed: passed: Animations should respect reduced motion preference on all platforms
testTransitionRespectsReducedMotion()
ConsolidatedAccessibilityTests.swift:15208: Expectation failed: passed: Transitions should respect reduced motion preference on all platforms
testButtonAnimationRespectsReducedMotion()
ConsolidatedAccessibilityTests.swift:15232: Expectation failed: passed: Button animations should respect reduced motion preference on all platforms
testAnimationWorksWithNormalMotion()
ConsolidatedAccessibilityTests.swift:15256: Expectation failed: passed: Animations should work with normal motion preference on all platforms
testMotionPreferencesOnBothPlatforms()
ConsolidatedAccessibilityTests.swift:15280: Expectation failed: passed: Motion preferences should be respected on all platforms
testViewScalesWithSystemZoom()
ConsolidatedAccessibilityTests.swift:15309: Expectation failed: passed: View should scale appropriately with system zoom on all platforms
testTextRemainsReadableAtZoomLevels()
ConsolidatedAccessibilityTests.swift:15333: Expectation failed: passed: Text should remain readable at all zoom levels on all platforms
testButtonRemainsUsableAtZoomLevels()
ConsolidatedAccessibilityTests.swift:15357: Expectation failed: passed: Button should remain usable at all zoom levels on all platforms
testLayoutMaintainsIntegrityAtZoomLevels()
ConsolidatedAccessibilityTests.swift:15391: Expectation failed: passed: Layout should maintain integrity at all zoom levels on all platforms
testZoomSupportOnAllPlatforms()
ConsolidatedAccessibilityTests.swift:15415: Expectation failed: passed: Zoom support should work on all platforms
testPlatformInteractionButtonGeneratesAccessibilityIdentifiers()
ConsolidatedAccessibilityTests.swift:15446: Expectation failed: hasAccessibilityID: PlatformInteractionButton should generate accessibility identifiers 
testInputHandlingManagerGeneratesAccessibilityIdentifiers()
ConsolidatedAccessibilityTests.swift:15474: Expectation failed: hasAccessibilityID: InputHandlingManager should generate accessibility identifiers
testKeyboardShortcutManagerGeneratesAccessibilityIdentifiers()
ConsolidatedAccessibilityTests.swift:15497: Expectation failed: hasAccessibilityID: KeyboardShortcutManager should generate accessibility identifiers 
testHapticFeedbackManagerGeneratesAccessibilityIdentifiers()
ConsolidatedAccessibilityTests.swift:15520: Expectation failed: hasAccessibilityID: HapticFeedbackManager should generate accessibility identifiers 
testDragDropManagerGeneratesAccessibilityIdentifiers()
ConsolidatedAccessibilityTests.swift:15542: Expectation failed: hasAccessibilityID: DragDropManager should generate accessibility identifiers 
testAutomaticAccessibilityIdentifiersActuallyGenerateIDs()
ConsolidatedAccessibilityTests.swift:15571: Expectation failed: testPassed: AutomaticAccessibilityIdentifiers should generate accessibility identifiers 
testNamedActuallyGeneratesIdentifiers()
ConsolidatedAccessibilityTests.swift:15604: Expectation failed: testPassed: NamedModifier should generate accessibility identifiers 
testAutomaticAccessibilityIdentifiersActuallyGenerateIdentifiers()
ConsolidatedAccessibilityTests.swift:15649: Expectation failed: testComponentComplianceSinglePlatform((testView → ModifiedContent<PlatformInteractionButton<ModifiedContent<ModifiedContent<ModifiedContent<ModifiedContent<ModifiedContent<GenericContentView, _EnvironmentKeyWritingModifier<Optional<String>>>, SystemAccessibilityModifier>, PlatformPatternModifier>, VisualConsistencyModifier>, AutomaticComplianceModifier>>, NamedModifier>(content: SixLayerFramework.PlatformInteractionButton<SwiftUI.ModifiedContent<SwiftUI.ModifiedContent<SwiftUI.ModifiedContent<SwiftUI.ModifiedContent<SwiftUI.ModifiedContent<SixLayerFramework.GenericContentView, SwiftUI._EnvironmentKeyWritingModifier<Swift.Optional<Swift.String>>>, SixLayerFramework.SystemAccessibilityModifier>, SixLayerFramework.PlatformPatternModifier>, SixLayerFramework.VisualConsistencyModifier>, SixLayerFramework.AutomaticComplianceModifier>>(label: SwiftUI.ModifiedContent<SwiftUI.ModifiedContent<SwiftUI.ModifiedContent<SwiftUI.ModifiedContent<SwiftUI.ModifiedContent<SixLayerFramework.GenericContentView, SwiftUI._EnvironmentKeyWritingModifier<Swift.Optional<Swift.String>>>, SixLayerFramework.SystemAccessibilityModifier>, SixLayerFramework.PlatformPatternModifier>, SixLayerFramework.VisualConsistencyModifier>, SixLayerFramework.AutomaticComplianceModifier>(content: SwiftUI.ModifiedContent<SwiftUI.ModifiedContent<SwiftUI.ModifiedContent<SwiftUI.ModifiedContent<SixLayerFramework.GenericContentView, SwiftUI._EnvironmentKeyWritingModifier<Swift.Optional<Swift.String>>>, SixLayerFramework.SystemAccessibilityModifier>, SixLayerFramework.PlatformPatternModifier>, SixLayerFramework.VisualConsistencyModifier>(content: SwiftUI.ModifiedContent<SwiftUI.ModifiedContent<SwiftUI.ModifiedContent<SixLayerFramework.GenericContentView, SwiftUI._EnvironmentKeyWritingModifier<Swift.Optional<Swift.String>>>, SixLayerFramework.SystemAccessibilityModifier>, SixLayerFramework.PlatformPatternModifier>(content: SwiftUI.ModifiedContent<SwiftUI.ModifiedContent<SixLayerFramework.GenericContentView, SwiftUI._EnvironmentKeyWritingModifier<Swift.Optional<Swift.String>>>, SixLayerFramework.SystemAccessibilityModifier>(content: SwiftUI.ModifiedContent<SixLayerFramework.GenericContentView, SwiftUI._EnvironmentKeyWritingModifier<Swift.Optional<Swift.String>>>(content: SixLayerFramework.GenericContentView(content: "Add Fuel", hints: SixLayerFramework.PresentationHints(dataType: SixLayerFramework.DataTypeHint.generic, presentationPreference: SixLayerFramework.PresentationPreference.automatic, complexity: SixLayerFramework.ContentComplexity.moderate, context: SixLayerFramework.PresentationContext.dashboard, customPreferences: [:], fieldHints: [:])), modifier: SwiftUI._EnvironmentKeyWritingModifier<Swift.Optional<Swift.String>>(keyPath: \EnvironmentValues.accessibilityIdentifierName, value: Optional("platformPresentContent_L1"))), modifier: SixLayerFramework.SystemAccessibilityModifier(accessibilityState: SixLayerFramework.AccessibilitySystemState(isVoiceOverRunning: false, isDarkerSystemColorsEnabled: false, isReduceTransparencyEnabled: false, isHighContrastEnabled: false, isReducedMotionEnabled: false, hasKeyboardSupport: false, hasFullKeyboardAccess: false, hasSwitchControl: false), platform: SixLayerFramework.SixLayerPlatform.iOS)), modifier: SixLayerFramework.PlatformPatternModifier(designSystem: SixLayerFramework.PlatformDesignSystem(platform: SixLayerFramework.SixLayerPlatform.macOS, colorSystem: SixLayerFramework.HIGColorSystem(primary: SwiftUI.AnyShapeStyle(storage: SwiftUI.AnyShapeStyle.Storage(box: SwiftUI.ColorBox<SwiftUI.SystemColorType>)), secondary: SwiftUI.AnyShapeStyle(storage: SwiftUI.AnyShapeStyle.Storage(box: SwiftUI.ColorBox<SwiftUI.SystemColorType>)), accent: SwiftUI.AnyShapeStyle(storage: SwiftUI.AnyShapeStyle.Storage(box: SwiftUI.ColorBox<SwiftUI.Color.AccentColorProvider>)), background: SwiftUI.AnyShapeStyle(storage: SwiftUI.AnyShapeStyle.Storage(box: SwiftUI.ColorBox<SwiftUI.AppKitPlatformColorProvider>)), surface: SwiftUI.AnyShapeStyle(storage: SwiftUI.AnyShapeStyle.Storage(box: SwiftUI.ColorBox<SwiftUI.AppKitPlatformColorProvider>)), text: SwiftUI.AnyShapeStyle(storage: SwiftUI.AnyShapeStyle.Storage(box: SwiftUI.ColorBox<SwiftUI.AppKitPlatformColorProvider>)), textSecondary: SwiftUI.AnyShapeStyle(storage: SwiftUI.AnyShapeStyle.Storage(box: SwiftUI.ColorBox<SwiftUI.SystemColorType>))), typographySystem: SixLayerFramework.HIGTypographySystem(largeTitle: SwiftUI.Font(provider: SwiftUI.FontBox<SwiftUI.Font.TextStyleProvider>), title: SwiftUI.Font(provider: SwiftUI.FontBox<SwiftUI.Font.TextStyleProvider>), headline: SwiftUI.Font(provider: SwiftUI.FontBox<SwiftUI.Font.TextStyleProvider>), body: SwiftUI.Font(provider: SwiftUI.FontBox<SwiftUI.Font.TextStyleProvider>), callout: SwiftUI.Font(provider: SwiftUI.FontBox<SwiftUI.Font.TextStyleProvider>), subheadline: SwiftUI.Font(provider: SwiftUI.FontBox<SwiftUI.Font.TextStyleProvider>), footnote: SwiftUI.Font(provider: SwiftUI.FontBox<SwiftUI.Font.TextStyleProvider>), caption: SwiftUI.Font(provider: SwiftUI.FontBox<SwiftUI.Font.TextStyleProvider>)), spacingSystem: SixLayerFramework.HIGSpacingSystem(xs: 4.0, sm: 8.0, md: 16.0, lg: 24.0, xl: 32.0, xxl: 40.0, xxxl: 48.0), iconSystem: SixLayerFramework.HIGIconSystem(platform: SixLayerFramework.SixLayerPlatform.macOS), visualDesignSystem: SixLayerFramework.HIGVisualDesignSystem(platform: SixLayerFramework.SixLayerPlatform.macOS, animationSystem: SixLayerFramework.HIGAnimationSystem(platform: SixLayerFramework.SixLayerPlatform.macOS), shadowSystem: SixLayerFramework.HIGShadowSystem(platform: SixLayerFramework.SixLayerPlatform.macOS), cornerRadiusSystem: SixLayerFramework.HIGCornerRadiusSystem(platform: SixLayerFramework.SixLayerPlatform.macOS), borderWidthSystem: SixLayerFramework.HIGBorderWidthSystem(platform: SixLayerFramework.SixLayerPlatform.macOS), opacitySystem: SixLayerFramework.HIGOpacitySystem(), blurSystem: SixLayerFramework.HIGBlurSystem(platform: SixLayerFramework.SixLayerPlatform.macOS))), platform: SixLayerFramework.SixLayerPlatform.macOS)), modifier: SixLayerFramework.VisualConsistencyModifier(designSystem: SixLayerFramework.PlatformDesignSystem(platform: SixLayerFramework.SixLayerPlatform.macOS, colorSystem: SixLayerFramework.HIGColorSystem(primary: SwiftUI.AnyShapeStyle(storage: SwiftUI.AnyShapeStyle.Storage(box: SwiftUI.ColorBox<SwiftUI.SystemColorType>)), secondary: SwiftUI.AnyShapeStyle(storage: SwiftUI.AnyShapeStyle.Storage(box: SwiftUI.ColorBox<SwiftUI.SystemColorType>)), accent: SwiftUI.AnyShapeStyle(storage: SwiftUI.AnyShapeStyle.Storage(box: SwiftUI.ColorBox<SwiftUI.Color.AccentColorProvider>)), background: SwiftUI.AnyShapeStyle(storage: SwiftUI.AnyShapeStyle.Storage(box: SwiftUI.ColorBox<SwiftUI.AppKitPlatformColorProvider>)), surface: SwiftUI.AnyShapeStyle(storage: SwiftUI.AnyShapeStyle.Storage(box: SwiftUI.ColorBox<SwiftUI.AppKitPlatformColorProvider>)), text: SwiftUI.AnyShapeStyle(storage: SwiftUI.AnyShapeStyle.Storage(box: SwiftUI.ColorBox<SwiftUI.AppKitPlatformColorProvider>)), textSecondary: SwiftUI.AnyShapeStyle(storage: SwiftUI.AnyShapeStyle.Storage(box: SwiftUI.ColorBox<SwiftUI.SystemColorType>))), typographySystem: SixLayerFramework.HIGTypographySystem(largeTitle: SwiftUI.Font(provider: SwiftUI.FontBox<SwiftUI.Font.TextStyleProvider>), title: SwiftUI.Font(provider: SwiftUI.FontBox<SwiftUI.Font.TextStyleProvider>), headline: SwiftUI.Font(provider: SwiftUI.FontBox<SwiftUI.Font.TextStyleProvider>), body: SwiftUI.Font(provider: SwiftUI.FontBox<SwiftUI.Font.TextStyleProvider>), callout: SwiftUI.Font(provider: SwiftUI.FontBox<SwiftUI.Font.TextStyleProvider>), subheadline: SwiftUI.Font(provider: SwiftUI.FontBox<SwiftUI.Font.TextStyleProvider>), footnote: SwiftUI.Font(provider: SwiftUI.FontBox<SwiftUI.Font.TextStyleProvider>), caption: SwiftUI.Font(provider: SwiftUI.FontBox<SwiftUI.Font.TextStyleProvider>)), spacingSystem: SixLayerFramework.HIGSpacingSystem(xs: 4.0, sm: 8.0, md: 16.0, lg: 24.0, xl: 32.0, xxl: 40.0, xxxl: 48.0), iconSystem: SixLayerFramework.HIGIconSystem(platform: SixLayerFramework.SixLayerPlatform.macOS), visualDesignSystem: SixLayerFramework.HIGVisualDesignSystem(platform: SixLayerFramework.SixLayerPlatform.macOS, animationSystem: SixLayerFramework.HIGAnimationSystem(platform: SixLayerFramework.SixLayerPlatform.macOS), shadowSystem: SixLayerFramework.HIGShadowSystem(platform: SixLayerFramework.SixLayerPlatform.macOS), cornerRadiusSystem: SixLayerFramework.HIGCornerRadiusSystem(platform: SixLayerFramework.SixLayerPlatform.macOS), borderWidthSystem: SixLayerFramework.HIGBorderWidthSystem(platform: SixLayerFramework.SixLayerPlatform.macOS), opacitySystem: SixLayerFramework.HIGOpacitySystem(), blurSystem: SixLayerFramework.HIGBlurSystem(platform: SixLayerFramework.SixLayerPlatform.macOS))), platform: SixLayerFramework.SixLayerPlatform.macOS, visualDesignConfig: SixLayerFramework.HIGVisualDesignCategoryConfig(applyAnimations: false, applyShadows: false, applyCornerRadius: false, applyBorders: false, applyOpacity: false, applyBlur: false, defaultAnimationCategory: nil, defaultShadowCategory: SixLayerFramework.HIGShadowCategory.elevated, defaultCornerRadiusCategory: SixLayerFramework.HIGCornerRadiusCategory.medium, defaultBorderWidthCategory: SixLayerFramework.HIGBorderWidthCategory.thin, defaultOpacityCategory: SixLayerFramework.HIGOpacityCategory.primary, defaultBlurCategory: SixLayerFramework.HIGBlurCategory.light), iOSConfig: nil)), modifier: SixLayerFramework.AutomaticComplianceModifier()), action: (Function), style: SixLayerFramework.InteractionButtonStyle.primary, _inputManager: SwiftUI.StateObject<SixLayerFramework.InputHandlingManager>(storage: SwiftUI.StateObject<SixLayerFramework.InputHandlingManager>.Storage.initially((Function)))), modifier: SixLayerFramework.NamedModifier(name: "AddFuelButton"))), expectedPattern: "SixLayer.*ui", platform: (SixLayerPlatform.iOS → .iOS), componentName: "CombinedBreadcrumbModifiers"): View should have an accessibility identifier assigned
testGlobalConfigActuallyControlsIdentifierGeneration()
ConsolidatedAccessibilityTests.swift:15720: Issue recorded: Failed to inspect accessibility identifier
testDirectAutomaticAccessibilityIdentifiersWorks()
ConsolidatedAccessibilityTests.swift:15767: Expectation failed: testComponentComplianceSinglePlatform((testView → ModifiedContent<PlatformInteractionButton<ModifiedContent<ModifiedContent<ModifiedContent<ModifiedContent<ModifiedContent<GenericContentView, _EnvironmentKeyWritingModifier<Optional<String>>>, SystemAccessibilityModifier>, PlatformPatternModifier>, VisualConsistencyModifier>, AutomaticComplianceModifier>>, AutomaticComplianceModifier>(content: SixLayerFramework.PlatformInteractionButton<SwiftUI.ModifiedContent<SwiftUI.ModifiedContent<SwiftUI.ModifiedContent<SwiftUI.ModifiedContent<SwiftUI.ModifiedContent<SixLayerFramework.GenericContentView, SwiftUI._EnvironmentKeyWritingModifier<Swift.Optional<Swift.String>>>, SixLayerFramework.SystemAccessibilityModifier>, SixLayerFramework.PlatformPatternModifier>, SixLayerFramework.VisualConsistencyModifier>, SixLayerFramework.AutomaticComplianceModifier>>(label: SwiftUI.ModifiedContent<SwiftUI.ModifiedContent<SwiftUI.ModifiedContent<SwiftUI.ModifiedContent<SwiftUI.ModifiedContent<SixLayerFramework.GenericContentView, SwiftUI._EnvironmentKeyWritingModifier<Swift.Optional<Swift.String>>>, SixLayerFramework.SystemAccessibilityModifier>, SixLayerFramework.PlatformPatternModifier>, SixLayerFramework.VisualConsistencyModifier>, SixLayerFramework.AutomaticComplianceModifier>(content: SwiftUI.ModifiedContent<SwiftUI.ModifiedContent<SwiftUI.ModifiedContent<SwiftUI.ModifiedContent<SixLayerFramework.GenericContentView, SwiftUI._EnvironmentKeyWritingModifier<Swift.Optional<Swift.String>>>, SixLayerFramework.SystemAccessibilityModifier>, SixLayerFramework.PlatformPatternModifier>, SixLayerFramework.VisualConsistencyModifier>(content: SwiftUI.ModifiedContent<SwiftUI.ModifiedContent<SwiftUI.ModifiedContent<SixLayerFramework.GenericContentView, SwiftUI._EnvironmentKeyWritingModifier<Swift.Optional<Swift.String>>>, SixLayerFramework.SystemAccessibilityModifier>, SixLayerFramework.PlatformPatternModifier>(content: SwiftUI.ModifiedContent<SwiftUI.ModifiedContent<SixLayerFramework.GenericContentView, SwiftUI._EnvironmentKeyWritingModifier<Swift.Optional<Swift.String>>>, SixLayerFramework.SystemAccessibilityModifier>(content: SwiftUI.ModifiedContent<SixLayerFramework.GenericContentView, SwiftUI._EnvironmentKeyWritingModifier<Swift.Optional<Swift.String>>>(content: SixLayerFramework.GenericContentView(content: "Test", hints: SixLayerFramework.PresentationHints(dataType: SixLayerFramework.DataTypeHint.generic, presentationPreference: SixLayerFramework.PresentationPreference.automatic, complexity: SixLayerFramework.ContentComplexity.moderate, context: SixLayerFramework.PresentationContext.dashboard, customPreferences: [:], fieldHints: [:])), modifier: SwiftUI._EnvironmentKeyWritingModifier<Swift.Optional<Swift.String>>(keyPath: \EnvironmentValues.accessibilityIdentifierName, value: Optional("platformPresentContent_L1"))), modifier: SixLayerFramework.SystemAccessibilityModifier(accessibilityState: SixLayerFramework.AccessibilitySystemState(isVoiceOverRunning: false, isDarkerSystemColorsEnabled: false, isReduceTransparencyEnabled: false, isHighContrastEnabled: false, isReducedMotionEnabled: false, hasKeyboardSupport: false, hasFullKeyboardAccess: false, hasSwitchControl: false), platform: SixLayerFramework.SixLayerPlatform.iOS)), modifier: SixLayerFramework.PlatformPatternModifier(designSystem: SixLayerFramework.PlatformDesignSystem(platform: SixLayerFramework.SixLayerPlatform.macOS, colorSystem: SixLayerFramework.HIGColorSystem(primary: SwiftUI.AnyShapeStyle(storage: SwiftUI.AnyShapeStyle.Storage(box: SwiftUI.ColorBox<SwiftUI.SystemColorType>)), secondary: SwiftUI.AnyShapeStyle(storage: SwiftUI.AnyShapeStyle.Storage(box: SwiftUI.ColorBox<SwiftUI.SystemColorType>)), accent: SwiftUI.AnyShapeStyle(storage: SwiftUI.AnyShapeStyle.Storage(box: SwiftUI.ColorBox<SwiftUI.Color.AccentColorProvider>)), background: SwiftUI.AnyShapeStyle(storage: SwiftUI.AnyShapeStyle.Storage(box: SwiftUI.ColorBox<SwiftUI.AppKitPlatformColorProvider>)), surface: SwiftUI.AnyShapeStyle(storage: SwiftUI.AnyShapeStyle.Storage(box: SwiftUI.ColorBox<SwiftUI.AppKitPlatformColorProvider>)), text: SwiftUI.AnyShapeStyle(storage: SwiftUI.AnyShapeStyle.Storage(box: SwiftUI.ColorBox<SwiftUI.AppKitPlatformColorProvider>)), textSecondary: SwiftUI.AnyShapeStyle(storage: SwiftUI.AnyShapeStyle.Storage(box: SwiftUI.ColorBox<SwiftUI.SystemColorType>))), typographySystem: SixLayerFramework.HIGTypographySystem(largeTitle: SwiftUI.Font(provider: SwiftUI.FontBox<SwiftUI.Font.TextStyleProvider>), title: SwiftUI.Font(provider: SwiftUI.FontBox<SwiftUI.Font.TextStyleProvider>), headline: SwiftUI.Font(provider: SwiftUI.FontBox<SwiftUI.Font.TextStyleProvider>), body: SwiftUI.Font(provider: SwiftUI.FontBox<SwiftUI.Font.TextStyleProvider>), callout: SwiftUI.Font(provider: SwiftUI.FontBox<SwiftUI.Font.TextStyleProvider>), subheadline: SwiftUI.Font(provider: SwiftUI.FontBox<SwiftUI.Font.TextStyleProvider>), footnote: SwiftUI.Font(provider: SwiftUI.FontBox<SwiftUI.Font.TextStyleProvider>), caption: SwiftUI.Font(provider: SwiftUI.FontBox<SwiftUI.Font.TextStyleProvider>)), spacingSystem: SixLayerFramework.HIGSpacingSystem(xs: 4.0, sm: 8.0, md: 16.0, lg: 24.0, xl: 32.0, xxl: 40.0, xxxl: 48.0), iconSystem: SixLayerFramework.HIGIconSystem(platform: SixLayerFramework.SixLayerPlatform.macOS), visualDesignSystem: SixLayerFramework.HIGVisualDesignSystem(platform: SixLayerFramework.SixLayerPlatform.macOS, animationSystem: SixLayerFramework.HIGAnimationSystem(platform: SixLayerFramework.SixLayerPlatform.macOS), shadowSystem: SixLayerFramework.HIGShadowSystem(platform: SixLayerFramework.SixLayerPlatform.macOS), cornerRadiusSystem: SixLayerFramework.HIGCornerRadiusSystem(platform: SixLayerFramework.SixLayerPlatform.macOS), borderWidthSystem: SixLayerFramework.HIGBorderWidthSystem(platform: SixLayerFramework.SixLayerPlatform.macOS), opacitySystem: SixLayerFramework.HIGOpacitySystem(), blurSystem: SixLayerFramework.HIGBlurSystem(platform: SixLayerFramework.SixLayerPlatform.macOS))), platform: SixLayerFramework.SixLayerPlatform.macOS)), modifier: SixLayerFramework.VisualConsistencyModifier(designSystem: SixLayerFramework.PlatformDesignSystem(platform: SixLayerFramework.SixLayerPlatform.macOS, colorSystem: SixLayerFramework.HIGColorSystem(primary: SwiftUI.AnyShapeStyle(storage: SwiftUI.AnyShapeStyle.Storage(box: SwiftUI.ColorBox<SwiftUI.SystemColorType>)), secondary: SwiftUI.AnyShapeStyle(storage: SwiftUI.AnyShapeStyle.Storage(box: SwiftUI.ColorBox<SwiftUI.SystemColorType>)), accent: SwiftUI.AnyShapeStyle(storage: SwiftUI.AnyShapeStyle.Storage(box: SwiftUI.ColorBox<SwiftUI.Color.AccentColorProvider>)), background: SwiftUI.AnyShapeStyle(storage: SwiftUI.AnyShapeStyle.Storage(box: SwiftUI.ColorBox<SwiftUI.AppKitPlatformColorProvider>)), surface: SwiftUI.AnyShapeStyle(storage: SwiftUI.AnyShapeStyle.Storage(box: SwiftUI.ColorBox<SwiftUI.AppKitPlatformColorProvider>)), text: SwiftUI.AnyShapeStyle(storage: SwiftUI.AnyShapeStyle.Storage(box: SwiftUI.ColorBox<SwiftUI.AppKitPlatformColorProvider>)), textSecondary: SwiftUI.AnyShapeStyle(storage: SwiftUI.AnyShapeStyle.Storage(box: SwiftUI.ColorBox<SwiftUI.SystemColorType>))), typographySystem: SixLayerFramework.HIGTypographySystem(largeTitle: SwiftUI.Font(provider: SwiftUI.FontBox<SwiftUI.Font.TextStyleProvider>), title: SwiftUI.Font(provider: SwiftUI.FontBox<SwiftUI.Font.TextStyleProvider>), headline: SwiftUI.Font(provider: SwiftUI.FontBox<SwiftUI.Font.TextStyleProvider>), body: SwiftUI.Font(provider: SwiftUI.FontBox<SwiftUI.Font.TextStyleProvider>), callout: SwiftUI.Font(provider: SwiftUI.FontBox<SwiftUI.Font.TextStyleProvider>), subheadline: SwiftUI.Font(provider: SwiftUI.FontBox<SwiftUI.Font.TextStyleProvider>), footnote: SwiftUI.Font(provider: SwiftUI.FontBox<SwiftUI.Font.TextStyleProvider>), caption: SwiftUI.Font(provider: SwiftUI.FontBox<SwiftUI.Font.TextStyleProvider>)), spacingSystem: SixLayerFramework.HIGSpacingSystem(xs: 4.0, sm: 8.0, md: 16.0, lg: 24.0, xl: 32.0, xxl: 40.0, xxxl: 48.0), iconSystem: SixLayerFramework.HIGIconSystem(platform: SixLayerFramework.SixLayerPlatform.macOS), visualDesignSystem: SixLayerFramework.HIGVisualDesignSystem(platform: SixLayerFramework.SixLayerPlatform.macOS, animationSystem: SixLayerFramework.HIGAnimationSystem(platform: SixLayerFramework.SixLayerPlatform.macOS), shadowSystem: SixLayerFramework.HIGShadowSystem(platform: SixLayerFramework.SixLayerPlatform.macOS), cornerRadiusSystem: SixLayerFramework.HIGCornerRadiusSystem(platform: SixLayerFramework.SixLayerPlatform.macOS), borderWidthSystem: SixLayerFramework.HIGBorderWidthSystem(platform: SixLayerFramework.SixLayerPlatform.macOS), opacitySystem: SixLayerFramework.HIGOpacitySystem(), blurSystem: SixLayerFramework.HIGBlurSystem(platform: SixLayerFramework.SixLayerPlatform.macOS))), platform: SixLayerFramework.SixLayerPlatform.macOS, visualDesignConfig: SixLayerFramework.HIGVisualDesignCategoryConfig(applyAnimations: false, applyShadows: false, applyCornerRadius: false, applyBorders: false, applyOpacity: false, applyBlur: false, defaultAnimationCategory: nil, defaultShadowCategory: SixLayerFramework.HIGShadowCategory.elevated, defaultCornerRadiusCategory: SixLayerFramework.HIGCornerRadiusCategory.medium, defaultBorderWidthCategory: SixLayerFramework.HIGBorderWidthCategory.thin, defaultOpacityCategory: SixLayerFramework.HIGOpacityCategory.primary, defaultBlurCategory: SixLayerFramework.HIGBlurCategory.light), iOSConfig: nil)), modifier: SixLayerFramework.AutomaticComplianceModifier()), action: (Function), style: SixLayerFramework.InteractionButtonStyle.primary, _inputManager: SwiftUI.StateObject<SixLayerFramework.InputHandlingManager>(storage: SwiftUI.StateObject<SixLayerFramework.InputHandlingManager>.Storage.initially((Function)))), modifier: SixLayerFramework.AutomaticComplianceModifier())), expectedPattern: "SixLayer.*ui", platform: (SixLayerPlatform.iOS → .iOS), componentName: "DirectAutomaticAccessibilityIdentifiers"): Direct .automaticCompliance() should generate button-specific accessibility ID
testNamedModifierWorks()
ConsolidatedAccessibilityTests.swift:15797: Expectation failed: testComponentComplianceSinglePlatform((testView → ModifiedContent<ModifiedContent<PlatformInteractionButton<ModifiedContent<ModifiedContent<ModifiedContent<ModifiedContent<ModifiedContent<GenericContentView, _EnvironmentKeyWritingModifier<Optional<String>>>, SystemAccessibilityModifier>, PlatformPatternModifier>, VisualConsistencyModifier>, AutomaticComplianceModifier>>, NamedModifier>, AutomaticComplianceModifier>(content: SwiftUI.ModifiedContent<SixLayerFramework.PlatformInteractionButton<SwiftUI.ModifiedContent<SwiftUI.ModifiedContent<SwiftUI.ModifiedContent<SwiftUI.ModifiedContent<SwiftUI.ModifiedContent<SixLayerFramework.GenericContentView, SwiftUI._EnvironmentKeyWritingModifier<Swift.Optional<Swift.String>>>, SixLayerFramework.SystemAccessibilityModifier>, SixLayerFramework.PlatformPatternModifier>, SixLayerFramework.VisualConsistencyModifier>, SixLayerFramework.AutomaticComplianceModifier>>, SixLayerFramework.NamedModifier>(content: SixLayerFramework.PlatformInteractionButton<SwiftUI.ModifiedContent<SwiftUI.ModifiedContent<SwiftUI.ModifiedContent<SwiftUI.ModifiedContent<SwiftUI.ModifiedContent<SixLayerFramework.GenericContentView, SwiftUI._EnvironmentKeyWritingModifier<Swift.Optional<Swift.String>>>, SixLayerFramework.SystemAccessibilityModifier>, SixLayerFramework.PlatformPatternModifier>, SixLayerFramework.VisualConsistencyModifier>, SixLayerFramework.AutomaticComplianceModifier>>(label: SwiftUI.ModifiedContent<SwiftUI.ModifiedContent<SwiftUI.ModifiedContent<SwiftUI.ModifiedContent<SwiftUI.ModifiedContent<SixLayerFramework.GenericContentView, SwiftUI._EnvironmentKeyWritingModifier<Swift.Optional<Swift.String>>>, SixLayerFramework.SystemAccessibilityModifier>, SixLayerFramework.PlatformPatternModifier>, SixLayerFramework.VisualConsistencyModifier>, SixLayerFramework.AutomaticComplianceModifier>(content: SwiftUI.ModifiedContent<SwiftUI.ModifiedContent<SwiftUI.ModifiedContent<SwiftUI.ModifiedContent<SixLayerFramework.GenericContentView, SwiftUI._EnvironmentKeyWritingModifier<Swift.Optional<Swift.String>>>, SixLayerFramework.SystemAccessibilityModifier>, SixLayerFramework.PlatformPatternModifier>, SixLayerFramework.VisualConsistencyModifier>(content: SwiftUI.ModifiedContent<SwiftUI.ModifiedContent<SwiftUI.ModifiedContent<SixLayerFramework.GenericContentView, SwiftUI._EnvironmentKeyWritingModifier<Swift.Optional<Swift.String>>>, SixLayerFramework.SystemAccessibilityModifier>, SixLayerFramework.PlatformPatternModifier>(content: SwiftUI.ModifiedContent<SwiftUI.ModifiedContent<SixLayerFramework.GenericContentView, SwiftUI._EnvironmentKeyWritingModifier<Swift.Optional<Swift.String>>>, SixLayerFramework.SystemAccessibilityModifier>(content: SwiftUI.ModifiedContent<SixLayerFramework.GenericContentView, SwiftUI._EnvironmentKeyWritingModifier<Swift.Optional<Swift.String>>>(content: SixLayerFramework.GenericContentView(content: "Test", hints: SixLayerFramework.PresentationHints(dataType: SixLayerFramework.DataTypeHint.generic, presentationPreference: SixLayerFramework.PresentationPreference.automatic, complexity: SixLayerFramework.ContentComplexity.moderate, context: SixLayerFramework.PresentationContext.dashboard, customPreferences: [:], fieldHints: [:])), modifier: SwiftUI._EnvironmentKeyWritingModifier<Swift.Optional<Swift.String>>(keyPath: \EnvironmentValues.accessibilityIdentifierName, value: Optional("platformPresentContent_L1"))), modifier: SixLayerFramework.SystemAccessibilityModifier(accessibilityState: SixLayerFramework.AccessibilitySystemState(isVoiceOverRunning: false, isDarkerSystemColorsEnabled: false, isReduceTransparencyEnabled: false, isHighContrastEnabled: false, isReducedMotionEnabled: false, hasKeyboardSupport: false, hasFullKeyboardAccess: false, hasSwitchControl: false), platform: SixLayerFramework.SixLayerPlatform.iOS)), modifier: SixLayerFramework.PlatformPatternModifier(designSystem: SixLayerFramework.PlatformDesignSystem(platform: SixLayerFramework.SixLayerPlatform.macOS, colorSystem: SixLayerFramework.HIGColorSystem(primary: SwiftUI.AnyShapeStyle(storage: SwiftUI.AnyShapeStyle.Storage(box: SwiftUI.ColorBox<SwiftUI.SystemColorType>)), secondary: SwiftUI.AnyShapeStyle(storage: SwiftUI.AnyShapeStyle.Storage(box: SwiftUI.ColorBox<SwiftUI.SystemColorType>)), accent: SwiftUI.AnyShapeStyle(storage: SwiftUI.AnyShapeStyle.Storage(box: SwiftUI.ColorBox<SwiftUI.Color.AccentColorProvider>)), background: SwiftUI.AnyShapeStyle(storage: SwiftUI.AnyShapeStyle.Storage(box: SwiftUI.ColorBox<SwiftUI.AppKitPlatformColorProvider>)), surface: SwiftUI.AnyShapeStyle(storage: SwiftUI.AnyShapeStyle.Storage(box: SwiftUI.ColorBox<SwiftUI.AppKitPlatformColorProvider>)), text: SwiftUI.AnyShapeStyle(storage: SwiftUI.AnyShapeStyle.Storage(box: SwiftUI.ColorBox<SwiftUI.AppKitPlatformColorProvider>)), textSecondary: SwiftUI.AnyShapeStyle(storage: SwiftUI.AnyShapeStyle.Storage(box: SwiftUI.ColorBox<SwiftUI.SystemColorType>))), typographySystem: SixLayerFramework.HIGTypographySystem(largeTitle: SwiftUI.Font(provider: SwiftUI.FontBox<SwiftUI.Font.TextStyleProvider>), title: SwiftUI.Font(provider: SwiftUI.FontBox<SwiftUI.Font.TextStyleProvider>), headline: SwiftUI.Font(provider: SwiftUI.FontBox<SwiftUI.Font.TextStyleProvider>), body: SwiftUI.Font(provider: SwiftUI.FontBox<SwiftUI.Font.TextStyleProvider>), callout: SwiftUI.Font(provider: SwiftUI.FontBox<SwiftUI.Font.TextStyleProvider>), subheadline: SwiftUI.Font(provider: SwiftUI.FontBox<SwiftUI.Font.TextStyleProvider>), footnote: SwiftUI.Font(provider: SwiftUI.FontBox<SwiftUI.Font.TextStyleProvider>), caption: SwiftUI.Font(provider: SwiftUI.FontBox<SwiftUI.Font.TextStyleProvider>)), spacingSystem: SixLayerFramework.HIGSpacingSystem(xs: 4.0, sm: 8.0, md: 16.0, lg: 24.0, xl: 32.0, xxl: 40.0, xxxl: 48.0), iconSystem: SixLayerFramework.HIGIconSystem(platform: SixLayerFramework.SixLayerPlatform.macOS), visualDesignSystem: SixLayerFramework.HIGVisualDesignSystem(platform: SixLayerFramework.SixLayerPlatform.macOS, animationSystem: SixLayerFramework.HIGAnimationSystem(platform: SixLayerFramework.SixLayerPlatform.macOS), shadowSystem: SixLayerFramework.HIGShadowSystem(platform: SixLayerFramework.SixLayerPlatform.macOS), cornerRadiusSystem: SixLayerFramework.HIGCornerRadiusSystem(platform: SixLayerFramework.SixLayerPlatform.macOS), borderWidthSystem: SixLayerFramework.HIGBorderWidthSystem(platform: SixLayerFramework.SixLayerPlatform.macOS), opacitySystem: SixLayerFramework.HIGOpacitySystem(), blurSystem: SixLayerFramework.HIGBlurSystem(platform: SixLayerFramework.SixLayerPlatform.macOS))), platform: SixLayerFramework.SixLayerPlatform.macOS)), modifier: SixLayerFramework.VisualConsistencyModifier(designSystem: SixLayerFramework.PlatformDesignSystem(platform: SixLayerFramework.SixLayerPlatform.macOS, colorSystem: SixLayerFramework.HIGColorSystem(primary: SwiftUI.AnyShapeStyle(storage: SwiftUI.AnyShapeStyle.Storage(box: SwiftUI.ColorBox<SwiftUI.SystemColorType>)), secondary: SwiftUI.AnyShapeStyle(storage: SwiftUI.AnyShapeStyle.Storage(box: SwiftUI.ColorBox<SwiftUI.SystemColorType>)), accent: SwiftUI.AnyShapeStyle(storage: SwiftUI.AnyShapeStyle.Storage(box: SwiftUI.ColorBox<SwiftUI.Color.AccentColorProvider>)), background: SwiftUI.AnyShapeStyle(storage: SwiftUI.AnyShapeStyle.Storage(box: SwiftUI.ColorBox<SwiftUI.AppKitPlatformColorProvider>)), surface: SwiftUI.AnyShapeStyle(storage: SwiftUI.AnyShapeStyle.Storage(box: SwiftUI.ColorBox<SwiftUI.AppKitPlatformColorProvider>)), text: SwiftUI.AnyShapeStyle(storage: SwiftUI.AnyShapeStyle.Storage(box: SwiftUI.ColorBox<SwiftUI.AppKitPlatformColorProvider>)), textSecondary: SwiftUI.AnyShapeStyle(storage: SwiftUI.AnyShapeStyle.Storage(box: SwiftUI.ColorBox<SwiftUI.SystemColorType>))), typographySystem: SixLayerFramework.HIGTypographySystem(largeTitle: SwiftUI.Font(provider: SwiftUI.FontBox<SwiftUI.Font.TextStyleProvider>), title: SwiftUI.Font(provider: SwiftUI.FontBox<SwiftUI.Font.TextStyleProvider>), headline: SwiftUI.Font(provider: SwiftUI.FontBox<SwiftUI.Font.TextStyleProvider>), body: SwiftUI.Font(provider: SwiftUI.FontBox<SwiftUI.Font.TextStyleProvider>), callout: SwiftUI.Font(provider: SwiftUI.FontBox<SwiftUI.Font.TextStyleProvider>), subheadline: SwiftUI.Font(provider: SwiftUI.FontBox<SwiftUI.Font.TextStyleProvider>), footnote: SwiftUI.Font(provider: SwiftUI.FontBox<SwiftUI.Font.TextStyleProvider>), caption: SwiftUI.Font(provider: SwiftUI.FontBox<SwiftUI.Font.TextStyleProvider>)), spacingSystem: SixLayerFramework.HIGSpacingSystem(xs: 4.0, sm: 8.0, md: 16.0, lg: 24.0, xl: 32.0, xxl: 40.0, xxxl: 48.0), iconSystem: SixLayerFramework.HIGIconSystem(platform: SixLayerFramework.SixLayerPlatform.macOS), visualDesignSystem: SixLayerFramework.HIGVisualDesignSystem(platform: SixLayerFramework.SixLayerPlatform.macOS, animationSystem: SixLayerFramework.HIGAnimationSystem(platform: SixLayerFramework.SixLayerPlatform.macOS), shadowSystem: SixLayerFramework.HIGShadowSystem(platform: SixLayerFramework.SixLayerPlatform.macOS), cornerRadiusSystem: SixLayerFramework.HIGCornerRadiusSystem(platform: SixLayerFramework.SixLayerPlatform.macOS), borderWidthSystem: SixLayerFramework.HIGBorderWidthSystem(platform: SixLayerFramework.SixLayerPlatform.macOS), opacitySystem: SixLayerFramework.HIGOpacitySystem(), blurSystem: SixLayerFramework.HIGBlurSystem(platform: SixLayerFramework.SixLayerPlatform.macOS))), platform: SixLayerFramework.SixLayerPlatform.macOS, visualDesignConfig: SixLayerFramework.HIGVisualDesignCategoryConfig(applyAnimations: false, applyShadows: false, applyCornerRadius: false, applyBorders: false, applyOpacity: false, applyBlur: false, defaultAnimationCategory: nil, defaultShadowCategory: SixLayerFramework.HIGShadowCategory.elevated, defaultCornerRadiusCategory: SixLayerFramework.HIGCornerRadiusCategory.medium, defaultBorderWidthCategory: SixLayerFramework.HIGBorderWidthCategory.thin, defaultOpacityCategory: SixLayerFramework.HIGOpacityCategory.primary, defaultBlurCategory: SixLayerFramework.HIGBlurCategory.light), iOSConfig: nil)), modifier: SixLayerFramework.AutomaticComplianceModifier()), action: (Function), style: SixLayerFramework.InteractionButtonStyle.primary, _inputManager: SwiftUI.StateObject<SixLayerFramework.InputHandlingManager>(storage: SwiftUI.StateObject<SixLayerFramework.InputHandlingManager>.Storage.initially((Function)))), modifier: SixLayerFramework.NamedModifier(name: "TestButton")), modifier: SixLayerFramework.AutomaticComplianceModifier())), expectedPattern: "SixLayer.*TestButton", platform: (SixLayerPlatform.iOS → .iOS), componentName: "NamedModifier"): .named() + .automaticCompliance() should generate named button-specific accessibility ID
testAutomaticAccessibilityModifierWorks()
ConsolidatedAccessibilityTests.swift:15829: Expectation failed: testComponentComplianceSinglePlatform((testView → ModifiedContent<PlatformInteractionButton<ModifiedContent<ModifiedContent<ModifiedContent<ModifiedContent<ModifiedContent<GenericContentView, _EnvironmentKeyWritingModifier<Optional<String>>>, SystemAccessibilityModifier>, PlatformPatternModifier>, VisualConsistencyModifier>, AutomaticComplianceModifier>>, SystemAccessibilityModifier>(content: SixLayerFramework.PlatformInteractionButton<SwiftUI.ModifiedContent<SwiftUI.ModifiedContent<SwiftUI.ModifiedContent<SwiftUI.ModifiedContent<SwiftUI.ModifiedContent<SixLayerFramework.GenericContentView, SwiftUI._EnvironmentKeyWritingModifier<Swift.Optional<Swift.String>>>, SixLayerFramework.SystemAccessibilityModifier>, SixLayerFramework.PlatformPatternModifier>, SixLayerFramework.VisualConsistencyModifier>, SixLayerFramework.AutomaticComplianceModifier>>(label: SwiftUI.ModifiedContent<SwiftUI.ModifiedContent<SwiftUI.ModifiedContent<SwiftUI.ModifiedContent<SwiftUI.ModifiedContent<SixLayerFramework.GenericContentView, SwiftUI._EnvironmentKeyWritingModifier<Swift.Optional<Swift.String>>>, SixLayerFramework.SystemAccessibilityModifier>, SixLayerFramework.PlatformPatternModifier>, SixLayerFramework.VisualConsistencyModifier>, SixLayerFramework.AutomaticComplianceModifier>(content: SwiftUI.ModifiedContent<SwiftUI.ModifiedContent<SwiftUI.ModifiedContent<SwiftUI.ModifiedContent<SixLayerFramework.GenericContentView, SwiftUI._EnvironmentKeyWritingModifier<Swift.Optional<Swift.String>>>, SixLayerFramework.SystemAccessibilityModifier>, SixLayerFramework.PlatformPatternModifier>, SixLayerFramework.VisualConsistencyModifier>(content: SwiftUI.ModifiedContent<SwiftUI.ModifiedContent<SwiftUI.ModifiedContent<SixLayerFramework.GenericContentView, SwiftUI._EnvironmentKeyWritingModifier<Swift.Optional<Swift.String>>>, SixLayerFramework.SystemAccessibilityModifier>, SixLayerFramework.PlatformPatternModifier>(content: SwiftUI.ModifiedContent<SwiftUI.ModifiedContent<SixLayerFramework.GenericContentView, SwiftUI._EnvironmentKeyWritingModifier<Swift.Optional<Swift.String>>>, SixLayerFramework.SystemAccessibilityModifier>(content: SwiftUI.ModifiedContent<SixLayerFramework.GenericContentView, SwiftUI._EnvironmentKeyWritingModifier<Swift.Optional<Swift.String>>>(content: SixLayerFramework.GenericContentView(content: "Test", hints: SixLayerFramework.PresentationHints(dataType: SixLayerFramework.DataTypeHint.generic, presentationPreference: SixLayerFramework.PresentationPreference.automatic, complexity: SixLayerFramework.ContentComplexity.moderate, context: SixLayerFramework.PresentationContext.dashboard, customPreferences: [:], fieldHints: [:])), modifier: SwiftUI._EnvironmentKeyWritingModifier<Swift.Optional<Swift.String>>(keyPath: \EnvironmentValues.accessibilityIdentifierName, value: Optional("platformPresentContent_L1"))), modifier: SixLayerFramework.SystemAccessibilityModifier(accessibilityState: SixLayerFramework.AccessibilitySystemState(isVoiceOverRunning: false, isDarkerSystemColorsEnabled: false, isReduceTransparencyEnabled: false, isHighContrastEnabled: false, isReducedMotionEnabled: false, hasKeyboardSupport: false, hasFullKeyboardAccess: false, hasSwitchControl: false), platform: SixLayerFramework.SixLayerPlatform.iOS)), modifier: SixLayerFramework.PlatformPatternModifier(designSystem: SixLayerFramework.PlatformDesignSystem(platform: SixLayerFramework.SixLayerPlatform.macOS, colorSystem: SixLayerFramework.HIGColorSystem(primary: SwiftUI.AnyShapeStyle(storage: SwiftUI.AnyShapeStyle.Storage(box: SwiftUI.ColorBox<SwiftUI.SystemColorType>)), secondary: SwiftUI.AnyShapeStyle(storage: SwiftUI.AnyShapeStyle.Storage(box: SwiftUI.ColorBox<SwiftUI.SystemColorType>)), accent: SwiftUI.AnyShapeStyle(storage: SwiftUI.AnyShapeStyle.Storage(box: SwiftUI.ColorBox<SwiftUI.Color.AccentColorProvider>)), background: SwiftUI.AnyShapeStyle(storage: SwiftUI.AnyShapeStyle.Storage(box: SwiftUI.ColorBox<SwiftUI.AppKitPlatformColorProvider>)), surface: SwiftUI.AnyShapeStyle(storage: SwiftUI.AnyShapeStyle.Storage(box: SwiftUI.ColorBox<SwiftUI.AppKitPlatformColorProvider>)), text: SwiftUI.AnyShapeStyle(storage: SwiftUI.AnyShapeStyle.Storage(box: SwiftUI.ColorBox<SwiftUI.AppKitPlatformColorProvider>)), textSecondary: SwiftUI.AnyShapeStyle(storage: SwiftUI.AnyShapeStyle.Storage(box: SwiftUI.ColorBox<SwiftUI.SystemColorType>))), typographySystem: SixLayerFramework.HIGTypographySystem(largeTitle: SwiftUI.Font(provider: SwiftUI.FontBox<SwiftUI.Font.TextStyleProvider>), title: SwiftUI.Font(provider: SwiftUI.FontBox<SwiftUI.Font.TextStyleProvider>), headline: SwiftUI.Font(provider: SwiftUI.FontBox<SwiftUI.Font.TextStyleProvider>), body: SwiftUI.Font(provider: SwiftUI.FontBox<SwiftUI.Font.TextStyleProvider>), callout: SwiftUI.Font(provider: SwiftUI.FontBox<SwiftUI.Font.TextStyleProvider>), subheadline: SwiftUI.Font(provider: SwiftUI.FontBox<SwiftUI.Font.TextStyleProvider>), footnote: SwiftUI.Font(provider: SwiftUI.FontBox<SwiftUI.Font.TextStyleProvider>), caption: SwiftUI.Font(provider: SwiftUI.FontBox<SwiftUI.Font.TextStyleProvider>)), spacingSystem: SixLayerFramework.HIGSpacingSystem(xs: 4.0, sm: 8.0, md: 16.0, lg: 24.0, xl: 32.0, xxl: 40.0, xxxl: 48.0), iconSystem: SixLayerFramework.HIGIconSystem(platform: SixLayerFramework.SixLayerPlatform.macOS), visualDesignSystem: SixLayerFramework.HIGVisualDesignSystem(platform: SixLayerFramework.SixLayerPlatform.macOS, animationSystem: SixLayerFramework.HIGAnimationSystem(platform: SixLayerFramework.SixLayerPlatform.macOS), shadowSystem: SixLayerFramework.HIGShadowSystem(platform: SixLayerFramework.SixLayerPlatform.macOS), cornerRadiusSystem: SixLayerFramework.HIGCornerRadiusSystem(platform: SixLayerFramework.SixLayerPlatform.macOS), borderWidthSystem: SixLayerFramework.HIGBorderWidthSystem(platform: SixLayerFramework.SixLayerPlatform.macOS), opacitySystem: SixLayerFramework.HIGOpacitySystem(), blurSystem: SixLayerFramework.HIGBlurSystem(platform: SixLayerFramework.SixLayerPlatform.macOS))), platform: SixLayerFramework.SixLayerPlatform.macOS)), modifier: SixLayerFramework.VisualConsistencyModifier(designSystem: SixLayerFramework.PlatformDesignSystem(platform: SixLayerFramework.SixLayerPlatform.macOS, colorSystem: SixLayerFramework.HIGColorSystem(primary: SwiftUI.AnyShapeStyle(storage: SwiftUI.AnyShapeStyle.Storage(box: SwiftUI.ColorBox<SwiftUI.SystemColorType>)), secondary: SwiftUI.AnyShapeStyle(storage: SwiftUI.AnyShapeStyle.Storage(box: SwiftUI.ColorBox<SwiftUI.SystemColorType>)), accent: SwiftUI.AnyShapeStyle(storage: SwiftUI.AnyShapeStyle.Storage(box: SwiftUI.ColorBox<SwiftUI.Color.AccentColorProvider>)), background: SwiftUI.AnyShapeStyle(storage: SwiftUI.AnyShapeStyle.Storage(box: SwiftUI.ColorBox<SwiftUI.AppKitPlatformColorProvider>)), surface: SwiftUI.AnyShapeStyle(storage: SwiftUI.AnyShapeStyle.Storage(box: SwiftUI.ColorBox<SwiftUI.AppKitPlatformColorProvider>)), text: SwiftUI.AnyShapeStyle(storage: SwiftUI.AnyShapeStyle.Storage(box: SwiftUI.ColorBox<SwiftUI.AppKitPlatformColorProvider>)), textSecondary: SwiftUI.AnyShapeStyle(storage: SwiftUI.AnyShapeStyle.Storage(box: SwiftUI.ColorBox<SwiftUI.SystemColorType>))), typographySystem: SixLayerFramework.HIGTypographySystem(largeTitle: SwiftUI.Font(provider: SwiftUI.FontBox<SwiftUI.Font.TextStyleProvider>), title: SwiftUI.Font(provider: SwiftUI.FontBox<SwiftUI.Font.TextStyleProvider>), headline: SwiftUI.Font(provider: SwiftUI.FontBox<SwiftUI.Font.TextStyleProvider>), body: SwiftUI.Font(provider: SwiftUI.FontBox<SwiftUI.Font.TextStyleProvider>), callout: SwiftUI.Font(provider: SwiftUI.FontBox<SwiftUI.Font.TextStyleProvider>), subheadline: SwiftUI.Font(provider: SwiftUI.FontBox<SwiftUI.Font.TextStyleProvider>), footnote: SwiftUI.Font(provider: SwiftUI.FontBox<SwiftUI.Font.TextStyleProvider>), caption: SwiftUI.Font(provider: SwiftUI.FontBox<SwiftUI.Font.TextStyleProvider>)), spacingSystem: SixLayerFramework.HIGSpacingSystem(xs: 4.0, sm: 8.0, md: 16.0, lg: 24.0, xl: 32.0, xxl: 40.0, xxxl: 48.0), iconSystem: SixLayerFramework.HIGIconSystem(platform: SixLayerFramework.SixLayerPlatform.macOS), visualDesignSystem: SixLayerFramework.HIGVisualDesignSystem(platform: SixLayerFramework.SixLayerPlatform.macOS, animationSystem: SixLayerFramework.HIGAnimationSystem(platform: SixLayerFramework.SixLayerPlatform.macOS), shadowSystem: SixLayerFramework.HIGShadowSystem(platform: SixLayerFramework.SixLayerPlatform.macOS), cornerRadiusSystem: SixLayerFramework.HIGCornerRadiusSystem(platform: SixLayerFramework.SixLayerPlatform.macOS), borderWidthSystem: SixLayerFramework.HIGBorderWidthSystem(platform: SixLayerFramework.SixLayerPlatform.macOS), opacitySystem: SixLayerFramework.HIGOpacitySystem(), blurSystem: SixLayerFramework.HIGBlurSystem(platform: SixLayerFramework.SixLayerPlatform.macOS))), platform: SixLayerFramework.SixLayerPlatform.macOS, visualDesignConfig: SixLayerFramework.HIGVisualDesignCategoryConfig(applyAnimations: false, applyShadows: false, applyCornerRadius: false, applyBorders: false, applyOpacity: false, applyBlur: false, defaultAnimationCategory: nil, defaultShadowCategory: SixLayerFramework.HIGShadowCategory.elevated, defaultCornerRadiusCategory: SixLayerFramework.HIGCornerRadiusCategory.medium, defaultBorderWidthCategory: SixLayerFramework.HIGBorderWidthCategory.thin, defaultOpacityCategory: SixLayerFramework.HIGOpacityCategory.primary, defaultBlurCategory: SixLayerFramework.HIGBlurCategory.light), iOSConfig: nil)), modifier: SixLayerFramework.AutomaticComplianceModifier()), action: (Function), style: SixLayerFramework.InteractionButtonStyle.primary, _inputManager: SwiftUI.StateObject<SixLayerFramework.InputHandlingManager>(storage: SwiftUI.StateObject<SixLayerFramework.InputHandlingManager>.Storage.initially((Function)))), modifier: SixLayerFramework.SystemAccessibilityModifier(accessibilityState: SixLayerFramework.AccessibilitySystemState(isVoiceOverRunning: false, isDarkerSystemColorsEnabled: false, isReduceTransparencyEnabled: false, isHighContrastEnabled: false, isReducedMotionEnabled: false, hasKeyboardSupport: false, hasFullKeyboardAccess: false, hasSwitchControl: false), platform: SixLayerFramework.SixLayerPlatform.iOS))), expectedPattern: "SixLayer.*ui", platform: (SixLayerPlatform.iOS → .iOS), componentName: "AutomaticAccessibilityModifier"): AutomaticAccessibilityModifier should generate modifier-specific accessibility ID
testAutomaticAccessibilityExtensionWorks()
ConsolidatedAccessibilityTests.swift:15858: Expectation failed: testComponentComplianceSinglePlatform((testView → ModifiedContent<PlatformInteractionButton<ModifiedContent<ModifiedContent<ModifiedContent<ModifiedContent<ModifiedContent<GenericContentView, _EnvironmentKeyWritingModifier<Optional<String>>>, SystemAccessibilityModifier>, PlatformPatternModifier>, VisualConsistencyModifier>, AutomaticComplianceModifier>>, SystemAccessibilityModifier>(content: SixLayerFramework.PlatformInteractionButton<SwiftUI.ModifiedContent<SwiftUI.ModifiedContent<SwiftUI.ModifiedContent<SwiftUI.ModifiedContent<SwiftUI.ModifiedContent<SixLayerFramework.GenericContentView, SwiftUI._EnvironmentKeyWritingModifier<Swift.Optional<Swift.String>>>, SixLayerFramework.SystemAccessibilityModifier>, SixLayerFramework.PlatformPatternModifier>, SixLayerFramework.VisualConsistencyModifier>, SixLayerFramework.AutomaticComplianceModifier>>(label: SwiftUI.ModifiedContent<SwiftUI.ModifiedContent<SwiftUI.ModifiedContent<SwiftUI.ModifiedContent<SwiftUI.ModifiedContent<SixLayerFramework.GenericContentView, SwiftUI._EnvironmentKeyWritingModifier<Swift.Optional<Swift.String>>>, SixLayerFramework.SystemAccessibilityModifier>, SixLayerFramework.PlatformPatternModifier>, SixLayerFramework.VisualConsistencyModifier>, SixLayerFramework.AutomaticComplianceModifier>(content: SwiftUI.ModifiedContent<SwiftUI.ModifiedContent<SwiftUI.ModifiedContent<SwiftUI.ModifiedContent<SixLayerFramework.GenericContentView, SwiftUI._EnvironmentKeyWritingModifier<Swift.Optional<Swift.String>>>, SixLayerFramework.SystemAccessibilityModifier>, SixLayerFramework.PlatformPatternModifier>, SixLayerFramework.VisualConsistencyModifier>(content: SwiftUI.ModifiedContent<SwiftUI.ModifiedContent<SwiftUI.ModifiedContent<SixLayerFramework.GenericContentView, SwiftUI._EnvironmentKeyWritingModifier<Swift.Optional<Swift.String>>>, SixLayerFramework.SystemAccessibilityModifier>, SixLayerFramework.PlatformPatternModifier>(content: SwiftUI.ModifiedContent<SwiftUI.ModifiedContent<SixLayerFramework.GenericContentView, SwiftUI._EnvironmentKeyWritingModifier<Swift.Optional<Swift.String>>>, SixLayerFramework.SystemAccessibilityModifier>(content: SwiftUI.ModifiedContent<SixLayerFramework.GenericContentView, SwiftUI._EnvironmentKeyWritingModifier<Swift.Optional<Swift.String>>>(content: SixLayerFramework.GenericContentView(content: "Test", hints: SixLayerFramework.PresentationHints(dataType: SixLayerFramework.DataTypeHint.generic, presentationPreference: SixLayerFramework.PresentationPreference.automatic, complexity: SixLayerFramework.ContentComplexity.moderate, context: SixLayerFramework.PresentationContext.dashboard, customPreferences: [:], fieldHints: [:])), modifier: SwiftUI._EnvironmentKeyWritingModifier<Swift.Optional<Swift.String>>(keyPath: \EnvironmentValues.accessibilityIdentifierName, value: Optional("platformPresentContent_L1"))), modifier: SixLayerFramework.SystemAccessibilityModifier(accessibilityState: SixLayerFramework.AccessibilitySystemState(isVoiceOverRunning: false, isDarkerSystemColorsEnabled: false, isReduceTransparencyEnabled: false, isHighContrastEnabled: false, isReducedMotionEnabled: false, hasKeyboardSupport: false, hasFullKeyboardAccess: false, hasSwitchControl: false), platform: SixLayerFramework.SixLayerPlatform.iOS)), modifier: SixLayerFramework.PlatformPatternModifier(designSystem: SixLayerFramework.PlatformDesignSystem(platform: SixLayerFramework.SixLayerPlatform.macOS, colorSystem: SixLayerFramework.HIGColorSystem(primary: SwiftUI.AnyShapeStyle(storage: SwiftUI.AnyShapeStyle.Storage(box: SwiftUI.ColorBox<SwiftUI.SystemColorType>)), secondary: SwiftUI.AnyShapeStyle(storage: SwiftUI.AnyShapeStyle.Storage(box: SwiftUI.ColorBox<SwiftUI.SystemColorType>)), accent: SwiftUI.AnyShapeStyle(storage: SwiftUI.AnyShapeStyle.Storage(box: SwiftUI.ColorBox<SwiftUI.Color.AccentColorProvider>)), background: SwiftUI.AnyShapeStyle(storage: SwiftUI.AnyShapeStyle.Storage(box: SwiftUI.ColorBox<SwiftUI.AppKitPlatformColorProvider>)), surface: SwiftUI.AnyShapeStyle(storage: SwiftUI.AnyShapeStyle.Storage(box: SwiftUI.ColorBox<SwiftUI.AppKitPlatformColorProvider>)), text: SwiftUI.AnyShapeStyle(storage: SwiftUI.AnyShapeStyle.Storage(box: SwiftUI.ColorBox<SwiftUI.AppKitPlatformColorProvider>)), textSecondary: SwiftUI.AnyShapeStyle(storage: SwiftUI.AnyShapeStyle.Storage(box: SwiftUI.ColorBox<SwiftUI.SystemColorType>))), typographySystem: SixLayerFramework.HIGTypographySystem(largeTitle: SwiftUI.Font(provider: SwiftUI.FontBox<SwiftUI.Font.TextStyleProvider>), title: SwiftUI.Font(provider: SwiftUI.FontBox<SwiftUI.Font.TextStyleProvider>), headline: SwiftUI.Font(provider: SwiftUI.FontBox<SwiftUI.Font.TextStyleProvider>), body: SwiftUI.Font(provider: SwiftUI.FontBox<SwiftUI.Font.TextStyleProvider>), callout: SwiftUI.Font(provider: SwiftUI.FontBox<SwiftUI.Font.TextStyleProvider>), subheadline: SwiftUI.Font(provider: SwiftUI.FontBox<SwiftUI.Font.TextStyleProvider>), footnote: SwiftUI.Font(provider: SwiftUI.FontBox<SwiftUI.Font.TextStyleProvider>), caption: SwiftUI.Font(provider: SwiftUI.FontBox<SwiftUI.Font.TextStyleProvider>)), spacingSystem: SixLayerFramework.HIGSpacingSystem(xs: 4.0, sm: 8.0, md: 16.0, lg: 24.0, xl: 32.0, xxl: 40.0, xxxl: 48.0), iconSystem: SixLayerFramework.HIGIconSystem(platform: SixLayerFramework.SixLayerPlatform.macOS), visualDesignSystem: SixLayerFramework.HIGVisualDesignSystem(platform: SixLayerFramework.SixLayerPlatform.macOS, animationSystem: SixLayerFramework.HIGAnimationSystem(platform: SixLayerFramework.SixLayerPlatform.macOS), shadowSystem: SixLayerFramework.HIGShadowSystem(platform: SixLayerFramework.SixLayerPlatform.macOS), cornerRadiusSystem: SixLayerFramework.HIGCornerRadiusSystem(platform: SixLayerFramework.SixLayerPlatform.macOS), borderWidthSystem: SixLayerFramework.HIGBorderWidthSystem(platform: SixLayerFramework.SixLayerPlatform.macOS), opacitySystem: SixLayerFramework.HIGOpacitySystem(), blurSystem: SixLayerFramework.HIGBlurSystem(platform: SixLayerFramework.SixLayerPlatform.macOS))), platform: SixLayerFramework.SixLayerPlatform.macOS)), modifier: SixLayerFramework.VisualConsistencyModifier(designSystem: SixLayerFramework.PlatformDesignSystem(platform: SixLayerFramework.SixLayerPlatform.macOS, colorSystem: SixLayerFramework.HIGColorSystem(primary: SwiftUI.AnyShapeStyle(storage: SwiftUI.AnyShapeStyle.Storage(box: SwiftUI.ColorBox<SwiftUI.SystemColorType>)), secondary: SwiftUI.AnyShapeStyle(storage: SwiftUI.AnyShapeStyle.Storage(box: SwiftUI.ColorBox<SwiftUI.SystemColorType>)), accent: SwiftUI.AnyShapeStyle(storage: SwiftUI.AnyShapeStyle.Storage(box: SwiftUI.ColorBox<SwiftUI.Color.AccentColorProvider>)), background: SwiftUI.AnyShapeStyle(storage: SwiftUI.AnyShapeStyle.Storage(box: SwiftUI.ColorBox<SwiftUI.AppKitPlatformColorProvider>)), surface: SwiftUI.AnyShapeStyle(storage: SwiftUI.AnyShapeStyle.Storage(box: SwiftUI.ColorBox<SwiftUI.AppKitPlatformColorProvider>)), text: SwiftUI.AnyShapeStyle(storage: SwiftUI.AnyShapeStyle.Storage(box: SwiftUI.ColorBox<SwiftUI.AppKitPlatformColorProvider>)), textSecondary: SwiftUI.AnyShapeStyle(storage: SwiftUI.AnyShapeStyle.Storage(box: SwiftUI.ColorBox<SwiftUI.SystemColorType>))), typographySystem: SixLayerFramework.HIGTypographySystem(largeTitle: SwiftUI.Font(provider: SwiftUI.FontBox<SwiftUI.Font.TextStyleProvider>), title: SwiftUI.Font(provider: SwiftUI.FontBox<SwiftUI.Font.TextStyleProvider>), headline: SwiftUI.Font(provider: SwiftUI.FontBox<SwiftUI.Font.TextStyleProvider>), body: SwiftUI.Font(provider: SwiftUI.FontBox<SwiftUI.Font.TextStyleProvider>), callout: SwiftUI.Font(provider: SwiftUI.FontBox<SwiftUI.Font.TextStyleProvider>), subheadline: SwiftUI.Font(provider: SwiftUI.FontBox<SwiftUI.Font.TextStyleProvider>), footnote: SwiftUI.Font(provider: SwiftUI.FontBox<SwiftUI.Font.TextStyleProvider>), caption: SwiftUI.Font(provider: SwiftUI.FontBox<SwiftUI.Font.TextStyleProvider>)), spacingSystem: SixLayerFramework.HIGSpacingSystem(xs: 4.0, sm: 8.0, md: 16.0, lg: 24.0, xl: 32.0, xxl: 40.0, xxxl: 48.0), iconSystem: SixLayerFramework.HIGIconSystem(platform: SixLayerFramework.SixLayerPlatform.macOS), visualDesignSystem: SixLayerFramework.HIGVisualDesignSystem(platform: SixLayerFramework.SixLayerPlatform.macOS, animationSystem: SixLayerFramework.HIGAnimationSystem(platform: SixLayerFramework.SixLayerPlatform.macOS), shadowSystem: SixLayerFramework.HIGShadowSystem(platform: SixLayerFramework.SixLayerPlatform.macOS), cornerRadiusSystem: SixLayerFramework.HIGCornerRadiusSystem(platform: SixLayerFramework.SixLayerPlatform.macOS), borderWidthSystem: SixLayerFramework.HIGBorderWidthSystem(platform: SixLayerFramework.SixLayerPlatform.macOS), opacitySystem: SixLayerFramework.HIGOpacitySystem(), blurSystem: SixLayerFramework.HIGBlurSystem(platform: SixLayerFramework.SixLayerPlatform.macOS))), platform: SixLayerFramework.SixLayerPlatform.macOS, visualDesignConfig: SixLayerFramework.HIGVisualDesignCategoryConfig(applyAnimations: false, applyShadows: false, applyCornerRadius: false, applyBorders: false, applyOpacity: false, applyBlur: false, defaultAnimationCategory: nil, defaultShadowCategory: SixLayerFramework.HIGShadowCategory.elevated, defaultCornerRadiusCategory: SixLayerFramework.HIGCornerRadiusCategory.medium, defaultBorderWidthCategory: SixLayerFramework.HIGBorderWidthCategory.thin, defaultOpacityCategory: SixLayerFramework.HIGOpacityCategory.primary, defaultBlurCategory: SixLayerFramework.HIGBlurCategory.light), iOSConfig: nil)), modifier: SixLayerFramework.AutomaticComplianceModifier()), action: (Function), style: SixLayerFramework.InteractionButtonStyle.primary, _inputManager: SwiftUI.StateObject<SixLayerFramework.InputHandlingManager>(storage: SwiftUI.StateObject<SixLayerFramework.InputHandlingManager>.Storage.initially((Function)))), modifier: SixLayerFramework.SystemAccessibilityModifier(accessibilityState: SixLayerFramework.AccessibilitySystemState(isVoiceOverRunning: false, isDarkerSystemColorsEnabled: false, isReduceTransparencyEnabled: false, isHighContrastEnabled: false, isReducedMotionEnabled: false, hasKeyboardSupport: false, hasFullKeyboardAccess: false, hasSwitchControl: false), platform: SixLayerFramework.SixLayerPlatform.iOS))), expectedPattern: "SixLayer.*ui", platform: (SixLayerPlatform.iOS → .iOS), componentName: "AutomaticAccessibilityExtension"): .automaticAccessibility() should generate extension-specific accessibility ID
testAppleHIGComplianceManagerGeneratesAccessibilityIdentifiersOnIOS()
ConsolidatedAccessibilityTests.swift:15934: Expectation failed: hasAccessibilityID: View with .appleHIGCompliant() (using AppleHIGComplianceManager) should generate accessibility identifiers on iOS 
testAppleHIGComplianceManagerGeneratesAccessibilityIdentifiersOnMacOS()
ConsolidatedAccessibilityTests.swift:15963: Expectation failed: hasAccessibilityID: View with .appleHIGCompliant() (using AppleHIGComplianceManager) should generate accessibility identifiers on macOS 
testAssistiveTouchManagerGeneratesAccessibilityIdentifiersOnIOS()
ConsolidatedAccessibilityTests.swift:16011: Expectation failed: hasAccessibilityID: View with .assistiveTouchEnabled() (using AssistiveTouchManager) should generate accessibility identifiers on iOS 
testAssistiveTouchManagerGeneratesAccessibilityIdentifiersOnMacOS()
ConsolidatedAccessibilityTests.swift:16038: Expectation failed: hasAccessibilityID: View with .assistiveTouchEnabled() (using AssistiveTouchManager) should generate accessibility identifiers on macOS 
testCrossPlatformTestingGeneratesAccessibilityIdentifiers()
ConsolidatedAccessibilityTests.swift:16262: Expectation failed: hasAccessibilityID: CrossPlatformTesting should generate accessibility identifiers 
testManualIdentifiersStillWork()
ConsolidatedAccessibilityTests.swift:16317: Expectation failed: testComponentComplianceSinglePlatform((testView → ModifiedContent<PlatformInteractionButton<ModifiedContent<ModifiedContent<ModifiedContent<ModifiedContent<ModifiedContent<GenericContentView, _EnvironmentKeyWritingModifier<Optional<String>>>, SystemAccessibilityModifier>, PlatformPatternModifier>, VisualConsistencyModifier>, AutomaticComplianceModifier>>, AccessibilityAttachmentModifier>(content: SixLayerFramework.PlatformInteractionButton<SwiftUI.ModifiedContent<SwiftUI.ModifiedContent<SwiftUI.ModifiedContent<SwiftUI.ModifiedContent<SwiftUI.ModifiedContent<SixLayerFramework.GenericContentView, SwiftUI._EnvironmentKeyWritingModifier<Swift.Optional<Swift.String>>>, SixLayerFramework.SystemAccessibilityModifier>, SixLayerFramework.PlatformPatternModifier>, SixLayerFramework.VisualConsistencyModifier>, SixLayerFramework.AutomaticComplianceModifier>>(label: SwiftUI.ModifiedContent<SwiftUI.ModifiedContent<SwiftUI.ModifiedContent<SwiftUI.ModifiedContent<SwiftUI.ModifiedContent<SixLayerFramework.GenericContentView, SwiftUI._EnvironmentKeyWritingModifier<Swift.Optional<Swift.String>>>, SixLayerFramework.SystemAccessibilityModifier>, SixLayerFramework.PlatformPatternModifier>, SixLayerFramework.VisualConsistencyModifier>, SixLayerFramework.AutomaticComplianceModifier>(content: SwiftUI.ModifiedContent<SwiftUI.ModifiedContent<SwiftUI.ModifiedContent<SwiftUI.ModifiedContent<SixLayerFramework.GenericContentView, SwiftUI._EnvironmentKeyWritingModifier<Swift.Optional<Swift.String>>>, SixLayerFramework.SystemAccessibilityModifier>, SixLayerFramework.PlatformPatternModifier>, SixLayerFramework.VisualConsistencyModifier>(content: SwiftUI.ModifiedContent<SwiftUI.ModifiedContent<SwiftUI.ModifiedContent<SixLayerFramework.GenericContentView, SwiftUI._EnvironmentKeyWritingModifier<Swift.Optional<Swift.String>>>, SixLayerFramework.SystemAccessibilityModifier>, SixLayerFramework.PlatformPatternModifier>(content: SwiftUI.ModifiedContent<SwiftUI.ModifiedContent<SixLayerFramework.GenericContentView, SwiftUI._EnvironmentKeyWritingModifier<Swift.Optional<Swift.String>>>, SixLayerFramework.SystemAccessibilityModifier>(content: SwiftUI.ModifiedContent<SixLayerFramework.GenericContentView, SwiftUI._EnvironmentKeyWritingModifier<Swift.Optional<Swift.String>>>(content: SixLayerFramework.GenericContentView(content: "Test Button", hints: SixLayerFramework.PresentationHints(dataType: SixLayerFramework.DataTypeHint.generic, presentationPreference: SixLayerFramework.PresentationPreference.automatic, complexity: SixLayerFramework.ContentComplexity.moderate, context: SixLayerFramework.PresentationContext.dashboard, customPreferences: [:], fieldHints: [:])), modifier: SwiftUI._EnvironmentKeyWritingModifier<Swift.Optional<Swift.String>>(keyPath: \EnvironmentValues.accessibilityIdentifierName, value: Optional("platformPresentContent_L1"))), modifier: SixLayerFramework.SystemAccessibilityModifier(accessibilityState: SixLayerFramework.AccessibilitySystemState(isVoiceOverRunning: false, isDarkerSystemColorsEnabled: false, isReduceTransparencyEnabled: false, isHighContrastEnabled: false, isReducedMotionEnabled: false, hasKeyboardSupport: false, hasFullKeyboardAccess: false, hasSwitchControl: false), platform: SixLayerFramework.SixLayerPlatform.iOS)), modifier: SixLayerFramework.PlatformPatternModifier(designSystem: SixLayerFramework.PlatformDesignSystem(platform: SixLayerFramework.SixLayerPlatform.macOS, colorSystem: SixLayerFramework.HIGColorSystem(primary: SwiftUI.AnyShapeStyle(storage: SwiftUI.AnyShapeStyle.Storage(box: SwiftUI.ColorBox<SwiftUI.SystemColorType>)), secondary: SwiftUI.AnyShapeStyle(storage: SwiftUI.AnyShapeStyle.Storage(box: SwiftUI.ColorBox<SwiftUI.SystemColorType>)), accent: SwiftUI.AnyShapeStyle(storage: SwiftUI.AnyShapeStyle.Storage(box: SwiftUI.ColorBox<SwiftUI.Color.AccentColorProvider>)), background: SwiftUI.AnyShapeStyle(storage: SwiftUI.AnyShapeStyle.Storage(box: SwiftUI.ColorBox<SwiftUI.AppKitPlatformColorProvider>)), surface: SwiftUI.AnyShapeStyle(storage: SwiftUI.AnyShapeStyle.Storage(box: SwiftUI.ColorBox<SwiftUI.AppKitPlatformColorProvider>)), text: SwiftUI.AnyShapeStyle(storage: SwiftUI.AnyShapeStyle.Storage(box: SwiftUI.ColorBox<SwiftUI.AppKitPlatformColorProvider>)), textSecondary: SwiftUI.AnyShapeStyle(storage: SwiftUI.AnyShapeStyle.Storage(box: SwiftUI.ColorBox<SwiftUI.SystemColorType>))), typographySystem: SixLayerFramework.HIGTypographySystem(largeTitle: SwiftUI.Font(provider: SwiftUI.FontBox<SwiftUI.Font.TextStyleProvider>), title: SwiftUI.Font(provider: SwiftUI.FontBox<SwiftUI.Font.TextStyleProvider>), headline: SwiftUI.Font(provider: SwiftUI.FontBox<SwiftUI.Font.TextStyleProvider>), body: SwiftUI.Font(provider: SwiftUI.FontBox<SwiftUI.Font.TextStyleProvider>), callout: SwiftUI.Font(provider: SwiftUI.FontBox<SwiftUI.Font.TextStyleProvider>), subheadline: SwiftUI.Font(provider: SwiftUI.FontBox<SwiftUI.Font.TextStyleProvider>), footnote: SwiftUI.Font(provider: SwiftUI.FontBox<SwiftUI.Font.TextStyleProvider>), caption: SwiftUI.Font(provider: SwiftUI.FontBox<SwiftUI.Font.TextStyleProvider>)), spacingSystem: SixLayerFramework.HIGSpacingSystem(xs: 4.0, sm: 8.0, md: 16.0, lg: 24.0, xl: 32.0, xxl: 40.0, xxxl: 48.0), iconSystem: SixLayerFramework.HIGIconSystem(platform: SixLayerFramework.SixLayerPlatform.macOS), visualDesignSystem: SixLayerFramework.HIGVisualDesignSystem(platform: SixLayerFramework.SixLayerPlatform.macOS, animationSystem: SixLayerFramework.HIGAnimationSystem(platform: SixLayerFramework.SixLayerPlatform.macOS), shadowSystem: SixLayerFramework.HIGShadowSystem(platform: SixLayerFramework.SixLayerPlatform.macOS), cornerRadiusSystem: SixLayerFramework.HIGCornerRadiusSystem(platform: SixLayerFramework.SixLayerPlatform.macOS), borderWidthSystem: SixLayerFramework.HIGBorderWidthSystem(platform: SixLayerFramework.SixLayerPlatform.macOS), opacitySystem: SixLayerFramework.HIGOpacitySystem(), blurSystem: SixLayerFramework.HIGBlurSystem(platform: SixLayerFramework.SixLayerPlatform.macOS))), platform: SixLayerFramework.SixLayerPlatform.macOS)), modifier: SixLayerFramework.VisualConsistencyModifier(designSystem: SixLayerFramework.PlatformDesignSystem(platform: SixLayerFramework.SixLayerPlatform.macOS, colorSystem: SixLayerFramework.HIGColorSystem(primary: SwiftUI.AnyShapeStyle(storage: SwiftUI.AnyShapeStyle.Storage(box: SwiftUI.ColorBox<SwiftUI.SystemColorType>)), secondary: SwiftUI.AnyShapeStyle(storage: SwiftUI.AnyShapeStyle.Storage(box: SwiftUI.ColorBox<SwiftUI.SystemColorType>)), accent: SwiftUI.AnyShapeStyle(storage: SwiftUI.AnyShapeStyle.Storage(box: SwiftUI.ColorBox<SwiftUI.Color.AccentColorProvider>)), background: SwiftUI.AnyShapeStyle(storage: SwiftUI.AnyShapeStyle.Storage(box: SwiftUI.ColorBox<SwiftUI.AppKitPlatformColorProvider>)), surface: SwiftUI.AnyShapeStyle(storage: SwiftUI.AnyShapeStyle.Storage(box: SwiftUI.ColorBox<SwiftUI.AppKitPlatformColorProvider>)), text: SwiftUI.AnyShapeStyle(storage: SwiftUI.AnyShapeStyle.Storage(box: SwiftUI.ColorBox<SwiftUI.AppKitPlatformColorProvider>)), textSecondary: SwiftUI.AnyShapeStyle(storage: SwiftUI.AnyShapeStyle.Storage(box: SwiftUI.ColorBox<SwiftUI.SystemColorType>))), typographySystem: SixLayerFramework.HIGTypographySystem(largeTitle: SwiftUI.Font(provider: SwiftUI.FontBox<SwiftUI.Font.TextStyleProvider>), title: SwiftUI.Font(provider: SwiftUI.FontBox<SwiftUI.Font.TextStyleProvider>), headline: SwiftUI.Font(provider: SwiftUI.FontBox<SwiftUI.Font.TextStyleProvider>), body: SwiftUI.Font(provider: SwiftUI.FontBox<SwiftUI.Font.TextStyleProvider>), callout: SwiftUI.Font(provider: SwiftUI.FontBox<SwiftUI.Font.TextStyleProvider>), subheadline: SwiftUI.Font(provider: SwiftUI.FontBox<SwiftUI.Font.TextStyleProvider>), footnote: SwiftUI.Font(provider: SwiftUI.FontBox<SwiftUI.Font.TextStyleProvider>), caption: SwiftUI.Font(provider: SwiftUI.FontBox<SwiftUI.Font.TextStyleProvider>)), spacingSystem: SixLayerFramework.HIGSpacingSystem(xs: 4.0, sm: 8.0, md: 16.0, lg: 24.0, xl: 32.0, xxl: 40.0, xxxl: 48.0), iconSystem: SixLayerFramework.HIGIconSystem(platform: SixLayerFramework.SixLayerPlatform.macOS), visualDesignSystem: SixLayerFramework.HIGVisualDesignSystem(platform: SixLayerFramework.SixLayerPlatform.macOS, animationSystem: SixLayerFramework.HIGAnimationSystem(platform: SixLayerFramework.SixLayerPlatform.macOS), shadowSystem: SixLayerFramework.HIGShadowSystem(platform: SixLayerFramework.SixLayerPlatform.macOS), cornerRadiusSystem: SixLayerFramework.HIGCornerRadiusSystem(platform: SixLayerFramework.SixLayerPlatform.macOS), borderWidthSystem: SixLayerFramework.HIGBorderWidthSystem(platform: SixLayerFramework.SixLayerPlatform.macOS), opacitySystem: SixLayerFramework.HIGOpacitySystem(), blurSystem: SixLayerFramework.HIGBlurSystem(platform: SixLayerFramework.SixLayerPlatform.macOS))), platform: SixLayerFramework.SixLayerPlatform.macOS, visualDesignConfig: SixLayerFramework.HIGVisualDesignCategoryConfig(applyAnimations: false, applyShadows: false, applyCornerRadius: false, applyBorders: false, applyOpacity: false, applyBlur: false, defaultAnimationCategory: nil, defaultShadowCategory: SixLayerFramework.HIGShadowCategory.elevated, defaultCornerRadiusCategory: SixLayerFramework.HIGCornerRadiusCategory.medium, defaultBorderWidthCategory: SixLayerFramework.HIGBorderWidthCategory.thin, defaultOpacityCategory: SixLayerFramework.HIGOpacityCategory.primary, defaultBlurCategory: SixLayerFramework.HIGBlurCategory.light), iOSConfig: nil)), modifier: SixLayerFramework.AutomaticComplianceModifier()), action: (Function), style: SixLayerFramework.InteractionButtonStyle.primary, _inputManager: SwiftUI.StateObject<SixLayerFramework.InputHandlingManager>(storage: SwiftUI.StateObject<SixLayerFramework.InputHandlingManager>.Storage.initially((Function)))), modifier: SwiftUI.AccessibilityAttachmentModifier(storage: SwiftUI.MutableBox<SwiftUI.AccessibilityAttachment>, behavior: nil))), expectedPattern: "manual-test-button", platform: (SixLayerPlatform.iOS → .iOS), componentName: "ManualIdentifiersWorkByDefault"): Manual accessibility identifier should work by default
testFormUsageExampleGeneratesAccessibilityIdentifiers()
ConsolidatedAccessibilityTests.swift:16375: Expectation failed: hasAccessibilityID: FormUsageExample should generate accessibility identifiers 
testExampleHelpersGeneratesAccessibilityIdentifiers()
ConsolidatedAccessibilityTests.swift:16399: Expectation failed: hasAccessibilityID: ExampleProjectCard should generate accessibility identifiers 
testEyeTrackingManagerGeneratesAccessibilityIdentifiersOnIOS()
ConsolidatedAccessibilityTests.swift:16428: Expectation failed: hasAccessibilityID: View with EyeTrackingModifier (using EyeTrackingManager) should generate accessibility identifiers on iOS 
testEyeTrackingManagerGeneratesAccessibilityIdentifiersOnMacOS()
ConsolidatedAccessibilityTests.swift:16457: Expectation failed: hasAccessibilityID: View with EyeTrackingModifier (using EyeTrackingManager) should generate accessibility identifiers on macOS 
testPlatformPresentContentL1GeneratesAccessibilityID()
ConsolidatedAccessibilityTests.swift:16496: Expectation failed: hasAccessibilityID: platformPresentContent_L1 should generate accessibility identifiers
testPlatformPresentBasicValueL1GeneratesAccessibilityID()
ConsolidatedAccessibilityTests.swift:16508: Expectation failed: hasAccessibilityID: platformPresentBasicValue_L1 should generate accessibility identifiers
testPlatformPresentBasicArrayL1GeneratesAccessibilityID()
ConsolidatedAccessibilityTests.swift:16520: Expectation failed: hasAccessibilityID: platformPresentBasicArray_L1 should generate accessibility identifiers
testPlatformPresentItemCollectionL1GeneratesAccessibilityID()
ConsolidatedAccessibilityTests.swift:16548: Expectation failed: hasAccessibilityID: platformPresentItemCollection_L1 should generate accessibility identifiers
testVideoComponentSupportsCaptions()
ConsolidatedAccessibilityTests.swift:16731: Expectation failed: passed: Video component should support captions on all platforms
testCaptionsAreAccessible()
ConsolidatedAccessibilityTests.swift:16761: Expectation failed: passed: Captions should be accessible on all platforms
testCaptionPositioningIsAppropriate()
ConsolidatedAccessibilityTests.swift:16791: Expectation failed: passed: Captions should be positioned appropriately on all platforms
testCaptionSupportOnAllPlatforms()
ConsolidatedAccessibilityTests.swift:16818: Expectation failed: passed: Caption support should work on all platforms
testFocusIndicatorsOnBothPlatforms()
ConsolidatedAccessibilityTests.swift:16842: Expectation failed: passed: Focus indicators should be applied on all platforms
testFormFieldsHaveLogicalTabOrder()
ConsolidatedAccessibilityTests.swift:16873: Expectation failed: passed: Form fields should have logical tab order on all platforms
testButtonsHaveLogicalTabOrder()
ConsolidatedAccessibilityTests.swift:16902: Expectation failed: passed: Buttons should have logical tab order on all platforms
testComplexLayoutHasLogicalTabOrder()
ConsolidatedAccessibilityTests.swift:16936: Expectation failed: passed: Complex layout should have logical tab order on all platforms
testTabOrderOnBothPlatforms()
ConsolidatedAccessibilityTests.swift:16965: Expectation failed: passed: Tab order should be logical on all platforms
testButtonRespectsRuntimeTouchTargetDetection()
ConsolidatedAccessibilityTests.swift:17006: Expectation failed: passed: Button should have HIG compliance on .iOS (runtime detection: minTouchTarget=0.0, no touch target required)
ConsolidatedAccessibilityTests.swift:17006: Expectation failed: passed: Button should have HIG compliance on .watchOS (runtime detection: minTouchTarget=0.0, no touch target required)
ConsolidatedAccessibilityTests.swift:17006: Expectation failed: passed: Button should have HIG compliance on .macOS (runtime detection: minTouchTarget=0.0, no touch target required)
ConsolidatedAccessibilityTests.swift:17006: Expectation failed: passed: Button should have HIG compliance on .tvOS (runtime detection: minTouchTarget=0.0, no touch target required)
ConsolidatedAccessibilityTests.swift:17006: Expectation failed: passed: Button should have HIG compliance on .visionOS (runtime detection: minTouchTarget=0.0, no touch target required)
testLinkRespectsRuntimeTouchTargetDetection()
ConsolidatedAccessibilityTests.swift:17044: Expectation failed: passed: Link should have minimum 0.0pt touch target on .iOS (runtime detection: minTouchTarget=0.0)
ConsolidatedAccessibilityTests.swift:17044: Expectation failed: passed: Link should have minimum 0.0pt touch target on .watchOS (runtime detection: minTouchTarget=0.0)
testInteractiveViewRespectsRuntimeTouchTargetDetection()
ConsolidatedAccessibilityTests.swift:17081: Expectation failed: passed: Interactive view should have minimum 0.0pt touch target on .iOS (runtime detection: minTouchTarget=0.0)
ConsolidatedAccessibilityTests.swift:17081: Expectation failed: passed: Interactive view should have minimum 0.0pt touch target on .watchOS (runtime detection: minTouchTarget=0.0)
testNonTouchPlatformsDoNotRequireTouchTargets()
ConsolidatedAccessibilityTests.swift:17121: Expectation failed: passed: Button should have HIG compliance on .macOS (runtime detection: minTouchTarget=0.0, no touch target required)
ConsolidatedAccessibilityTests.swift:17121: Expectation failed: passed: Button should have HIG compliance on .tvOS (runtime detection: minTouchTarget=0.0, no touch target required)
ConsolidatedAccessibilityTests.swift:17121: Expectation failed: passed: Button should have HIG compliance on .visionOS (runtime detection: minTouchTarget=0.0, no touch target required)
testImageProcessorGeneratesAccessibilityIdentifiersOnIOS()
ConsolidatedAccessibilityTests.swift:17148: Expectation failed: hasAccessibilityID: Image view (that could use ImageProcessor) should generate accessibility identifiers on iOS 
testImageProcessorGeneratesAccessibilityIdentifiersOnMacOS()
ConsolidatedAccessibilityTests.swift:17171: Expectation failed: hasAccessibilityID: Image view (that could use ImageProcessor) should generate accessibility identifiers on macOS 
testIntelligentFormViewGeneratesAccessibilityIdentifiers()
ConsolidatedAccessibilityTests.swift:17205: Expectation failed: hasAccessibilityID: IntelligentFormView should generate accessibility identifiers 
testIntelligentDetailViewGeneratesAccessibilityIdentifiers()
ConsolidatedAccessibilityTests.swift:17235: Expectation failed: hasAccessibilityID: IntelligentDetailView should generate accessibility identifiers 
testInternationalizationServiceGeneratesAccessibilityIdentifiersOnIOS()
ConsolidatedAccessibilityTests.swift:17260: Expectation failed: hasAccessibilityID: View with platformPresentLocalizedContent_L1 (using InternationalizationService) should generate accessibility identifiers on iOS 
testInternationalizationServiceGeneratesAccessibilityIdentifiersOnMacOS()
ConsolidatedAccessibilityTests.swift:17284: Expectation failed: hasAccessibilityID: View with platformPresentLocalizedContent_L1 (using InternationalizationService) should generate accessibility identifiers on macOS 
testInternationalizationServiceGeneratesAccessibilityIdentifiers()
ConsolidatedAccessibilityTests.swift:17305: Expectation failed: hasAccessibilityID: InternationalizationService should generate accessibility identifiers 
testMaterialAccessibilityManagerGeneratesAccessibilityIdentifiersOnIOS()
ConsolidatedAccessibilityTests.swift:17330: Expectation failed: hasAccessibilityID: View with MaterialAccessibilityManager should generate accessibility identifiers on iOS 
testMaterialAccessibilityManagerGeneratesAccessibilityIdentifiersOnMacOS()
ConsolidatedAccessibilityTests.swift:17356: Expectation failed: hasAccessibilityID: View with MaterialAccessibilityManager should generate accessibility identifiers on macOS 
testOCROverlayView_AppliesCorrectModifiersOnIOS()
ConsolidatedAccessibilityTests.swift:17406: Expectation failed: testComponentComplianceSinglePlatform((ocrView → OCROverlayView(image: SixLayerFramework.PlatformImage(_nsImage: <NSImage 0x8074ae300 Size={0, 0} RepProvider=(null)>), result: SixLayerFramework.OCRResult(extractedText: "Test OCR Text", confidence: 0.95, boundingBoxes: [], textTypes: [:], processingTime: 1.0, language: nil, structuredData: [:], extractionConfidence: 0.0, missingRequiredFields: [], adjustedFields: [:], isValid: true, validationReason: nil), configuration: SixLayerFramework.OCROverlayConfiguration(allowsEditing: true, allowsDeletion: true, showConfidenceIndicators: true, highlightColor: blue, editingColor: green, lowConfidenceThreshold: 0.7, highConfidenceThreshold: 0.9), onTextEdit: (Function), onTextDelete: (Function))), expectedPattern: "SixLayer.*ui", platform: (SixLayerPlatform.iOS → .iOS), componentName: "OCROverlayView"): OCROverlayView should generate OCR-specific accessibility ID on iOS
testOCROverlayView_AppliesCorrectModifiersOnMacOS()
ConsolidatedAccessibilityTests.swift:17447: Expectation failed: testComponentComplianceSinglePlatform((ocrView → OCROverlayView(image: SixLayerFramework.PlatformImage(_nsImage: <NSImage 0x8074adcc0 Size={0, 0} RepProvider=(null)>), result: SixLayerFramework.OCRResult(extractedText: "Test OCR Text", confidence: 0.95, boundingBoxes: [], textTypes: [:], processingTime: 1.0, language: nil, structuredData: [:], extractionConfidence: 0.0, missingRequiredFields: [], adjustedFields: [:], isValid: true, validationReason: nil), configuration: SixLayerFramework.OCROverlayConfiguration(allowsEditing: true, allowsDeletion: true, showConfidenceIndicators: true, highlightColor: blue, editingColor: green, lowConfidenceThreshold: 0.7, highConfidenceThreshold: 0.9), onTextEdit: (Function), onTextDelete: (Function))), expectedPattern: "SixLayer.*ui", platform: (SixLayerPlatform.macOS → .macOS), componentName: "OCROverlayView"): OCROverlayView should generate OCR-specific accessibility ID on macOS
testOCROverlayViewWithOCRServiceGeneratesAccessibilityIdentifiersOnIOS()
ConsolidatedAccessibilityTests.swift:17497: Expectation failed: hasAccessibilityID: OCROverlayView (using OCRService) should generate accessibility identifiers on iOS 
testOCROverlayViewWithOCRServiceGeneratesAccessibilityIdentifiersOnMacOS()
ConsolidatedAccessibilityTests.swift:17539: Expectation failed: hasAccessibilityID: OCROverlayView (using OCRService) should generate accessibility identifiers on macOS 
testPlatformOCRWithVisualCorrectionL1GeneratesAccessibilityIdentifiersOnIOS()
ConsolidatedAccessibilityTests.swift:17571: Expectation failed: hasAccessibilityID: platformOCRWithVisualCorrection_L1 should generate accessibility identifiers on iOS 
testPlatformOCRWithVisualCorrectionL1GeneratesAccessibilityIdentifiersOnMacOS()
ConsolidatedAccessibilityTests.swift:17607: Expectation failed: hasAccessibilityID: platformOCRWithVisualCorrection_L1 should generate accessibility identifiers on macOS 
testPlatformOCRWithVisualCorrectionArrayL1GeneratesAccessibilityIdentifiersOnIOS()
ConsolidatedAccessibilityTests.swift:17643: Expectation failed: hasAccessibilityID: platformOCRWithVisualCorrection_L1 (array) should generate accessibility identifiers on iOS 
testPlatformOCRWithVisualCorrectionArrayL1GeneratesAccessibilityIdentifiersOnMacOS()
ConsolidatedAccessibilityTests.swift:17679: Expectation failed: hasAccessibilityID: platformOCRWithVisualCorrection_L1 (array) should generate accessibility identifiers on macOS 
testPlatformPhotoComponentsLayer4GeneratesAccessibilityIdentifiers()
ConsolidatedAccessibilityTests.swift:17749: Expectation failed: hasAccessibilityID: PlatformPhotoComponentsLayer4 should generate accessibility identifiers 
testResponsiveLayoutExampleGeneratesAccessibilityIdentifiers()
ConsolidatedAccessibilityTests.swift:17775: Expectation failed: hasAccessibilityID: ResponsiveLayoutExample should generate accessibility identifiers 
testResponsiveNavigationExampleGeneratesAccessibilityIdentifiers()
ConsolidatedAccessibilityTests.swift:17802: Expectation failed: hasAccessibilityID: ResponsiveNavigationExample should generate accessibility identifiers 
testResponsivePaddingModifierGeneratesAccessibilityIdentifiers()
ConsolidatedAccessibilityTests.swift:17834: Expectation failed: hasAccessibilityID: ResponsivePadding modifier should generate accessibility identifiers 
testVisionSafetyGeneratesAccessibilityIdentifiers()
ConsolidatedAccessibilityTests.swift:17856: Expectation failed: hasAccessibilityID: VisionSafety should generate accessibility identifiers
testPlatformSafetyGeneratesAccessibilityIdentifiers()
ConsolidatedAccessibilityTests.swift:17877: Expectation failed: hasAccessibilityID: PlatformSafety should generate accessibility identifiers
testPlatformSecurityGeneratesAccessibilityIdentifiers()
ConsolidatedAccessibilityTests.swift:17898: Expectation failed: hasAccessibilityID: PlatformSecurity should generate accessibility identifiers
testPlatformPrivacyGeneratesAccessibilityIdentifiers()
ConsolidatedAccessibilityTests.swift:17919: Expectation failed: hasAccessibilityID: PlatformPrivacy should generate accessibility identifiers
testSwitchControlManagerGeneratesAccessibilityIdentifiersOnIOS()
ConsolidatedAccessibilityTests.swift:17946: Expectation failed: hasAccessibilityID: View with .switchControlEnabled() (using SwitchControlManager) should generate accessibility identifiers on iOS 
testSwitchControlManagerGeneratesAccessibilityIdentifiersOnMacOS()
ConsolidatedAccessibilityTests.swift:17973: Expectation failed: hasAccessibilityID: View with .switchControlEnabled() (using SwitchControlManager) should generate accessibility identifiers on macOS 
Cross Platform Navigation
testCrossPlatformNavigationGeneratesAccessibilityIdentifiersOnIOS()
CrossPlatformNavigationTests.swift:39: Expectation failed: hasAccessibilityID: platformNavigation should generate accessibility identifiers on iOS 
testCrossPlatformNavigationGeneratesAccessibilityIdentifiersOnMacOS()
CrossPlatformNavigationTests.swift:59: Expectation failed: hasAccessibilityID: platformNavigation should generate accessibility identifiers on macOS 
Cross Platform Optimization Layer Component Accessibility
testCrossPlatformOptimizationManagerGeneratesAccessibilityIdentifiers()
CrossPlatformOptimizationLayer6ComponentAccessibilityTests.swift:39: Expectation failed: hasAccessibilityID: View with CrossPlatformOptimizationManager should generate accessibility identifiers 
testPlatformOptimizationSettingsGeneratesAccessibilityIdentifiers()
CrossPlatformOptimizationLayer6ComponentAccessibilityTests.swift:61: Expectation failed: hasAccessibilityID: PlatformOptimizationSettings should generate accessibility identifiers 
testCrossPlatformPerformanceMetricsGeneratesAccessibilityIdentifiers()
CrossPlatformOptimizationLayer6ComponentAccessibilityTests.swift:83: Expectation failed: hasAccessibilityID: CrossPlatformPerformanceMetrics should generate accessibility identifiers 
testPlatformUIPatternsGeneratesAccessibilityIdentifiers()
CrossPlatformOptimizationLayer6ComponentAccessibilityTests.swift:104: Expectation failed: hasAccessibilityID: PlatformUIPatterns should generate accessibility identifiers 
testCrossPlatformTestingGeneratesAccessibilityIdentifiers()
CrossPlatformOptimizationLayer6ComponentAccessibilityTests.swift:149: Expectation failed: hasAccessibilityID: CrossPlatformTesting should generate accessibility identifiers 
Custom Item Collection View
testCustomItemCollectionViewGeneratesAccessibilityIdentifiersOnIOS()
CustomItemCollectionViewTests.swift:57: Expectation failed: hasAccessibilityID: CustomItemCollectionView should generate accessibility identifiers on iOS 
testCustomItemCollectionViewGeneratesAccessibilityIdentifiersOnMacOS()
CustomItemCollectionViewTests.swift:86: Expectation failed: hasAccessibilityID: CustomItemCollectionView should generate accessibility identifiers on macOS 
Default Accessibility Identifier
testAutomaticIdentifiersWorkByDefault()
DefaultAccessibilityIdentifierTests.swift:45: Expectation failed: testComponentComplianceSinglePlatform((testView → PlatformInteractionButton<ModifiedContent<ModifiedContent<ModifiedContent<ModifiedContent<ModifiedContent<GenericContentView, _EnvironmentKeyWritingModifier<Optional<String>>>, SystemAccessibilityModifier>, PlatformPatternModifier>, VisualConsistencyModifier>, AutomaticComplianceModifier>>(label: SwiftUI.ModifiedContent<SwiftUI.ModifiedContent<SwiftUI.ModifiedContent<SwiftUI.ModifiedContent<SwiftUI.ModifiedContent<SixLayerFramework.GenericContentView, SwiftUI._EnvironmentKeyWritingModifier<Swift.Optional<Swift.String>>>, SixLayerFramework.SystemAccessibilityModifier>, SixLayerFramework.PlatformPatternModifier>, SixLayerFramework.VisualConsistencyModifier>, SixLayerFramework.AutomaticComplianceModifier>(content: SwiftUI.ModifiedContent<SwiftUI.ModifiedContent<SwiftUI.ModifiedContent<SwiftUI.ModifiedContent<SixLayerFramework.GenericContentView, SwiftUI._EnvironmentKeyWritingModifier<Swift.Optional<Swift.String>>>, SixLayerFramework.SystemAccessibilityModifier>, SixLayerFramework.PlatformPatternModifier>, SixLayerFramework.VisualConsistencyModifier>(content: SwiftUI.ModifiedContent<SwiftUI.ModifiedContent<SwiftUI.ModifiedContent<SixLayerFramework.GenericContentView, SwiftUI._EnvironmentKeyWritingModifier<Swift.Optional<Swift.String>>>, SixLayerFramework.SystemAccessibilityModifier>, SixLayerFramework.PlatformPatternModifier>(content: SwiftUI.ModifiedContent<SwiftUI.ModifiedContent<SixLayerFramework.GenericContentView, SwiftUI._EnvironmentKeyWritingModifier<Swift.Optional<Swift.String>>>, SixLayerFramework.SystemAccessibilityModifier>(content: SwiftUI.ModifiedContent<SixLayerFramework.GenericContentView, SwiftUI._EnvironmentKeyWritingModifier<Swift.Optional<Swift.String>>>(content: SixLayerFramework.GenericContentView(content: "Test Button", hints: SixLayerFramework.PresentationHints(dataType: SixLayerFramework.DataTypeHint.generic, presentationPreference: SixLayerFramework.PresentationPreference.automatic, complexity: SixLayerFramework.ContentComplexity.moderate, context: SixLayerFramework.PresentationContext.dashboard, customPreferences: [:], fieldHints: [:])), modifier: SwiftUI._EnvironmentKeyWritingModifier<Swift.Optional<Swift.String>>(keyPath: \EnvironmentValues.accessibilityIdentifierName, value: Optional("platformPresentContent_L1"))), modifier: SixLayerFramework.SystemAccessibilityModifier(accessibilityState: SixLayerFramework.AccessibilitySystemState(isVoiceOverRunning: false, isDarkerSystemColorsEnabled: false, isReduceTransparencyEnabled: false, isHighContrastEnabled: false, isReducedMotionEnabled: false, hasKeyboardSupport: false, hasFullKeyboardAccess: false, hasSwitchControl: false), platform: SixLayerFramework.SixLayerPlatform.iOS)), modifier: SixLayerFramework.PlatformPatternModifier(designSystem: SixLayerFramework.PlatformDesignSystem(platform: SixLayerFramework.SixLayerPlatform.macOS, colorSystem: SixLayerFramework.HIGColorSystem(primary: SwiftUI.AnyShapeStyle(storage: SwiftUI.AnyShapeStyle.Storage(box: SwiftUI.ColorBox<SwiftUI.SystemColorType>)), secondary: SwiftUI.AnyShapeStyle(storage: SwiftUI.AnyShapeStyle.Storage(box: SwiftUI.ColorBox<SwiftUI.SystemColorType>)), accent: SwiftUI.AnyShapeStyle(storage: SwiftUI.AnyShapeStyle.Storage(box: SwiftUI.ColorBox<SwiftUI.Color.AccentColorProvider>)), background: SwiftUI.AnyShapeStyle(storage: SwiftUI.AnyShapeStyle.Storage(box: SwiftUI.ColorBox<SwiftUI.AppKitPlatformColorProvider>)), surface: SwiftUI.AnyShapeStyle(storage: SwiftUI.AnyShapeStyle.Storage(box: SwiftUI.ColorBox<SwiftUI.AppKitPlatformColorProvider>)), text: SwiftUI.AnyShapeStyle(storage: SwiftUI.AnyShapeStyle.Storage(box: SwiftUI.ColorBox<SwiftUI.AppKitPlatformColorProvider>)), textSecondary: SwiftUI.AnyShapeStyle(storage: SwiftUI.AnyShapeStyle.Storage(box: SwiftUI.ColorBox<SwiftUI.SystemColorType>))), typographySystem: SixLayerFramework.HIGTypographySystem(largeTitle: SwiftUI.Font(provider: SwiftUI.FontBox<SwiftUI.Font.TextStyleProvider>), title: SwiftUI.Font(provider: SwiftUI.FontBox<SwiftUI.Font.TextStyleProvider>), headline: SwiftUI.Font(provider: SwiftUI.FontBox<SwiftUI.Font.TextStyleProvider>), body: SwiftUI.Font(provider: SwiftUI.FontBox<SwiftUI.Font.TextStyleProvider>), callout: SwiftUI.Font(provider: SwiftUI.FontBox<SwiftUI.Font.TextStyleProvider>), subheadline: SwiftUI.Font(provider: SwiftUI.FontBox<SwiftUI.Font.TextStyleProvider>), footnote: SwiftUI.Font(provider: SwiftUI.FontBox<SwiftUI.Font.TextStyleProvider>), caption: SwiftUI.Font(provider: SwiftUI.FontBox<SwiftUI.Font.TextStyleProvider>)), spacingSystem: SixLayerFramework.HIGSpacingSystem(xs: 4.0, sm: 8.0, md: 16.0, lg: 24.0, xl: 32.0, xxl: 40.0, xxxl: 48.0), iconSystem: SixLayerFramework.HIGIconSystem(platform: SixLayerFramework.SixLayerPlatform.macOS), visualDesignSystem: SixLayerFramework.HIGVisualDesignSystem(platform: SixLayerFramework.SixLayerPlatform.macOS, animationSystem: SixLayerFramework.HIGAnimationSystem(platform: SixLayerFramework.SixLayerPlatform.macOS), shadowSystem: SixLayerFramework.HIGShadowSystem(platform: SixLayerFramework.SixLayerPlatform.macOS), cornerRadiusSystem: SixLayerFramework.HIGCornerRadiusSystem(platform: SixLayerFramework.SixLayerPlatform.macOS), borderWidthSystem: SixLayerFramework.HIGBorderWidthSystem(platform: SixLayerFramework.SixLayerPlatform.macOS), opacitySystem: SixLayerFramework.HIGOpacitySystem(), blurSystem: SixLayerFramework.HIGBlurSystem(platform: SixLayerFramework.SixLayerPlatform.macOS))), platform: SixLayerFramework.SixLayerPlatform.macOS)), modifier: SixLayerFramework.VisualConsistencyModifier(designSystem: SixLayerFramework.PlatformDesignSystem(platform: SixLayerFramework.SixLayerPlatform.macOS, colorSystem: SixLayerFramework.HIGColorSystem(primary: SwiftUI.AnyShapeStyle(storage: SwiftUI.AnyShapeStyle.Storage(box: SwiftUI.ColorBox<SwiftUI.SystemColorType>)), secondary: SwiftUI.AnyShapeStyle(storage: SwiftUI.AnyShapeStyle.Storage(box: SwiftUI.ColorBox<SwiftUI.SystemColorType>)), accent: SwiftUI.AnyShapeStyle(storage: SwiftUI.AnyShapeStyle.Storage(box: SwiftUI.ColorBox<SwiftUI.Color.AccentColorProvider>)), background: SwiftUI.AnyShapeStyle(storage: SwiftUI.AnyShapeStyle.Storage(box: SwiftUI.ColorBox<SwiftUI.AppKitPlatformColorProvider>)), surface: SwiftUI.AnyShapeStyle(storage: SwiftUI.AnyShapeStyle.Storage(box: SwiftUI.ColorBox<SwiftUI.AppKitPlatformColorProvider>)), text: SwiftUI.AnyShapeStyle(storage: SwiftUI.AnyShapeStyle.Storage(box: SwiftUI.ColorBox<SwiftUI.AppKitPlatformColorProvider>)), textSecondary: SwiftUI.AnyShapeStyle(storage: SwiftUI.AnyShapeStyle.Storage(box: SwiftUI.ColorBox<SwiftUI.SystemColorType>))), typographySystem: SixLayerFramework.HIGTypographySystem(largeTitle: SwiftUI.Font(provider: SwiftUI.FontBox<SwiftUI.Font.TextStyleProvider>), title: SwiftUI.Font(provider: SwiftUI.FontBox<SwiftUI.Font.TextStyleProvider>), headline: SwiftUI.Font(provider: SwiftUI.FontBox<SwiftUI.Font.TextStyleProvider>), body: SwiftUI.Font(provider: SwiftUI.FontBox<SwiftUI.Font.TextStyleProvider>), callout: SwiftUI.Font(provider: SwiftUI.FontBox<SwiftUI.Font.TextStyleProvider>), subheadline: SwiftUI.Font(provider: SwiftUI.FontBox<SwiftUI.Font.TextStyleProvider>), footnote: SwiftUI.Font(provider: SwiftUI.FontBox<SwiftUI.Font.TextStyleProvider>), caption: SwiftUI.Font(provider: SwiftUI.FontBox<SwiftUI.Font.TextStyleProvider>)), spacingSystem: SixLayerFramework.HIGSpacingSystem(xs: 4.0, sm: 8.0, md: 16.0, lg: 24.0, xl: 32.0, xxl: 40.0, xxxl: 48.0), iconSystem: SixLayerFramework.HIGIconSystem(platform: SixLayerFramework.SixLayerPlatform.macOS), visualDesignSystem: SixLayerFramework.HIGVisualDesignSystem(platform: SixLayerFramework.SixLayerPlatform.macOS, animationSystem: SixLayerFramework.HIGAnimationSystem(platform: SixLayerFramework.SixLayerPlatform.macOS), shadowSystem: SixLayerFramework.HIGShadowSystem(platform: SixLayerFramework.SixLayerPlatform.macOS), cornerRadiusSystem: SixLayerFramework.HIGCornerRadiusSystem(platform: SixLayerFramework.SixLayerPlatform.macOS), borderWidthSystem: SixLayerFramework.HIGBorderWidthSystem(platform: SixLayerFramework.SixLayerPlatform.macOS), opacitySystem: SixLayerFramework.HIGOpacitySystem(), blurSystem: SixLayerFramework.HIGBlurSystem(platform: SixLayerFramework.SixLayerPlatform.macOS))), platform: SixLayerFramework.SixLayerPlatform.macOS, visualDesignConfig: SixLayerFramework.HIGVisualDesignCategoryConfig(applyAnimations: false, applyShadows: false, applyCornerRadius: false, applyBorders: false, applyOpacity: false, applyBlur: false, defaultAnimationCategory: nil, defaultShadowCategory: SixLayerFramework.HIGShadowCategory.elevated, defaultCornerRadiusCategory: SixLayerFramework.HIGCornerRadiusCategory.medium, defaultBorderWidthCategory: SixLayerFramework.HIGBorderWidthCategory.thin, defaultOpacityCategory: SixLayerFramework.HIGOpacityCategory.primary, defaultBlurCategory: SixLayerFramework.HIGBlurCategory.light), iOSConfig: nil)), modifier: SixLayerFramework.AutomaticComplianceModifier()), action: (Function), style: SixLayerFramework.InteractionButtonStyle.primary, _inputManager: SwiftUI.StateObject<SixLayerFramework.InputHandlingManager>(storage: SwiftUI.StateObject<SixLayerFramework.InputHandlingManager>.Storage.initially((Function))))), expectedPattern: "SixLayer.*ui", platform: (SixLayerPlatform.iOS → .iOS), componentName: "AutomaticIdentifiersWorkByDefault"): // Then: The view should be created successfully with accessibility identifier
// TODO: ViewInspector Detection Issue - VERIFIED: Framework function (e.g., platformPresentContent_L1) DOES have .automaticCompliance() 
// modifier applied. The componentName "Framework Function" is a test label, not a framework component.
// The test needs to be updated to handle ViewInspector's inability to detect these modifiers reliably.
// This is a ViewInspector limitation, not a missing modifier issue.
// TODO: Temporarily passing test - framework function HAS modifier but ViewInspector can't detect it
// Remove this workaround once ViewInspector detection is fixed
View should have accessibility identifier when explicitly enabled
testManualIdentifiersStillWork()
DefaultAccessibilityIdentifierTests.swift:111: Expectation failed: testComponentComplianceSinglePlatform((testView → ModifiedContent<PlatformInteractionButton<ModifiedContent<ModifiedContent<ModifiedContent<ModifiedContent<ModifiedContent<GenericContentView, _EnvironmentKeyWritingModifier<Optional<String>>>, SystemAccessibilityModifier>, PlatformPatternModifier>, VisualConsistencyModifier>, AutomaticComplianceModifier>>, AccessibilityAttachmentModifier>(content: SixLayerFramework.PlatformInteractionButton<SwiftUI.ModifiedContent<SwiftUI.ModifiedContent<SwiftUI.ModifiedContent<SwiftUI.ModifiedContent<SwiftUI.ModifiedContent<SixLayerFramework.GenericContentView, SwiftUI._EnvironmentKeyWritingModifier<Swift.Optional<Swift.String>>>, SixLayerFramework.SystemAccessibilityModifier>, SixLayerFramework.PlatformPatternModifier>, SixLayerFramework.VisualConsistencyModifier>, SixLayerFramework.AutomaticComplianceModifier>>(label: SwiftUI.ModifiedContent<SwiftUI.ModifiedContent<SwiftUI.ModifiedContent<SwiftUI.ModifiedContent<SwiftUI.ModifiedContent<SixLayerFramework.GenericContentView, SwiftUI._EnvironmentKeyWritingModifier<Swift.Optional<Swift.String>>>, SixLayerFramework.SystemAccessibilityModifier>, SixLayerFramework.PlatformPatternModifier>, SixLayerFramework.VisualConsistencyModifier>, SixLayerFramework.AutomaticComplianceModifier>(content: SwiftUI.ModifiedContent<SwiftUI.ModifiedContent<SwiftUI.ModifiedContent<SwiftUI.ModifiedContent<SixLayerFramework.GenericContentView, SwiftUI._EnvironmentKeyWritingModifier<Swift.Optional<Swift.String>>>, SixLayerFramework.SystemAccessibilityModifier>, SixLayerFramework.PlatformPatternModifier>, SixLayerFramework.VisualConsistencyModifier>(content: SwiftUI.ModifiedContent<SwiftUI.ModifiedContent<SwiftUI.ModifiedContent<SixLayerFramework.GenericContentView, SwiftUI._EnvironmentKeyWritingModifier<Swift.Optional<Swift.String>>>, SixLayerFramework.SystemAccessibilityModifier>, SixLayerFramework.PlatformPatternModifier>(content: SwiftUI.ModifiedContent<SwiftUI.ModifiedContent<SixLayerFramework.GenericContentView, SwiftUI._EnvironmentKeyWritingModifier<Swift.Optional<Swift.String>>>, SixLayerFramework.SystemAccessibilityModifier>(content: SwiftUI.ModifiedContent<SixLayerFramework.GenericContentView, SwiftUI._EnvironmentKeyWritingModifier<Swift.Optional<Swift.String>>>(content: SixLayerFramework.GenericContentView(content: "Test Button", hints: SixLayerFramework.PresentationHints(dataType: SixLayerFramework.DataTypeHint.generic, presentationPreference: SixLayerFramework.PresentationPreference.automatic, complexity: SixLayerFramework.ContentComplexity.moderate, context: SixLayerFramework.PresentationContext.dashboard, customPreferences: [:], fieldHints: [:])), modifier: SwiftUI._EnvironmentKeyWritingModifier<Swift.Optional<Swift.String>>(keyPath: \EnvironmentValues.accessibilityIdentifierName, value: Optional("platformPresentContent_L1"))), modifier: SixLayerFramework.SystemAccessibilityModifier(accessibilityState: SixLayerFramework.AccessibilitySystemState(isVoiceOverRunning: false, isDarkerSystemColorsEnabled: false, isReduceTransparencyEnabled: false, isHighContrastEnabled: false, isReducedMotionEnabled: false, hasKeyboardSupport: false, hasFullKeyboardAccess: false, hasSwitchControl: false), platform: SixLayerFramework.SixLayerPlatform.iOS)), modifier: SixLayerFramework.PlatformPatternModifier(designSystem: SixLayerFramework.PlatformDesignSystem(platform: SixLayerFramework.SixLayerPlatform.macOS, colorSystem: SixLayerFramework.HIGColorSystem(primary: SwiftUI.AnyShapeStyle(storage: SwiftUI.AnyShapeStyle.Storage(box: SwiftUI.ColorBox<SwiftUI.SystemColorType>)), secondary: SwiftUI.AnyShapeStyle(storage: SwiftUI.AnyShapeStyle.Storage(box: SwiftUI.ColorBox<SwiftUI.SystemColorType>)), accent: SwiftUI.AnyShapeStyle(storage: SwiftUI.AnyShapeStyle.Storage(box: SwiftUI.ColorBox<SwiftUI.Color.AccentColorProvider>)), background: SwiftUI.AnyShapeStyle(storage: SwiftUI.AnyShapeStyle.Storage(box: SwiftUI.ColorBox<SwiftUI.AppKitPlatformColorProvider>)), surface: SwiftUI.AnyShapeStyle(storage: SwiftUI.AnyShapeStyle.Storage(box: SwiftUI.ColorBox<SwiftUI.AppKitPlatformColorProvider>)), text: SwiftUI.AnyShapeStyle(storage: SwiftUI.AnyShapeStyle.Storage(box: SwiftUI.ColorBox<SwiftUI.AppKitPlatformColorProvider>)), textSecondary: SwiftUI.AnyShapeStyle(storage: SwiftUI.AnyShapeStyle.Storage(box: SwiftUI.ColorBox<SwiftUI.SystemColorType>))), typographySystem: SixLayerFramework.HIGTypographySystem(largeTitle: SwiftUI.Font(provider: SwiftUI.FontBox<SwiftUI.Font.TextStyleProvider>), title: SwiftUI.Font(provider: SwiftUI.FontBox<SwiftUI.Font.TextStyleProvider>), headline: SwiftUI.Font(provider: SwiftUI.FontBox<SwiftUI.Font.TextStyleProvider>), body: SwiftUI.Font(provider: SwiftUI.FontBox<SwiftUI.Font.TextStyleProvider>), callout: SwiftUI.Font(provider: SwiftUI.FontBox<SwiftUI.Font.TextStyleProvider>), subheadline: SwiftUI.Font(provider: SwiftUI.FontBox<SwiftUI.Font.TextStyleProvider>), footnote: SwiftUI.Font(provider: SwiftUI.FontBox<SwiftUI.Font.TextStyleProvider>), caption: SwiftUI.Font(provider: SwiftUI.FontBox<SwiftUI.Font.TextStyleProvider>)), spacingSystem: SixLayerFramework.HIGSpacingSystem(xs: 4.0, sm: 8.0, md: 16.0, lg: 24.0, xl: 32.0, xxl: 40.0, xxxl: 48.0), iconSystem: SixLayerFramework.HIGIconSystem(platform: SixLayerFramework.SixLayerPlatform.macOS), visualDesignSystem: SixLayerFramework.HIGVisualDesignSystem(platform: SixLayerFramework.SixLayerPlatform.macOS, animationSystem: SixLayerFramework.HIGAnimationSystem(platform: SixLayerFramework.SixLayerPlatform.macOS), shadowSystem: SixLayerFramework.HIGShadowSystem(platform: SixLayerFramework.SixLayerPlatform.macOS), cornerRadiusSystem: SixLayerFramework.HIGCornerRadiusSystem(platform: SixLayerFramework.SixLayerPlatform.macOS), borderWidthSystem: SixLayerFramework.HIGBorderWidthSystem(platform: SixLayerFramework.SixLayerPlatform.macOS), opacitySystem: SixLayerFramework.HIGOpacitySystem(), blurSystem: SixLayerFramework.HIGBlurSystem(platform: SixLayerFramework.SixLayerPlatform.macOS))), platform: SixLayerFramework.SixLayerPlatform.macOS)), modifier: SixLayerFramework.VisualConsistencyModifier(designSystem: SixLayerFramework.PlatformDesignSystem(platform: SixLayerFramework.SixLayerPlatform.macOS, colorSystem: SixLayerFramework.HIGColorSystem(primary: SwiftUI.AnyShapeStyle(storage: SwiftUI.AnyShapeStyle.Storage(box: SwiftUI.ColorBox<SwiftUI.SystemColorType>)), secondary: SwiftUI.AnyShapeStyle(storage: SwiftUI.AnyShapeStyle.Storage(box: SwiftUI.ColorBox<SwiftUI.SystemColorType>)), accent: SwiftUI.AnyShapeStyle(storage: SwiftUI.AnyShapeStyle.Storage(box: SwiftUI.ColorBox<SwiftUI.Color.AccentColorProvider>)), background: SwiftUI.AnyShapeStyle(storage: SwiftUI.AnyShapeStyle.Storage(box: SwiftUI.ColorBox<SwiftUI.AppKitPlatformColorProvider>)), surface: SwiftUI.AnyShapeStyle(storage: SwiftUI.AnyShapeStyle.Storage(box: SwiftUI.ColorBox<SwiftUI.AppKitPlatformColorProvider>)), text: SwiftUI.AnyShapeStyle(storage: SwiftUI.AnyShapeStyle.Storage(box: SwiftUI.ColorBox<SwiftUI.AppKitPlatformColorProvider>)), textSecondary: SwiftUI.AnyShapeStyle(storage: SwiftUI.AnyShapeStyle.Storage(box: SwiftUI.ColorBox<SwiftUI.SystemColorType>))), typographySystem: SixLayerFramework.HIGTypographySystem(largeTitle: SwiftUI.Font(provider: SwiftUI.FontBox<SwiftUI.Font.TextStyleProvider>), title: SwiftUI.Font(provider: SwiftUI.FontBox<SwiftUI.Font.TextStyleProvider>), headline: SwiftUI.Font(provider: SwiftUI.FontBox<SwiftUI.Font.TextStyleProvider>), body: SwiftUI.Font(provider: SwiftUI.FontBox<SwiftUI.Font.TextStyleProvider>), callout: SwiftUI.Font(provider: SwiftUI.FontBox<SwiftUI.Font.TextStyleProvider>), subheadline: SwiftUI.Font(provider: SwiftUI.FontBox<SwiftUI.Font.TextStyleProvider>), footnote: SwiftUI.Font(provider: SwiftUI.FontBox<SwiftUI.Font.TextStyleProvider>), caption: SwiftUI.Font(provider: SwiftUI.FontBox<SwiftUI.Font.TextStyleProvider>)), spacingSystem: SixLayerFramework.HIGSpacingSystem(xs: 4.0, sm: 8.0, md: 16.0, lg: 24.0, xl: 32.0, xxl: 40.0, xxxl: 48.0), iconSystem: SixLayerFramework.HIGIconSystem(platform: SixLayerFramework.SixLayerPlatform.macOS), visualDesignSystem: SixLayerFramework.HIGVisualDesignSystem(platform: SixLayerFramework.SixLayerPlatform.macOS, animationSystem: SixLayerFramework.HIGAnimationSystem(platform: SixLayerFramework.SixLayerPlatform.macOS), shadowSystem: SixLayerFramework.HIGShadowSystem(platform: SixLayerFramework.SixLayerPlatform.macOS), cornerRadiusSystem: SixLayerFramework.HIGCornerRadiusSystem(platform: SixLayerFramework.SixLayerPlatform.macOS), borderWidthSystem: SixLayerFramework.HIGBorderWidthSystem(platform: SixLayerFramework.SixLayerPlatform.macOS), opacitySystem: SixLayerFramework.HIGOpacitySystem(), blurSystem: SixLayerFramework.HIGBlurSystem(platform: SixLayerFramework.SixLayerPlatform.macOS))), platform: SixLayerFramework.SixLayerPlatform.macOS, visualDesignConfig: SixLayerFramework.HIGVisualDesignCategoryConfig(applyAnimations: false, applyShadows: false, applyCornerRadius: false, applyBorders: false, applyOpacity: false, applyBlur: false, defaultAnimationCategory: nil, defaultShadowCategory: SixLayerFramework.HIGShadowCategory.elevated, defaultCornerRadiusCategory: SixLayerFramework.HIGCornerRadiusCategory.medium, defaultBorderWidthCategory: SixLayerFramework.HIGBorderWidthCategory.thin, defaultOpacityCategory: SixLayerFramework.HIGOpacityCategory.primary, defaultBlurCategory: SixLayerFramework.HIGBlurCategory.light), iOSConfig: nil)), modifier: SixLayerFramework.AutomaticComplianceModifier()), action: (Function), style: SixLayerFramework.InteractionButtonStyle.primary, _inputManager: SwiftUI.StateObject<SixLayerFramework.InputHandlingManager>(storage: SwiftUI.StateObject<SixLayerFramework.InputHandlingManager>.Storage.initially((Function)))), modifier: SwiftUI.AccessibilityAttachmentModifier(storage: SwiftUI.MutableBox<SwiftUI.AccessibilityAttachment>, behavior: nil))), expectedPattern: "manual-test-button", platform: (SixLayerPlatform.iOS → .iOS), componentName: "ManualIdentifiersWorkByDefault"): // Then: The view should be created successfully with manual accessibility identifier
// TODO: ViewInspector Detection Issue - VERIFIED: Framework function (e.g., platformPresentContent_L1) DOES have .automaticCompliance() 
// modifier applied. The componentName "Framework Function" is a test label, not a framework component.
// The test needs to be updated to handle ViewInspector's inability to detect these modifiers reliably.
// This is a ViewInspector limitation, not a missing modifier issue.
// TODO: Temporarily passing test - framework function HAS modifier but ViewInspector can't detect it
// Remove this workaround once ViewInspector detection is fixed
Manual accessibility identifier should work by default
Dynamic Field Components
testDynamicMultiSelectFieldRendersSelectionInterface()
DynamicFieldComponentsTests.swift:64: Expectation failed: (foundOption1 || foundOption2 → false) || (foundOption3 → false): Should display options from field
DynamicFieldComponentsTests.swift:90: Expectation failed: hasAccessibilityID: Should generate accessibility identifier 
testDynamicRadioFieldRendersRadioButtons()
DynamicFieldComponentsTests.swift:144: Expectation failed: (foundChoiceA || foundChoiceB → false) || (foundChoiceC → false): Should display radio options
DynamicFieldComponentsTests.swift:159: Expectation failed: hasAccessibilityID: Should generate accessibility identifier 
testDynamicCheckboxFieldRendersCheckboxes()
DynamicFieldComponentsTests.swift:212: Expectation failed: (foundCheck1 || foundCheck2 → false) || (foundCheck3 → false): Should display checkbox options
DynamicFieldComponentsTests.swift:227: Expectation failed: hasAccessibilityID: Should generate accessibility identifier 
testDynamicRichTextFieldRendersRichTextEditor()
DynamicFieldComponentsTests.swift:287: Expectation failed: hasAccessibilityID: Should generate accessibility identifier 
testDynamicFileFieldRendersFilePicker()
DynamicFieldComponentsTests.swift:344: Expectation failed: hasAccessibilityID: Should generate accessibility identifier 
testDynamicImageFieldRendersImagePicker()
DynamicFieldComponentsTests.swift:401: Expectation failed: hasAccessibilityID: Should generate accessibility identifier 
testDynamicArrayFieldRendersArrayInput()
DynamicFieldComponentsTests.swift:458: Expectation failed: hasAccessibilityID: Should generate accessibility identifier 
testDynamicDataFieldRendersDataInput()
DynamicFieldComponentsTests.swift:515: Expectation failed: hasAccessibilityID: Should generate accessibility identifier 
testDynamicAutocompleteFieldRendersAutocomplete()
DynamicFieldComponentsTests.swift:553: Expectation failed: hasAutocomplete: Should provide autocomplete interface
DynamicFieldComponentsTests.swift:571: Expectation failed: hasAccessibilityID: Should generate accessibility identifier 
testDynamicEnumFieldRendersEnumPicker()
DynamicFieldComponentsTests.swift:619: Expectation failed: (foundValue1 || foundValue2 → false) || (foundValue3 → false): Should display enum options
DynamicFieldComponentsTests.swift:634: Expectation failed: hasAccessibilityID: Should generate accessibility identifier 
testDynamicCustomFieldRendersCustomComponent()
DynamicFieldComponentsTests.swift:671: Expectation failed: hasInterface: Should render custom component or error message
DynamicFieldComponentsTests.swift:688: Expectation failed: hasAccessibilityID: Should generate accessibility identifier 
testDynamicColorFieldRendersColorPicker()
DynamicFieldComponentsTests.swift:725: Expectation failed: hasColorPicker: Should provide color picker interface
DynamicFieldComponentsTests.swift:742: Expectation failed: hasAccessibilityID: Should generate accessibility identifier 
testDynamicTextAreaFieldRendersMultiLineEditor()
DynamicFieldComponentsTests.swift:779: Expectation failed: hasTextArea: Should provide multi-line text editor
DynamicFieldComponentsTests.swift:796: Expectation failed: hasAccessibilityID: Should generate accessibility identifier 
testDynamicTextFieldShowsCharacterCounterWhenMaxLengthSet()
DynamicFieldComponentsTests.swift:843: Expectation failed: hasCounter: Should display character counter with max length
testDynamicTextFieldCharacterCounterShowsWarningColorWhenApproachingLimit()
DynamicFieldComponentsTests.swift:913: Expectation failed: hasCounter: Should show updated counter when approaching limit
testDynamicTextAreaFieldShowsCharacterCounterWhenMaxLengthSet()
DynamicFieldComponentsTests.swift:986: Expectation failed: hasCounter: Should display character counter in text area
testCharacterCounterIsAccessible()
DynamicFieldComponentsTests.swift:1049: Expectation failed: hasAccessibilityID: Should have accessibility identifier
testDynamicRichTextFieldShowsCharacterCounterWhenMaxLengthSet()
DynamicFieldComponentsTests.swift:1084: Expectation failed: hasCounter: Should display character counter in rich text field
testDynamicEmailFieldShowsCharacterCounterWhenMaxLengthSet()
DynamicFieldComponentsTests.swift:1122: Expectation failed: hasCounter: Should display character counter in email field
testDynamicPhoneFieldShowsCharacterCounterWhenMaxLengthSet()
DynamicFieldComponentsTests.swift:1158: Expectation failed: hasCounter: Should display character counter in phone field
testDynamicURLFieldShowsCharacterCounterWhenMaxLengthSet()
DynamicFieldComponentsTests.swift:1194: Expectation failed: hasCounter: Should display character counter in URL field
testDynamicURLFieldUsesLinkForReadOnlyValidURL()
DynamicFieldComponentsTests.swift:1234: Expectation failed: !((links → []).isEmpty → true → true): // Verify Link component is present for read-only valid URL
Read-only URL field with valid URL should use Link component
DynamicFieldComponentsTests.swift:1235: Expectation failed: (textFields → [ViewInspector.InspectableView<ViewInspector.ViewType.ClassifiedView>(content: ViewInspector.Content(view: SixLayerFramework.DynamicURLField(field: SixLayerFramework.DynamicFormField(id: "readonly-url", textContentType: nil, contentType: Optional(SixLayerFramework.DynamicContentType.url), label: "Website", placeholder: nil, description: nil, isRequired: false, validationRules: nil, options: nil, defaultValue: nil, metadata: Optional(["isEditable": "false"]), supportsOCR: false, ocrHint: nil, ocrValidationTypes: nil, ocrFieldIdentifier: nil, ocrValidationRules: nil, ocrHints: nil, supportsBarcodeScanning: false, barcodeHint: nil, supportedBarcodeTypes: nil, barcodeFieldIdentifier: nil, isCalculated: false, calculationFormula: nil, calculationDependencies: nil, calculationGroups: nil, visibilityCondition: nil, fieldAction: nil, trailingView: nil, valueView: nil, maxVisibleActions: 2, useActionMenu: true), _formState: SwiftUI.ObservedObject<SixLayerFramework.DynamicFormState>(_seed: 0, wrappedValue: SixLayerFramework.DynamicFormState)), medium: ViewInspector.Content.Medium(viewModifiers: [SwiftUI.ModifiedContent<SwiftUI.ModifiedContent<SixLayerFramework.DynamicURLField, SwiftUI._EnvironmentKeyWritingModifier<Swift.Bool>>, SixLayerFramework.AutomaticComplianceModifier>(content: SwiftUI.ModifiedContent<SixLayerFramework.DynamicURLField, SwiftUI._EnvironmentKeyWritingModifier<Swift.Bool>>(content: SixLayerFramework.DynamicURLField(field: SixLayerFramework.DynamicFormField(id: "readonly-url", textContentType: nil, contentType: Optional(SixLayerFramework.DynamicContentType.url), label: "Website", placeholder: nil, description: nil, isRequired: false, validationRules: nil, options: nil, defaultValue: nil, metadata: Optional(["isEditable": "false"]), supportsOCR: false, ocrHint: nil, ocrValidationTypes: nil, ocrFieldIdentifier: nil, ocrValidationRules: nil, ocrHints: nil, supportsBarcodeScanning: false, barcodeHint: nil, supportedBarcodeTypes: nil, barcodeFieldIdentifier: nil, isCalculated: false, calculationFormula: nil, calculationDependencies: nil, calculationGroups: nil, visibilityCondition: nil, fieldAction: nil, trailingView: nil, valueView: nil, maxVisibleActions: 2, useActionMenu: true), _formState: SwiftUI.ObservedObject<SixLayerFramework.DynamicFormState>(_seed: 0, wrappedValue: SixLayerFramework.DynamicFormState)), modifier: SwiftUI._EnvironmentKeyWritingModifier<Swift.Bool>(keyPath: \EnvironmentValues.globalAutomaticAccessibilityIdentifiers, value: true)), modifier: SixLayerFramework.AutomaticComplianceModifier())], transitiveViewModifiers: [], environmentModifiers: [SwiftUI.ModifiedContent<SixLayerFramework.DynamicURLField, SwiftUI._EnvironmentKeyWritingModifier<Swift.Bool>>(content: SixLayerFramework.DynamicURLField(field: SixLayerFramework.DynamicFormField(id: "readonly-url", textContentType: nil, contentType: Optional(SixLayerFramework.DynamicContentType.url), label: "Website", placeholder: nil, description: nil, isRequired: false, validationRules: nil, options: nil, defaultValue: nil, metadata: Optional(["isEditable": "false"]), supportsOCR: false, ocrHint: nil, ocrValidationTypes: nil, ocrFieldIdentifier: nil, ocrValidationRules: nil, ocrHints: nil, supportsBarcodeScanning: false, barcodeHint: nil, supportedBarcodeTypes: nil, barcodeFieldIdentifier: nil, isCalculated: false, calculationFormula: nil, calculationDependencies: nil, calculationGroups: nil, visibilityCondition: nil, fieldAction: nil, trailingView: nil, valueView: nil, maxVisibleActions: 2, useActionMenu: true), _formState: SwiftUI.ObservedObject<SixLayerFramework.DynamicFormState>(_seed: 0, wrappedValue: SixLayerFramework.DynamicFormState)), modifier: SwiftUI._EnvironmentKeyWritingModifier<Swift.Bool>(keyPath: \EnvironmentValues.globalAutomaticAccessibilityIdentifiers, value: true))], environmentObjects: [])), parentView: nil, inspectionCall: "", inspectionIndex: nil, isUnwrappedSupplementaryChild: false)]).isEmpty → false: Read-only URL field should not use TextField
testDynamicURLFieldUsesTextForReadOnlyInvalidURL()
DynamicFieldComponentsTests.swift:1286: Expectation failed: hasInvalidURL: Text should display the invalid URL value
testDynamicURLFieldDetectsReadOnlyViaDisplayOnlyMetadata()
DynamicFieldComponentsTests.swift:1368: Expectation failed: !((links → []).isEmpty → true → true): // Verify Link component is present for display-only valid URL
Display-only URL field should use Link component
DynamicFieldComponentsTests.swift:1369: Expectation failed: (textFields → [ViewInspector.InspectableView<ViewInspector.ViewType.ClassifiedView>(content: ViewInspector.Content(view: SixLayerFramework.DynamicURLField(field: SixLayerFramework.DynamicFormField(id: "display-only-url", textContentType: nil, contentType: Optional(SixLayerFramework.DynamicContentType.url), label: "Website", placeholder: nil, description: nil, isRequired: false, validationRules: nil, options: nil, defaultValue: nil, metadata: Optional(["displayOnly": "true"]), supportsOCR: false, ocrHint: nil, ocrValidationTypes: nil, ocrFieldIdentifier: nil, ocrValidationRules: nil, ocrHints: nil, supportsBarcodeScanning: false, barcodeHint: nil, supportedBarcodeTypes: nil, barcodeFieldIdentifier: nil, isCalculated: false, calculationFormula: nil, calculationDependencies: nil, calculationGroups: nil, visibilityCondition: nil, fieldAction: nil, trailingView: nil, valueView: nil, maxVisibleActions: 2, useActionMenu: true), _formState: SwiftUI.ObservedObject<SixLayerFramework.DynamicFormState>(_seed: 0, wrappedValue: SixLayerFramework.DynamicFormState)), medium: ViewInspector.Content.Medium(viewModifiers: [SwiftUI.ModifiedContent<SwiftUI.ModifiedContent<SixLayerFramework.DynamicURLField, SwiftUI._EnvironmentKeyWritingModifier<Swift.Bool>>, SixLayerFramework.AutomaticComplianceModifier>(content: SwiftUI.ModifiedContent<SixLayerFramework.DynamicURLField, SwiftUI._EnvironmentKeyWritingModifier<Swift.Bool>>(content: SixLayerFramework.DynamicURLField(field: SixLayerFramework.DynamicFormField(id: "display-only-url", textContentType: nil, contentType: Optional(SixLayerFramework.DynamicContentType.url), label: "Website", placeholder: nil, description: nil, isRequired: false, validationRules: nil, options: nil, defaultValue: nil, metadata: Optional(["displayOnly": "true"]), supportsOCR: false, ocrHint: nil, ocrValidationTypes: nil, ocrFieldIdentifier: nil, ocrValidationRules: nil, ocrHints: nil, supportsBarcodeScanning: false, barcodeHint: nil, supportedBarcodeTypes: nil, barcodeFieldIdentifier: nil, isCalculated: false, calculationFormula: nil, calculationDependencies: nil, calculationGroups: nil, visibilityCondition: nil, fieldAction: nil, trailingView: nil, valueView: nil, maxVisibleActions: 2, useActionMenu: true), _formState: SwiftUI.ObservedObject<SixLayerFramework.DynamicFormState>(_seed: 0, wrappedValue: SixLayerFramework.DynamicFormState)), modifier: SwiftUI._EnvironmentKeyWritingModifier<Swift.Bool>(keyPath: \EnvironmentValues.globalAutomaticAccessibilityIdentifiers, value: true)), modifier: SixLayerFramework.AutomaticComplianceModifier())], transitiveViewModifiers: [], environmentModifiers: [SwiftUI.ModifiedContent<SixLayerFramework.DynamicURLField, SwiftUI._EnvironmentKeyWritingModifier<Swift.Bool>>(content: SixLayerFramework.DynamicURLField(field: SixLayerFramework.DynamicFormField(id: "display-only-url", textContentType: nil, contentType: Optional(SixLayerFramework.DynamicContentType.url), label: "Website", placeholder: nil, description: nil, isRequired: false, validationRules: nil, options: nil, defaultValue: nil, metadata: Optional(["displayOnly": "true"]), supportsOCR: false, ocrHint: nil, ocrValidationTypes: nil, ocrFieldIdentifier: nil, ocrValidationRules: nil, ocrHints: nil, supportsBarcodeScanning: false, barcodeHint: nil, supportedBarcodeTypes: nil, barcodeFieldIdentifier: nil, isCalculated: false, calculationFormula: nil, calculationDependencies: nil, calculationGroups: nil, visibilityCondition: nil, fieldAction: nil, trailingView: nil, valueView: nil, maxVisibleActions: 2, useActionMenu: true), _formState: SwiftUI.ObservedObject<SixLayerFramework.DynamicFormState>(_seed: 0, wrappedValue: SixLayerFramework.DynamicFormState)), modifier: SwiftUI._EnvironmentKeyWritingModifier<Swift.Bool>(keyPath: \EnvironmentValues.globalAutomaticAccessibilityIdentifiers, value: true))], environmentObjects: [])), parentView: nil, inspectionCall: "", inspectionIndex: nil, isUnwrappedSupplementaryChild: false)]).isEmpty → false: Display-only URL field should not use TextField
testDynamicURLFieldShowsEmptyPlaceholderForReadOnlyEmptyURL()
DynamicFieldComponentsTests.swift:1411: Expectation failed: hasPlaceholder: Empty read-only URL should show placeholder (—)
testDynamicPasswordFieldShowsCharacterCounterWhenMaxLengthSet()
DynamicFieldComponentsTests.swift:1448: Expectation failed: hasCounter: Should display character counter in password field
testDynamicAutocompleteFieldShowsCharacterCounterWhenMaxLengthSet()
DynamicFieldComponentsTests.swift:1484: Expectation failed: hasCounter: Should display character counter in autocomplete field
testDynamicStepperFieldRendersStepper()
DynamicFieldComponentsTests.swift:1688: Expectation failed: hasAccessibilityID: Should generate accessibility identifier
testDynamicStepperFieldShowsCurrentValue()
DynamicFieldComponentsTests.swift:1839: Expectation failed: showsValue: Should display current value
testDynamicTextFieldShowsCharacterCounterForMultiLine()
DynamicFieldComponentsTests.swift:2163: Expectation failed: hasCounter: Should display character counter for multi-line TextField
testDynamicGaugeFieldRendersGaugeComponent()
DynamicFieldComponentsTests.swift:2322: Expectation failed: hasAccessibilityID: Should generate accessibility identifier 
Dynamic Form Progress Indicator UI
testProgressIndicatorDisplaysWhenEnabled()
DynamicFormProgressIndicatorTests.swift:102: Expectation failed: (progressIndicator → nil) != nil: Progress indicator should be present when showProgress is true
testProgressIndicatorDisplaysCorrectFieldCount()
DynamicFormProgressIndicatorTests.swift:213: Issue recorded: Could not find progress indicator to verify field count
testProgressBarMatchesPercentage()
DynamicFormProgressIndicatorTests.swift:267: Issue recorded: Could not find progress indicator to verify progress bar
testProgressIndicatorDisplaysCorrectCounts()
DynamicFormProgressIndicatorTests.swift:376: Issue recorded: Could not find field count text for 0/2
DynamicFormProgressIndicatorTests.swift:376: Issue recorded: Could not find field count text for 1/2
DynamicFormProgressIndicatorTests.swift:376: Issue recorded: Could not find field count text for 2/2
DynamicFormProgressIndicatorTests.swift:376: Issue recorded: Could not find field count text for 0/1
DynamicFormProgressIndicatorTests.swift:376: Issue recorded: Could not find field count text for 1/1
DynamicFormProgressIndicatorTests.swift:376: Issue recorded: Could not find field count text for 3/5
testProgressIndicatorHasCorrectAccessibilityLabel()
DynamicFormProgressIndicatorTests.swift:412: Expectation failed: hasAccessibilityLabel: Progress indicator should have accessibility identifier
testProgressIndicatorAccessibilityValueMatchesDisplay()
DynamicFormProgressIndicatorTests.swift:444: Expectation failed: hasAccessibilityID: Progress indicator should have accessibility identifier
DynamicFormProgressIndicatorTests.swift:453: Expectation failed: (fieldCountText → nil) != nil: Should display '3 of 5 fields' text that matches accessibility value
testProgressIndicatorSupportsScreenReaderAnnouncements()
DynamicFormProgressIndicatorTests.swift:495: Expectation failed: hasAccessibilityID: Progress indicator should have accessibility identifier for screen readers
DynamicFormProgressIndicatorTests.swift:499: Expectation failed: (texts.count → 1) >= 2: Should have text elements for screen reader announcements
DynamicFormProgressIndicatorTests.swift:495: Expectation failed: hasAccessibilityID: Progress indicator should have accessibility identifier for screen readers
DynamicFormProgressIndicatorTests.swift:499: Expectation failed: (texts.count → 1) >= 2: Should have text elements for screen reader announcements
DynamicFormProgressIndicatorTests.swift:495: Expectation failed: hasAccessibilityID: Progress indicator should have accessibility identifier for screen readers
DynamicFormProgressIndicatorTests.swift:499: Expectation failed: (texts.count → 1) >= 2: Should have text elements for screen reader announcements
testProgressIndicatorFollowsDesignPattern()
DynamicFormProgressIndicatorTests.swift:529: Expectation failed: (vStack → nil) != nil: Progress indicator should have VStack as root
testProgressIndicatorIsVisibleAndReadable()
DynamicFormProgressIndicatorTests.swift:568: Expectation failed: (vStack → nil) != nil: Progress indicator should have VStack structure for styling
DynamicFormProgressIndicatorTests.swift:572: Expectation failed: (texts.count → 1) >= 2: Should have text elements that are styled for readability
testProgressIndicatorDisplaysAllElements()
DynamicFormProgressIndicatorTests.swift:604: Expectation failed: (texts.count → 1) >= 2: // Should have at least 2 Text elements: "Progress" and "1 of 3 fields"
Should have Progress label and field count text
DynamicFormProgressIndicatorTests.swift:610: Expectation failed: hasProgressTitle: Should display 'Progress' title
DynamicFormProgressIndicatorTests.swift:616: Expectation failed: hasFieldCount: Should display field count text
testProgressIndicatorWorksInLightMode()
DynamicFormProgressIndicatorTests.swift:650: Expectation failed: (vStack → nil) != nil: Progress indicator should render in light mode
DynamicFormProgressIndicatorTests.swift:654: Expectation failed: (texts.count → 1) >= 2: Should have text elements visible in light mode
testProgressIndicatorWorksInDarkMode()
DynamicFormProgressIndicatorTests.swift:686: Expectation failed: (vStack → nil) != nil: Progress indicator should render in dark mode
DynamicFormProgressIndicatorTests.swift:690: Expectation failed: (texts.count → 1) >= 2: Should have text elements visible in dark mode
testProgressIndicatorHandlesEdgeCases()
DynamicFormProgressIndicatorTests.swift:718: Expectation failed: (vStack → nil) != nil: Progress indicator should render even with 0 of 0 fields
Dynamic Form View Component Accessibility
testDynamicFormViewGeneratesAccessibilityIdentifiers()
DynamicFormViewComponentAccessibilityTests.swift:126: Expectation failed: hasAccessibilityID: DynamicFormView should generate accessibility identifiers 
testDynamicFormHeaderGeneratesAccessibilityIdentifiers()
DynamicFormViewComponentAccessibilityTests.swift:154: Expectation failed: hasAccessibilityID: DynamicFormHeader should generate accessibility identifiers 
testDynamicFormSectionViewGeneratesAccessibilityIdentifiers()
DynamicFormViewComponentAccessibilityTests.swift:182: Expectation failed: hasAccessibilityID: DynamicFormSectionView should generate accessibility identifiers 
testCollapsibleSectionHasAccessibilityLabelsAndHints()
DynamicFormViewComponentAccessibilityTests.swift:233: Issue recorded: View inspection failed - collapsible section structure not verified
testDynamicFormActionsGeneratesAccessibilityIdentifiers()
DynamicFormViewComponentAccessibilityTests.swift:262: Expectation failed: hasAccessibilityID: DynamicFormActions should generate accessibility identifiers 
testDynamicTextFieldRendersTextFieldWithCorrectBindingAndAccessibility()
DynamicFormViewComponentAccessibilityTests.swift:331: Issue recorded: DynamicTextField inspection error: sixLayerVStack() requires a VStack view
testDynamicNumberFieldRendersTextFieldWithNumericKeyboard()
DynamicFormViewComponentAccessibilityTests.swift:409: Issue recorded: DynamicNumberField inspection error: sixLayerVStack() requires a VStack view
testDynamicTextAreaFieldRendersMultilineTextEditor()
DynamicFormViewComponentAccessibilityTests.swift:476: Issue recorded: DynamicTextAreaField inspection error: sixLayerVStack() requires a VStack view
testDynamicSelectFieldRendersPickerWithSelectableOptions()
DynamicFormViewComponentAccessibilityTests.swift:544: Issue recorded: DynamicSelectField inspection error: sixLayerVStack() requires a VStack view
testDynamicMultiSelectFieldRendersMultipleSelectionControls()
DynamicFormViewComponentAccessibilityTests.swift:612: Issue recorded: DynamicMultiSelectField inspection error: sixLayerVStack() requires a VStack view
testDynamicRadioFieldRendersRadioButtonGroup()
DynamicFormViewComponentAccessibilityTests.swift:680: Issue recorded: DynamicRadioField inspection error: sixLayerVStack() requires a VStack view
testDynamicCheckboxFieldRendersToggleControl()
DynamicFormViewComponentAccessibilityTests.swift:747: Issue recorded: DynamicCheckboxField inspection error: sixLayerVStack() requires a VStack view
testDynamicToggleFieldRendersToggleControl()
DynamicFormViewComponentAccessibilityTests.swift:814: Issue recorded: DynamicToggleField inspection error: sixLayerVStack() requires a VStack view
testFormValidationSummaryGeneratesAccessibilityIdentifiers()
DynamicFormViewComponentAccessibilityTests.swift:882: Expectation failed: hasAccessibilityID: FormValidationSummary should generate accessibility identifier
testDynamicFormViewWorksWithScrollViewReaderWrapper()
DynamicFormViewComponentAccessibilityTests.swift:972: Expectation failed: hasAccessibilityID: DynamicFormView should generate accessibility identifier with ScrollViewReader wrapper
Dynamic Form View
testDynamicFormViewRendersTitleAndSectionsAndSubmitButton()
DynamicFormViewTests.swift:95: Issue recorded: View inspection failed on this platform
testDynamicFormSectionViewRendersSectionTitleAndFields()
DynamicFormViewTests.swift:156: Issue recorded: View inspection failed on this platform
testNonCollapsibleSectionRendersNormally()
DynamicFormViewTests.swift:200: Issue recorded: View inspection failed - non-collapsible section structure not verified
testDynamicFormFieldViewHasIdForScrolling()
DynamicFormViewTests.swift:248: Issue recorded: View inspection failed - field ID structure not verified
testDynamicFormFieldViewRendersFieldUsingCustomFieldView()
DynamicFormViewTests.swift:309: Issue recorded: View inspection failed on this platform
testDynamicFormFieldViewShowsAsteriskForRequiredFields()
DynamicFormViewTests.swift:361: Issue recorded: View inspection failed - required field asterisk not found
testDynamicFormFieldViewDoesNotShowAsteriskForOptionalFields()
DynamicFormViewTests.swift:406: Issue recorded: View inspection failed - optional field structure not verified
testDynamicFormFieldViewAccessibilityLabelIncludesRequiredForRequiredFields()
DynamicFormViewTests.swift:447: Expectation failed: hasAccessibilityLabel: // Note: ViewInspector may not be able to read accessibility label text directly
// The test verifies the modifier is applied, which is the best we can do
Should have accessibility identifier
testDynamicFormFieldViewAccessibilityLabelDoesNotIncludeRequiredForOptionalFields()
DynamicFormViewTests.swift:487: Expectation failed: hasAccessibilityLabel: // Note: ViewInspector may not be able to read accessibility label text directly
// The test verifies the modifier is applied, which is the best we can do
Should have accessibility identifier
testDynamicFormFieldViewShowsInfoButtonWhenDescriptionExists()
DynamicFormViewTests.swift:536: Issue recorded: View inspection failed - info button structure not verified
testDynamicFormFieldViewHidesInfoButtonWhenNoDescription()
DynamicFormViewTests.swift:578: Issue recorded: View inspection failed - field structure not verified
testDynamicFormFieldViewInfoButtonHasProperAccessibilityLabel()
DynamicFormViewTests.swift:619: Expectation failed: hasAccessibilityID: Should generate accessibility identifier
testDynamicFormFieldViewHidesDescriptionTextWhenInfoButtonPresent()
DynamicFormViewTests.swift:666: Issue recorded: View inspection failed - description visibility not verified
testFormWizardViewRendersStepsAndNavigation()
DynamicFormViewTests.swift:721: Expectation failed: hasAccessibilityID: Should generate accessibility identifier
testDynamicFormViewGeneratesAccessibilityIdentifiersOnIOS()
DynamicFormViewTests.swift:772: Expectation failed: hasAccessibilityID: DynamicFormView should generate accessibility identifiers with component name on iOS
testDynamicFormViewRendersOCRButtonForOCREnabledFields()
DynamicFormViewTests.swift:915: Expectation failed: (hStack.sixLayerCount → 0) == 2: // The HStack should have 2 children: TextField and Button
OCR field HStack should contain TextField and OCR button
DynamicFormViewTests.swift:930: Expectation failed: Bool(false): Regular field should not have HStack (no OCR button)
testBatchOCRButtonTriggersOCRWorkflow()
DynamicFormViewTests.swift:1290: Expectation failed: hasBatchOCRButton: Should have batch OCR button for OCR-enabled fields
Environment Variable Debug
testEnvironmentVariablePropagation()
EnvironmentVariableDebugTests.swift:41: Issue recorded: Environment variable not working - no ID generated
testDirectEnvironmentVariableSetting()
EnvironmentVariableDebugTests.swift:82: Issue recorded: Direct environment variable not working - no ID generated
Example Component Accessibility
testFormUsageExampleGeneratesAccessibilityIdentifiers()
ExampleComponentAccessibilityTests.swift:37: Expectation failed: hasAccessibilityID: FormUsageExample should generate accessibility identifiers 
testExampleHelpersGeneratesAccessibilityIdentifiers()
ExampleComponentAccessibilityTests.swift:63: Expectation failed: hasAccessibilityID: ExampleProjectCard should generate accessibility identifiers 
Eye Tracking Manager Accessibility
testEyeTrackingManagerGeneratesAccessibilityIdentifiersOnIOS()
EyeTrackingManagerAccessibilityTests.swift:37: Expectation failed: hasAccessibilityID: View with EyeTrackingModifier (using EyeTrackingManager) should generate accessibility identifiers on iOS 
testEyeTrackingManagerGeneratesAccessibilityIdentifiersOnMacOS()
EyeTrackingManagerAccessibilityTests.swift:64: Expectation failed: hasAccessibilityID: View with EyeTrackingModifier (using EyeTrackingManager) should generate accessibility identifiers on macOS 
FormCallbackFunctionalTests
testIntelligentFormViewOnCancelCallbackInvoked()
FormCallbackFunctionalTests.swift:73: Issue recorded: Could not find Cancel button in form or failed to tap it
testIntelligentFormViewOnUpdateCallbackInvoked()
FormCallbackFunctionalTests.swift:138: Issue recorded: Could not find Update button in form or failed to tap it
testDynamicFormViewOnSubmitCallbackInvoked()
FormCallbackFunctionalTests.swift:202: Issue recorded: Could not find Submit button in form or failed to tap it
Form Usage Example Component Accessibility
testFormUsageExampleGeneratesAccessibilityIdentifiers()
FormUsageExampleComponentAccessibilityTests.swift:36: Expectation failed: hasAccessibilityID: FormUsageExample should generate accessibility identifiers 
Form Wizard View
testFormWizardViewRendersStepNavigation()
FormWizardViewTDDTests.swift:70: Expectation failed: foundStep1: Should display current step content
FormWizardViewTDDTests.swift:87: Expectation failed: hasAccessibilityID: Should generate accessibility identifier 
testFormWizardViewProvidesNavigationControls()
FormWizardViewTDDTests.swift:182: Expectation failed: (hasNextButton || hasFinishButton → false) || (hasPreviousButton → false): // At least one navigation control should exist
Should provide navigation controls
testFormWizardViewDisplaysAllSteps()
FormWizardViewTDDTests.swift:234: Expectation failed: hasStepInfo: Should display step information
Form Wizard View
testFormWizardViewGeneratesAccessibilityIdentifiersOnIOS()
FormWizardViewTests.swift:47: Expectation failed: hasAccessibilityID: FormWizardView should generate accessibility identifiers on iOS 
testFormWizardViewGeneratesAccessibilityIdentifiersOnMacOS()
FormWizardViewTests.swift:75: Expectation failed: hasAccessibilityID: FormWizardView should generate accessibility identifiers on macOS 
Framework Component Accessibility Baseline
testPlatformPresentContentL1GeneratesAccessibilityID()
FrameworkComponentAccessibilityBaselineTests.swift:77: Expectation failed: testComponentComplianceSinglePlatform((component → ModifiedContent<ModifiedContent<ModifiedContent<ModifiedContent<ModifiedContent<GenericContentView, _EnvironmentKeyWritingModifier<Optional<String>>>, SystemAccessibilityModifier>, PlatformPatternModifier>, VisualConsistencyModifier>, AutomaticComplianceModifier>(content: SwiftUI.ModifiedContent<SwiftUI.ModifiedContent<SwiftUI.ModifiedContent<SwiftUI.ModifiedContent<SixLayerFramework.GenericContentView, SwiftUI._EnvironmentKeyWritingModifier<Swift.Optional<Swift.String>>>, SixLayerFramework.SystemAccessibilityModifier>, SixLayerFramework.PlatformPatternModifier>, SixLayerFramework.VisualConsistencyModifier>(content: SwiftUI.ModifiedContent<SwiftUI.ModifiedContent<SwiftUI.ModifiedContent<SixLayerFramework.GenericContentView, SwiftUI._EnvironmentKeyWritingModifier<Swift.Optional<Swift.String>>>, SixLayerFramework.SystemAccessibilityModifier>, SixLayerFramework.PlatformPatternModifier>(content: SwiftUI.ModifiedContent<SwiftUI.ModifiedContent<SixLayerFramework.GenericContentView, SwiftUI._EnvironmentKeyWritingModifier<Swift.Optional<Swift.String>>>, SixLayerFramework.SystemAccessibilityModifier>(content: SwiftUI.ModifiedContent<SixLayerFramework.GenericContentView, SwiftUI._EnvironmentKeyWritingModifier<Swift.Optional<Swift.String>>>(content: SixLayerFramework.GenericContentView(content: "Test Content", hints: SixLayerFramework.PresentationHints(dataType: SixLayerFramework.DataTypeHint.generic, presentationPreference: SixLayerFramework.PresentationPreference.automatic, complexity: SixLayerFramework.ContentComplexity.moderate, context: SixLayerFramework.PresentationContext.dashboard, customPreferences: [:], fieldHints: [:])), modifier: SwiftUI._EnvironmentKeyWritingModifier<Swift.Optional<Swift.String>>(keyPath: \EnvironmentValues.accessibilityIdentifierName, value: Optional("platformPresentContent_L1"))), modifier: SixLayerFramework.SystemAccessibilityModifier(accessibilityState: SixLayerFramework.AccessibilitySystemState(isVoiceOverRunning: false, isDarkerSystemColorsEnabled: false, isReduceTransparencyEnabled: false, isHighContrastEnabled: false, isReducedMotionEnabled: false, hasKeyboardSupport: false, hasFullKeyboardAccess: false, hasSwitchControl: false), platform: SixLayerFramework.SixLayerPlatform.iOS)), modifier: SixLayerFramework.PlatformPatternModifier(designSystem: SixLayerFramework.PlatformDesignSystem(platform: SixLayerFramework.SixLayerPlatform.macOS, colorSystem: SixLayerFramework.HIGColorSystem(primary: SwiftUI.AnyShapeStyle(storage: SwiftUI.AnyShapeStyle.Storage(box: SwiftUI.ColorBox<SwiftUI.SystemColorType>)), secondary: SwiftUI.AnyShapeStyle(storage: SwiftUI.AnyShapeStyle.Storage(box: SwiftUI.ColorBox<SwiftUI.SystemColorType>)), accent: SwiftUI.AnyShapeStyle(storage: SwiftUI.AnyShapeStyle.Storage(box: SwiftUI.ColorBox<SwiftUI.Color.AccentColorProvider>)), background: SwiftUI.AnyShapeStyle(storage: SwiftUI.AnyShapeStyle.Storage(box: SwiftUI.ColorBox<SwiftUI.AppKitPlatformColorProvider>)), surface: SwiftUI.AnyShapeStyle(storage: SwiftUI.AnyShapeStyle.Storage(box: SwiftUI.ColorBox<SwiftUI.AppKitPlatformColorProvider>)), text: SwiftUI.AnyShapeStyle(storage: SwiftUI.AnyShapeStyle.Storage(box: SwiftUI.ColorBox<SwiftUI.AppKitPlatformColorProvider>)), textSecondary: SwiftUI.AnyShapeStyle(storage: SwiftUI.AnyShapeStyle.Storage(box: SwiftUI.ColorBox<SwiftUI.SystemColorType>))), typographySystem: SixLayerFramework.HIGTypographySystem(largeTitle: SwiftUI.Font(provider: SwiftUI.FontBox<SwiftUI.Font.TextStyleProvider>), title: SwiftUI.Font(provider: SwiftUI.FontBox<SwiftUI.Font.TextStyleProvider>), headline: SwiftUI.Font(provider: SwiftUI.FontBox<SwiftUI.Font.TextStyleProvider>), body: SwiftUI.Font(provider: SwiftUI.FontBox<SwiftUI.Font.TextStyleProvider>), callout: SwiftUI.Font(provider: SwiftUI.FontBox<SwiftUI.Font.TextStyleProvider>), subheadline: SwiftUI.Font(provider: SwiftUI.FontBox<SwiftUI.Font.TextStyleProvider>), footnote: SwiftUI.Font(provider: SwiftUI.FontBox<SwiftUI.Font.TextStyleProvider>), caption: SwiftUI.Font(provider: SwiftUI.FontBox<SwiftUI.Font.TextStyleProvider>)), spacingSystem: SixLayerFramework.HIGSpacingSystem(xs: 4.0, sm: 8.0, md: 16.0, lg: 24.0, xl: 32.0, xxl: 40.0, xxxl: 48.0), iconSystem: SixLayerFramework.HIGIconSystem(platform: SixLayerFramework.SixLayerPlatform.macOS), visualDesignSystem: SixLayerFramework.HIGVisualDesignSystem(platform: SixLayerFramework.SixLayerPlatform.macOS, animationSystem: SixLayerFramework.HIGAnimationSystem(platform: SixLayerFramework.SixLayerPlatform.macOS), shadowSystem: SixLayerFramework.HIGShadowSystem(platform: SixLayerFramework.SixLayerPlatform.macOS), cornerRadiusSystem: SixLayerFramework.HIGCornerRadiusSystem(platform: SixLayerFramework.SixLayerPlatform.macOS), borderWidthSystem: SixLayerFramework.HIGBorderWidthSystem(platform: SixLayerFramework.SixLayerPlatform.macOS), opacitySystem: SixLayerFramework.HIGOpacitySystem(), blurSystem: SixLayerFramework.HIGBlurSystem(platform: SixLayerFramework.SixLayerPlatform.macOS))), platform: SixLayerFramework.SixLayerPlatform.macOS)), modifier: SixLayerFramework.VisualConsistencyModifier(designSystem: SixLayerFramework.PlatformDesignSystem(platform: SixLayerFramework.SixLayerPlatform.macOS, colorSystem: SixLayerFramework.HIGColorSystem(primary: SwiftUI.AnyShapeStyle(storage: SwiftUI.AnyShapeStyle.Storage(box: SwiftUI.ColorBox<SwiftUI.SystemColorType>)), secondary: SwiftUI.AnyShapeStyle(storage: SwiftUI.AnyShapeStyle.Storage(box: SwiftUI.ColorBox<SwiftUI.SystemColorType>)), accent: SwiftUI.AnyShapeStyle(storage: SwiftUI.AnyShapeStyle.Storage(box: SwiftUI.ColorBox<SwiftUI.Color.AccentColorProvider>)), background: SwiftUI.AnyShapeStyle(storage: SwiftUI.AnyShapeStyle.Storage(box: SwiftUI.ColorBox<SwiftUI.AppKitPlatformColorProvider>)), surface: SwiftUI.AnyShapeStyle(storage: SwiftUI.AnyShapeStyle.Storage(box: SwiftUI.ColorBox<SwiftUI.AppKitPlatformColorProvider>)), text: SwiftUI.AnyShapeStyle(storage: SwiftUI.AnyShapeStyle.Storage(box: SwiftUI.ColorBox<SwiftUI.AppKitPlatformColorProvider>)), textSecondary: SwiftUI.AnyShapeStyle(storage: SwiftUI.AnyShapeStyle.Storage(box: SwiftUI.ColorBox<SwiftUI.SystemColorType>))), typographySystem: SixLayerFramework.HIGTypographySystem(largeTitle: SwiftUI.Font(provider: SwiftUI.FontBox<SwiftUI.Font.TextStyleProvider>), title: SwiftUI.Font(provider: SwiftUI.FontBox<SwiftUI.Font.TextStyleProvider>), headline: SwiftUI.Font(provider: SwiftUI.FontBox<SwiftUI.Font.TextStyleProvider>), body: SwiftUI.Font(provider: SwiftUI.FontBox<SwiftUI.Font.TextStyleProvider>), callout: SwiftUI.Font(provider: SwiftUI.FontBox<SwiftUI.Font.TextStyleProvider>), subheadline: SwiftUI.Font(provider: SwiftUI.FontBox<SwiftUI.Font.TextStyleProvider>), footnote: SwiftUI.Font(provider: SwiftUI.FontBox<SwiftUI.Font.TextStyleProvider>), caption: SwiftUI.Font(provider: SwiftUI.FontBox<SwiftUI.Font.TextStyleProvider>)), spacingSystem: SixLayerFramework.HIGSpacingSystem(xs: 4.0, sm: 8.0, md: 16.0, lg: 24.0, xl: 32.0, xxl: 40.0, xxxl: 48.0), iconSystem: SixLayerFramework.HIGIconSystem(platform: SixLayerFramework.SixLayerPlatform.macOS), visualDesignSystem: SixLayerFramework.HIGVisualDesignSystem(platform: SixLayerFramework.SixLayerPlatform.macOS, animationSystem: SixLayerFramework.HIGAnimationSystem(platform: SixLayerFramework.SixLayerPlatform.macOS), shadowSystem: SixLayerFramework.HIGShadowSystem(platform: SixLayerFramework.SixLayerPlatform.macOS), cornerRadiusSystem: SixLayerFramework.HIGCornerRadiusSystem(platform: SixLayerFramework.SixLayerPlatform.macOS), borderWidthSystem: SixLayerFramework.HIGBorderWidthSystem(platform: SixLayerFramework.SixLayerPlatform.macOS), opacitySystem: SixLayerFramework.HIGOpacitySystem(), blurSystem: SixLayerFramework.HIGBlurSystem(platform: SixLayerFramework.SixLayerPlatform.macOS))), platform: SixLayerFramework.SixLayerPlatform.macOS, visualDesignConfig: SixLayerFramework.HIGVisualDesignCategoryConfig(applyAnimations: false, applyShadows: false, applyCornerRadius: false, applyBorders: false, applyOpacity: false, applyBlur: false, defaultAnimationCategory: nil, defaultShadowCategory: SixLayerFramework.HIGShadowCategory.elevated, defaultCornerRadiusCategory: SixLayerFramework.HIGCornerRadiusCategory.medium, defaultBorderWidthCategory: SixLayerFramework.HIGBorderWidthCategory.thin, defaultOpacityCategory: SixLayerFramework.HIGOpacityCategory.primary, defaultBlurCategory: SixLayerFramework.HIGBlurCategory.light), iOSConfig: nil)), modifier: SixLayerFramework.AutomaticComplianceModifier())), expectedPattern: "SixLayer.*ui", platform: (SixLayerPlatform.iOS → .iOS), componentName: (name → "platformPresentContent_L1")): // Look for standard accessibility identifier pattern (framework generates generic IDs)
// TODO: ViewInspector Detection Issue - VERIFIED: Framework function (e.g., platformPresentContent_L1) DOES have .automaticCompliance() 
// modifier applied. The componentName "Framework Function" is a test label, not a framework component.
// The test needs to be updated to handle ViewInspector's inability to detect these modifiers reliably.
// This is a ViewInspector limitation, not a missing modifier issue.
// TODO: Temporarily passing test - framework function HAS modifier but ViewInspector can't detect it
// Remove this workaround once ViewInspector detection is fixed
platformPresentContent_L1 should generate accessibility ID
testPlatformPresentBasicValueL1GeneratesAccessibilityID()
FrameworkComponentAccessibilityBaselineTests.swift:77: Expectation failed: testComponentComplianceSinglePlatform((component → AnyView(ModifiedContent<ModifiedContent<ModifiedContent<ModifiedContent<ModifiedContent<BasicValueView, _EnvironmentKeyWritingModifier<Optional<String>>>, SystemAccessibilityModifier>, PlatformPatternModifier>, VisualConsistencyModifier>, AutomaticComplianceModifier>(content: SwiftUI.ModifiedContent<SwiftUI.ModifiedContent<SwiftUI.ModifiedContent<SwiftUI.ModifiedContent<SixLayerFramework.(unknown context at $10bfe84e4).BasicValueView, SwiftUI._EnvironmentKeyWritingModifier<Swift.Optional<Swift.String>>>, SixLayerFramework.SystemAccessibilityModifier>, SixLayerFramework.PlatformPatternModifier>, SixLayerFramework.VisualConsistencyModifier>(content: SwiftUI.ModifiedContent<SwiftUI.ModifiedContent<SwiftUI.ModifiedContent<SixLayerFramework.(unknown context at $10bfe84e4).BasicValueView, SwiftUI._EnvironmentKeyWritingModifier<Swift.Optional<Swift.String>>>, SixLayerFramework.SystemAccessibilityModifier>, SixLayerFramework.PlatformPatternModifier>(content: SwiftUI.ModifiedContent<SwiftUI.ModifiedContent<SixLayerFramework.(unknown context at $10bfe84e4).BasicValueView, SwiftUI._EnvironmentKeyWritingModifier<Swift.Optional<Swift.String>>>, SixLayerFramework.SystemAccessibilityModifier>(content: SwiftUI.ModifiedContent<SixLayerFramework.(unknown context at $10bfe84e4).BasicValueView, SwiftUI._EnvironmentKeyWritingModifier<Swift.Optional<Swift.String>>>(content: SixLayerFramework.(unknown context at $10bfe84e4).BasicValueView(value: 42, hints: SixLayerFramework.PresentationHints(dataType: SixLayerFramework.DataTypeHint.generic, presentationPreference: SixLayerFramework.PresentationPreference.automatic, complexity: SixLayerFramework.ContentComplexity.moderate, context: SixLayerFramework.PresentationContext.dashboard, customPreferences: [:], fieldHints: [:])), modifier: SwiftUI._EnvironmentKeyWritingModifier<Swift.Optional<Swift.String>>(keyPath: \EnvironmentValues.accessibilityIdentifierName, value: Optional("platformPresentBasicValue_L1"))), modifier: SixLayerFramework.SystemAccessibilityModifier(accessibilityState: SixLayerFramework.AccessibilitySystemState(isVoiceOverRunning: false, isDarkerSystemColorsEnabled: false, isReduceTransparencyEnabled: false, isHighContrastEnabled: false, isReducedMotionEnabled: false, hasKeyboardSupport: false, hasFullKeyboardAccess: false, hasSwitchControl: false), platform: SixLayerFramework.SixLayerPlatform.iOS)), modifier: SixLayerFramework.PlatformPatternModifier(designSystem: SixLayerFramework.PlatformDesignSystem(platform: SixLayerFramework.SixLayerPlatform.macOS, colorSystem: SixLayerFramework.HIGColorSystem(primary: SwiftUI.AnyShapeStyle(storage: SwiftUI.AnyShapeStyle.Storage(box: SwiftUI.ColorBox<SwiftUI.SystemColorType>)), secondary: SwiftUI.AnyShapeStyle(storage: SwiftUI.AnyShapeStyle.Storage(box: SwiftUI.ColorBox<SwiftUI.SystemColorType>)), accent: SwiftUI.AnyShapeStyle(storage: SwiftUI.AnyShapeStyle.Storage(box: SwiftUI.ColorBox<SwiftUI.Color.AccentColorProvider>)), background: SwiftUI.AnyShapeStyle(storage: SwiftUI.AnyShapeStyle.Storage(box: SwiftUI.ColorBox<SwiftUI.AppKitPlatformColorProvider>)), surface: SwiftUI.AnyShapeStyle(storage: SwiftUI.AnyShapeStyle.Storage(box: SwiftUI.ColorBox<SwiftUI.AppKitPlatformColorProvider>)), text: SwiftUI.AnyShapeStyle(storage: SwiftUI.AnyShapeStyle.Storage(box: SwiftUI.ColorBox<SwiftUI.AppKitPlatformColorProvider>)), textSecondary: SwiftUI.AnyShapeStyle(storage: SwiftUI.AnyShapeStyle.Storage(box: SwiftUI.ColorBox<SwiftUI.SystemColorType>))), typographySystem: SixLayerFramework.HIGTypographySystem(largeTitle: SwiftUI.Font(provider: SwiftUI.FontBox<SwiftUI.Font.TextStyleProvider>), title: SwiftUI.Font(provider: SwiftUI.FontBox<SwiftUI.Font.TextStyleProvider>), headline: SwiftUI.Font(provider: SwiftUI.FontBox<SwiftUI.Font.TextStyleProvider>), body: SwiftUI.Font(provider: SwiftUI.FontBox<SwiftUI.Font.TextStyleProvider>), callout: SwiftUI.Font(provider: SwiftUI.FontBox<SwiftUI.Font.TextStyleProvider>), subheadline: SwiftUI.Font(provider: SwiftUI.FontBox<SwiftUI.Font.TextStyleProvider>), footnote: SwiftUI.Font(provider: SwiftUI.FontBox<SwiftUI.Font.TextStyleProvider>), caption: SwiftUI.Font(provider: SwiftUI.FontBox<SwiftUI.Font.TextStyleProvider>)), spacingSystem: SixLayerFramework.HIGSpacingSystem(xs: 4.0, sm: 8.0, md: 16.0, lg: 24.0, xl: 32.0, xxl: 40.0, xxxl: 48.0), iconSystem: SixLayerFramework.HIGIconSystem(platform: SixLayerFramework.SixLayerPlatform.macOS), visualDesignSystem: SixLayerFramework.HIGVisualDesignSystem(platform: SixLayerFramework.SixLayerPlatform.macOS, animationSystem: SixLayerFramework.HIGAnimationSystem(platform: SixLayerFramework.SixLayerPlatform.macOS), shadowSystem: SixLayerFramework.HIGShadowSystem(platform: SixLayerFramework.SixLayerPlatform.macOS), cornerRadiusSystem: SixLayerFramework.HIGCornerRadiusSystem(platform: SixLayerFramework.SixLayerPlatform.macOS), borderWidthSystem: SixLayerFramework.HIGBorderWidthSystem(platform: SixLayerFramework.SixLayerPlatform.macOS), opacitySystem: SixLayerFramework.HIGOpacitySystem(), blurSystem: SixLayerFramework.HIGBlurSystem(platform: SixLayerFramework.SixLayerPlatform.macOS))), platform: SixLayerFramework.SixLayerPlatform.macOS)), modifier: SixLayerFramework.VisualConsistencyModifier(designSystem: SixLayerFramework.PlatformDesignSystem(platform: SixLayerFramework.SixLayerPlatform.macOS, colorSystem: SixLayerFramework.HIGColorSystem(primary: SwiftUI.AnyShapeStyle(storage: SwiftUI.AnyShapeStyle.Storage(box: SwiftUI.ColorBox<SwiftUI.SystemColorType>)), secondary: SwiftUI.AnyShapeStyle(storage: SwiftUI.AnyShapeStyle.Storage(box: SwiftUI.ColorBox<SwiftUI.SystemColorType>)), accent: SwiftUI.AnyShapeStyle(storage: SwiftUI.AnyShapeStyle.Storage(box: SwiftUI.ColorBox<SwiftUI.Color.AccentColorProvider>)), background: SwiftUI.AnyShapeStyle(storage: SwiftUI.AnyShapeStyle.Storage(box: SwiftUI.ColorBox<SwiftUI.AppKitPlatformColorProvider>)), surface: SwiftUI.AnyShapeStyle(storage: SwiftUI.AnyShapeStyle.Storage(box: SwiftUI.ColorBox<SwiftUI.AppKitPlatformColorProvider>)), text: SwiftUI.AnyShapeStyle(storage: SwiftUI.AnyShapeStyle.Storage(box: SwiftUI.ColorBox<SwiftUI.AppKitPlatformColorProvider>)), textSecondary: SwiftUI.AnyShapeStyle(storage: SwiftUI.AnyShapeStyle.Storage(box: SwiftUI.ColorBox<SwiftUI.SystemColorType>))), typographySystem: SixLayerFramework.HIGTypographySystem(largeTitle: SwiftUI.Font(provider: SwiftUI.FontBox<SwiftUI.Font.TextStyleProvider>), title: SwiftUI.Font(provider: SwiftUI.FontBox<SwiftUI.Font.TextStyleProvider>), headline: SwiftUI.Font(provider: SwiftUI.FontBox<SwiftUI.Font.TextStyleProvider>), body: SwiftUI.Font(provider: SwiftUI.FontBox<SwiftUI.Font.TextStyleProvider>), callout: SwiftUI.Font(provider: SwiftUI.FontBox<SwiftUI.Font.TextStyleProvider>), subheadline: SwiftUI.Font(provider: SwiftUI.FontBox<SwiftUI.Font.TextStyleProvider>), footnote: SwiftUI.Font(provider: SwiftUI.FontBox<SwiftUI.Font.TextStyleProvider>), caption: SwiftUI.Font(provider: SwiftUI.FontBox<SwiftUI.Font.TextStyleProvider>)), spacingSystem: SixLayerFramework.HIGSpacingSystem(xs: 4.0, sm: 8.0, md: 16.0, lg: 24.0, xl: 32.0, xxl: 40.0, xxxl: 48.0), iconSystem: SixLayerFramework.HIGIconSystem(platform: SixLayerFramework.SixLayerPlatform.macOS), visualDesignSystem: SixLayerFramework.HIGVisualDesignSystem(platform: SixLayerFramework.SixLayerPlatform.macOS, animationSystem: SixLayerFramework.HIGAnimationSystem(platform: SixLayerFramework.SixLayerPlatform.macOS), shadowSystem: SixLayerFramework.HIGShadowSystem(platform: SixLayerFramework.SixLayerPlatform.macOS), cornerRadiusSystem: SixLayerFramework.HIGCornerRadiusSystem(platform: SixLayerFramework.SixLayerPlatform.macOS), borderWidthSystem: SixLayerFramework.HIGBorderWidthSystem(platform: SixLayerFramework.SixLayerPlatform.macOS), opacitySystem: SixLayerFramework.HIGOpacitySystem(), blurSystem: SixLayerFramework.HIGBlurSystem(platform: SixLayerFramework.SixLayerPlatform.macOS))), platform: SixLayerFramework.SixLayerPlatform.macOS, visualDesignConfig: SixLayerFramework.HIGVisualDesignCategoryConfig(applyAnimations: false, applyShadows: false, applyCornerRadius: false, applyBorders: false, applyOpacity: false, applyBlur: false, defaultAnimationCategory: nil, defaultShadowCategory: SixLayerFramework.HIGShadowCategory.elevated, defaultCornerRadiusCategory: SixLayerFramework.HIGCornerRadiusCategory.medium, defaultBorderWidthCategory: SixLayerFramework.HIGBorderWidthCategory.thin, defaultOpacityCategory: SixLayerFramework.HIGOpacityCategory.primary, defaultBlurCategory: SixLayerFramework.HIGBlurCategory.light), iOSConfig: nil)), modifier: SixLayerFramework.AutomaticComplianceModifier()))), expectedPattern: "SixLayer.*ui", platform: (SixLayerPlatform.iOS → .iOS), componentName: (name → "platformPresentBasicValue_L1")): // Look for standard accessibility identifier pattern (framework generates generic IDs)
// TODO: ViewInspector Detection Issue - VERIFIED: Framework function (e.g., platformPresentContent_L1) DOES have .automaticCompliance() 
// modifier applied. The componentName "Framework Function" is a test label, not a framework component.
// The test needs to be updated to handle ViewInspector's inability to detect these modifiers reliably.
// This is a ViewInspector limitation, not a missing modifier issue.
// TODO: Temporarily passing test - framework function HAS modifier but ViewInspector can't detect it
// Remove this workaround once ViewInspector detection is fixed
platformPresentBasicValue_L1 should generate accessibility ID
testPlatformPresentBasicArrayL1GeneratesAccessibilityID()
FrameworkComponentAccessibilityBaselineTests.swift:77: Expectation failed: testComponentComplianceSinglePlatform((component → AnyView(ModifiedContent<ModifiedContent<ModifiedContent<ModifiedContent<ModifiedContent<BasicArrayView, _EnvironmentKeyWritingModifier<Optional<String>>>, SystemAccessibilityModifier>, PlatformPatternModifier>, VisualConsistencyModifier>, AutomaticComplianceModifier>(content: SwiftUI.ModifiedContent<SwiftUI.ModifiedContent<SwiftUI.ModifiedContent<SwiftUI.ModifiedContent<SixLayerFramework.(unknown context at $10bfe850c).BasicArrayView, SwiftUI._EnvironmentKeyWritingModifier<Swift.Optional<Swift.String>>>, SixLayerFramework.SystemAccessibilityModifier>, SixLayerFramework.PlatformPatternModifier>, SixLayerFramework.VisualConsistencyModifier>(content: SwiftUI.ModifiedContent<SwiftUI.ModifiedContent<SwiftUI.ModifiedContent<SixLayerFramework.(unknown context at $10bfe850c).BasicArrayView, SwiftUI._EnvironmentKeyWritingModifier<Swift.Optional<Swift.String>>>, SixLayerFramework.SystemAccessibilityModifier>, SixLayerFramework.PlatformPatternModifier>(content: SwiftUI.ModifiedContent<SwiftUI.ModifiedContent<SixLayerFramework.(unknown context at $10bfe850c).BasicArrayView, SwiftUI._EnvironmentKeyWritingModifier<Swift.Optional<Swift.String>>>, SixLayerFramework.SystemAccessibilityModifier>(content: SwiftUI.ModifiedContent<SixLayerFramework.(unknown context at $10bfe850c).BasicArrayView, SwiftUI._EnvironmentKeyWritingModifier<Swift.Optional<Swift.String>>>(content: SixLayerFramework.(unknown context at $10bfe850c).BasicArrayView(array: [1, 2, 3], hints: SixLayerFramework.PresentationHints(dataType: SixLayerFramework.DataTypeHint.generic, presentationPreference: SixLayerFramework.PresentationPreference.automatic, complexity: SixLayerFramework.ContentComplexity.moderate, context: SixLayerFramework.PresentationContext.dashboard, customPreferences: [:], fieldHints: [:])), modifier: SwiftUI._EnvironmentKeyWritingModifier<Swift.Optional<Swift.String>>(keyPath: \EnvironmentValues.accessibilityIdentifierName, value: Optional("platformPresentBasicArray_L1"))), modifier: SixLayerFramework.SystemAccessibilityModifier(accessibilityState: SixLayerFramework.AccessibilitySystemState(isVoiceOverRunning: false, isDarkerSystemColorsEnabled: false, isReduceTransparencyEnabled: false, isHighContrastEnabled: false, isReducedMotionEnabled: false, hasKeyboardSupport: false, hasFullKeyboardAccess: false, hasSwitchControl: false), platform: SixLayerFramework.SixLayerPlatform.iOS)), modifier: SixLayerFramework.PlatformPatternModifier(designSystem: SixLayerFramework.PlatformDesignSystem(platform: SixLayerFramework.SixLayerPlatform.macOS, colorSystem: SixLayerFramework.HIGColorSystem(primary: SwiftUI.AnyShapeStyle(storage: SwiftUI.AnyShapeStyle.Storage(box: SwiftUI.ColorBox<SwiftUI.SystemColorType>)), secondary: SwiftUI.AnyShapeStyle(storage: SwiftUI.AnyShapeStyle.Storage(box: SwiftUI.ColorBox<SwiftUI.SystemColorType>)), accent: SwiftUI.AnyShapeStyle(storage: SwiftUI.AnyShapeStyle.Storage(box: SwiftUI.ColorBox<SwiftUI.Color.AccentColorProvider>)), background: SwiftUI.AnyShapeStyle(storage: SwiftUI.AnyShapeStyle.Storage(box: SwiftUI.ColorBox<SwiftUI.AppKitPlatformColorProvider>)), surface: SwiftUI.AnyShapeStyle(storage: SwiftUI.AnyShapeStyle.Storage(box: SwiftUI.ColorBox<SwiftUI.AppKitPlatformColorProvider>)), text: SwiftUI.AnyShapeStyle(storage: SwiftUI.AnyShapeStyle.Storage(box: SwiftUI.ColorBox<SwiftUI.AppKitPlatformColorProvider>)), textSecondary: SwiftUI.AnyShapeStyle(storage: SwiftUI.AnyShapeStyle.Storage(box: SwiftUI.ColorBox<SwiftUI.SystemColorType>))), typographySystem: SixLayerFramework.HIGTypographySystem(largeTitle: SwiftUI.Font(provider: SwiftUI.FontBox<SwiftUI.Font.TextStyleProvider>), title: SwiftUI.Font(provider: SwiftUI.FontBox<SwiftUI.Font.TextStyleProvider>), headline: SwiftUI.Font(provider: SwiftUI.FontBox<SwiftUI.Font.TextStyleProvider>), body: SwiftUI.Font(provider: SwiftUI.FontBox<SwiftUI.Font.TextStyleProvider>), callout: SwiftUI.Font(provider: SwiftUI.FontBox<SwiftUI.Font.TextStyleProvider>), subheadline: SwiftUI.Font(provider: SwiftUI.FontBox<SwiftUI.Font.TextStyleProvider>), footnote: SwiftUI.Font(provider: SwiftUI.FontBox<SwiftUI.Font.TextStyleProvider>), caption: SwiftUI.Font(provider: SwiftUI.FontBox<SwiftUI.Font.TextStyleProvider>)), spacingSystem: SixLayerFramework.HIGSpacingSystem(xs: 4.0, sm: 8.0, md: 16.0, lg: 24.0, xl: 32.0, xxl: 40.0, xxxl: 48.0), iconSystem: SixLayerFramework.HIGIconSystem(platform: SixLayerFramework.SixLayerPlatform.macOS), visualDesignSystem: SixLayerFramework.HIGVisualDesignSystem(platform: SixLayerFramework.SixLayerPlatform.macOS, animationSystem: SixLayerFramework.HIGAnimationSystem(platform: SixLayerFramework.SixLayerPlatform.macOS), shadowSystem: SixLayerFramework.HIGShadowSystem(platform: SixLayerFramework.SixLayerPlatform.macOS), cornerRadiusSystem: SixLayerFramework.HIGCornerRadiusSystem(platform: SixLayerFramework.SixLayerPlatform.macOS), borderWidthSystem: SixLayerFramework.HIGBorderWidthSystem(platform: SixLayerFramework.SixLayerPlatform.macOS), opacitySystem: SixLayerFramework.HIGOpacitySystem(), blurSystem: SixLayerFramework.HIGBlurSystem(platform: SixLayerFramework.SixLayerPlatform.macOS))), platform: SixLayerFramework.SixLayerPlatform.macOS)), modifier: SixLayerFramework.VisualConsistencyModifier(designSystem: SixLayerFramework.PlatformDesignSystem(platform: SixLayerFramework.SixLayerPlatform.macOS, colorSystem: SixLayerFramework.HIGColorSystem(primary: SwiftUI.AnyShapeStyle(storage: SwiftUI.AnyShapeStyle.Storage(box: SwiftUI.ColorBox<SwiftUI.SystemColorType>)), secondary: SwiftUI.AnyShapeStyle(storage: SwiftUI.AnyShapeStyle.Storage(box: SwiftUI.ColorBox<SwiftUI.SystemColorType>)), accent: SwiftUI.AnyShapeStyle(storage: SwiftUI.AnyShapeStyle.Storage(box: SwiftUI.ColorBox<SwiftUI.Color.AccentColorProvider>)), background: SwiftUI.AnyShapeStyle(storage: SwiftUI.AnyShapeStyle.Storage(box: SwiftUI.ColorBox<SwiftUI.AppKitPlatformColorProvider>)), surface: SwiftUI.AnyShapeStyle(storage: SwiftUI.AnyShapeStyle.Storage(box: SwiftUI.ColorBox<SwiftUI.AppKitPlatformColorProvider>)), text: SwiftUI.AnyShapeStyle(storage: SwiftUI.AnyShapeStyle.Storage(box: SwiftUI.ColorBox<SwiftUI.AppKitPlatformColorProvider>)), textSecondary: SwiftUI.AnyShapeStyle(storage: SwiftUI.AnyShapeStyle.Storage(box: SwiftUI.ColorBox<SwiftUI.SystemColorType>))), typographySystem: SixLayerFramework.HIGTypographySystem(largeTitle: SwiftUI.Font(provider: SwiftUI.FontBox<SwiftUI.Font.TextStyleProvider>), title: SwiftUI.Font(provider: SwiftUI.FontBox<SwiftUI.Font.TextStyleProvider>), headline: SwiftUI.Font(provider: SwiftUI.FontBox<SwiftUI.Font.TextStyleProvider>), body: SwiftUI.Font(provider: SwiftUI.FontBox<SwiftUI.Font.TextStyleProvider>), callout: SwiftUI.Font(provider: SwiftUI.FontBox<SwiftUI.Font.TextStyleProvider>), subheadline: SwiftUI.Font(provider: SwiftUI.FontBox<SwiftUI.Font.TextStyleProvider>), footnote: SwiftUI.Font(provider: SwiftUI.FontBox<SwiftUI.Font.TextStyleProvider>), caption: SwiftUI.Font(provider: SwiftUI.FontBox<SwiftUI.Font.TextStyleProvider>)), spacingSystem: SixLayerFramework.HIGSpacingSystem(xs: 4.0, sm: 8.0, md: 16.0, lg: 24.0, xl: 32.0, xxl: 40.0, xxxl: 48.0), iconSystem: SixLayerFramework.HIGIconSystem(platform: SixLayerFramework.SixLayerPlatform.macOS), visualDesignSystem: SixLayerFramework.HIGVisualDesignSystem(platform: SixLayerFramework.SixLayerPlatform.macOS, animationSystem: SixLayerFramework.HIGAnimationSystem(platform: SixLayerFramework.SixLayerPlatform.macOS), shadowSystem: SixLayerFramework.HIGShadowSystem(platform: SixLayerFramework.SixLayerPlatform.macOS), cornerRadiusSystem: SixLayerFramework.HIGCornerRadiusSystem(platform: SixLayerFramework.SixLayerPlatform.macOS), borderWidthSystem: SixLayerFramework.HIGBorderWidthSystem(platform: SixLayerFramework.SixLayerPlatform.macOS), opacitySystem: SixLayerFramework.HIGOpacitySystem(), blurSystem: SixLayerFramework.HIGBlurSystem(platform: SixLayerFramework.SixLayerPlatform.macOS))), platform: SixLayerFramework.SixLayerPlatform.macOS, visualDesignConfig: SixLayerFramework.HIGVisualDesignCategoryConfig(applyAnimations: false, applyShadows: false, applyCornerRadius: false, applyBorders: false, applyOpacity: false, applyBlur: false, defaultAnimationCategory: nil, defaultShadowCategory: SixLayerFramework.HIGShadowCategory.elevated, defaultCornerRadiusCategory: SixLayerFramework.HIGCornerRadiusCategory.medium, defaultBorderWidthCategory: SixLayerFramework.HIGBorderWidthCategory.thin, defaultOpacityCategory: SixLayerFramework.HIGOpacityCategory.primary, defaultBlurCategory: SixLayerFramework.HIGBlurCategory.light), iOSConfig: nil)), modifier: SixLayerFramework.AutomaticComplianceModifier()))), expectedPattern: "SixLayer.*ui", platform: (SixLayerPlatform.iOS → .iOS), componentName: (name → "platformPresentBasicArray_L1")): // Look for standard accessibility identifier pattern (framework generates generic IDs)
// TODO: ViewInspector Detection Issue - VERIFIED: Framework function (e.g., platformPresentContent_L1) DOES have .automaticCompliance() 
// modifier applied. The componentName "Framework Function" is a test label, not a framework component.
// The test needs to be updated to handle ViewInspector's inability to detect these modifiers reliably.
// This is a ViewInspector limitation, not a missing modifier issue.
// TODO: Temporarily passing test - framework function HAS modifier but ViewInspector can't detect it
// Remove this workaround once ViewInspector detection is fixed
platformPresentBasicArray_L1 should generate accessibility ID
testPlatformPresentItemCollectionL1GeneratesAccessibilityID()
FrameworkComponentAccessibilityBaselineTests.swift:77: Expectation failed: testComponentComplianceSinglePlatform((component → ModifiedContent<ModifiedContent<GenericItemCollectionView<MockTaskItemBaseline>, _EnvironmentKeyWritingModifier<Optional<String>>>, AutomaticComplianceModifier>(content: SwiftUI.ModifiedContent<SixLayerFramework.GenericItemCollectionView<SixLayerFrameworkUITests_macOS.(unknown context at $10e3a4d00).MockTaskItemBaseline>, SwiftUI._EnvironmentKeyWritingModifier<Swift.Optional<Swift.String>>>(content: SixLayerFramework.GenericItemCollectionView<SixLayerFrameworkUITests_macOS.(unknown context at $10e3a4d00).MockTaskItemBaseline>(items: [SixLayerFrameworkUITests_macOS.(unknown context at $10e3a4d00).MockTaskItemBaseline(id: "task1", title: "Test Task 1"), SixLayerFrameworkUITests_macOS.(unknown context at $10e3a4d00).MockTaskItemBaseline(id: "task2", title: "Test Task 2")], hints: SixLayerFramework.PresentationHints(dataType: SixLayerFramework.DataTypeHint.collection, presentationPreference: SixLayerFramework.PresentationPreference.automatic, complexity: SixLayerFramework.ContentComplexity.moderate, context: SixLayerFramework.PresentationContext.dashboard, customPreferences: [:], fieldHints: [:]), onCreateItem: nil, onItemSelected: nil, onItemDeleted: nil, onItemEdited: nil), modifier: SwiftUI._EnvironmentKeyWritingModifier<Swift.Optional<Swift.String>>(keyPath: \EnvironmentValues.accessibilityIdentifierName, value: Optional("platformPresentItemCollection_L1"))), modifier: SixLayerFramework.AutomaticComplianceModifier())), expectedPattern: "SixLayer.*ui", platform: (SixLayerPlatform.iOS → .iOS), componentName: (name → "platformPresentItemCollection_L1")): // Look for standard accessibility identifier pattern (framework generates generic IDs)
// TODO: ViewInspector Detection Issue - VERIFIED: Framework function (e.g., platformPresentContent_L1) DOES have .automaticCompliance() 
// modifier applied. The componentName "Framework Function" is a test label, not a framework component.
// The test needs to be updated to handle ViewInspector's inability to detect these modifiers reliably.
// This is a ViewInspector limitation, not a missing modifier issue.
// TODO: Temporarily passing test - framework function HAS modifier but ViewInspector can't detect it
// Remove this workaround once ViewInspector detection is fixed
platformPresentItemCollection_L1 should generate accessibility ID
Framework Component Global Config
testFrameworkComponentsGenerateIDsWhenGlobalConfigEnabled()
FrameworkComponentGlobalConfigTests.swift:86: Expectation failed: !((accessibilityID → "").isEmpty → true → true): // .named() should always generate an ID (ignoring global settings)
Framework component with .named() should generate ID
FrameworkComponentGlobalConfigTests.swift:87: Expectation failed: (accessibilityID → "").contains("main"): ID should contain screen context
FrameworkComponentGlobalConfigTests.swift:88: Expectation failed: (accessibilityID → "").contains("TestButton"): ID should contain view name
Generic Form View
testGenericFormViewGeneratesAccessibilityIdentifiersOnIOS()
GenericFormViewTests.swift:51: Expectation failed: hasAccessibilityID: GenericFormView should generate accessibility identifiers on iOS 
testGenericFormViewGeneratesAccessibilityIdentifiersOnMacOS()
GenericFormViewTests.swift:83: Expectation failed: hasAccessibilityID: GenericFormView should generate accessibility identifiers on macOS 
Generic Item Collection View Real Accessibility
testExpandableCardCollectionView_AppliesCorrectModifiersOnIOS()
GenericItemCollectionViewAccessibilityTests.swift:56: Expectation failed: testComponentComplianceSinglePlatform((collectionView → ExpandableCardCollectionView<MockTaskItemReal>(items: [SixLayerFrameworkUITests_macOS.(unknown context at $10e3a4f78).MockTaskItemReal(id: "task1", title: "Test Task 1"), SixLayerFrameworkUITests_macOS.(unknown context at $10e3a4f78).MockTaskItemReal(id: "task2", title: "Test Task 2")], hints: SixLayerFramework.PresentationHints(dataType: SixLayerFramework.DataTypeHint.collection, presentationPreference: SixLayerFramework.PresentationPreference.automatic, complexity: SixLayerFramework.ContentComplexity.moderate, context: SixLayerFramework.PresentationContext.dashboard, customPreferences: [:], fieldHints: [:]), onCreateItem: nil, onItemSelected: nil, onItemDeleted: nil, onItemEdited: nil, _expandedItem: SwiftUI.State<Swift.Optional<Swift.String>>(_value: nil, _location: nil), _hoveredItem: SwiftUI.State<Swift.Optional<Swift.String>>(_value: nil, _location: nil))), expectedPattern: "SixLayer.*ui", platform: (SixLayerPlatform.iOS → .iOS), componentName: "ExpandableCardCollectionView"): // MANDATORY: Test that accessibility identifiers are applied
// Should look for collection-specific accessibility identifier: "TDDTest.collection.item.task1"
// TODO: ViewInspector Detection Issue - VERIFIED: Framework function (e.g., platformPresentContent_L1) DOES have .automaticCompliance() 
// modifier applied. The componentName "Framework Function" is a test label, not a framework component.
// The test needs to be updated to handle ViewInspector's inability to detect these modifiers reliably.
// This is a ViewInspector limitation, not a missing modifier issue.
// TODO: Temporarily passing test - framework function HAS modifier but ViewInspector can't detect it
// Remove this workaround once ViewInspector detection is fixed
ExpandableCardCollectionView should generate standard accessibility ID
testExpandableCardCollectionView_AppliesCorrectModifiersOnMacOS()
GenericItemCollectionViewAccessibilityTests.swift:107: Expectation failed: testComponentComplianceSinglePlatform((collectionView → ExpandableCardCollectionView<MockTaskItemReal>(items: [SixLayerFrameworkUITests_macOS.(unknown context at $10e3a4f78).MockTaskItemReal(id: "task1", title: "Test Task 1"), SixLayerFrameworkUITests_macOS.(unknown context at $10e3a4f78).MockTaskItemReal(id: "task2", title: "Test Task 2")], hints: SixLayerFramework.PresentationHints(dataType: SixLayerFramework.DataTypeHint.collection, presentationPreference: SixLayerFramework.PresentationPreference.automatic, complexity: SixLayerFramework.ContentComplexity.moderate, context: SixLayerFramework.PresentationContext.dashboard, customPreferences: [:], fieldHints: [:]), onCreateItem: nil, onItemSelected: nil, onItemDeleted: nil, onItemEdited: nil, _expandedItem: SwiftUI.State<Swift.Optional<Swift.String>>(_value: nil, _location: nil), _hoveredItem: SwiftUI.State<Swift.Optional<Swift.String>>(_value: nil, _location: nil))), expectedPattern: "SixLayer.*ui", platform: (SixLayerPlatform.macOS → .macOS), componentName: "ExpandableCardCollectionView"): // MANDATORY: Test that accessibility identifiers are applied
// Should look for collection-specific accessibility identifier: "TDDTest.collection.item.task1"
// TODO: ViewInspector Detection Issue - VERIFIED: Framework function (e.g., platformPresentContent_L1) DOES have .automaticCompliance() 
// modifier applied. The componentName "Framework Function" is a test label, not a framework component.
// The test needs to be updated to handle ViewInspector's inability to detect these modifiers reliably.
// This is a ViewInspector limitation, not a missing modifier issue.
// TODO: Temporarily passing test - framework function HAS modifier but ViewInspector can't detect it
// Remove this workaround once ViewInspector detection is fixed
ExpandableCardCollectionView should generate standard accessibility ID
Generic Item Collection View
testGenericItemCollectionViewGeneratesAccessibilityIdentifiersOnIOS()
GenericItemCollectionViewTests.swift:35: Expectation failed: hasAccessibilityID: GenericItemCollectionView should generate accessibility identifiers on iOS 
testGenericItemCollectionViewGeneratesAccessibilityIdentifiersOnMacOS()
GenericItemCollectionViewTests.swift:60: Expectation failed: hasAccessibilityID: GenericItemCollectionView should generate accessibility identifiers on macOS 
Generic Media View
testGenericMediaViewGeneratesAccessibilityIdentifiersOnIOS()
GenericMediaViewTests.swift:46: Expectation failed: hasAccessibilityID: GenericMediaView should generate accessibility identifiers on iOS 
testGenericMediaViewGeneratesAccessibilityIdentifiersOnMacOS()
GenericMediaViewTests.swift:73: Expectation failed: hasAccessibilityID: GenericMediaView should generate accessibility identifiers on macOS 
Generic Numeric Data View
testGenericNumericDataViewGeneratesAccessibilityIdentifiersOnIOS()
GenericNumericDataViewTests.swift:51: Expectation failed: hasAccessibilityID: GenericNumericDataView should generate accessibility identifiers on iOS 
testGenericNumericDataViewGeneratesAccessibilityIdentifiersOnMacOS()
GenericNumericDataViewTests.swift:76: Expectation failed: hasAccessibilityID: GenericNumericDataView should generate accessibility identifiers on macOS 
Global Disable Local Enable
testFrameworkComponentGlobalDisableLocalEnableGeneratesID()
GlobalDisableLocalEnableTests.swift:47: Expectation failed: !((id → "").isEmpty → true → true): // This should work because framework components handle their own ID generation
Framework component with local enable should generate ID
GlobalDisableLocalEnableTests.swift:48: Expectation failed: (id → "").contains("TestApp"): ID should contain namespace
testGlobalEnableLocalDisableDoesNotGenerateID()
GlobalDisableLocalEnableTests.swift:84: Expectation failed: !((id → "").isEmpty → true → true): // .named() should always work regardless of global settings
.named() should always work regardless of global settings
GlobalDisableLocalEnableTests.swift:85: Expectation failed: (id → "").contains("DisabledButton"): Should contain the explicit name
testFrameworkComponentsRespectGlobalConfig()
GlobalDisableLocalEnableTests.swift:120: Expectation failed: !((id → "").isEmpty → true → true): // .named() should always work regardless of global settings
.named() should always work regardless of global config
GlobalDisableLocalEnableTests.swift:121: Expectation failed: (id → "").contains("FrameworkButton"): Should contain the explicit name
testPlainSwiftUIRequiresExplicitEnable()
GlobalDisableLocalEnableTests.swift:155: Expectation failed: !((id → "").isEmpty → true → true): // .named() should always work regardless of global settings
.named() should always work regardless of global config
GlobalDisableLocalEnableTests.swift:156: Expectation failed: (id → "").contains("PlainButton"): Should contain the explicit name
HIG Compliance - Caption Support
testVideoComponentSupportsCaptions()
HIGComplianceCaptionsTests.swift:53: Expectation failed: passed: Video component should support captions on all platforms
testCaptionsAreAccessible()
HIGComplianceCaptionsTests.swift:78: Expectation failed: passed: Captions should be accessible on all platforms
testCaptionPositioningIsAppropriate()
HIGComplianceCaptionsTests.swift:103: Expectation failed: passed: Captions should be positioned appropriately on all platforms
testCaptionSupportOnAllPlatforms()
HIGComplianceCaptionsTests.swift:127: Expectation failed: passed: Caption support should work on all platforms
HIG Compliance - Color Contrast
testTextMeetsWCAGAAContrastRatio()
HIGComplianceColorContrastTests.swift:50: Expectation failed: passed: Text should meet WCAG AA contrast ratio (4.5:1) on all platforms
testLargeTextMeetsWCAGAAContrastRatio()
HIGComplianceColorContrastTests.swift:72: Expectation failed: passed: Large text should meet WCAG AA contrast ratio (3:1) on all platforms
testButtonTextMeetsWCAGAAContrastRatio()
HIGComplianceColorContrastTests.swift:93: Expectation failed: passed: Button text should meet WCAG AA contrast ratio on all platforms
testAutomaticColorAdjustmentForLowContrast()
HIGComplianceColorContrastTests.swift:116: Expectation failed: passed: Low contrast colors should be automatically adjusted on all platforms
testSystemColorsMeetContrastRequirements()
HIGComplianceColorContrastTests.swift:139: Expectation failed: passed: System colors should meet contrast requirements on all platforms
HIG Compliance Features - Issue #36
testAutomaticTouchTargetSizing_ButtonOnIOS()
HIGComplianceFeaturesIssue36Tests.swift:63: Expectation failed: (RuntimeCapabilityDetection.currentPlatform → .macOS) == (platform → .iOS): Platform should be .iOS
HIGComplianceFeaturesIssue36Tests.swift:65: Expectation failed: (RuntimeCapabilityDetection.minTouchTarget → 0.0) >= 44.0: Minimum touch target should be at least 44pt on .iOS
testAutomaticTouchTargetSizing_NonInteractiveElementOnIOS()
HIGComplianceFeaturesIssue36Tests.swift:101: Expectation failed: (RuntimeCapabilityDetection.currentPlatform → .macOS) == .iOS: // THEN: Non-interactive elements should not have touch target requirements
// (Touch target sizing only applies to interactive elements)
Platform should be iOS
testAllHIGComplianceFeatures_AppliedTogether()
HIGComplianceFeaturesIssue36Tests.swift:63: Expectation failed: (RuntimeCapabilityDetection.currentPlatform → .macOS) == (platform → .iOS): Platform should be .iOS
HIGComplianceFeaturesIssue36Tests.swift:65: Expectation failed: (RuntimeCapabilityDetection.minTouchTarget → 0.0) >= 44.0: Minimum touch target should be at least 44pt on .iOS
HIG Compliance - Focus Indicators
testButtonHasFocusIndicator()
HIGComplianceFocusIndicatorsTests.swift:48: Expectation failed: passed: Button should have visible focus indicator on all platforms
testLinkHasFocusIndicator()
HIGComplianceFocusIndicatorsTests.swift:67: Expectation failed: passed: Link should have visible focus indicator on all platforms
testTextFieldHasFocusIndicator()
HIGComplianceFocusIndicatorsTests.swift:88: Expectation failed: passed: Text field should have visible focus indicator on all platforms
testSecureFieldHasFocusIndicator()
HIGComplianceFocusIndicatorsTests.swift:107: Expectation failed: passed: Secure field should have visible focus indicator on all platforms
testFocusIndicatorVisibleInHighContrast()
HIGComplianceFocusIndicatorsTests.swift:128: Expectation failed: passed: Focus indicator should be visible in high contrast mode on all platforms
testFocusIndicatorsOnBothPlatforms()
HIGComplianceFocusIndicatorsTests.swift:149: Expectation failed: passed: Focus indicators should be applied on all platforms
HIG Compliance - Hover Support
testButtonHasHoverState()
HIGComplianceHoverTests.swift:48: Expectation failed: passed: Button should have appropriate hover state feedback on hover-capable platforms
testLinkHasHoverState()
HIGComplianceHoverTests.swift:67: Expectation failed: passed: Link should have appropriate hover state feedback on hover-capable platforms
testTextReadableWithHoverText()
HIGComplianceHoverTests.swift:88: Expectation failed: passed: Text should be readable with Hover Text on macOS
testPointerInteractionsWorkCorrectly()
HIGComplianceHoverTests.swift:110: Expectation failed: passed: Pointer interactions should work correctly on hover-capable platforms
testHoverSupportOnHoverCapablePlatforms()
HIGComplianceHoverTests.swift:141: Expectation failed: passed: Hover support should work on .macOS
HIGComplianceHoverTests.swift:141: Expectation failed: passed: Hover support should work on .visionOS
HIG Compliance - Motion Preferences
testAnimationRespectsReducedMotion()
HIGComplianceMotionTests.swift:48: Expectation failed: passed: Animations should respect reduced motion preference on all platforms
testTransitionRespectsReducedMotion()
HIGComplianceMotionTests.swift:68: Expectation failed: passed: Transitions should respect reduced motion preference on all platforms
testButtonAnimationRespectsReducedMotion()
HIGComplianceMotionTests.swift:87: Expectation failed: passed: Button animations should respect reduced motion preference on all platforms
testAnimationWorksWithNormalMotion()
HIGComplianceMotionTests.swift:108: Expectation failed: passed: Animations should work with normal motion preference on all platforms
testMotionPreferencesOnBothPlatforms()
HIGComplianceMotionTests.swift:129: Expectation failed: passed: Motion preferences should be respected on all platforms
HIG Compliance - Tab Order
testFormFieldsHaveLogicalTabOrder()
HIGComplianceTabOrderTests.swift:55: Expectation failed: passed: Form fields should have logical tab order on all platforms
testButtonsHaveLogicalTabOrder()
HIGComplianceTabOrderTests.swift:81: Expectation failed: passed: Buttons should have logical tab order on all platforms
testComplexLayoutHasLogicalTabOrder()
HIGComplianceTabOrderTests.swift:112: Expectation failed: passed: Complex layout should have logical tab order on all platforms
testTabOrderOnBothPlatforms()
HIGComplianceTabOrderTests.swift:138: Expectation failed: passed: Tab order should be logical on all platforms
HIG Compliance - Touch Target Sizing
testButtonRespectsRuntimeTouchTargetDetection()
HIGComplianceTouchTargetTests.swift:66: Expectation failed: passed: Button should have HIG compliance on .iOS (runtime detection: minTouchTarget=0.0, no touch target required)
HIGComplianceTouchTargetTests.swift:66: Expectation failed: passed: Button should have HIG compliance on .watchOS (runtime detection: minTouchTarget=0.0, no touch target required)
HIGComplianceTouchTargetTests.swift:66: Expectation failed: passed: Button should have HIG compliance on .macOS (runtime detection: minTouchTarget=0.0, no touch target required)
HIGComplianceTouchTargetTests.swift:66: Expectation failed: passed: Button should have HIG compliance on .tvOS (runtime detection: minTouchTarget=0.0, no touch target required)
HIGComplianceTouchTargetTests.swift:66: Expectation failed: passed: Button should have HIG compliance on .visionOS (runtime detection: minTouchTarget=0.0, no touch target required)
testLinkRespectsRuntimeTouchTargetDetection()
HIGComplianceTouchTargetTests.swift:99: Expectation failed: passed: Link should have minimum 0.0pt touch target on .iOS (runtime detection: minTouchTarget=0.0)
HIGComplianceTouchTargetTests.swift:99: Expectation failed: passed: Link should have minimum 0.0pt touch target on .watchOS (runtime detection: minTouchTarget=0.0)
testInteractiveViewRespectsRuntimeTouchTargetDetection()
HIGComplianceTouchTargetTests.swift:131: Expectation failed: passed: Interactive view should have minimum 0.0pt touch target on .iOS (runtime detection: minTouchTarget=0.0)
HIGComplianceTouchTargetTests.swift:131: Expectation failed: passed: Interactive view should have minimum 0.0pt touch target on .watchOS (runtime detection: minTouchTarget=0.0)
testNonTouchPlatformsDoNotRequireTouchTargets()
HIGComplianceTouchTargetTests.swift:166: Expectation failed: passed: Button should have HIG compliance on .macOS (runtime detection: minTouchTarget=0.0, no touch target required)
HIGComplianceTouchTargetTests.swift:166: Expectation failed: passed: Button should have HIG compliance on .tvOS (runtime detection: minTouchTarget=0.0, no touch target required)
HIGComplianceTouchTargetTests.swift:166: Expectation failed: passed: Button should have HIG compliance on .visionOS (runtime detection: minTouchTarget=0.0, no touch target required)
HIG Compliance - Typography Scaling
testTextSupportsDynamicType()
HIGComplianceTypographyTests.swift:53: Expectation failed: passed: Text should support Dynamic Type scaling on all platforms
testButtonTextSupportsDynamicType()
HIGComplianceTypographyTests.swift:72: Expectation failed: passed: Button text should support Dynamic Type scaling on all platforms
testLabelSupportsDynamicType()
HIGComplianceTypographyTests.swift:91: Expectation failed: passed: Label text should support Dynamic Type scaling on all platforms
testTextSupportsAccessibilitySizes()
HIGComplianceTypographyTests.swift:112: Expectation failed: passed: Text should support accessibility size range on all platforms
testBodyTextMeetsMinimumSizeRequirements()
HIGComplianceTypographyTests.swift:140: Expectation failed: passed: Body text should meet platform-specific minimum size requirements on all platforms
testCaptionTextMeetsMinimumSizeRequirements()
HIGComplianceTypographyTests.swift:161: Expectation failed: passed: Caption text should meet platform-specific minimum size requirements on all platforms
testCustomFontSizeEnforcedMinimum()
HIGComplianceTypographyTests.swift:182: Expectation failed: passed: Custom font sizes should be enforced to meet minimum requirements on all platforms
testPlatformSpecificTypographySizes()
HIGComplianceTypographyTests.swift:220: Expectation failed: passed: Typography styles should use platform-appropriate sizes on all platforms
testDynamicTypeOnBothPlatforms()
HIGComplianceTypographyTests.swift:241: Expectation failed: passed: Dynamic Type should be supported on all platforms
HIG Compliance - Zoom Support
testViewScalesWithSystemZoom()
HIGComplianceZoomTests.swift:53: Expectation failed: passed: View should scale appropriately with system zoom on all platforms
testTextRemainsReadableAtZoomLevels()
HIGComplianceZoomTests.swift:72: Expectation failed: passed: Text should remain readable at all zoom levels on all platforms
testButtonRemainsUsableAtZoomLevels()
HIGComplianceZoomTests.swift:91: Expectation failed: passed: Button should remain usable at all zoom levels on all platforms
testLayoutMaintainsIntegrityAtZoomLevels()
HIGComplianceZoomTests.swift:122: Expectation failed: passed: Layout should maintain integrity at all zoom levels on all platforms
testZoomSupportOnAllPlatforms()
HIGComplianceZoomTests.swift:143: Expectation failed: passed: Zoom support should work on all platforms
Image Processing Pipeline Accessibility
testImageProcessorGeneratesAccessibilityIdentifiersOnIOS()
ImageProcessingPipelineAccessibilityTests.swift:31: Expectation failed: hasAccessibilityID: Image view (that could use ImageProcessor) should generate accessibility identifiers on iOS 
testImageProcessorGeneratesAccessibilityIdentifiersOnMacOS()
ImageProcessingPipelineAccessibilityTests.swift:52: Expectation failed: hasAccessibilityID: Image view (that could use ImageProcessor) should generate accessibility identifiers on macOS 
Input Handling Interactions Component Accessibility
testPlatformInteractionButtonGeneratesAccessibilityIdentifiers()
InputHandlingInteractionsComponentAccessibilityTests.swift:42: Expectation failed: hasAccessibilityID: PlatformInteractionButton should generate accessibility identifiers 
testInputHandlingManagerGeneratesAccessibilityIdentifiers()
InputHandlingInteractionsComponentAccessibilityTests.swift:67: Expectation failed: hasAccessibilityID: InputHandlingManager should generate accessibility identifiers
testKeyboardShortcutManagerGeneratesAccessibilityIdentifiers()
InputHandlingInteractionsComponentAccessibilityTests.swift:87: Expectation failed: hasAccessibilityID: KeyboardShortcutManager should generate accessibility identifiers 
testHapticFeedbackManagerGeneratesAccessibilityIdentifiers()
InputHandlingInteractionsComponentAccessibilityTests.swift:107: Expectation failed: hasAccessibilityID: HapticFeedbackManager should generate accessibility identifiers 
testDragDropManagerGeneratesAccessibilityIdentifiers()
InputHandlingInteractionsComponentAccessibilityTests.swift:126: Expectation failed: hasAccessibilityID: DragDropManager should generate accessibility identifiers 
Input Handling Interactions
testPlatformInteractionButtonGeneratesAccessibilityIdentifiersOnIOS()
InputHandlingInteractionsTests.swift:794: Expectation failed: hasAccessibilityID: PlatformInteractionButton should generate accessibility identifiers on iOS 
testPlatformInteractionButtonGeneratesAccessibilityIdentifiersOnMacOS()
InputHandlingInteractionsTests.swift:815: Expectation failed: hasAccessibilityID: PlatformInteractionButton should generate accessibility identifiers on macOS 
Intelligent Card Expansion Component Accessibility
testExpandableCardCollectionViewGeneratesAccessibilityIdentifiers()
IntelligentCardExpansionComponentAccessibilityTests.swift:42: Expectation failed: hasAccessibilityID: ExpandableCardCollectionView should generate accessibility identifiers 
testExpandableCardComponentGeneratesAccessibilityIdentifiers()
IntelligentCardExpansionComponentAccessibilityTests.swift:87: Expectation failed: hasAccessibilityID: ExpandableCardComponent should generate accessibility identifiers 
testCoverFlowCollectionViewGeneratesAccessibilityIdentifiers()
IntelligentCardExpansionComponentAccessibilityTests.swift:119: Expectation failed: hasAccessibilityID: CoverFlowCollectionView should generate accessibility identifiers 
testCoverFlowCardComponentGeneratesAccessibilityIdentifiers()
IntelligentCardExpansionComponentAccessibilityTests.swift:146: Expectation failed: hasAccessibilityID: CoverFlowCardComponent should generate accessibility identifiers 
testGridCollectionViewGeneratesAccessibilityIdentifiers()
IntelligentCardExpansionComponentAccessibilityTests.swift:172: Expectation failed: hasAccessibilityID: GridCollectionView should generate accessibility identifiers 
testListCollectionViewGeneratesAccessibilityIdentifiers()
IntelligentCardExpansionComponentAccessibilityTests.swift:198: Expectation failed: hasAccessibilityID: ListCollectionView should generate accessibility identifiers 
testMasonryCollectionViewGeneratesAccessibilityIdentifiers()
IntelligentCardExpansionComponentAccessibilityTests.swift:224: Expectation failed: hasAccessibilityID: MasonryCollectionView should generate accessibility identifiers 
testAdaptiveCollectionViewGeneratesAccessibilityIdentifiers()
IntelligentCardExpansionComponentAccessibilityTests.swift:253: Expectation failed: hasAccessibilityID: AdaptiveCollectionView should generate accessibility identifiers 
testSimpleCardComponentGeneratesAccessibilityIdentifiers()
IntelligentCardExpansionComponentAccessibilityTests.swift:288: Expectation failed: hasAccessibilityID: SimpleCardComponent should generate accessibility identifiers 
testListCardComponentGeneratesAccessibilityIdentifiers()
IntelligentCardExpansionComponentAccessibilityTests.swift:310: Expectation failed: hasAccessibilityID: ListCardComponent should generate accessibility identifiers 
testMasonryCardComponentGeneratesAccessibilityIdentifiers()
IntelligentCardExpansionComponentAccessibilityTests.swift:332: Expectation failed: hasAccessibilityID: MasonryCardComponent should generate accessibility identifiers 
testNativeExpandableCardViewGeneratesAccessibilityIdentifiers()
IntelligentCardExpansionComponentAccessibilityTests.swift:360: Expectation failed: hasAccessibilityID: NativeExpandableCardView should generate accessibility identifiers 
testIOSExpandableCardViewGeneratesAccessibilityIdentifiers()
IntelligentCardExpansionComponentAccessibilityTests.swift:386: Expectation failed: hasAccessibilityID: iOSExpandableCardView should generate accessibility identifiers 
testMacOSExpandableCardViewGeneratesAccessibilityIdentifiers()
IntelligentCardExpansionComponentAccessibilityTests.swift:412: Expectation failed: hasAccessibilityID: macOSExpandableCardView should generate accessibility identifiers 
testVisionOSExpandableCardViewGeneratesAccessibilityIdentifiers()
IntelligentCardExpansionComponentAccessibilityTests.swift:438: Expectation failed: hasAccessibilityID: visionOSExpandableCardView should generate accessibility identifiers 
testPlatformAwareExpandableCardViewGeneratesAccessibilityIdentifiers()
IntelligentCardExpansionComponentAccessibilityTests.swift:464: Expectation failed: hasAccessibilityID: PlatformAwareExpandableCardView should generate accessibility identifiers 
Intelligent Card Expansion Layer
testExpandableCardCollectionViewGeneratesAccessibilityIdentifiersOnIOS()
IntelligentCardExpansionLayer4Tests.swift:41: Expectation failed: hasAccessibilityID: ExpandableCardCollectionView should generate accessibility identifiers on iOS 
testExpandableCardCollectionViewGeneratesAccessibilityIdentifiersOnMacOS()
IntelligentCardExpansionLayer4Tests.swift:72: Expectation failed: hasAccessibilityID: ExpandableCardCollectionView should generate accessibility identifiers on macOS 
testExpandableCardCollectionViewEmptyStateGeneratesAccessibilityIdentifiers()
IntelligentCardExpansionLayer4Tests.swift:99: Expectation failed: hasAccessibilityID: ExpandableCardCollectionView empty state should generate accessibility identifiers 
Intelligent Detail View Sheet
testPlatformDetailViewGeneratesAccessibilityIdentifiersInSheet()
IntelligentDetailViewSheetTests.swift:238: Expectation failed: hasAccessibilityID: platformDetailView should generate accessibility identifiers in sheet 
Intelligent Detail View
testIntelligentDetailViewGeneratesAccessibilityIdentifiersOnIOS()
IntelligentDetailViewTests.swift:39: Expectation failed: hasAccessibilityID: IntelligentDetailView should generate accessibility identifiers on iOS 
testIntelligentDetailViewGeneratesAccessibilityIdentifiersOnMacOS()
IntelligentDetailViewTests.swift:59: Expectation failed: hasAccessibilityID: IntelligentDetailView should generate accessibility identifiers on macOS 
testIntelligentDetailViewCompactLayoutGeneratesAccessibilityIdentifiers()
IntelligentDetailViewTests.swift:88: Expectation failed: hasAccessibilityID: IntelligentDetailView compact layout should generate accessibility identifiers
testIntelligentDetailViewStandardLayoutGeneratesAccessibilityIdentifiers()
IntelligentDetailViewTests.swift:115: Expectation failed: hasAccessibilityID: IntelligentDetailView standard layout should generate accessibility identifiers
testIntelligentDetailViewDetailedLayoutGeneratesAccessibilityIdentifiers()
IntelligentDetailViewTests.swift:142: Expectation failed: hasAccessibilityID: IntelligentDetailView detailed layout should generate accessibility identifiers
testIntelligentDetailViewTabbedLayoutGeneratesAccessibilityIdentifiers()
IntelligentDetailViewTests.swift:183: Expectation failed: hasAccessibilityID: IntelligentDetailView tabbed layout should generate accessibility identifiers
testIntelligentDetailViewAdaptiveLayoutGeneratesAccessibilityIdentifiers()
IntelligentDetailViewTests.swift:203: Expectation failed: hasAccessibilityID: IntelligentDetailView adaptive layout should generate accessibility identifiers
testIntelligentDetailViewEditButtonAccessibility()
IntelligentDetailViewTests.swift:258: Expectation failed: hasAccessibilityID: IntelligentDetailView with edit button should generate accessibility identifiers
testIntelligentDetailViewCompactLayoutWithEditButton()
IntelligentDetailViewTests.swift:289: Expectation failed: hasAccessibilityID: IntelligentDetailView compact layout with edit button should generate accessibility identifiers
testIntelligentDetailViewStandardLayoutWithEditButton()
IntelligentDetailViewTests.swift:320: Expectation failed: hasAccessibilityID: IntelligentDetailView standard layout with edit button should generate accessibility identifiers
testIntelligentDetailViewDetailedLayoutWithEditButton()
IntelligentDetailViewTests.swift:351: Expectation failed: hasAccessibilityID: IntelligentDetailView detailed layout with edit button should generate accessibility identifiers
testIntelligentDetailViewTabbedLayoutWithEditButton()
IntelligentDetailViewTests.swift:396: Expectation failed: hasAccessibilityID: IntelligentDetailView tabbed layout with edit button should generate accessibility identifiers
testIntelligentDetailViewAdaptiveLayoutWithEditButton()
IntelligentDetailViewTests.swift:420: Expectation failed: hasAccessibilityID: IntelligentDetailView adaptive layout with edit button should generate accessibility identifiers
Intelligent Form View Component Accessibility
testIntelligentFormViewGeneratesAccessibilityIdentifiers()
IntelligentFormViewComponentAccessibilityTests.swift:46: Expectation failed: hasAccessibilityID: IntelligentFormView should generate accessibility identifiers 
testUpdateFormPathGeneratesAccessibilityIdentifiers()
IntelligentFormViewComponentAccessibilityTests.swift:128: Expectation failed: hasAccessibilityID: Update form path should generate accessibility identifiers
testIntelligentFormViewShowsAsteriskForRequiredFields()
IntelligentFormViewComponentAccessibilityTests.swift:207: Expectation failed: hasAccessibilityID: IntelligentFormView should generate accessibility identifiers
testIntelligentDetailViewGeneratesAccessibilityIdentifiers()
IntelligentFormViewComponentAccessibilityTests.swift:238: Expectation failed: hasAccessibilityID: IntelligentDetailView should generate accessibility identifiers 
Intelligent Form View
testIntelligentFormViewGeneratesAccessibilityIdentifiersOnIOS()
IntelligentFormViewTests.swift:40: Expectation failed: hasAccessibilityID: IntelligentFormView should generate accessibility identifiers on iOS 
testIntelligentFormViewGeneratesAccessibilityIdentifiersOnMacOS()
IntelligentFormViewTests.swift:66: Expectation failed: hasAccessibilityID: IntelligentFormView should generate accessibility identifiers on macOS 
testUpdateButtonCallsOnSubmitWhenProvided()
IntelligentFormViewTests.swift:111: Expectation failed: onSubmitCalled: // TDD RED: Should PASS - onSubmit should be called
Update button should call onSubmit callback when clicked
testUpdateButtonDoesNothingWhenOnSubmitIsEmpty()
IntelligentFormViewTests.swift:163: Expectation failed: onSubmitCalled: // TDD RED: This test documents the current buggy behavior
// The callback IS called, but it does nothing (empty closure)
// Issue #8 says the button should auto-save Core Data or provide feedback
Update button should call onSubmit even if it's empty
Internationalization Service Accessibility
testInternationalizationServiceGeneratesAccessibilityIdentifiersOnIOS()
InternationalizationServiceAccessibilityTests.swift:32: Expectation failed: hasAccessibilityID: View with platformPresentLocalizedContent_L1 (using InternationalizationService) should generate accessibility identifiers on iOS 
testInternationalizationServiceGeneratesAccessibilityIdentifiersOnMacOS()
InternationalizationServiceAccessibilityTests.swift:54: Expectation failed: hasAccessibilityID: View with platformPresentLocalizedContent_L1 (using InternationalizationService) should generate accessibility identifiers on macOS 
Internationalization Service Component Accessibility
testInternationalizationServiceGeneratesAccessibilityIdentifiers()
InternationalizationServiceComponentAccessibilityTests.swift:33: Expectation failed: hasAccessibilityID: InternationalizationService should generate accessibility identifiers 
Layer Accessibility
testPlatformPresentItemCollectionL1GeneratesAccessibilityIdentifiers()
Layer1AccessibilityTests.swift:53: Expectation failed: hasSpecificAccessibilityID: platformPresentItemCollection_L1 should generate accessibility identifiers with current pattern 
testPlatformPresentItemCollectionL1WithEnhancedHintsGeneratesAccessibilityIdentifiers()
Layer1AccessibilityTests.swift:84: Expectation failed: hasAccessibilityID: platformPresentItemCollection_L1 with EnhancedPresentationHints should generate accessibility identifiers 
testPlatformPresentItemCollectionL1WithCustomViewGeneratesAccessibilityIdentifiers()
Layer1AccessibilityTests.swift:112: Expectation failed: hasAccessibilityID: platformPresentItemCollection_L1 with custom view should generate accessibility identifiers 
testPlatformPresentItemCollectionL1WithEnhancedHintsAndCustomViewGeneratesAccessibilityIdentifiers()
Layer1AccessibilityTests.swift:147: Expectation failed: hasAccessibilityID: platformPresentItemCollection_L1 with enhanced hints and custom view should generate accessibility identifiers 
testPlatformPresentItemCollectionL1WithAllCustomViewsGeneratesAccessibilityIdentifiers()
Layer1AccessibilityTests.swift:181: Expectation failed: hasAccessibilityID: platformPresentItemCollection_L1 with all custom views should generate accessibility identifiers 
testPlatformPresentFormDataL1SingleFieldGeneratesAccessibilityIdentifiers()
Layer1AccessibilityTests.swift:200: Expectation failed: hasAccessibilityID: platformPresentFormData_L1 single-field variant should generate accessibility identifiers 
testPlatformPresentFormDataL1GeneratesAccessibilityIdentifiers()
Layer1AccessibilityTests.swift:226: Expectation failed: hasSpecificAccessibilityID: platformPresentFormData_L1 should generate accessibility identifiers with new hierarchical naming 
testPlatformPresentNumericDataL1GeneratesAccessibilityIdentifiers()
Layer1AccessibilityTests.swift:254: Expectation failed: hasSpecificAccessibilityID: platformPresentNumericData_L1 should generate accessibility identifiers with current pattern 
testPlatformPresentNumericDataL1WithEnhancedHintsGeneratesAccessibilityIdentifiers()
Layer1AccessibilityTests.swift:284: Expectation failed: hasAccessibilityID: platformPresentNumericData_L1 with EnhancedPresentationHints should generate accessibility identifiers 
testPlatformPresentNumericDataL1WithCustomViewGeneratesAccessibilityIdentifiers()
Layer1AccessibilityTests.swift:309: Expectation failed: hasAccessibilityID: platformPresentNumericData_L1 with custom view should generate accessibility identifiers 
testPlatformPresentNumericDataL1WithEnhancedHintsAndCustomViewGeneratesAccessibilityIdentifiers()
Layer1AccessibilityTests.swift:343: Expectation failed: hasAccessibilityID: platformPresentNumericData_L1 with enhanced hints and custom view should generate accessibility identifiers 
testPlatformPresentNumericDataL1SingleItemGeneratesAccessibilityIdentifiers()
Layer1AccessibilityTests.swift:362: Expectation failed: hasAccessibilityID: platformPresentNumericData_L1 single-item variant should generate accessibility identifiers 
testPlatformPresentMediaDataL1GeneratesAccessibilityIdentifiers()
Layer1AccessibilityTests.swift:389: Expectation failed: hasSpecificAccessibilityID: platformPresentMediaData_L1 should generate accessibility identifiers 
testPlatformPresentMediaDataL1WithEnhancedHintsGeneratesAccessibilityIdentifiers()
Layer1AccessibilityTests.swift:417: Expectation failed: hasAccessibilityID: platformPresentMediaData_L1 with EnhancedPresentationHints should generate accessibility identifiers 
testPlatformPresentMediaDataL1WithCustomViewGeneratesAccessibilityIdentifiers()
Layer1AccessibilityTests.swift:442: Expectation failed: hasAccessibilityID: platformPresentMediaData_L1 with custom view should generate accessibility identifiers 
testPlatformPresentMediaDataL1WithEnhancedHintsAndCustomViewGeneratesAccessibilityIdentifiers()
Layer1AccessibilityTests.swift:476: Expectation failed: hasAccessibilityID: platformPresentMediaData_L1 with enhanced hints and custom view should generate accessibility identifiers 
testPlatformPresentMediaDataL1SingleItemGeneratesAccessibilityIdentifiers()
Layer1AccessibilityTests.swift:495: Expectation failed: hasAccessibilityID: platformPresentMediaData_L1 single-item variant should generate accessibility identifiers 
testPlatformPresentSettingsL1GeneratesAccessibilityIdentifiers()
Layer1AccessibilityTests.swift:530: Expectation failed: hasSpecificAccessibilityID: platformPresentSettings_L1 should generate accessibility identifiers 
testPlatformPresentSettingsL1WithCustomViewGeneratesAccessibilityIdentifiers()
Layer1AccessibilityTests.swift:564: Expectation failed: hasAccessibilityID: platformPresentSettings_L1 with custom view should generate accessibility identifiers 
testPlatformPresentSettingsL1WithEnhancedHintsAndCustomViewGeneratesAccessibilityIdentifiers()
Layer1AccessibilityTests.swift:607: Expectation failed: hasAccessibilityID: platformPresentSettings_L1 with enhanced hints and custom view should generate accessibility identifiers 
Layer Callback Functional
testPlatformPresentItemCollectionL1WithEnhancedHintsCallbacks()
Layer1CallbackFunctionalTests.swift:122: Issue recorded: View inspection failed on this platform
Layer Component Accessibility
testPlatformPrimaryButtonStyleGeneratesAccessibilityIdentifiers()
Layer4ComponentAccessibilityTests.swift:37: Expectation failed: hasAccessibilityID: Platform primary button style should generate accessibility identifiers
testPlatformSecondaryButtonStyleGeneratesAccessibilityIdentifiers()
Layer4ComponentAccessibilityTests.swift:54: Expectation failed: hasAccessibilityID: Platform secondary button style should generate accessibility identifiers 
testPlatformFormFieldGeneratesAccessibilityIdentifiers()
Layer4ComponentAccessibilityTests.swift:73: Expectation failed: hasAccessibilityID: Platform form field should generate accessibility identifiers 
testPlatformListRowGeneratesAccessibilityIdentifiers()
Layer4ComponentAccessibilityTests.swift:92: Expectation failed: hasAccessibilityID: Platform list row should generate accessibility identifiers 
testPlatformCardStyleGeneratesAccessibilityIdentifiers()
Layer4ComponentAccessibilityTests.swift:112: Expectation failed: hasAccessibilityID: Platform card style should generate accessibility identifiers 
testPlatformSheetGeneratesAccessibilityIdentifiers()
Layer4ComponentAccessibilityTests.swift:137: Expectation failed: hasAccessibilityID: Platform sheet should generate accessibility identifiers 
testPlatformCardGridGeneratesAccessibilityIdentifiers()
Layer4ComponentAccessibilityTests.swift:169: Expectation failed: hasAccessibilityID: Platform card grid should generate accessibility identifiers 
testPlatformBackgroundGeneratesAccessibilityIdentifiers()
Layer4ComponentAccessibilityTests.swift:186: Expectation failed: hasAccessibilityID: Platform background should generate accessibility identifiers 
Layer Form Container
testPlatformFormContainer_L4_FormContainer()
Layer4FormContainerTests.swift:61: Expectation failed: hasTestContent: Form container should contain the test content
testPlatformFormContainer_L4_StandardContainer()
Layer4FormContainerTests.swift:138: Expectation failed: hasTestContent: Standard container should contain the test content
Layer View Extension
testPlatformFormField_WithLabel()
Layer4ViewExtensionTests.swift:26: Expectation failed: hasAccessibilityID: platformFormField with label should generate accessibility identifiers 
testPlatformFormField_WithoutLabel()
Layer4ViewExtensionTests.swift:42: Expectation failed: hasAccessibilityID: platformFormField without label should generate accessibility identifiers 
testPlatformFormFieldGroup_WithTitle()
Layer4ViewExtensionTests.swift:59: Expectation failed: hasAccessibilityID: platformFormFieldGroup with title should generate accessibility identifiers 
testPlatformFormFieldGroup_WithoutTitle()
Layer4ViewExtensionTests.swift:74: Expectation failed: hasAccessibilityID: platformFormFieldGroup without title should generate accessibility identifiers 
testPlatformValidationMessage_Error()
Layer4ViewExtensionTests.swift:89: Expectation failed: hasAccessibilityID: platformValidationMessage error should generate accessibility identifiers 
testPlatformValidationMessage_AllTypes()
Layer4ViewExtensionTests.swift:105: Expectation failed: hasAccessibilityID: platformValidationMessage .error should generate accessibility identifiers 
Layer4ViewExtensionTests.swift:105: Expectation failed: hasAccessibilityID: platformValidationMessage .warning should generate accessibility identifiers 
Layer4ViewExtensionTests.swift:105: Expectation failed: hasAccessibilityID: platformValidationMessage .success should generate accessibility identifiers 
Layer4ViewExtensionTests.swift:105: Expectation failed: hasAccessibilityID: platformValidationMessage .info should generate accessibility identifiers 
testPlatformFormDivider()
Layer4ViewExtensionTests.swift:121: Expectation failed: hasAccessibilityID: platformFormDivider should generate accessibility identifiers 
testPlatformFormSpacing_AllSizes()
Layer4ViewExtensionTests.swift:139: Expectation failed: hasAccessibilityID: platformFormSpacing .small should generate accessibility identifiers 
Layer4ViewExtensionTests.swift:139: Expectation failed: hasAccessibilityID: platformFormSpacing .medium should generate accessibility identifiers 
Layer4ViewExtensionTests.swift:139: Expectation failed: hasAccessibilityID: platformFormSpacing .large should generate accessibility identifiers 
Layer4ViewExtensionTests.swift:139: Expectation failed: hasAccessibilityID: platformFormSpacing .extraLarge should generate accessibility identifiers 
testPlatformNavigation()
Layer4ViewExtensionTests.swift:157: Expectation failed: hasAccessibilityID: platformNavigation should generate accessibility identifiers 
testPlatformNavigationContainer()
Layer4ViewExtensionTests.swift:174: Expectation failed: hasAccessibilityID: platformNavigationContainer should generate accessibility identifiers 
testPlatformNavigationDestination()
Layer4ViewExtensionTests.swift:196: Expectation failed: hasAccessibilityID: platformNavigationDestination should generate accessibility identifiers 
testPlatformNavigationButton()
Layer4ViewExtensionTests.swift:218: Expectation failed: hasAccessibilityID: platformNavigationButton should generate accessibility identifiers 
testPlatformNavigationTitle()
Layer4ViewExtensionTests.swift:233: Expectation failed: hasAccessibilityID: platformNavigationTitle should generate accessibility identifiers 
testPlatformNavigationTitleDisplayMode()
Layer4ViewExtensionTests.swift:251: Expectation failed: hasAccessibilityID: platformNavigationTitleDisplayMode .automatic should generate accessibility identifiers 
Layer4ViewExtensionTests.swift:251: Expectation failed: hasAccessibilityID: platformNavigationTitleDisplayMode .inline should generate accessibility identifiers 
Layer4ViewExtensionTests.swift:251: Expectation failed: hasAccessibilityID: platformNavigationTitleDisplayMode .large should generate accessibility identifiers 
testPlatformNavigationBarTitleDisplayMode()
Layer4ViewExtensionTests.swift:270: Expectation failed: hasAccessibilityID: platformNavigationBarTitleDisplayMode .automatic should generate accessibility identifiers 
Layer4ViewExtensionTests.swift:270: Expectation failed: hasAccessibilityID: platformNavigationBarTitleDisplayMode .inline should generate accessibility identifiers 
Layer4ViewExtensionTests.swift:270: Expectation failed: hasAccessibilityID: platformNavigationBarTitleDisplayMode .large should generate accessibility identifiers 
testPlatformBackground_Default()
Layer4ViewExtensionTests.swift:287: Expectation failed: hasAccessibilityID: platformBackground default should generate accessibility identifiers 
testPlatformBackground_CustomColor()
Layer4ViewExtensionTests.swift:301: Expectation failed: hasAccessibilityID: platformBackground custom color should generate accessibility identifiers 
testPlatformPadding_Default()
Layer4ViewExtensionTests.swift:317: Expectation failed: hasAccessibilityID: platformPadding default should generate accessibility identifiers 
testPlatformPadding_Edges()
Layer4ViewExtensionTests.swift:331: Expectation failed: hasAccessibilityID: platformPadding edges should generate accessibility identifiers 
testPlatformPadding_Value()
Layer4ViewExtensionTests.swift:345: Expectation failed: hasAccessibilityID: platformPadding value should generate accessibility identifiers 
testPlatformReducedPadding()
Layer4ViewExtensionTests.swift:359: Expectation failed: hasAccessibilityID: platformReducedPadding should generate accessibility identifiers 
testPlatformCornerRadius_Default()
Layer4ViewExtensionTests.swift:375: Expectation failed: hasAccessibilityID: platformCornerRadius default should generate accessibility identifiers 
testPlatformCornerRadius_Custom()
Layer4ViewExtensionTests.swift:388: Expectation failed: hasAccessibilityID: platformCornerRadius custom should generate accessibility identifiers 
testPlatformShadow_Default()
Layer4ViewExtensionTests.swift:403: Expectation failed: hasAccessibilityID: platformShadow default should generate accessibility identifiers 
testPlatformShadow_Custom()
Layer4ViewExtensionTests.swift:416: Expectation failed: hasAccessibilityID: platformShadow custom should generate accessibility identifiers 
testPlatformBorder_Default()
Layer4ViewExtensionTests.swift:431: Expectation failed: hasAccessibilityID: platformBorder default should generate accessibility identifiers 
testPlatformBorder_Custom()
Layer4ViewExtensionTests.swift:444: Expectation failed: hasAccessibilityID: platformBorder custom should generate accessibility identifiers 
testPlatformFont_Default()
Layer4ViewExtensionTests.swift:459: Expectation failed: hasAccessibilityID: platformFont default should generate accessibility identifiers 
testPlatformFont_Custom()
Layer4ViewExtensionTests.swift:472: Expectation failed: hasAccessibilityID: platformFont custom should generate accessibility identifiers 
testPlatformAnimation_Default()
Layer4ViewExtensionTests.swift:487: Expectation failed: hasAccessibilityID: platformAnimation default should generate accessibility identifiers 
testPlatformAnimation_Custom()
Layer4ViewExtensionTests.swift:500: Expectation failed: hasAccessibilityID: platformAnimation custom should generate accessibility identifiers 
testPlatformMinFrame()
Layer4ViewExtensionTests.swift:515: Expectation failed: hasAccessibilityID: platformMinFrame should generate accessibility identifiers 
testPlatformMaxFrame()
Layer4ViewExtensionTests.swift:528: Expectation failed: hasAccessibilityID: platformMaxFrame should generate accessibility identifiers 
testPlatformIdealFrame()
Layer4ViewExtensionTests.swift:541: Expectation failed: hasAccessibilityID: platformIdealFrame should generate accessibility identifiers 
testPlatformAdaptiveFrame()
Layer4ViewExtensionTests.swift:554: Expectation failed: hasAccessibilityID: platformAdaptiveFrame should generate accessibility identifiers 
testPlatformFormStyle()
Layer4ViewExtensionTests.swift:569: Expectation failed: hasAccessibilityID: platformFormStyle should generate accessibility identifiers 
testPlatformContentSpacing()
Layer4ViewExtensionTests.swift:584: Expectation failed: hasAccessibilityID: platformContentSpacing should generate accessibility identifiers 
testPlatformPhotoPicker_L4()
Layer4ViewExtensionTests.swift:601: Expectation failed: hasAccessibilityID: platformPhotoPicker_L4 should generate accessibility identifiers 
testPlatformCameraInterface_L4()
Layer4ViewExtensionTests.swift:618: Expectation failed: hasAccessibilityID: platformCameraInterface_L4 should generate accessibility identifiers 
testPlatformPhotoDisplay_L4()
Layer4ViewExtensionTests.swift:636: Expectation failed: hasAccessibilityID: platformPhotoDisplay_L4 .thumbnail should generate accessibility identifiers 
Layer4ViewExtensionTests.swift:636: Expectation failed: hasAccessibilityID: platformPhotoDisplay_L4 .aspectFit should generate accessibility identifiers 
Layer4ViewExtensionTests.swift:636: Expectation failed: hasAccessibilityID: platformPhotoDisplay_L4 .fullSize should generate accessibility identifiers 
Layer4ViewExtensionTests.swift:636: Expectation failed: hasAccessibilityID: platformPhotoDisplay_L4 .rounded should generate accessibility identifiers 
testPlatformPhotoDisplay_L4_NilImage()
Layer4ViewExtensionTests.swift:649: Expectation failed: hasAccessibilityID: platformPhotoDisplay_L4 with nil image should generate accessibility identifiers 
testPlatformOCRImplementation_L4()
Layer4ViewExtensionTests.swift:683: Expectation failed: hasAccessibilityID: platformOCRImplementation_L4 should generate accessibility identifiers 
testPlatformTextExtraction_L4()
Layer4ViewExtensionTests.swift:730: Expectation failed: hasAccessibilityID: platformTextExtraction_L4 should generate accessibility identifiers 
testPlatformTextRecognition_L4()
Layer4ViewExtensionTests.swift:758: Expectation failed: hasAccessibilityID: platformTextRecognition_L4 should generate accessibility identifiers 
Layer Component Accessibility
testPlatformMessagingLayer5GeneratesAccessibilityIdentifiers()
Layer5ComponentAccessibilityTests.swift:37: Expectation failed: hasAccessibilityID: PlatformMessagingLayer5 should generate accessibility identifiers 
testPlatformMessagingLayer5ToastGeneratesAccessibilityIdentifiers()
Layer5ComponentAccessibilityTests.swift:57: Expectation failed: hasAccessibilityID: PlatformMessagingLayer5 toast should generate accessibility identifiers 
testPlatformResourceLayer5GeneratesAccessibilityIdentifiers()
Layer5ComponentAccessibilityTests.swift:77: Expectation failed: hasAccessibilityID: PlatformResourceLayer5 should generate accessibility identifiers 
testPlatformResourceLayer5ImageGeneratesAccessibilityIdentifiers()
Layer5ComponentAccessibilityTests.swift:97: Expectation failed: hasAccessibilityID: PlatformResourceLayer5 image should generate accessibility identifiers 
testPlatformNotificationLayer5GeneratesAccessibilityIdentifiers()
Layer5ComponentAccessibilityTests.swift:118: Expectation failed: hasAccessibilityID: PlatformNotificationLayer5 should generate accessibility identifiers 
testPlatformOptimizationLayer5GeneratesAccessibilityIdentifiers()
Layer5ComponentAccessibilityTests.swift:139: Expectation failed: hasAccessibilityID: PlatformOptimizationLayer5 should generate accessibility identifiers 
testPlatformSafetyLayer5GeneratesAccessibilityIdentifiers()
Layer5ComponentAccessibilityTests.swift:160: Expectation failed: hasAccessibilityID: PlatformSafetyLayer5 should generate accessibility identifiers 
testPlatformPrivacyLayer5GeneratesAccessibilityIdentifiers()
Layer5ComponentAccessibilityTests.swift:181: Expectation failed: hasAccessibilityID: PlatformPrivacyLayer5 should generate accessibility identifiers 
Layer 5 Platform Components
testPlatformRecognitionLayer5ProvidesAIIntelligence()
Layer5PlatformComponentTDDTests.swift:57: Issue recorded: PlatformRecognitionLayer5 inspection error: sixLayerVStack() requires a VStack view
testPlatformPrivacyLayer5ManagesDataPrivacy()
Layer5PlatformComponentTDDTests.swift:101: Issue recorded: PlatformPrivacyLayer5 inspection error: sixLayerVStack() requires a VStack view
testPlatformPerformanceLayer6MonitorsPerformance()
Layer5PlatformComponentTDDTests.swift:144: Issue recorded: PlatformPerformanceLayer6 inspection error: sixLayerVStack() requires a VStack view
testPlatformProfilingLayer5ProvidesUserInsights()
Layer5PlatformComponentTDDTests.swift:187: Issue recorded: PlatformProfilingLayer5 inspection error: sixLayerVStack() requires a VStack view
testPlatformSafetyLayer5ProvidesSafetyFeatures()
Layer5PlatformComponentTDDTests.swift:230: Issue recorded: PlatformSafetyLayer5 inspection error: sixLayerVStack() requires a VStack view
testPlatformRoutingLayer5HandlesNavigation()
Layer5PlatformComponentTDDTests.swift:273: Issue recorded: PlatformRoutingLayer5 inspection error: sixLayerVStack() requires a VStack view
testPlatformOrchestrationLayer5CoordinatesServices()
Layer5PlatformComponentTDDTests.swift:316: Issue recorded: PlatformOrchestrationLayer5 inspection error: sixLayerVStack() requires a VStack view
testPlatformOptimizationLayer5ProvidesRecommendations()
Layer5PlatformComponentTDDTests.swift:359: Issue recorded: PlatformOptimizationLayer5 inspection error: sixLayerVStack() requires a VStack view
testPlatformOrganizationLayer5ManagesDataOrganization()
Layer5PlatformComponentTDDTests.swift:407: Issue recorded: PlatformOrganizationLayer5 inspection error: sixLayerVStack() requires a VStack view
testPlatformNotificationLayer5HandlesNotifications()
Layer5PlatformComponentTDDTests.swift:455: Issue recorded: PlatformNotificationLayer5 inspection error: sixLayerVStack() requires a VStack view
testPlatformInterpretationLayer5ProvidesContextAnalysis()
Layer5PlatformComponentTDDTests.swift:503: Issue recorded: PlatformInterpretationLayer5 inspection error: sixLayerVStack() requires a VStack view
Layer Component Accessibility
testCrossPlatformOptimizationLayer6GeneratesAccessibilityIdentifiers()
Layer6ComponentAccessibilityTests.swift:34: Expectation failed: hasAccessibilityID: CrossPlatformOptimizationLayer6 should generate accessibility identifiers 
testCrossPlatformOptimizationLayer6PlatformSpecificOptimizations()
Layer6ComponentAccessibilityTests.swift:55: Expectation failed: hasAccessibilityID: Platform-specific optimizations should generate accessibility identifiers 
testCrossPlatformOptimizationLayer6PerformanceOptimizations()
Layer6ComponentAccessibilityTests.swift:77: Expectation failed: hasAccessibilityID: Performance optimizations should generate accessibility identifiers 
testCrossPlatformOptimizationLayer6UIPatternOptimizations()
Layer6ComponentAccessibilityTests.swift:99: Expectation failed: hasAccessibilityID: UI pattern optimizations should generate accessibility identifiers 
testPlatformPerformanceLayer6GeneratesAccessibilityIdentifiers()
Layer6ComponentAccessibilityTests.swift:133: Expectation failed: hasAccessibilityID: PlatformPerformanceLayer6 should generate accessibility identifiers 
Local Enable Override
testGlobalDisableLocalEnable()
LocalEnableOverrideTests.swift:42: Expectation failed: !((accessibilityID → "").isEmpty → true → true): // Should have an ID - local enable should override global disable
Local enable should override global disable
LocalEnableOverrideTests.swift:43: Expectation failed: (accessibilityID → "").contains("TestApp"): ID should contain namespace
LocalEnableOverrideTests.swift:44: Expectation failed: (accessibilityID → "").contains("SixLayer"): ID should contain framework prefix
testNamedModifierAlwaysWorksRegardlessOfGlobalSettings()
LocalEnableOverrideTests.swift:92: Expectation failed: !((accessibilityID → "").isEmpty → true → true): // .named() should always work regardless of global settings
// This is the correct behavior - explicit naming should not be affected by global config
.named() should always generate identifier regardless of global settings
LocalEnableOverrideTests.swift:93: Expectation failed: (accessibilityID → "").contains("DisabledButton"): Should contain the explicit name
testNamedModifierAlwaysWorksEvenWhenGlobalConfigDisabled()
LocalEnableOverrideTests.swift:137: Expectation failed: !((accessibilityID → "").isEmpty → true → true): // .named() should always work regardless of global settings
// This is the correct behavior - explicit naming should not be affected by global config
.named() should always work regardless of global config
LocalEnableOverrideTests.swift:138: Expectation failed: (accessibilityID → "").contains("FrameworkButton"): Should contain the explicit name
Material Accessibility Manager Accessibility
testMaterialAccessibilityManagerGeneratesAccessibilityIdentifiersOnIOS()
MaterialAccessibilityManagerAccessibilityTests.swift:33: Expectation failed: hasAccessibilityID: View with MaterialAccessibilityManager should generate accessibility identifiers on iOS 
testMaterialAccessibilityManagerGeneratesAccessibilityIdentifiersOnMacOS()
MaterialAccessibilityManagerAccessibilityTests.swift:56: Expectation failed: hasAccessibilityID: View with MaterialAccessibilityManager should generate accessibility identifiers on macOS 
Modal Form View
testModalFormViewGeneratesAccessibilityIdentifiersOnIOS()
ModalFormViewTests.swift:49: Expectation failed: hasAccessibilityID: ModalFormView should generate accessibility identifiers on iOS 
testModalFormViewGeneratesAccessibilityIdentifiersOnMacOS()
ModalFormViewTests.swift:88: Expectation failed: hasAccessibilityID: ModalFormView should generate accessibility identifiers on macOS 
Named Modifier Refactoring
testNamedModifierReplacesCurrentHierarchyLevel()
NamedModifierRefactoringTests.swift:51: Expectation failed: testComponentComplianceSinglePlatform((testView → ModifiedContent<Button<Text>, NamedModifier>(content: SwiftUI.Button<SwiftUI.Text>(role: nil, action: SwiftUI.ButtonAction.closure((Function)), label: SwiftUI.Text(storage: SwiftUI.Text.Storage.anyTextStorage(<LocalizedTextStorage: 0x0000000803e468f0>: "Save"), modifiers: [])), modifier: SixLayerFramework.NamedModifier(name: "SaveButton"))), expectedPattern: (hierarchyPattern → "SixLayer.*ui"), platform: (defaultPlatform → .iOS), componentName: "HierarchyReplacement"): // When: We check the accessibility identifier
// Then: Should get full hierarchy path ending with "SaveButton"
.named() should replace current hierarchy level and generate full path as accessibility ID
testNamedModifierGeneratesFullHierarchyPath()
NamedModifierRefactoringTests.swift:73: Expectation failed: testComponentComplianceSinglePlatform((testView → ModifiedContent<ModifiedContent<VStack<ModifiedContent<Button<Text>, NamedModifier>>, AutomaticComplianceModifier>, NamedModifier>(content: SwiftUI.ModifiedContent<SwiftUI.VStack<SwiftUI.ModifiedContent<SwiftUI.Button<SwiftUI.Text>, SixLayerFramework.NamedModifier>>, SixLayerFramework.AutomaticComplianceModifier>(content: SwiftUI.VStack<SwiftUI.ModifiedContent<SwiftUI.Button<SwiftUI.Text>, SixLayerFramework.NamedModifier>>(_tree: SwiftUI._VariadicView.Tree<SwiftUI._VStackLayout, SwiftUI.ModifiedContent<SwiftUI.Button<SwiftUI.Text>, SixLayerFramework.NamedModifier>>(root: SwiftUI._VStackLayout(alignment: SwiftUI.HorizontalAlignment(key: SwiftUI.AlignmentKey(bits: 2)), spacing: nil), content: SwiftUI.ModifiedContent<SwiftUI.Button<SwiftUI.Text>, SixLayerFramework.NamedModifier>(content: SwiftUI.Button<SwiftUI.Text>(role: nil, action: SwiftUI.ButtonAction.closure((Function)), label: SwiftUI.Text(storage: SwiftUI.Text.Storage.anyTextStorage(<LocalizedTextStorage: 0x0000000803b4ac10>: "Edit"), modifiers: [])), modifier: SixLayerFramework.NamedModifier(name: "EditButton")))), modifier: SixLayerFramework.AutomaticComplianceModifier()), modifier: SixLayerFramework.NamedModifier(name: "ActionContainer"))), expectedPattern: (hierarchyPattern → "SixLayer.*ui"), platform: (defaultPlatform → .iOS), componentName: "FullHierarchyPath"): // When: We check the accessibility identifier
// Then: Should get full path including both names
.named() should generate full hierarchy path as accessibility identifier
testMultipleNestedNamedModifiersBuildHierarchy()
NamedModifierRefactoringTests.swift:98: Expectation failed: testComponentComplianceSinglePlatform((testView → ModifiedContent<ModifiedContent<VStack<ModifiedContent<ModifiedContent<HStack<ModifiedContent<Button<Text>, NamedModifier>>, AutomaticComplianceModifier>, NamedModifier>>, AutomaticComplianceModifier>, NamedModifier>(content: SwiftUI.ModifiedContent<SwiftUI.VStack<SwiftUI.ModifiedContent<SwiftUI.ModifiedContent<SwiftUI.HStack<SwiftUI.ModifiedContent<SwiftUI.Button<SwiftUI.Text>, SixLayerFramework.NamedModifier>>, SixLayerFramework.AutomaticComplianceModifier>, SixLayerFramework.NamedModifier>>, SixLayerFramework.AutomaticComplianceModifier>(content: SwiftUI.VStack<SwiftUI.ModifiedContent<SwiftUI.ModifiedContent<SwiftUI.HStack<SwiftUI.ModifiedContent<SwiftUI.Button<SwiftUI.Text>, SixLayerFramework.NamedModifier>>, SixLayerFramework.AutomaticComplianceModifier>, SixLayerFramework.NamedModifier>>(_tree: SwiftUI._VariadicView.Tree<SwiftUI._VStackLayout, SwiftUI.ModifiedContent<SwiftUI.ModifiedContent<SwiftUI.HStack<SwiftUI.ModifiedContent<SwiftUI.Button<SwiftUI.Text>, SixLayerFramework.NamedModifier>>, SixLayerFramework.AutomaticComplianceModifier>, SixLayerFramework.NamedModifier>>(root: SwiftUI._VStackLayout(alignment: SwiftUI.HorizontalAlignment(key: SwiftUI.AlignmentKey(bits: 2)), spacing: nil), content: SwiftUI.ModifiedContent<SwiftUI.ModifiedContent<SwiftUI.HStack<SwiftUI.ModifiedContent<SwiftUI.Button<SwiftUI.Text>, SixLayerFramework.NamedModifier>>, SixLayerFramework.AutomaticComplianceModifier>, SixLayerFramework.NamedModifier>(content: SwiftUI.ModifiedContent<SwiftUI.HStack<SwiftUI.ModifiedContent<SwiftUI.Button<SwiftUI.Text>, SixLayerFramework.NamedModifier>>, SixLayerFramework.AutomaticComplianceModifier>(content: SwiftUI.HStack<SwiftUI.ModifiedContent<SwiftUI.Button<SwiftUI.Text>, SixLayerFramework.NamedModifier>>(_tree: SwiftUI._VariadicView.Tree<SwiftUI._HStackLayout, SwiftUI.ModifiedContent<SwiftUI.Button<SwiftUI.Text>, SixLayerFramework.NamedModifier>>(root: SwiftUI._HStackLayout(alignment: SwiftUI.VerticalAlignment(key: SwiftUI.AlignmentKey(bits: 5)), spacing: nil), content: SwiftUI.ModifiedContent<SwiftUI.Button<SwiftUI.Text>, SixLayerFramework.NamedModifier>(content: SwiftUI.Button<SwiftUI.Text>(role: nil, action: SwiftUI.ButtonAction.closure((Function)), label: SwiftUI.Text(storage: SwiftUI.Text.Storage.anyTextStorage(<LocalizedTextStorage: 0x0000000803b4a670>: "Cancel"), modifiers: [])), modifier: SixLayerFramework.NamedModifier(name: "CancelButton")))), modifier: SixLayerFramework.AutomaticComplianceModifier()), modifier: SixLayerFramework.NamedModifier(name: "ButtonRow")))), modifier: SixLayerFramework.AutomaticComplianceModifier()), modifier: SixLayerFramework.NamedModifier(name: "DialogBox"))), expectedPattern: (hierarchyPattern → "SixLayer.*ui"), platform: (defaultPlatform → .iOS), componentName: "NestedHierarchy"): // When: We check the accessibility identifier
// Then: Should get complete hierarchy path
Multiple .named() calls should build complete hierarchy path
testNamedModifierPreventsCollisionWithSameNames()
NamedModifierRefactoringTests.swift:126: Expectation failed: testComponentComplianceSinglePlatform((view1 → ModifiedContent<ModifiedContent<VStack<ModifiedContent<Button<Text>, NamedModifier>>, AutomaticComplianceModifier>, NamedModifier>(content: SwiftUI.ModifiedContent<SwiftUI.VStack<SwiftUI.ModifiedContent<SwiftUI.Button<SwiftUI.Text>, SixLayerFramework.NamedModifier>>, SixLayerFramework.AutomaticComplianceModifier>(content: SwiftUI.VStack<SwiftUI.ModifiedContent<SwiftUI.Button<SwiftUI.Text>, SixLayerFramework.NamedModifier>>(_tree: SwiftUI._VariadicView.Tree<SwiftUI._VStackLayout, SwiftUI.ModifiedContent<SwiftUI.Button<SwiftUI.Text>, SixLayerFramework.NamedModifier>>(root: SwiftUI._VStackLayout(alignment: SwiftUI.HorizontalAlignment(key: SwiftUI.AlignmentKey(bits: 2)), spacing: nil), content: SwiftUI.ModifiedContent<SwiftUI.Button<SwiftUI.Text>, SixLayerFramework.NamedModifier>(content: SwiftUI.Button<SwiftUI.Text>(role: nil, action: SwiftUI.ButtonAction.closure((Function)), label: SwiftUI.Text(storage: SwiftUI.Text.Storage.anyTextStorage(<LocalizedTextStorage: 0x0000000803b4a080>: "Save"), modifiers: [])), modifier: SixLayerFramework.NamedModifier(name: "SaveButton")))), modifier: SixLayerFramework.AutomaticComplianceModifier()), modifier: SixLayerFramework.NamedModifier(name: "UserProfile"))), expectedPattern: (hierarchyPattern → "SixLayer.*ui"), platform: (defaultPlatform → .iOS), componentName: "CollisionPrevention1"): // When: We check both accessibility identifiers
// Then: Should get different full paths
First SaveButton should include UserProfile in path
NamedModifierRefactoringTests.swift:133: Expectation failed: testComponentComplianceSinglePlatform((view2 → ModifiedContent<ModifiedContent<VStack<ModifiedContent<Button<Text>, NamedModifier>>, AutomaticComplianceModifier>, NamedModifier>(content: SwiftUI.ModifiedContent<SwiftUI.VStack<SwiftUI.ModifiedContent<SwiftUI.Button<SwiftUI.Text>, SixLayerFramework.NamedModifier>>, SixLayerFramework.AutomaticComplianceModifier>(content: SwiftUI.VStack<SwiftUI.ModifiedContent<SwiftUI.Button<SwiftUI.Text>, SixLayerFramework.NamedModifier>>(_tree: SwiftUI._VariadicView.Tree<SwiftUI._VStackLayout, SwiftUI.ModifiedContent<SwiftUI.Button<SwiftUI.Text>, SixLayerFramework.NamedModifier>>(root: SwiftUI._VStackLayout(alignment: SwiftUI.HorizontalAlignment(key: SwiftUI.AlignmentKey(bits: 2)), spacing: nil), content: SwiftUI.ModifiedContent<SwiftUI.Button<SwiftUI.Text>, SixLayerFramework.NamedModifier>(content: SwiftUI.Button<SwiftUI.Text>(role: nil, action: SwiftUI.ButtonAction.closure((Function)), label: SwiftUI.Text(storage: SwiftUI.Text.Storage.anyTextStorage(<LocalizedTextStorage: 0x0000000803b48d70>: "Save"), modifiers: [])), modifier: SixLayerFramework.NamedModifier(name: "SaveButton")))), modifier: SixLayerFramework.AutomaticComplianceModifier()), modifier: SixLayerFramework.NamedModifier(name: "Settings"))), expectedPattern: (hierarchyPattern → "SixLayer.*ui"), platform: (defaultPlatform → .iOS), componentName: "CollisionPrevention2"): Second SaveButton should include Settings in path
testNamedModifierWorksIndependentlyOfGlobalSettings()
NamedModifierRefactoringTests.swift:153: Expectation failed: testComponentComplianceSinglePlatform((testView → ModifiedContent<Button<Text>, NamedModifier>(content: SwiftUI.Button<SwiftUI.Text>(role: nil, action: SwiftUI.ButtonAction.closure((Function)), label: SwiftUI.Text(storage: SwiftUI.Text.Storage.anyTextStorage(<LocalizedTextStorage: 0x0000000803e46940>: "Test"), modifiers: [])), modifier: SixLayerFramework.NamedModifier(name: "TestButton"))), expectedPattern: (hierarchyPattern → "SixLayer.*ui"), platform: (defaultPlatform → .iOS), componentName: "IndependentNamedModifier"): // When: We check the accessibility identifier
// Then: Should still get full hierarchy path even with global system disabled
.named() should work independently of global automatic accessibility settings
testSubcomponentsInheritModifiedHierarchy()
NamedModifierRefactoringTests.swift:179: Expectation failed: testComponentComplianceSinglePlatform((testView → ModifiedContent<ModifiedContent<VStack<ModifiedContent<Button<Text>, AutomaticComplianceModifier>>, AutomaticComplianceModifier>, NamedModifier>(content: SwiftUI.ModifiedContent<SwiftUI.VStack<SwiftUI.ModifiedContent<SwiftUI.Button<SwiftUI.Text>, SixLayerFramework.AutomaticComplianceModifier>>, SixLayerFramework.AutomaticComplianceModifier>(content: SwiftUI.VStack<SwiftUI.ModifiedContent<SwiftUI.Button<SwiftUI.Text>, SixLayerFramework.AutomaticComplianceModifier>>(_tree: SwiftUI._VariadicView.Tree<SwiftUI._VStackLayout, SwiftUI.ModifiedContent<SwiftUI.Button<SwiftUI.Text>, SixLayerFramework.AutomaticComplianceModifier>>(root: SwiftUI._VStackLayout(alignment: SwiftUI.HorizontalAlignment(key: SwiftUI.AlignmentKey(bits: 2)), spacing: nil), content: SwiftUI.ModifiedContent<SwiftUI.Button<SwiftUI.Text>, SixLayerFramework.AutomaticComplianceModifier>(content: SwiftUI.Button<SwiftUI.Text>(role: nil, action: SwiftUI.ButtonAction.closure((Function)), label: SwiftUI.Text(storage: SwiftUI.Text.Storage.anyTextStorage(<LocalizedTextStorage: 0x0000000803b4a7b0>: "Save"), modifiers: [])), modifier: SixLayerFramework.AutomaticComplianceModifier()))), modifier: SixLayerFramework.AutomaticComplianceModifier()), modifier: SixLayerFramework.NamedModifier(name: "ActionContainer"))), expectedPattern: (hierarchyPattern → "SixLayer.*ui"), platform: (defaultPlatform → .iOS), componentName: "HierarchyInheritance"): // When: We check the accessibility identifier
// Then: Button should include "ActionContainer" in its generated ID
Subcomponents should inherit modified hierarchy context
testNamedModifierWithEmptyString()
NamedModifierRefactoringTests.swift:198: Expectation failed: testComponentComplianceSinglePlatform((testView → ModifiedContent<Button<Text>, NamedModifier>(content: SwiftUI.Button<SwiftUI.Text>(role: nil, action: SwiftUI.ButtonAction.closure((Function)), label: SwiftUI.Text(storage: SwiftUI.Text.Storage.anyTextStorage(<LocalizedTextStorage: 0x0000000803b48640>: "Test"), modifiers: [])), modifier: SixLayerFramework.NamedModifier(name: ""))), expectedPattern: ".*", platform: (defaultPlatform → .iOS), componentName: "EmptyStringTest"): // When: We check the accessibility identifier
// Then: Should handle empty string gracefully
.named() with empty string should handle gracefully
testNamedModifierDoesNotChangeGlobalEnvironmentSettings()
NamedModifierRefactoringTests.swift:225: Expectation failed: testComponentComplianceSinglePlatform((testView → ModifiedContent<Button<Text>, NamedModifier>(content: SwiftUI.Button<SwiftUI.Text>(role: nil, action: SwiftUI.ButtonAction.closure((Function)), label: SwiftUI.Text(storage: SwiftUI.Text.Storage.anyTextStorage(<LocalizedTextStorage: 0x0000000803b49900>: "Test"), modifiers: [])), modifier: SixLayerFramework.NamedModifier(name: "TestButton"))), expectedPattern: (hierarchyPattern → "SixLayer.*ui"), platform: (defaultPlatform → .iOS), componentName: "NoGlobalChanges"): // When: We check the accessibility identifier
// Then: Should work without changing global settings
.named() should not change global environment settings
NamedModifierRefactoringTests.swift:233: Expectation failed: !((config → SixLayerFramework.AccessibilityIdentifierConfig).enableAutoIDs → true → true): // And global settings should remain unchanged
Global settings should remain disabled after .named()
testExactNamedModifierAppliesExactNameOnly()
NamedModifierRefactoringTests.swift:252: Expectation failed: testComponentComplianceSinglePlatform((testView → ModifiedContent<Button<Text>, ExactNamedModifier>(content: SwiftUI.Button<SwiftUI.Text>(role: nil, action: SwiftUI.ButtonAction.closure((Function)), label: SwiftUI.Text(storage: SwiftUI.Text.Storage.anyTextStorage(<LocalizedTextStorage: 0x0000000803b4a760>: "Save"), modifiers: [])), modifier: SixLayerFramework.ExactNamedModifier(name: "SaveButton"))), expectedPattern: "^SaveButton$", platform: (defaultPlatform → .iOS), componentName: "ExactNamedModifier"): // When: We check the accessibility identifier
// Then: Should get exactly "SaveButton" (no hierarchy)
.exactNamed() should apply exact name only, no hierarchy
testExactNamedModifierDoesNotModifyHierarchy()
NamedModifierRefactoringTests.swift:274: Expectation failed: testComponentComplianceSinglePlatform((testView → ModifiedContent<ModifiedContent<VStack<ModifiedContent<Button<Text>, ExactNamedModifier>>, AutomaticComplianceModifier>, NamedModifier>(content: SwiftUI.ModifiedContent<SwiftUI.VStack<SwiftUI.ModifiedContent<SwiftUI.Button<SwiftUI.Text>, SixLayerFramework.ExactNamedModifier>>, SixLayerFramework.AutomaticComplianceModifier>(content: SwiftUI.VStack<SwiftUI.ModifiedContent<SwiftUI.Button<SwiftUI.Text>, SixLayerFramework.ExactNamedModifier>>(_tree: SwiftUI._VariadicView.Tree<SwiftUI._VStackLayout, SwiftUI.ModifiedContent<SwiftUI.Button<SwiftUI.Text>, SixLayerFramework.ExactNamedModifier>>(root: SwiftUI._VStackLayout(alignment: SwiftUI.HorizontalAlignment(key: SwiftUI.AlignmentKey(bits: 2)), spacing: nil), content: SwiftUI.ModifiedContent<SwiftUI.Button<SwiftUI.Text>, SixLayerFramework.ExactNamedModifier>(content: SwiftUI.Button<SwiftUI.Text>(role: nil, action: SwiftUI.ButtonAction.closure((Function)), label: SwiftUI.Text(storage: SwiftUI.Text.Storage.anyTextStorage(<LocalizedTextStorage: 0x0000000803b48c80>: "Edit"), modifiers: [])), modifier: SixLayerFramework.ExactNamedModifier(name: "EditButton")))), modifier: SixLayerFramework.AutomaticComplianceModifier()), modifier: SixLayerFramework.NamedModifier(name: "ActionContainer"))), expectedPattern: (hierarchyPattern → "SixLayer.*ui"), platform: (defaultPlatform → .iOS), componentName: "ExactNamedHierarchyTest"): // When: We check the accessibility identifier
// Then: Button should get exact name, VStack should get hierarchy
.exactNamed() should not modify hierarchy for other components
testExactNamedModifierWorksIndependentlyOfGlobalSettings()
NamedModifierRefactoringTests.swift:294: Expectation failed: testComponentComplianceSinglePlatform((testView → ModifiedContent<Button<Text>, ExactNamedModifier>(content: SwiftUI.Button<SwiftUI.Text>(role: nil, action: SwiftUI.ButtonAction.closure((Function)), label: SwiftUI.Text(storage: SwiftUI.Text.Storage.anyTextStorage(<LocalizedTextStorage: 0x0000000803e46990>: "Test"), modifiers: [])), modifier: SixLayerFramework.ExactNamedModifier(name: "TestButton"))), expectedPattern: "^TestButton$", platform: (defaultPlatform → .iOS), componentName: "IndependentExactNamedModifier"): // When: We check the accessibility identifier
// Then: Should get exact name even with global system disabled
.exactNamed() should work independently of global settings
testNamedAndExactNamedWorkTogether()
NamedModifierRefactoringTests.swift:324: Expectation failed: testComponentComplianceSinglePlatform((testView → ModifiedContent<ModifiedContent<VStack<TupleView<(ModifiedContent<Button<Text>, ExactNamedModifier>, ModifiedContent<Button<Text>, NamedModifier>)>>, AutomaticComplianceModifier>, NamedModifier>(content: SwiftUI.ModifiedContent<SwiftUI.VStack<SwiftUI.TupleView<(SwiftUI.ModifiedContent<SwiftUI.Button<SwiftUI.Text>, SixLayerFramework.ExactNamedModifier>, SwiftUI.ModifiedContent<SwiftUI.Button<SwiftUI.Text>, SixLayerFramework.NamedModifier>)>>, SixLayerFramework.AutomaticComplianceModifier>(content: SwiftUI.VStack<SwiftUI.TupleView<(SwiftUI.ModifiedContent<SwiftUI.Button<SwiftUI.Text>, SixLayerFramework.ExactNamedModifier>, SwiftUI.ModifiedContent<SwiftUI.Button<SwiftUI.Text>, SixLayerFramework.NamedModifier>)>>(_tree: SwiftUI._VariadicView.Tree<SwiftUI._VStackLayout, SwiftUI.TupleView<(SwiftUI.ModifiedContent<SwiftUI.Button<SwiftUI.Text>, SixLayerFramework.ExactNamedModifier>, SwiftUI.ModifiedContent<SwiftUI.Button<SwiftUI.Text>, SixLayerFramework.NamedModifier>)>>(root: SwiftUI._VStackLayout(alignment: SwiftUI.HorizontalAlignment(key: SwiftUI.AlignmentKey(bits: 2)), spacing: nil), content: SwiftUI.TupleView<(SwiftUI.ModifiedContent<SwiftUI.Button<SwiftUI.Text>, SixLayerFramework.ExactNamedModifier>, SwiftUI.ModifiedContent<SwiftUI.Button<SwiftUI.Text>, SixLayerFramework.NamedModifier>)>(value: (SwiftUI.ModifiedContent<SwiftUI.Button<SwiftUI.Text>, SixLayerFramework.ExactNamedModifier>(content: SwiftUI.Button<SwiftUI.Text>(role: nil, action: SwiftUI.ButtonAction.closure((Function)), label: SwiftUI.Text(storage: SwiftUI.Text.Storage.anyTextStorage(<LocalizedTextStorage: 0x0000000803b4a940>: "Save"), modifiers: [])), modifier: SixLayerFramework.ExactNamedModifier(name: "SaveButton")), SwiftUI.ModifiedContent<SwiftUI.Button<SwiftUI.Text>, SixLayerFramework.NamedModifier>(content: SwiftUI.Button<SwiftUI.Text>(role: nil, action: SwiftUI.ButtonAction.closure((Function)), label: SwiftUI.Text(storage: SwiftUI.Text.Storage.anyTextStorage(<LocalizedTextStorage: 0x0000000803b4a530>: "Cancel"), modifiers: [])), modifier: SixLayerFramework.NamedModifier(name: "CancelButton")))))), modifier: SixLayerFramework.AutomaticComplianceModifier()), modifier: SixLayerFramework.NamedModifier(name: "DialogBox"))), expectedPattern: (hierarchyPattern → "SixLayer.*ui"), platform: (defaultPlatform → .iOS), componentName: "CombinedModifiersTest"): // When: We check the accessibility identifier
// Then: Should get hierarchical path for the container
.named() and .exactNamed() should work together
testExactNamedModifierDoesNotPreventCollisions()
NamedModifierRefactoringTests.swift:346: Expectation failed: testComponentComplianceSinglePlatform((view1 → ModifiedContent<Button<Text>, ExactNamedModifier>(content: SwiftUI.Button<SwiftUI.Text>(role: nil, action: SwiftUI.ButtonAction.closure((Function)), label: SwiftUI.Text(storage: SwiftUI.Text.Storage.anyTextStorage(<LocalizedTextStorage: 0x0000000803b49040>: "Save"), modifiers: [])), modifier: SixLayerFramework.ExactNamedModifier(name: "SaveButton"))), expectedPattern: "^SaveButton$", platform: (defaultPlatform → .iOS), componentName: "ExactNamedCollision1"): // When: We check both accessibility identifiers
// Then: Both should get the same exact name (collision expected)
First .exactNamed() should get exact name
NamedModifierRefactoringTests.swift:353: Expectation failed: testComponentComplianceSinglePlatform((view2 → ModifiedContent<Button<Text>, ExactNamedModifier>(content: SwiftUI.Button<SwiftUI.Text>(role: nil, action: SwiftUI.ButtonAction.closure((Function)), label: SwiftUI.Text(storage: SwiftUI.Text.Storage.anyTextStorage(<LocalizedTextStorage: 0x0000000803b49450>: "Save"), modifiers: [])), modifier: SixLayerFramework.ExactNamedModifier(name: "SaveButton"))), expectedPattern: "^SaveButton$", platform: (defaultPlatform → .iOS), componentName: "ExactNamedCollision2"): Second .exactNamed() should get same exact name (collision)
NavigationLayer4Tests
testPlatformNavigationLink_L4_BasicDestination()
NavigationLayer4Tests.swift:55: Expectation failed: hasLabelText: Navigation link should contain the label text 'Label'
OCR Components
testOCROverlayViewRendersCameraInterface()
OCRComponentsTDDTests.swift:82: Expectation failed: hasAccessibilityID: Should generate accessibility identifier 
testOCRDisambiguationViewRendersDisambiguationUI()
OCRComponentsTDDTests.swift:201: Expectation failed: hasAccessibilityID: Should generate accessibility identifier 
OCR Disambiguation
testOCRDisambiguationViewRendersAlternativesAndHandlesSelection()
OCRDisambiguationTests.swift:83: Issue recorded: OCRDisambiguationView inspection failed - disambiguation interface not implemented
testOCRDisambiguationViewShowsConfidenceLevels()
OCRDisambiguationTests.swift:144: Issue recorded: OCRDisambiguationView confidence display not implemented
OCR Disambiguation View
testOCRDisambiguationViewGeneratesAccessibilityIdentifiersOnIOS()
OCRDisambiguationViewTests.swift:56: Expectation failed: hasAccessibilityID: OCRDisambiguationView should generate accessibility identifiers on iOS 
testOCRDisambiguationViewGeneratesAccessibilityIdentifiersOnMacOS()
OCRDisambiguationViewTests.swift:93: Expectation failed: hasAccessibilityID: OCRDisambiguationView should generate accessibility identifiers on macOS 
OCR Overlay View Real Accessibility
testOCROverlayView_AppliesCorrectModifiersOnIOS()
OCROverlayViewAccessibilityTests.swift:40: Expectation failed: testComponentComplianceSinglePlatform((ocrView → OCROverlayView(image: SixLayerFramework.PlatformImage(_nsImage: <NSImage 0x8091969e0 Size={0, 0} RepProvider=(null)>), result: SixLayerFramework.OCRResult(extractedText: "Test OCR Text", confidence: 0.95, boundingBoxes: [], textTypes: [:], processingTime: 1.0, language: nil, structuredData: [:], extractionConfidence: 0.0, missingRequiredFields: [], adjustedFields: [:], isValid: true, validationReason: nil), configuration: SixLayerFramework.OCROverlayConfiguration(allowsEditing: true, allowsDeletion: true, showConfidenceIndicators: true, highlightColor: blue, editingColor: green, lowConfidenceThreshold: 0.7, highConfidenceThreshold: 0.9), onTextEdit: (Function), onTextDelete: (Function))), expectedPattern: "SixLayer.*ui", platform: (SixLayerPlatform.iOS → .iOS), componentName: "OCROverlayView"): // MANDATORY: Test that accessibility identifiers are applied on iOS
// Should look for OCR-specific accessibility identifier: "TDDTest.ocr.overlay.Test OCR Text"
// TODO: ViewInspector Detection Issue - VERIFIED: Framework function (e.g., platformPresentContent_L1) DOES have .automaticCompliance() 
// modifier applied. The componentName "Framework Function" is a test label, not a framework component.
// The test needs to be updated to handle ViewInspector's inability to detect these modifiers reliably.
// This is a ViewInspector limitation, not a missing modifier issue.
// TODO: Temporarily passing test - framework function HAS modifier but ViewInspector can't detect it
// Remove this workaround once ViewInspector detection is fixed
OCROverlayView should generate OCR-specific accessibility ID on iOS
testOCROverlayView_AppliesCorrectModifiersOnMacOS()
OCROverlayViewAccessibilityTests.swift:76: Expectation failed: testComponentComplianceSinglePlatform((ocrView → OCROverlayView(image: SixLayerFramework.PlatformImage(_nsImage: <NSImage 0x8091968a0 Size={0, 0} RepProvider=(null)>), result: SixLayerFramework.OCRResult(extractedText: "Test OCR Text", confidence: 0.95, boundingBoxes: [], textTypes: [:], processingTime: 1.0, language: nil, structuredData: [:], extractionConfidence: 0.0, missingRequiredFields: [], adjustedFields: [:], isValid: true, validationReason: nil), configuration: SixLayerFramework.OCROverlayConfiguration(allowsEditing: true, allowsDeletion: true, showConfidenceIndicators: true, highlightColor: blue, editingColor: green, lowConfidenceThreshold: 0.7, highConfidenceThreshold: 0.9), onTextEdit: (Function), onTextDelete: (Function))), expectedPattern: "SixLayer.*ui", platform: (SixLayerPlatform.macOS → .macOS), componentName: "OCROverlayView"): // MANDATORY: Test that accessibility identifiers are applied on macOS
// Should look for OCR-specific accessibility identifier: "TDDTest.ocr.overlay.Test OCR Text"
// TODO: ViewInspector Detection Issue - VERIFIED: Framework function (e.g., platformPresentContent_L1) DOES have .automaticCompliance() 
// modifier applied. The componentName "Framework Function" is a test label, not a framework component.
// The test needs to be updated to handle ViewInspector's inability to detect these modifiers reliably.
// This is a ViewInspector limitation, not a missing modifier issue.
// TODO: Temporarily passing test - framework function HAS modifier but ViewInspector can't detect it
// Remove this workaround once ViewInspector detection is fixed
OCROverlayView should generate OCR-specific accessibility ID on macOS
OCR Overlay View
testOCROverlayViewGeneratesAccessibilityIdentifiersOnIOS()
OCROverlayViewTests.swift:45: Expectation failed: hasAccessibilityID: OCROverlayView should generate accessibility identifiers with component name on iOS 
testOCROverlayViewGeneratesAccessibilityIdentifiersOnMacOS()
OCROverlayViewTests.swift:75: Expectation failed: hasAccessibilityID: OCROverlayView should generate accessibility identifiers with component name on macOS 
OCR Service Accessibility
testOCROverlayViewWithOCRServiceGeneratesAccessibilityIdentifiersOnIOS()
OCRServiceAccessibilityTests.swift:49: Expectation failed: hasAccessibilityID: OCROverlayView (using OCRService) should generate accessibility identifiers on iOS 
testOCROverlayViewWithOCRServiceGeneratesAccessibilityIdentifiersOnMacOS()
OCRServiceAccessibilityTests.swift:89: Expectation failed: hasAccessibilityID: OCROverlayView (using OCRService) should generate accessibility identifiers on macOS 
Photo Components Layer
testPlatformCameraInterface_L4_AppliesAutomaticAccessibilityIdentifiers()
PhotoComponentsLayer4Tests.swift:96: Expectation failed: testComponentComplianceSinglePlatform((result → ModifiedContent<MacCameraView, AutomaticComplianceModifier>(content: SixLayerFramework.MacCameraView(onImageCaptured: (Function)), modifier: SixLayerFramework.AutomaticComplianceModifier())), expectedPattern: "SixLayer.main.ui", platform: (SixLayerPlatform.iOS → .iOS), componentName: "PlatformCameraInterface_L4"): Camera interface should have accessibility identifier (modifier verified in code)
Platform Camera Preview View
testPlatformCameraPreviewView_AppliesAutomaticAccessibilityIdentifiers()
PlatformCameraPreviewViewTests.swift:116: Expectation failed: testComponentComplianceSinglePlatform((previewView → PlatformCameraPreviewView(session: <AVCaptureSession: 0x803d6f800 [AVCaptureSessionPresetHigh]>, videoGravity: __C.AVLayerVideoGravity(_rawValue: AVLayerVideoGravityResizeAspectFill))), expectedPattern: "SixLayer.*ui", platform: (SixLayerPlatform.current → .macOS), componentName: "PlatformCameraPreviewView"): PlatformCameraPreviewView should have accessibility identifier
Platform Internationalization L
testPlatformPresentLocalizedContentL1GeneratesAccessibilityIdentifiersOnIOS()
PlatformInternationalizationL1Tests.swift:30: Expectation failed: hasAccessibilityID: platformPresentLocalizedContent_L1 should generate accessibility identifiers on iOS 
testPlatformPresentLocalizedContentL1GeneratesAccessibilityIdentifiersOnMacOS()
PlatformInternationalizationL1Tests.swift:52: Expectation failed: hasAccessibilityID: platformPresentLocalizedContent_L1 should generate accessibility identifiers on macOS 
testPlatformPresentLocalizedTextL1GeneratesAccessibilityIdentifiersOnIOS()
PlatformInternationalizationL1Tests.swift:72: Expectation failed: hasAccessibilityID: platformPresentLocalizedText_L1 should generate accessibility identifiers on iOS 
testPlatformPresentLocalizedTextL1GeneratesAccessibilityIdentifiersOnMacOS()
PlatformInternationalizationL1Tests.swift:90: Expectation failed: hasAccessibilityID: platformPresentLocalizedText_L1 should generate accessibility identifiers on macOS 
Platform OCR Disambiguation Layer
testPlatformOCRDisambiguationL1GeneratesAccessibilityIdentifiersOnIOS()
PlatformOCRDisambiguationLayer1Tests.swift:54: Expectation failed: hasAccessibilityID: platformOCRDisambiguation_L1 should generate accessibility identifiers on iOS 
testPlatformOCRDisambiguationL1GeneratesAccessibilityIdentifiersOnMacOS()
PlatformOCRDisambiguationLayer1Tests.swift:89: Expectation failed: hasAccessibilityID: platformOCRDisambiguation_L1 should generate accessibility identifiers on macOS 
Platform OCR Semantic Layer Accessibility
testPlatformOCRWithVisualCorrectionL1GeneratesAccessibilityIdentifiersOnIOS()
PlatformOCRSemanticLayer1AccessibilityTests.swift:37: Expectation failed: hasAccessibilityID: platformOCRWithVisualCorrection_L1 should generate accessibility identifiers on iOS 
testPlatformOCRWithVisualCorrectionL1GeneratesAccessibilityIdentifiersOnMacOS()
PlatformOCRSemanticLayer1AccessibilityTests.swift:65: Expectation failed: hasAccessibilityID: platformOCRWithVisualCorrection_L1 should generate accessibility identifiers on macOS 
testPlatformOCRWithVisualCorrectionArrayL1GeneratesAccessibilityIdentifiersOnIOS()
PlatformOCRSemanticLayer1AccessibilityTests.swift:93: Expectation failed: hasAccessibilityID: platformOCRWithVisualCorrection_L1 (array) should generate accessibility identifiers on iOS 
testPlatformOCRWithVisualCorrectionArrayL1GeneratesAccessibilityIdentifiersOnMacOS()
PlatformOCRSemanticLayer1AccessibilityTests.swift:121: Expectation failed: hasAccessibilityID: platformOCRWithVisualCorrection_L1 (array) should generate accessibility identifiers on macOS 
Platform OCR Semantic Layer
testPlatformOCRWithVisualCorrectionL1GeneratesAccessibilityIdentifiersOnIOS()
PlatformOCRSemanticLayer1Tests.swift:49: Expectation failed: hasAccessibilityID: platformOCRWithVisualCorrection_L1 should generate accessibility identifiers on iOS 
testPlatformOCRWithVisualCorrectionL1GeneratesAccessibilityIdentifiersOnMacOS()
PlatformOCRSemanticLayer1Tests.swift:79: Expectation failed: hasAccessibilityID: platformOCRWithVisualCorrection_L1 should generate accessibility identifiers on macOS 
testPlatformExtractStructuredDataL1GeneratesAccessibilityIdentifiersOnIOS()
PlatformOCRSemanticLayer1Tests.swift:111: Expectation failed: hasAccessibilityID: platformExtractStructuredData_L1 should generate accessibility identifiers on iOS 
testPlatformExtractStructuredDataL1GeneratesAccessibilityIdentifiersOnMacOS()
PlatformOCRSemanticLayer1Tests.swift:141: Expectation failed: hasAccessibilityID: platformExtractStructuredData_L1 should generate accessibility identifiers on macOS 
Platform Photo Components Layer Component Accessibility
testPlatformPhotoComponentsLayer4GeneratesAccessibilityIdentifiers()
PlatformPhotoComponentsLayer4ComponentAccessibilityTests.swift:34: Expectation failed: hasAccessibilityID: PlatformPhotoComponentsLayer4 should generate accessibility identifiers 
Platform Photo Components Layer
testPlatformCameraInterfaceL4GeneratesAccessibilityIdentifiersOnIOS()
PlatformPhotoComponentsLayer4Tests.swift:41: Expectation failed: hasAccessibilityID: platformCameraInterface_L4 should generate accessibility identifiers on iOS 
testPlatformCameraInterfaceL4GeneratesAccessibilityIdentifiersOnMacOS()
PlatformPhotoComponentsLayer4Tests.swift:63: Expectation failed: hasAccessibilityID: platformCameraInterface_L4 should generate accessibility identifiers on macOS 
Platform Photo Semantic Layer
testPlatformPhotoDisplayL1GeneratesAccessibilityIdentifiersOnIOS()
PlatformPhotoSemanticLayer1Tests.swift:62: Expectation failed: hasAccessibilityID: platformPhotoDisplay_L1 should generate accessibility identifier on iOS 
testPlatformPhotoDisplayL1GeneratesAccessibilityIdentifiersOnMacOS()
PlatformPhotoSemanticLayer1Tests.swift:115: Expectation failed: hasAccessibilityID: platformPhotoDisplay_L1 should generate accessibility identifier on macOS 
PlatformPresentContentL1Tests
testPlatformPresentContent_L1_WithString()
PlatformPresentContentL1Tests.swift:112: Expectation failed: hasValueLabel: View should contain 'Value' label (current framework behavior)
testPlatformPresentContent_L1_WithNumber()
PlatformPresentContentL1Tests.swift:168: Expectation failed: hasNumberContent: View should contain the actual number content '42'
Platform Responsive Cards Layer
testGenericItemCollectionViewGeneratesAccessibilityIdentifiersOnIOS()
PlatformResponsiveCardsLayer4Tests.swift:60: Expectation failed: hasAccessibilityID: GenericItemCollectionView should generate accessibility identifiers on iOS 
testGenericItemCollectionViewGeneratesAccessibilityIdentifiersOnMacOS()
PlatformResponsiveCardsLayer4Tests.swift:93: Expectation failed: hasAccessibilityID: GenericItemCollectionView should generate accessibility identifiers on macOS 
testGenericNumericDataViewGeneratesAccessibilityIdentifiersOnIOS()
PlatformResponsiveCardsLayer4Tests.swift:125: Expectation failed: hasAccessibilityID: GenericNumericDataView should generate accessibility identifiers on iOS 
testGenericNumericDataViewGeneratesAccessibilityIdentifiersOnMacOS()
PlatformResponsiveCardsLayer4Tests.swift:155: Expectation failed: hasAccessibilityID: GenericNumericDataView should generate accessibility identifiers on macOS 
testGenericMediaViewGeneratesAccessibilityIdentifiersOnIOS()
PlatformResponsiveCardsLayer4Tests.swift:187: Expectation failed: hasAccessibilityID: GenericMediaView should generate accessibility identifiers on iOS 
testGenericMediaViewGeneratesAccessibilityIdentifiersOnMacOS()
PlatformResponsiveCardsLayer4Tests.swift:217: Expectation failed: hasAccessibilityID: GenericMediaView should generate accessibility identifiers on macOS 
testGenericSettingsViewGeneratesAccessibilityIdentifiersOnIOS()
PlatformResponsiveCardsLayer4Tests.swift:261: Expectation failed: hasAccessibilityID: GenericSettingsView should generate accessibility identifiers on iOS 
testGenericSettingsViewGeneratesAccessibilityIdentifiersOnMacOS()
PlatformResponsiveCardsLayer4Tests.swift:303: Expectation failed: hasAccessibilityID: GenericSettingsView should generate accessibility identifiers on macOS 
testGenericContentViewGeneratesAccessibilityIdentifiersOnIOS()
PlatformResponsiveCardsLayer4Tests.swift:332: Expectation failed: hasAccessibilityID: GenericContentView should generate accessibility identifiers on iOS 
testGenericContentViewGeneratesAccessibilityIdentifiersOnMacOS()
PlatformResponsiveCardsLayer4Tests.swift:358: Expectation failed: hasAccessibilityID: GenericContentView should generate accessibility identifiers on macOS 
testBasicValueViewGeneratesAccessibilityIdentifiersOnIOS()
PlatformResponsiveCardsLayer4Tests.swift:389: Expectation failed: hasAccessibilityID: GenericNumericDataView should generate accessibility identifiers on iOS 
testBasicValueViewGeneratesAccessibilityIdentifiersOnMacOS()
PlatformResponsiveCardsLayer4Tests.swift:418: Expectation failed: hasAccessibilityID: GenericNumericDataView should generate accessibility identifiers on macOS 
testBasicArrayViewGeneratesAccessibilityIdentifiersOnIOS()
PlatformResponsiveCardsLayer4Tests.swift:449: Expectation failed: hasAccessibilityID: GenericItemCollectionView should generate accessibility identifiers on iOS 
testBasicArrayViewGeneratesAccessibilityIdentifiersOnMacOS()
PlatformResponsiveCardsLayer4Tests.swift:478: Expectation failed: hasAccessibilityID: GenericItemCollectionView should generate accessibility identifiers on macOS 
Platform Semantic Layer Hierarchical Temporal Accessibility
testPlatformPresentHierarchicalDataL1GeneratesAccessibilityIdentifiersOnIOS()
PlatformSemanticLayer1HierarchicalTemporalAccessibilityTests.swift:63: Expectation failed: hasAccessibilityID: platformPresentHierarchicalData_L1 should generate accessibility identifiers on iOS 
testPlatformPresentHierarchicalDataL1GeneratesAccessibilityIdentifiersOnMacOS()
PlatformSemanticLayer1HierarchicalTemporalAccessibilityTests.swift:100: Expectation failed: hasAccessibilityID: platformPresentHierarchicalData_L1 should generate accessibility identifiers on macOS 
testPlatformPresentTemporalDataL1GeneratesAccessibilityIdentifiersOnIOS()
PlatformSemanticLayer1HierarchicalTemporalAccessibilityTests.swift:136: Expectation failed: hasAccessibilityID: platformPresentTemporalData_L1 should generate accessibility identifiers on iOS 
testPlatformPresentTemporalDataL1GeneratesAccessibilityIdentifiersOnMacOS()
PlatformSemanticLayer1HierarchicalTemporalAccessibilityTests.swift:170: Expectation failed: hasAccessibilityID: platformPresentTemporalData_L1 should generate accessibility identifiers on macOS 
testPlatformPresentHierarchicalDataL1WithEnhancedHintsGeneratesAccessibilityIdentifiers()
PlatformSemanticLayer1HierarchicalTemporalAccessibilityTests.swift:207: Expectation failed: hasAccessibilityID: platformPresentHierarchicalData_L1 with EnhancedPresentationHints should generate accessibility identifiers 
testPlatformPresentHierarchicalDataL1WithCustomViewGeneratesAccessibilityIdentifiers()
PlatformSemanticLayer1HierarchicalTemporalAccessibilityTests.swift:246: Expectation failed: hasAccessibilityID: platformPresentHierarchicalData_L1 with custom view should generate accessibility identifiers 
testPlatformPresentHierarchicalDataL1WithEnhancedHintsAndCustomViewGeneratesAccessibilityIdentifiers()
PlatformSemanticLayer1HierarchicalTemporalAccessibilityTests.swift:286: Expectation failed: hasAccessibilityID: platformPresentHierarchicalData_L1 with enhanced hints and custom view should generate accessibility identifiers 
testPlatformPresentHierarchicalDataL1SingleItemGeneratesAccessibilityIdentifiers()
PlatformSemanticLayer1HierarchicalTemporalAccessibilityTests.swift:319: Expectation failed: hasAccessibilityID: platformPresentHierarchicalData_L1 single-item variant should generate accessibility identifiers 
testPlatformPresentTemporalDataL1WithEnhancedHintsGeneratesAccessibilityIdentifiers()
PlatformSemanticLayer1HierarchicalTemporalAccessibilityTests.swift:353: Expectation failed: hasAccessibilityID: platformPresentTemporalData_L1 with EnhancedPresentationHints should generate accessibility identifiers 
testPlatformPresentTemporalDataL1WithCustomViewGeneratesAccessibilityIdentifiers()
PlatformSemanticLayer1HierarchicalTemporalAccessibilityTests.swift:390: Expectation failed: hasAccessibilityID: platformPresentTemporalData_L1 with custom view should generate accessibility identifiers 
testPlatformPresentTemporalDataL1WithEnhancedHintsAndCustomViewGeneratesAccessibilityIdentifiers()
PlatformSemanticLayer1HierarchicalTemporalAccessibilityTests.swift:428: Expectation failed: hasAccessibilityID: platformPresentTemporalData_L1 with enhanced hints and custom view should generate accessibility identifiers 
testPlatformPresentTemporalDataL1SingleItemGeneratesAccessibilityIdentifiers()
PlatformSemanticLayer1HierarchicalTemporalAccessibilityTests.swift:459: Expectation failed: hasAccessibilityID: platformPresentTemporalData_L1 single-item variant should generate accessibility identifiers 
Platform Semantic Layer
testPlatformPresentItemCollectionL1GeneratesAccessibilityIdentifiersOnIOS()
PlatformSemanticLayer1Tests.swift:49: Expectation failed: hasAccessibilityID: platformPresentItemCollection_L1 should generate accessibility identifiers on iOS 
testPlatformPresentItemCollectionL1GeneratesAccessibilityIdentifiersOnMacOS()
PlatformSemanticLayer1Tests.swift:79: Expectation failed: hasAccessibilityID: platformPresentItemCollection_L1 should generate accessibility identifiers on macOS 
testPlatformPresentNumericDataL1GeneratesAccessibilityIdentifiersOnIOS()
PlatformSemanticLayer1Tests.swift:108: Expectation failed: hasAccessibilityID: platformPresentNumericData_L1 should generate accessibility identifiers on iOS 
testPlatformPresentNumericDataL1GeneratesAccessibilityIdentifiersOnMacOS()
PlatformSemanticLayer1Tests.swift:135: Expectation failed: hasAccessibilityID: platformPresentNumericData_L1 should generate accessibility identifiers on macOS 
testPlatformPresentFormDataL1GeneratesAccessibilityIdentifiersOnIOS()
PlatformSemanticLayer1Tests.swift:171: Expectation failed: hasAccessibilityID: platformPresentFormData_L1 should generate accessibility identifiers on iOS 
testPlatformPresentFormDataL1GeneratesAccessibilityIdentifiersOnMacOS()
PlatformSemanticLayer1Tests.swift:205: Expectation failed: hasAccessibilityID: platformPresentFormData_L1 should generate accessibility identifiers on macOS 
testPlatformPresentMediaDataL1GeneratesAccessibilityIdentifiersOnIOS()
PlatformSemanticLayer1Tests.swift:234: Expectation failed: hasAccessibilityID: platformPresentMediaData_L1 should generate accessibility identifiers on iOS 
testPlatformPresentMediaDataL1GeneratesAccessibilityIdentifiersOnMacOS()
PlatformSemanticLayer1Tests.swift:261: Expectation failed: hasAccessibilityID: platformPresentMediaData_L1 should generate accessibility identifiers on macOS 
testPlatformPresentSettingsL1GeneratesAccessibilityIdentifiersOnIOS()
PlatformSemanticLayer1Tests.swift:302: Expectation failed: hasAccessibilityID: platformPresentSettings_L1 should generate accessibility identifiers on iOS 
testPlatformPresentSettingsL1GeneratesAccessibilityIdentifiersOnMacOS()
PlatformSemanticLayer1Tests.swift:340: Expectation failed: hasAccessibilityID: platformPresentSettings_L1 should generate accessibility identifiers on macOS 
testPlatformPresentContentL1GeneratesAccessibilityIdentifiersOnIOS()
PlatformSemanticLayer1Tests.swift:368: Expectation failed: hasAccessibilityID: platformPresentContent_L1 should generate accessibility identifiers on iOS 
testPlatformPresentContentL1GeneratesAccessibilityIdentifiersOnMacOS()
PlatformSemanticLayer1Tests.swift:394: Expectation failed: hasAccessibilityID: platformPresentContent_L1 should generate accessibility identifiers on macOS 
testPlatformPresentBasicValueL1GeneratesAccessibilityIdentifiersOnIOS()
PlatformSemanticLayer1Tests.swift:422: Expectation failed: hasAccessibilityID: platformPresentBasicValue_L1 should generate accessibility identifiers on iOS 
testPlatformPresentBasicValueL1GeneratesAccessibilityIdentifiersOnMacOS()
PlatformSemanticLayer1Tests.swift:448: Expectation failed: hasAccessibilityID: platformPresentBasicValue_L1 should generate accessibility identifiers on macOS 
testPlatformPresentBasicArrayL1GeneratesAccessibilityIdentifiersOnIOS()
PlatformSemanticLayer1Tests.swift:477: Expectation failed: hasAccessibilityID: platformPresentBasicArray_L1 should generate accessibility identifiers on iOS 
testPlatformPresentBasicArrayL1GeneratesAccessibilityIdentifiersOnMacOS()
PlatformSemanticLayer1Tests.swift:504: Expectation failed: hasAccessibilityID: platformPresentBasicArray_L1 should generate accessibility identifiers on macOS 
testPlatformPresentContentL1DelegatesToFormFunction()
PlatformSemanticLayer1Tests.swift:529: Expectation failed: hasAccessibilityID: platformPresentContent_L1 should generate accessibility identifiers when delegating to form function 
testPlatformPresentContentL1DelegatesToMediaFunction()
PlatformSemanticLayer1Tests.swift:552: Expectation failed: hasAccessibilityID: platformPresentContent_L1 should generate accessibility identifiers when delegating to media function 
testPlatformPresentContentL1DelegatesToNumericFunction()
PlatformSemanticLayer1Tests.swift:575: Expectation failed: hasAccessibilityID: platformPresentContent_L1 should generate accessibility identifiers when delegating to numeric function 
testPlatformPresentContentL1DelegatesToHierarchicalFunction()
PlatformSemanticLayer1Tests.swift:598: Expectation failed: hasAccessibilityID: platformPresentContent_L1 should generate accessibility identifiers when delegating to hierarchical function 
testPlatformPresentContentL1DelegatesToTemporalFunction()
PlatformSemanticLayer1Tests.swift:621: Expectation failed: hasAccessibilityID: platformPresentContent_L1 should generate accessibility identifiers when delegating to temporal function 
testPlatformPresentContentL1DelegatesToItemCollectionFunction()
PlatformSemanticLayer1Tests.swift:647: Expectation failed: hasAccessibilityID: platformPresentContent_L1 should generate accessibility identifiers when delegating to item collection function 
testPlatformPresentContentL1DelegatesToBasicValueFunctionForNumeric()
PlatformSemanticLayer1Tests.swift:666: Expectation failed: hasAccessibilityID: platformPresentContent_L1 should generate accessibility identifiers when delegating to basic value function for numeric 
testPlatformPresentContentL1DelegatesToBasicArrayFunction()
PlatformSemanticLayer1Tests.swift:685: Expectation failed: hasAccessibilityID: platformPresentContent_L1 should generate accessibility identifiers when delegating to basic array function 
testPlatformPresentContentL1DelegatesToBasicValueFunctionForString()
PlatformSemanticLayer1Tests.swift:704: Expectation failed: hasAccessibilityID: platformPresentContent_L1 should generate accessibility identifiers when delegating to basic value function for string 
testPlatformPresentContentL1DelegatesToFallbackView()
PlatformSemanticLayer1Tests.swift:727: Expectation failed: hasAccessibilityID: platformPresentContent_L1 should generate accessibility identifiers when delegating to fallback view 
testPlatformResponsiveCardL1GeneratesAccessibilityIdentifiersOnIOS()
PlatformSemanticLayer1Tests.swift:757: Expectation failed: hasAccessibilityID: platformResponsiveCard_L1 should generate accessibility identifiers on iOS 
testPlatformResponsiveCardL1GeneratesAccessibilityIdentifiersOnMacOS()
PlatformSemanticLayer1Tests.swift:785: Expectation failed: hasAccessibilityID: platformResponsiveCard_L1 should generate accessibility identifiers on macOS 
Platform Split View Layer 4
testPlatformVerticalSplitL4GeneratesAccessibilityIdentifiers()
PlatformSplitViewLayer4Tests.swift:88: Expectation failed: hasAccessibilityID: platformVerticalSplit_L4 should generate accessibility identifiers (modifier verified in code, ViewInspector limitation on macOS)
testPlatformHorizontalSplitL4GeneratesAccessibilityIdentifiers()
PlatformSplitViewLayer4Tests.swift:192: Expectation failed: hasAccessibilityID: platformHorizontalSplit_L4 should generate accessibility identifiers (modifier verified in code, ViewInspector limitation on macOS)
Platform Styling Layer
testPlatformStyledContainerL4GeneratesAccessibilityIdentifiersOnIOS()
PlatformStylingLayer4Tests.swift:41: Expectation failed: hasAccessibilityID: platformStyledContainer_L4 should generate accessibility identifiers on iOS 
testPlatformStyledContainerL4GeneratesAccessibilityIdentifiersOnMacOS()
PlatformStylingLayer4Tests.swift:63: Expectation failed: hasAccessibilityID: platformStyledContainer_L4 should generate accessibility identifiers on macOS 
Responsive Cards View
testResponsiveCardViewGeneratesAccessibilityIdentifiersOnIOS()
ResponsiveCardsViewTests.swift:45: Expectation failed: hasAccessibilityID: ResponsiveCardView should generate accessibility identifiers on iOS 
testResponsiveCardViewGeneratesAccessibilityIdentifiersOnMacOS()
ResponsiveCardsViewTests.swift:71: Expectation failed: hasAccessibilityID: ResponsiveCardView should generate accessibility identifiers on macOS 
Responsive Container
testResponsiveContainerGeneratesAccessibilityIdentifiersOnIOS()
ResponsiveContainerTests.swift:38: Expectation failed: hasAccessibilityID: ResponsiveContainer should generate accessibility identifiers on iOS 
testResponsiveContainerGeneratesAccessibilityIdentifiersOnMacOS()
ResponsiveContainerTests.swift:57: Expectation failed: hasAccessibilityID: ResponsiveContainer should generate accessibility identifiers on macOS 
Responsive Layout Component Accessibility
testResponsiveGridGeneratesAccessibilityIdentifiers()
ResponsiveLayoutComponentAccessibilityTests.swift:48: Expectation failed: hasAccessibilityID: ResponsiveGrid should generate accessibility identifiers 
testResponsiveNavigationGeneratesAccessibilityIdentifiers()
ResponsiveLayoutComponentAccessibilityTests.swift:78: Expectation failed: hasAccessibilityID: ResponsiveNavigation should generate accessibility identifiers 
testResponsiveStackGeneratesAccessibilityIdentifiers()
ResponsiveLayoutComponentAccessibilityTests.swift:107: Expectation failed: hasAccessibilityID: ResponsiveStack should generate accessibility identifiers 
testResponsiveLayoutExampleGeneratesAccessibilityIdentifiers()
ResponsiveLayoutComponentAccessibilityTests.swift:132: Expectation failed: hasAccessibilityID: ResponsiveLayoutExample should generate accessibility identifiers 
testResponsiveNavigationExampleGeneratesAccessibilityIdentifiers()
ResponsiveLayoutComponentAccessibilityTests.swift:157: Expectation failed: hasAccessibilityID: ResponsiveNavigationExample should generate accessibility identifiers 
testResponsivePaddingModifierGeneratesAccessibilityIdentifiers()
ResponsiveLayoutComponentAccessibilityTests.swift:187: Expectation failed: hasAccessibilityID: ResponsivePadding modifier should generate accessibility identifiers 
Responsive Layout
testResponsiveLayoutGeneratesAccessibilityIdentifiersOnIOS()
ResponsiveLayoutTests.swift:29: Expectation failed: hasAccessibilityID: ResponsiveLayout should generate accessibility identifiers on iOS 
testResponsiveLayoutGeneratesAccessibilityIdentifiersOnMacOS()
ResponsiveLayoutTests.swift:48: Expectation failed: hasAccessibilityID: ResponsiveLayout should generate accessibility identifiers on macOS 
Safety Component Accessibility
testVisionSafetyGeneratesAccessibilityIdentifiers()
SafetyComponentAccessibilityTests.swift:33: Expectation failed: hasAccessibilityID: VisionSafety should generate accessibility identifiers
testPlatformSafetyGeneratesAccessibilityIdentifiers()
SafetyComponentAccessibilityTests.swift:49: Expectation failed: hasAccessibilityID: PlatformSafety should generate accessibility identifiers
testPlatformSecurityGeneratesAccessibilityIdentifiers()
SafetyComponentAccessibilityTests.swift:65: Expectation failed: hasAccessibilityID: PlatformSecurity should generate accessibility identifiers
testPlatformPrivacyGeneratesAccessibilityIdentifiers()
SafetyComponentAccessibilityTests.swift:81: Expectation failed: hasAccessibilityID: PlatformPrivacy should generate accessibility identifiers
Switch Control Manager Accessibility
testSwitchControlManagerGeneratesAccessibilityIdentifiersOnIOS()
SwitchControlManagerAccessibilityTests.swift:35: Expectation failed: hasAccessibilityID: View with .switchControlEnabled() (using SwitchControlManager) should generate accessibility identifiers on iOS 
testSwitchControlManagerGeneratesAccessibilityIdentifiersOnMacOS()
SwitchControlManagerAccessibilityTests.swift:60: Expectation failed: hasAccessibilityID: View with .switchControlEnabled() (using SwitchControlManager) should generate accessibility identifiers on macOS 
View Generation Integration
testAllViewGenerationConfigurations()
ViewGenerationIntegrationTests.swift:830: Expectation failed: (config → CardExpansionPlatformConfig(supportsHapticFeedback: false, supportsHover: true, supportsTouch: false, supportsVoiceOver: false, supportsSwitchControl: false, supportsAssistiveTouch: false, minTouchTarget: 0.0, hoverDelay: 0.5, animationEasing: AnyAnimator(SwiftUI.BezierAnimation(duration: 0.3, curve: (extension in SwiftUI):SwiftUI.UnitCurve.CubicSolver(ax: 0.52, bx: -0.78, cx: 1.26, ay: -2.0, by: 3.0, cy: 0.0))))).supportsVoiceOver → false: // Test accessibility behavior
VoiceOver should be supported for view generation in Touch-Enabled View Generation
ViewGenerationIntegrationTests.swift:831: Expectation failed: (config → CardExpansionPlatformConfig(supportsHapticFeedback: false, supportsHover: true, supportsTouch: false, supportsVoiceOver: false, supportsSwitchControl: false, supportsAssistiveTouch: false, minTouchTarget: 0.0, hoverDelay: 0.5, animationEasing: AnyAnimator(SwiftUI.BezierAnimation(duration: 0.3, curve: (extension in SwiftUI):SwiftUI.UnitCurve.CubicSolver(ax: 0.52, bx: -0.78, cx: 1.26, ay: -2.0, by: 3.0, cy: 0.0))))).supportsSwitchControl → false: Switch Control should be supported for view generation in Touch-Enabled View Generation
ViewGenerationIntegrationTests.swift:830: Expectation failed: (config → CardExpansionPlatformConfig(supportsHapticFeedback: false, supportsHover: true, supportsTouch: false, supportsVoiceOver: false, supportsSwitchControl: false, supportsAssistiveTouch: false, minTouchTarget: 0.0, hoverDelay: 0.5, animationEasing: AnyAnimator(SwiftUI.BezierAnimation(duration: 0.3, curve: (extension in SwiftUI):SwiftUI.UnitCurve.CubicSolver(ax: 0.52, bx: -0.78, cx: 1.26, ay: -2.0, by: 3.0, cy: 0.0))))).supportsVoiceOver → false: // Test accessibility behavior
VoiceOver should be supported for view generation in Hover-Enabled View Generation
ViewGenerationIntegrationTests.swift:831: Expectation failed: (config → CardExpansionPlatformConfig(supportsHapticFeedback: false, supportsHover: true, supportsTouch: false, supportsVoiceOver: false, supportsSwitchControl: false, supportsAssistiveTouch: false, minTouchTarget: 0.0, hoverDelay: 0.5, animationEasing: AnyAnimator(SwiftUI.BezierAnimation(duration: 0.3, curve: (extension in SwiftUI):SwiftUI.UnitCurve.CubicSolver(ax: 0.52, bx: -0.78, cx: 1.26, ay: -2.0, by: 3.0, cy: 0.0))))).supportsSwitchControl → false: Switch Control should be supported for view generation in Hover-Enabled View Generation
ViewGenerationIntegrationTests.swift:830: Expectation failed: (config → CardExpansionPlatformConfig(supportsHapticFeedback: false, supportsHover: true, supportsTouch: false, supportsVoiceOver: false, supportsSwitchControl: false, supportsAssistiveTouch: false, minTouchTarget: 0.0, hoverDelay: 0.5, animationEasing: AnyAnimator(SwiftUI.BezierAnimation(duration: 0.3, curve: (extension in SwiftUI):SwiftUI.UnitCurve.CubicSolver(ax: 0.52, bx: -0.78, cx: 1.26, ay: -2.0, by: 3.0, cy: 0.0))))).supportsVoiceOver → false: // Test accessibility behavior
VoiceOver should be supported for view generation in Touch + Hover View Generation (iPad)
ViewGenerationIntegrationTests.swift:831: Expectation failed: (config → CardExpansionPlatformConfig(supportsHapticFeedback: false, supportsHover: true, supportsTouch: false, supportsVoiceOver: false, supportsSwitchControl: false, supportsAssistiveTouch: false, minTouchTarget: 0.0, hoverDelay: 0.5, animationEasing: AnyAnimator(SwiftUI.BezierAnimation(duration: 0.3, curve: (extension in SwiftUI):SwiftUI.UnitCurve.CubicSolver(ax: 0.52, bx: -0.78, cx: 1.26, ay: -2.0, by: 3.0, cy: 0.0))))).supportsSwitchControl → false: Switch Control should be supported for view generation in Touch + Hover View Generation (iPad)
ViewGenerationIntegrationTests.swift:830: Expectation failed: (config → CardExpansionPlatformConfig(supportsHapticFeedback: false, supportsHover: true, supportsTouch: false, supportsVoiceOver: false, supportsSwitchControl: false, supportsAssistiveTouch: false, minTouchTarget: 0.0, hoverDelay: 0.5, animationEasing: AnyAnimator(SwiftUI.BezierAnimation(duration: 0.3, curve: (extension in SwiftUI):SwiftUI.UnitCurve.CubicSolver(ax: 0.52, bx: -0.78, cx: 1.26, ay: -2.0, by: 3.0, cy: 0.0))))).supportsVoiceOver → false: // Test accessibility behavior
VoiceOver should be supported for view generation in Accessibility-Only View Generation (tvOS)
ViewGenerationIntegrationTests.swift:831: Expectation failed: (config → CardExpansionPlatformConfig(supportsHapticFeedback: false, supportsHover: true, supportsTouch: false, supportsVoiceOver: false, supportsSwitchControl: false, supportsAssistiveTouch: false, minTouchTarget: 0.0, hoverDelay: 0.5, animationEasing: AnyAnimator(SwiftUI.BezierAnimation(duration: 0.3, curve: (extension in SwiftUI):SwiftUI.UnitCurve.CubicSolver(ax: 0.52, bx: -0.78, cx: 1.26, ay: -2.0, by: 3.0, cy: 0.0))))).supportsSwitchControl → false: Switch Control should be supported for view generation in Accessibility-Only View Generation (tvOS)
testTouchViewGenerationBothStates()
ViewGenerationIntegrationTests.swift:830: Expectation failed: (config → CardExpansionPlatformConfig(supportsHapticFeedback: false, supportsHover: true, supportsTouch: false, supportsVoiceOver: false, supportsSwitchControl: false, supportsAssistiveTouch: false, minTouchTarget: 0.0, hoverDelay: 0.5, animationEasing: AnyAnimator(SwiftUI.BezierAnimation(duration: 0.3, curve: (extension in SwiftUI):SwiftUI.UnitCurve.CubicSolver(ax: 0.52, bx: -0.78, cx: 1.26, ay: -2.0, by: 3.0, cy: 0.0))))).supportsVoiceOver → false: // Test accessibility behavior
VoiceOver should be supported for view generation in Touch Enabled View
ViewGenerationIntegrationTests.swift:831: Expectation failed: (config → CardExpansionPlatformConfig(supportsHapticFeedback: false, supportsHover: true, supportsTouch: false, supportsVoiceOver: false, supportsSwitchControl: false, supportsAssistiveTouch: false, minTouchTarget: 0.0, hoverDelay: 0.5, animationEasing: AnyAnimator(SwiftUI.BezierAnimation(duration: 0.3, curve: (extension in SwiftUI):SwiftUI.UnitCurve.CubicSolver(ax: 0.52, bx: -0.78, cx: 1.26, ay: -2.0, by: 3.0, cy: 0.0))))).supportsSwitchControl → false: Switch Control should be supported for view generation in Touch Enabled View
ViewGenerationIntegrationTests.swift:830: Expectation failed: (config → CardExpansionPlatformConfig(supportsHapticFeedback: false, supportsHover: true, supportsTouch: false, supportsVoiceOver: false, supportsSwitchControl: false, supportsAssistiveTouch: false, minTouchTarget: 0.0, hoverDelay: 0.5, animationEasing: AnyAnimator(SwiftUI.BezierAnimation(duration: 0.3, curve: (extension in SwiftUI):SwiftUI.UnitCurve.CubicSolver(ax: 0.52, bx: -0.78, cx: 1.26, ay: -2.0, by: 3.0, cy: 0.0))))).supportsVoiceOver → false: // Test accessibility behavior
VoiceOver should be supported for view generation in Touch Disabled View
ViewGenerationIntegrationTests.swift:831: Expectation failed: (config → CardExpansionPlatformConfig(supportsHapticFeedback: false, supportsHover: true, supportsTouch: false, supportsVoiceOver: false, supportsSwitchControl: false, supportsAssistiveTouch: false, minTouchTarget: 0.0, hoverDelay: 0.5, animationEasing: AnyAnimator(SwiftUI.BezierAnimation(duration: 0.3, curve: (extension in SwiftUI):SwiftUI.UnitCurve.CubicSolver(ax: 0.52, bx: -0.78, cx: 1.26, ay: -2.0, by: 3.0, cy: 0.0))))).supportsSwitchControl → false: Switch Control should be supported for view generation in Touch Disabled View
testHoverViewGenerationBothStates()
ViewGenerationIntegrationTests.swift:830: Expectation failed: (config → CardExpansionPlatformConfig(supportsHapticFeedback: false, supportsHover: true, supportsTouch: false, supportsVoiceOver: false, supportsSwitchControl: false, supportsAssistiveTouch: false, minTouchTarget: 0.0, hoverDelay: 0.5, animationEasing: AnyAnimator(SwiftUI.BezierAnimation(duration: 0.3, curve: (extension in SwiftUI):SwiftUI.UnitCurve.CubicSolver(ax: 0.52, bx: -0.78, cx: 1.26, ay: -2.0, by: 3.0, cy: 0.0))))).supportsVoiceOver → false: // Test accessibility behavior
VoiceOver should be supported for view generation in Hover Enabled View
ViewGenerationIntegrationTests.swift:831: Expectation failed: (config → CardExpansionPlatformConfig(supportsHapticFeedback: false, supportsHover: true, supportsTouch: false, supportsVoiceOver: false, supportsSwitchControl: false, supportsAssistiveTouch: false, minTouchTarget: 0.0, hoverDelay: 0.5, animationEasing: AnyAnimator(SwiftUI.BezierAnimation(duration: 0.3, curve: (extension in SwiftUI):SwiftUI.UnitCurve.CubicSolver(ax: 0.52, bx: -0.78, cx: 1.26, ay: -2.0, by: 3.0, cy: 0.0))))).supportsSwitchControl → false: Switch Control should be supported for view generation in Hover Enabled View
ViewGenerationIntegrationTests.swift:830: Expectation failed: (config → CardExpansionPlatformConfig(supportsHapticFeedback: false, supportsHover: true, supportsTouch: false, supportsVoiceOver: false, supportsSwitchControl: false, supportsAssistiveTouch: false, minTouchTarget: 0.0, hoverDelay: 0.5, animationEasing: AnyAnimator(SwiftUI.BezierAnimation(duration: 0.3, curve: (extension in SwiftUI):SwiftUI.UnitCurve.CubicSolver(ax: 0.52, bx: -0.78, cx: 1.26, ay: -2.0, by: 3.0, cy: 0.0))))).supportsVoiceOver → false: // Test accessibility behavior
VoiceOver should be supported for view generation in Hover Disabled View
ViewGenerationIntegrationTests.swift:831: Expectation failed: (config → CardExpansionPlatformConfig(supportsHapticFeedback: false, supportsHover: true, supportsTouch: false, supportsVoiceOver: false, supportsSwitchControl: false, supportsAssistiveTouch: false, minTouchTarget: 0.0, hoverDelay: 0.5, animationEasing: AnyAnimator(SwiftUI.BezierAnimation(duration: 0.3, curve: (extension in SwiftUI):SwiftUI.UnitCurve.CubicSolver(ax: 0.52, bx: -0.78, cx: 1.26, ay: -2.0, by: 3.0, cy: 0.0))))).supportsSwitchControl → false: Switch Control should be supported for view generation in Hover Disabled View
View Generation Verification
testIntelligentDetailViewGeneratesProperStructure()
ViewGenerationVerificationTests.swift:85: Expectation failed: hasTitleContent: Detail view should contain the title 'Item 1'
ViewGenerationVerificationTests.swift:96: Expectation failed: hasSubtitleContent: Detail view should contain the subtitle 'Subtitle 1'
testIntelligentDetailViewWithDifferentHints()
ViewGenerationVerificationTests.swift:154: Expectation failed: compactHasTitle: Compact view should contain the title
ViewGenerationVerificationTests.swift:171: Expectation failed: detailedHasTitle: Detailed view should contain the title
testIntelligentDetailViewWithCustomFieldView()
ViewGenerationVerificationTests.swift:209: Expectation failed: !((viewText → []).isEmpty → true → true): Detail view should contain text elements
ViewGenerationVerificationTests.swift:220: Expectation failed: hasCustomContent: Detail view should contain custom field content
testIntelligentDetailViewWithNilValues()
ViewGenerationVerificationTests.swift:251: Expectation failed: !((viewText → []).isEmpty → true → true): Detail view should contain text elements
ViewGenerationVerificationTests.swift:262: Expectation failed: hasTitleContent: Detail view should contain the title 'Item 2'
ViewGenerationVerificationTests.swift:273: Expectation failed: hasDescriptionContent: Detail view should contain the description 'Description 2'
Vision Safety Component Accessibility
testVisionSafetyGeneratesAccessibilityIdentifiers()
VisionSafetyComponentAccessibilityTests.swift:34: Expectation failed: hasAccessibilityID: VisionSafety should generate accessibility identifiers